Java HotSpot(TM) 64-Bit Server VM (25.131-b11) for windows-amd64 JRE (1.8.0_131-b11), built on Mar 15 2017 01:23:53 by "java_re" with MS VC++ 10.0 (VS2010)
Memory: 4k page, physical 8284576k(2442680k free), swap 13265312k(6795204k free)
CommandLine flags: -XX:CMSInitiatingOccupancyFraction=50 -XX:CMSMaxAbortablePrecleanTime=6000 -XX:+CMSParallelRemarkEnabled -XX:+CMSScavengeBeforeRemark -XX:ConcGCThreads=4 -XX:GCLogFileSize=20971520 -XX:InitialHeapSize=536870912 -XX:MaxHeapSize=536870912 -XX:MaxTenuringThreshold=8 -XX:NewRatio=3 -XX:NumberOfGCLogFiles=9 -XX:OldPLABSize=16 -XX:-OmitStackTraceInFastThrow -XX:ParallelGCThreads=4 -XX:+ParallelRefProcEnabled -XX:PretenureSizeThreshold=67108864 -XX:+PrintGC -XX:+PrintGCApplicationStoppedTime -XX:+PrintGCDateStamps -XX:+PrintGCDetails -XX:+PrintGCTimeStamps -XX:+PrintHeapAtGC -XX:+PrintTenuringDistribution -XX:SurvivorRatio=4 -XX:TargetSurvivorRatio=90 -XX:ThreadStackSize=256 -XX:+UseCMSInitiatingOccupancyOnly -XX:+UseCompressedClassPointers -XX:+UseCompressedOops -XX:+UseConcMarkSweepGC -XX:+UseGCLogFileRotation -XX:-UseLargePagesIndividualAllocation -XX:+UseParNewGC 
2019-05-25T18:23:07.445+0200: 0.457: Total time for which application threads were stopped: 0.0001903 seconds, Stopping threads took: 0.0000282 seconds
2019-05-25T18:23:07.695+0200: 0.708: Total time for which application threads were stopped: 0.0002914 seconds, Stopping threads took: 0.0000670 seconds
2019-05-25T18:23:08.385+0200: 1.397: Total time for which application threads were stopped: 0.0002065 seconds, Stopping threads took: 0.0000307 seconds
2019-05-25T18:23:08.941+0200: 1.954: Total time for which application threads were stopped: 0.0002091 seconds, Stopping threads took: 0.0000269 seconds
2019-05-25T18:23:09.713+0200: 2.726: Total time for which application threads were stopped: 0.0001527 seconds, Stopping threads took: 0.0000363 seconds
2019-05-25T18:23:10.749+0200: 3.761: Total time for which application threads were stopped: 0.0352146 seconds, Stopping threads took: 0.0351053 seconds
2019-05-25T18:23:11.173+0200: 4.185: Total time for which application threads were stopped: 0.0526392 seconds, Stopping threads took: 0.0521293 seconds
2019-05-25T18:23:11.208+0200: 4.220: Total time for which application threads were stopped: 0.0002513 seconds, Stopping threads took: 0.0000384 seconds
2019-05-25T18:23:12.153+0200: 5.166: Total time for which application threads were stopped: 0.4090962 seconds, Stopping threads took: 0.4087276 seconds
2019-05-25T18:23:13.154+0200: 6.166: Total time for which application threads were stopped: 0.0000823 seconds, Stopping threads took: 0.0000299 seconds
2019-05-25T18:23:14.154+0200: 7.166: Total time for which application threads were stopped: 0.0000883 seconds, Stopping threads took: 0.0000324 seconds
2019-05-25T18:23:15.154+0200: 8.167: Total time for which application threads were stopped: 0.0001033 seconds, Stopping threads took: 0.0000414 seconds
2019-05-25T18:23:15.511+0200: 8.523: Total time for which application threads were stopped: 0.0003311 seconds, Stopping threads took: 0.0000316 seconds
{Heap before GC invocations=0 (full 0):
 par new generation   total 109248K, used 87424K [0x00000000e0000000, 0x00000000e8000000, 0x00000000e8000000)
  eden space 87424K, 100% used [0x00000000e0000000, 0x00000000e5560000, 0x00000000e5560000)
  from space 21824K,   0% used [0x00000000e5560000, 0x00000000e5560000, 0x00000000e6ab0000)
  to   space 21824K,   0% used [0x00000000e6ab0000, 0x00000000e6ab0000, 0x00000000e8000000)
 concurrent mark-sweep generation total 393216K, used 0K [0x00000000e8000000, 0x0000000100000000, 0x0000000100000000)
 Metaspace       used 18089K, capacity 18550K, committed 18816K, reserved 1064960K
  class space    used 2177K, capacity 2325K, committed 2432K, reserved 1048576K
2019-05-25T18:23:15.668+0200: 8.680: [GC (Allocation Failure) 2019-05-25T18:23:15.668+0200: 8.680: [ParNew
Desired survivor size 20112992 bytes, new threshold 8 (max 8)
- age   1:   11536760 bytes,   11536760 total
: 87424K->11380K(109248K), 0.0181188 secs] 87424K->11380K(502464K), 0.0185029 secs] [Times: user=0.05 sys=0.00, real=0.02 secs] 
Heap after GC invocations=1 (full 0):
 par new generation   total 109248K, used 11380K [0x00000000e0000000, 0x00000000e8000000, 0x00000000e8000000)
  eden space 87424K,   0% used [0x00000000e0000000, 0x00000000e0000000, 0x00000000e5560000)
  from space 21824K,  52% used [0x00000000e6ab0000, 0x00000000e75cd390, 0x00000000e8000000)
  to   space 21824K,   0% used [0x00000000e5560000, 0x00000000e5560000, 0x00000000e6ab0000)
 concurrent mark-sweep generation total 393216K, used 0K [0x00000000e8000000, 0x0000000100000000, 0x0000000100000000)
 Metaspace       used 18089K, capacity 18550K, committed 18816K, reserved 1064960K
  class space    used 2177K, capacity 2325K, committed 2432K, reserved 1048576K
}
2019-05-25T18:23:15.686+0200: 8.699: Total time for which application threads were stopped: 0.0188386 seconds, Stopping threads took: 0.0000363 seconds
2019-05-25T18:23:15.689+0200: 8.701: Total time for which application threads were stopped: 0.0003452 seconds, Stopping threads took: 0.0001711 seconds
2019-05-25T18:23:15.689+0200: 8.702: Total time for which application threads were stopped: 0.0001852 seconds, Stopping threads took: 0.0000687 seconds
2019-05-25T18:23:15.694+0200: 8.707: Total time for which application threads were stopped: 0.0006438 seconds, Stopping threads took: 0.0005001 seconds
2019-05-25T18:23:15.695+0200: 8.707: Total time for which application threads were stopped: 0.0001126 seconds, Stopping threads took: 0.0000358 seconds
2019-05-25T18:23:15.695+0200: 8.707: Total time for which application threads were stopped: 0.0000798 seconds, Stopping threads took: 0.0000171 seconds
2019-05-25T18:23:15.695+0200: 8.707: Total time for which application threads were stopped: 0.0000875 seconds, Stopping threads took: 0.0000230 seconds
2019-05-25T18:23:15.695+0200: 8.707: Total time for which application threads were stopped: 0.0001156 seconds, Stopping threads took: 0.0000324 seconds
2019-05-25T18:23:15.695+0200: 8.708: Total time for which application threads were stopped: 0.0001045 seconds, Stopping threads took: 0.0000320 seconds
2019-05-25T18:23:15.695+0200: 8.708: Total time for which application threads were stopped: 0.0001101 seconds, Stopping threads took: 0.0000247 seconds
2019-05-25T18:23:15.696+0200: 8.708: Total time for which application threads were stopped: 0.0000994 seconds, Stopping threads took: 0.0000273 seconds
2019-05-25T18:23:15.696+0200: 8.708: Total time for which application threads were stopped: 0.0003230 seconds, Stopping threads took: 0.0002266 seconds
2019-05-25T18:23:15.696+0200: 8.708: Total time for which application threads were stopped: 0.0001899 seconds, Stopping threads took: 0.0001037 seconds
2019-05-25T18:23:15.696+0200: 8.709: Total time for which application threads were stopped: 0.0001199 seconds, Stopping threads took: 0.0000512 seconds
2019-05-25T18:23:15.698+0200: 8.711: Total time for which application threads were stopped: 0.0018321 seconds, Stopping threads took: 0.0017387 seconds
2019-05-25T18:23:15.698+0200: 8.711: Total time for which application threads were stopped: 0.0001203 seconds, Stopping threads took: 0.0000444 seconds
2019-05-25T18:23:15.699+0200: 8.711: Total time for which application threads were stopped: 0.0001020 seconds, Stopping threads took: 0.0000316 seconds
2019-05-25T18:23:15.699+0200: 8.711: Total time for which application threads were stopped: 0.0001015 seconds, Stopping threads took: 0.0000294 seconds
2019-05-25T18:23:15.699+0200: 8.711: Total time for which application threads were stopped: 0.0000973 seconds, Stopping threads took: 0.0000329 seconds
2019-05-25T18:23:15.699+0200: 8.711: Total time for which application threads were stopped: 0.0000947 seconds, Stopping threads took: 0.0000329 seconds
2019-05-25T18:23:15.699+0200: 8.711: Total time for which application threads were stopped: 0.0001280 seconds, Stopping threads took: 0.0000401 seconds
2019-05-25T18:23:15.699+0200: 8.712: Total time for which application threads were stopped: 0.0001566 seconds, Stopping threads took: 0.0000205 seconds
2019-05-25T18:23:16.312+0200: 9.324: Total time for which application threads were stopped: 0.0001801 seconds, Stopping threads took: 0.0000303 seconds
2019-05-25T18:23:16.400+0200: 9.413: Total time for which application threads were stopped: 0.0001015 seconds, Stopping threads took: 0.0000269 seconds
2019-05-25T18:23:16.481+0200: 9.493: Total time for which application threads were stopped: 0.0001348 seconds, Stopping threads took: 0.0000580 seconds
2019-05-25T18:23:17.482+0200: 10.494: Total time for which application threads were stopped: 0.0001118 seconds, Stopping threads took: 0.0000572 seconds
2019-05-25T18:23:17.687+0200: 10.699: [GC (CMS Initial Mark) [1 CMS-initial-mark: 0K(393216K)] 55247K(502464K), 0.0059768 secs] [Times: user=0.06 sys=0.00, real=0.01 secs] 
2019-05-25T18:23:17.693+0200: 10.706: Total time for which application threads were stopped: 0.0061995 seconds, Stopping threads took: 0.0000602 seconds
2019-05-25T18:23:17.693+0200: 10.706: [CMS-concurrent-mark-start]
2019-05-25T18:23:17.693+0200: 10.706: [CMS-concurrent-mark: 0.000/0.000 secs] [Times: user=0.00 sys=0.00, real=0.00 secs] 
2019-05-25T18:23:17.693+0200: 10.706: [CMS-concurrent-preclean-start]
2019-05-25T18:23:17.694+0200: 10.707: [CMS-concurrent-preclean: 0.001/0.001 secs] [Times: user=0.00 sys=0.00, real=0.00 secs] 
2019-05-25T18:23:17.694+0200: 10.707: [CMS-concurrent-abortable-preclean-start]
2019-05-25T18:23:18.055+0200: 11.067: Total time for which application threads were stopped: 0.0004028 seconds, Stopping threads took: 0.0000482 seconds
2019-05-25T18:23:18.071+0200: 11.084: Total time for which application threads were stopped: 0.0003529 seconds, Stopping threads took: 0.0000363 seconds
2019-05-25T18:23:18.073+0200: 11.085: Total time for which application threads were stopped: 0.0003392 seconds, Stopping threads took: 0.0000311 seconds
2019-05-25T18:23:18.118+0200: 11.131: Total time for which application threads were stopped: 0.0001455 seconds, Stopping threads took: 0.0000363 seconds
2019-05-25T18:23:18.143+0200: 11.155: Total time for which application threads were stopped: 0.0001135 seconds, Stopping threads took: 0.0000478 seconds
2019-05-25T18:23:18.204+0200: 11.217: Total time for which application threads were stopped: 0.0001250 seconds, Stopping threads took: 0.0000465 seconds
2019-05-25T18:23:18.213+0200: 11.226: Total time for which application threads were stopped: 0.0003802 seconds, Stopping threads took: 0.0000388 seconds
2019-05-25T18:23:18.244+0200: 11.257: Total time for which application threads were stopped: 0.0001207 seconds, Stopping threads took: 0.0000405 seconds
2019-05-25T18:23:18.299+0200: 11.311: Total time for which application threads were stopped: 0.0001126 seconds, Stopping threads took: 0.0000350 seconds
2019-05-25T18:23:18.317+0200: 11.330: Total time for which application threads were stopped: 0.0001668 seconds, Stopping threads took: 0.0000435 seconds
2019-05-25T18:23:18.594+0200: 11.607: Total time for which application threads were stopped: 0.0003699 seconds, Stopping threads took: 0.0000354 seconds
2019-05-25T18:23:18.627+0200: 11.640: Total time for which application threads were stopped: 0.0000841 seconds, Stopping threads took: 0.0000286 seconds
2019-05-25T18:23:18.673+0200: 11.686: Total time for which application threads were stopped: 0.0000892 seconds, Stopping threads took: 0.0000333 seconds
2019-05-25T18:23:18.748+0200: 11.760: Total time for which application threads were stopped: 0.0001545 seconds, Stopping threads took: 0.0000401 seconds
2019-05-25T18:23:18.762+0200: 11.775: Total time for which application threads were stopped: 0.0001459 seconds, Stopping threads took: 0.0000393 seconds
2019-05-25T18:23:18.771+0200: 11.783: Total time for which application threads were stopped: 0.0001630 seconds, Stopping threads took: 0.0000678 seconds
2019-05-25T18:23:18.775+0200: 11.787: Total time for which application threads were stopped: 0.0001293 seconds, Stopping threads took: 0.0000350 seconds
2019-05-25T18:23:18.820+0200: 11.832: Total time for which application threads were stopped: 0.0003375 seconds, Stopping threads took: 0.0000627 seconds
2019-05-25T18:23:18.868+0200: 11.880: Total time for which application threads were stopped: 0.0001199 seconds, Stopping threads took: 0.0000512 seconds
2019-05-25T18:23:18.904+0200: 11.916: Total time for which application threads were stopped: 0.0001378 seconds, Stopping threads took: 0.0000401 seconds
2019-05-25T18:23:18.925+0200: 11.937: Total time for which application threads were stopped: 0.0000990 seconds, Stopping threads took: 0.0000247 seconds
2019-05-25T18:23:18.925+0200: 11.937: Total time for which application threads were stopped: 0.0000614 seconds, Stopping threads took: 0.0000141 seconds
2019-05-25T18:23:18.925+0200: 11.937: Total time for which application threads were stopped: 0.0000546 seconds, Stopping threads took: 0.0000132 seconds
2019-05-25T18:23:18.925+0200: 11.938: Total time for which application threads were stopped: 0.0000567 seconds, Stopping threads took: 0.0000124 seconds
2019-05-25T18:23:18.925+0200: 11.938: Total time for which application threads were stopped: 0.0000559 seconds, Stopping threads took: 0.0000128 seconds
2019-05-25T18:23:18.925+0200: 11.938: Total time for which application threads were stopped: 0.0000585 seconds, Stopping threads took: 0.0000162 seconds
2019-05-25T18:23:18.925+0200: 11.938: Total time for which application threads were stopped: 0.0000742 seconds, Stopping threads took: 0.0000201 seconds
2019-05-25T18:23:18.925+0200: 11.938: Total time for which application threads were stopped: 0.0000559 seconds, Stopping threads took: 0.0000128 seconds
2019-05-25T18:23:18.925+0200: 11.938: Total time for which application threads were stopped: 0.0000670 seconds, Stopping threads took: 0.0000124 seconds
2019-05-25T18:23:18.926+0200: 11.938: Total time for which application threads were stopped: 0.0000798 seconds, Stopping threads took: 0.0000401 seconds
2019-05-25T18:23:18.926+0200: 11.938: Total time for which application threads were stopped: 0.0000538 seconds, Stopping threads took: 0.0000124 seconds
2019-05-25T18:23:18.926+0200: 11.938: Total time for which application threads were stopped: 0.0000661 seconds, Stopping threads took: 0.0000124 seconds
2019-05-25T18:23:18.926+0200: 11.939: Total time for which application threads were stopped: 0.0000538 seconds, Stopping threads took: 0.0000119 seconds
2019-05-25T18:23:18.926+0200: 11.939: Total time for which application threads were stopped: 0.0000572 seconds, Stopping threads took: 0.0000158 seconds
2019-05-25T18:23:18.926+0200: 11.939: Total time for which application threads were stopped: 0.0000538 seconds, Stopping threads took: 0.0000124 seconds
2019-05-25T18:23:18.926+0200: 11.939: Total time for which application threads were stopped: 0.0000529 seconds, Stopping threads took: 0.0000124 seconds
2019-05-25T18:23:18.926+0200: 11.939: Total time for which application threads were stopped: 0.0000661 seconds, Stopping threads took: 0.0000124 seconds
2019-05-25T18:23:18.926+0200: 11.939: Total time for which application threads were stopped: 0.0000529 seconds, Stopping threads took: 0.0000128 seconds
2019-05-25T18:23:18.927+0200: 11.939: Total time for which application threads were stopped: 0.0000521 seconds, Stopping threads took: 0.0000124 seconds
2019-05-25T18:23:18.927+0200: 11.939: Total time for which application threads were stopped: 0.0000525 seconds, Stopping threads took: 0.0000124 seconds
2019-05-25T18:23:18.927+0200: 11.940: Total time for which application threads were stopped: 0.0001417 seconds, Stopping threads took: 0.0000124 seconds
2019-05-25T18:23:18.927+0200: 11.940: Total time for which application threads were stopped: 0.0000755 seconds, Stopping threads took: 0.0000132 seconds
2019-05-25T18:23:18.927+0200: 11.940: Total time for which application threads were stopped: 0.0000585 seconds, Stopping threads took: 0.0000128 seconds
2019-05-25T18:23:18.928+0200: 11.940: Total time for which application threads were stopped: 0.0000585 seconds, Stopping threads took: 0.0000124 seconds
2019-05-25T18:23:18.928+0200: 11.940: Total time for which application threads were stopped: 0.0000811 seconds, Stopping threads took: 0.0000260 seconds
2019-05-25T18:23:18.928+0200: 11.941: Total time for which application threads were stopped: 0.0000738 seconds, Stopping threads took: 0.0000154 seconds
2019-05-25T18:23:18.928+0200: 11.941: Total time for which application threads were stopped: 0.0000670 seconds, Stopping threads took: 0.0000102 seconds
2019-05-25T18:23:18.929+0200: 11.941: Total time for which application threads were stopped: 0.0000653 seconds, Stopping threads took: 0.0000128 seconds
2019-05-25T18:23:18.929+0200: 11.941: Total time for which application threads were stopped: 0.0000772 seconds, Stopping threads took: 0.0000175 seconds
2019-05-25T18:23:18.929+0200: 11.942: Total time for which application threads were stopped: 0.0000567 seconds, Stopping threads took: 0.0000132 seconds
2019-05-25T18:23:18.930+0200: 11.943: Total time for which application threads were stopped: 0.0000823 seconds, Stopping threads took: 0.0000218 seconds
2019-05-25T18:23:18.931+0200: 11.943: Total time for which application threads were stopped: 0.0000815 seconds, Stopping threads took: 0.0000162 seconds
2019-05-25T18:23:18.931+0200: 11.943: Total time for which application threads were stopped: 0.0000580 seconds, Stopping threads took: 0.0000166 seconds
2019-05-25T18:23:18.931+0200: 11.944: Total time for which application threads were stopped: 0.0001732 seconds, Stopping threads took: 0.0000124 seconds
2019-05-25T18:23:18.932+0200: 11.944: Total time for which application threads were stopped: 0.0001434 seconds, Stopping threads took: 0.0000461 seconds
2019-05-25T18:23:18.938+0200: 11.951: Total time for which application threads were stopped: 0.0001549 seconds, Stopping threads took: 0.0000602 seconds
2019-05-25T18:23:18.940+0200: 11.953: Total time for which application threads were stopped: 0.0001425 seconds, Stopping threads took: 0.0000393 seconds
2019-05-25T18:23:18.942+0200: 11.954: Total time for which application threads were stopped: 0.0001220 seconds, Stopping threads took: 0.0000358 seconds
2019-05-25T18:23:18.947+0200: 11.959: Total time for which application threads were stopped: 0.0001792 seconds, Stopping threads took: 0.0000375 seconds
2019-05-25T18:23:18.948+0200: 11.961: Total time for which application threads were stopped: 0.0001284 seconds, Stopping threads took: 0.0000358 seconds
2019-05-25T18:23:18.949+0200: 11.962: Total time for which application threads were stopped: 0.0001289 seconds, Stopping threads took: 0.0000380 seconds
2019-05-25T18:23:18.954+0200: 11.966: Total time for which application threads were stopped: 0.0001050 seconds, Stopping threads took: 0.0000435 seconds
2019-05-25T18:23:18.956+0200: 11.968: Total time for which application threads were stopped: 0.0001267 seconds, Stopping threads took: 0.0000311 seconds
2019-05-25T18:23:18.956+0200: 11.969: Total time for which application threads were stopped: 0.0000990 seconds, Stopping threads took: 0.0000205 seconds
2019-05-25T18:23:19.425+0200: 12.438: Total time for which application threads were stopped: 0.0000811 seconds, Stopping threads took: 0.0000243 seconds
2019-05-25T18:23:19.425+0200: 12.438: Total time for which application threads were stopped: 0.0000491 seconds, Stopping threads took: 0.0000154 seconds
2019-05-25T18:23:19.425+0200: 12.438: Total time for which application threads were stopped: 0.0000422 seconds, Stopping threads took: 0.0000132 seconds
2019-05-25T18:23:19.425+0200: 12.438: Total time for which application threads were stopped: 0.0000832 seconds, Stopping threads took: 0.0000256 seconds
2019-05-25T18:23:19.426+0200: 12.438: Total time for which application threads were stopped: 0.0000657 seconds, Stopping threads took: 0.0000166 seconds
2019-05-25T18:23:19.426+0200: 12.438: Total time for which application threads were stopped: 0.0000623 seconds, Stopping threads took: 0.0000299 seconds
2019-05-25T18:23:19.426+0200: 12.438: Total time for which application threads were stopped: 0.0000525 seconds, Stopping threads took: 0.0000154 seconds
2019-05-25T18:23:19.426+0200: 12.439: Total time for which application threads were stopped: 0.0000815 seconds, Stopping threads took: 0.0000154 seconds
2019-05-25T18:23:19.426+0200: 12.439: Total time for which application threads were stopped: 0.0000657 seconds, Stopping threads took: 0.0000307 seconds
2019-05-25T18:23:19.426+0200: 12.439: Total time for which application threads were stopped: 0.0000905 seconds, Stopping threads took: 0.0000316 seconds
2019-05-25T18:23:19.426+0200: 12.439: Total time for which application threads were stopped: 0.0000661 seconds, Stopping threads took: 0.0000154 seconds
2019-05-25T18:23:19.427+0200: 12.439: Total time for which application threads were stopped: 0.0000593 seconds, Stopping threads took: 0.0000162 seconds
2019-05-25T18:23:19.427+0200: 12.439: Total time for which application threads were stopped: 0.0000546 seconds, Stopping threads took: 0.0000119 seconds
2019-05-25T18:23:19.427+0200: 12.439: Total time for which application threads were stopped: 0.0000410 seconds, Stopping threads took: 0.0000124 seconds
2019-05-25T18:23:19.427+0200: 12.439: Total time for which application threads were stopped: 0.0000405 seconds, Stopping threads took: 0.0000124 seconds
2019-05-25T18:23:19.427+0200: 12.440: Total time for which application threads were stopped: 0.0000841 seconds, Stopping threads took: 0.0000277 seconds
2019-05-25T18:23:19.427+0200: 12.440: Total time for which application threads were stopped: 0.0000405 seconds, Stopping threads took: 0.0000124 seconds
2019-05-25T18:23:19.427+0200: 12.440: Total time for which application threads were stopped: 0.0000401 seconds, Stopping threads took: 0.0000124 seconds
2019-05-25T18:23:19.427+0200: 12.440: Total time for which application threads were stopped: 0.0000811 seconds, Stopping threads took: 0.0000397 seconds
2019-05-25T18:23:19.428+0200: 12.440: Total time for which application threads were stopped: 0.0001374 seconds, Stopping threads took: 0.0000124 seconds
2019-05-25T18:23:19.445+0200: 12.458: Total time for which application threads were stopped: 0.0001148 seconds, Stopping threads took: 0.0000363 seconds
{Heap before GC invocations=1 (full 1):
 par new generation   total 109248K, used 98804K [0x00000000e0000000, 0x00000000e8000000, 0x00000000e8000000)
  eden space 87424K, 100% used [0x00000000e0000000, 0x00000000e5560000, 0x00000000e5560000)
  from space 21824K,  52% used [0x00000000e6ab0000, 0x00000000e75cd390, 0x00000000e8000000)
  to   space 21824K,   0% used [0x00000000e5560000, 0x00000000e5560000, 0x00000000e6ab0000)
 concurrent mark-sweep generation total 393216K, used 0K [0x00000000e8000000, 0x0000000100000000, 0x0000000100000000)
 Metaspace       used 24448K, capacity 24950K, committed 25204K, reserved 1071104K
  class space    used 2942K, capacity 3085K, committed 3144K, reserved 1048576K
2019-05-25T18:23:19.450+0200: 12.462: [GC (Allocation Failure) 2019-05-25T18:23:19.450+0200: 12.462: [ParNew
Desired survivor size 20112992 bytes, new threshold 8 (max 8)
- age   1:    5762816 bytes,    5762816 total
- age   2:    5172480 bytes,   10935296 total
: 98804K->13897K(109248K), 0.0134660 secs] 98804K->13897K(502464K), 0.0136086 secs] [Times: user=0.06 sys=0.00, real=0.01 secs] 
Heap after GC invocations=2 (full 1):
 par new generation   total 109248K, used 13897K [0x00000000e0000000, 0x00000000e8000000, 0x00000000e8000000)
  eden space 87424K,   0% used [0x00000000e0000000, 0x00000000e0000000, 0x00000000e5560000)
  from space 21824K,  63% used [0x00000000e5560000, 0x00000000e62f2440, 0x00000000e6ab0000)
  to   space 21824K,   0% used [0x00000000e6ab0000, 0x00000000e6ab0000, 0x00000000e8000000)
 concurrent mark-sweep generation total 393216K, used 0K [0x00000000e8000000, 0x0000000100000000, 0x0000000100000000)
 Metaspace       used 24448K, capacity 24950K, committed 25204K, reserved 1071104K
  class space    used 2942K, capacity 3085K, committed 3144K, reserved 1048576K
}
2019-05-25T18:23:19.463+0200: 12.476: Total time for which application threads were stopped: 0.0139034 seconds, Stopping threads took: 0.0000294 seconds
2019-05-25T18:23:19.464+0200: 12.477: Total time for which application threads were stopped: 0.0001933 seconds, Stopping threads took: 0.0000555 seconds
2019-05-25T18:23:19.465+0200: 12.478: Total time for which application threads were stopped: 0.0004937 seconds, Stopping threads took: 0.0002807 seconds
2019-05-25T18:23:19.466+0200: 12.479: Total time for which application threads were stopped: 0.0010022 seconds, Stopping threads took: 0.0008768 seconds
2019-05-25T18:23:19.467+0200: 12.479: Total time for which application threads were stopped: 0.0001545 seconds, Stopping threads took: 0.0000636 seconds
2019-05-25T18:23:19.468+0200: 12.480: Total time for which application threads were stopped: 0.0003499 seconds, Stopping threads took: 0.0001446 seconds
2019-05-25T18:23:19.468+0200: 12.481: Total time for which application threads were stopped: 0.0003571 seconds, Stopping threads took: 0.0001323 seconds
2019-05-25T18:23:19.469+0200: 12.482: Total time for which application threads were stopped: 0.0001438 seconds, Stopping threads took: 0.0000414 seconds
2019-05-25T18:23:19.506+0200: 12.518: Total time for which application threads were stopped: 0.0001472 seconds, Stopping threads took: 0.0000354 seconds
2019-05-25T18:23:19.507+0200: 12.519: Total time for which application threads were stopped: 0.0001071 seconds, Stopping threads took: 0.0000290 seconds
2019-05-25T18:23:20.507+0200: 13.520: Total time for which application threads were stopped: 0.0001007 seconds, Stopping threads took: 0.0000482 seconds
2019-05-25T18:23:23.473+0200: 16.485: Total time for which application threads were stopped: 0.0001109 seconds, Stopping threads took: 0.0000324 seconds
2019-05-25T18:23:23.474+0200: 16.486: Total time for which application threads were stopped: 0.0001459 seconds, Stopping threads took: 0.0000380 seconds
2019-05-25T18:23:23.477+0200: 16.490: Total time for which application threads were stopped: 0.0001809 seconds, Stopping threads took: 0.0000350 seconds
2019-05-25T18:23:23.477+0200: 16.490: Total time for which application threads were stopped: 0.0000866 seconds, Stopping threads took: 0.0000222 seconds
2019-05-25T18:23:23.480+0200: 16.493: Total time for which application threads were stopped: 0.0004109 seconds, Stopping threads took: 0.0000439 seconds
2019-05-25T18:23:23.512+0200: 16.524: Total time for which application threads were stopped: 0.0001097 seconds, Stopping threads took: 0.0000269 seconds
2019-05-25T18:23:23.527+0200: 16.540: Total time for which application threads were stopped: 0.0004036 seconds, Stopping threads took: 0.0003285 seconds
2019-05-25T18:23:23.527+0200: 16.540: Total time for which application threads were stopped: 0.0001212 seconds, Stopping threads took: 0.0000226 seconds
2019-05-25T18:23:23.535+0200: 16.547: Total time for which application threads were stopped: 0.0000964 seconds, Stopping threads took: 0.0000277 seconds
2019-05-25T18:23:23.555+0200: 16.568: Total time for which application threads were stopped: 0.0001242 seconds, Stopping threads took: 0.0000397 seconds
2019-05-25T18:23:23.573+0200: 16.585: Total time for which application threads were stopped: 0.0002300 seconds, Stopping threads took: 0.0001489 seconds
 CMS: abort preclean due to time 2019-05-25T18:23:23.807+0200: 16.819: [CMS-concurrent-abortable-preclean: 2.576/6.112 secs] [Times: user=4.72 sys=0.34, real=6.11 secs] 
2019-05-25T18:23:23.807+0200: 16.819: [GC (CMS Final Remark) [YG occupancy: 28124 K (109248 K)]{Heap before GC invocations=2 (full 1):
 par new generation   total 109248K, used 28124K [0x00000000e0000000, 0x00000000e8000000, 0x00000000e8000000)
  eden space 87424K,  16% used [0x00000000e0000000, 0x00000000e0de4f18, 0x00000000e5560000)
  from space 21824K,  63% used [0x00000000e5560000, 0x00000000e62f2440, 0x00000000e6ab0000)
  to   space 21824K,   0% used [0x00000000e6ab0000, 0x00000000e6ab0000, 0x00000000e8000000)
 concurrent mark-sweep generation total 393216K, used 0K [0x00000000e8000000, 0x0000000100000000, 0x0000000100000000)
 Metaspace       used 25356K, capacity 25870K, committed 26200K, reserved 1073152K
  class space    used 3053K, capacity 3219K, committed 3220K, reserved 1048576K
2019-05-25T18:23:23.807+0200: 16.819: [GC (CMS Final Remark) 2019-05-25T18:23:23.807+0200: 16.819: [ParNew
Desired survivor size 20112992 bytes, new threshold 8 (max 8)
- age   1:     672592 bytes,     672592 total
- age   2:    2711760 bytes,    3384352 total
- age   3:    5151536 bytes,    8535888 total
: 28124K->11482K(109248K), 0.0090219 secs] 28124K->11482K(502464K), 0.0091153 secs] [Times: user=0.00 sys=0.00, real=0.01 secs] 
Heap after GC invocations=3 (full 1):
 par new generation   total 109248K, used 11482K [0x00000000e0000000, 0x00000000e8000000, 0x00000000e8000000)
  eden space 87424K,   0% used [0x00000000e0000000, 0x00000000e0000000, 0x00000000e5560000)
  from space 21824K,  52% used [0x00000000e6ab0000, 0x00000000e75e6940, 0x00000000e8000000)
  to   space 21824K,   0% used [0x00000000e5560000, 0x00000000e5560000, 0x00000000e6ab0000)
 concurrent mark-sweep generation total 393216K, used 0K [0x00000000e8000000, 0x0000000100000000, 0x0000000100000000)
 Metaspace       used 25356K, capacity 25870K, committed 26200K, reserved 1073152K
  class space    used 3053K, capacity 3219K, committed 3220K, reserved 1048576K
}
2019-05-25T18:23:23.816+0200: 16.829: [Rescan (parallel) , 0.0029952 secs]2019-05-25T18:23:23.819+0200: 16.832: [weak refs processing, 0.0007987 secs]2019-05-25T18:23:23.820+0200: 16.833: [class unloading, 0.0049920 secs]2019-05-25T18:23:23.825+0200: 16.838: [scrub symbol table, 0.0079411 secs]2019-05-25T18:23:23.833+0200: 16.846: [scrub string table, 0.0004459 secs][1 CMS-remark: 0K(393216K)] 11482K(502464K), 0.0274996 secs] [Times: user=0.08 sys=0.00, real=0.03 secs] 
2019-05-25T18:23:23.834+0200: 16.847: Total time for which application threads were stopped: 0.0276839 seconds, Stopping threads took: 0.0000316 seconds
2019-05-25T18:23:23.834+0200: 16.847: [CMS-concurrent-sweep-start]
2019-05-25T18:23:23.834+0200: 16.847: [CMS-concurrent-sweep: 0.000/0.000 secs] [Times: user=0.00 sys=0.00, real=0.00 secs] 
2019-05-25T18:23:23.834+0200: 16.847: [CMS-concurrent-reset-start]
2019-05-25T18:23:23.839+0200: 16.852: [CMS-concurrent-reset: 0.004/0.004 secs] [Times: user=0.00 sys=0.00, real=0.00 secs] 
2019-05-25T18:23:24.068+0200: 17.080: Total time for which application threads were stopped: 0.0000849 seconds, Stopping threads took: 0.0000303 seconds
2019-05-25T18:23:24.069+0200: 17.081: Total time for which application threads were stopped: 0.0000841 seconds, Stopping threads took: 0.0000239 seconds
2019-05-25T18:23:24.077+0200: 17.090: Total time for which application threads were stopped: 0.0001438 seconds, Stopping threads took: 0.0000695 seconds
2019-05-25T18:23:24.078+0200: 17.090: Total time for which application threads were stopped: 0.0001263 seconds, Stopping threads took: 0.0000474 seconds
2019-05-25T18:23:24.080+0200: 17.093: Total time for which application threads were stopped: 0.0000862 seconds, Stopping threads took: 0.0000333 seconds
2019-05-25T18:23:24.080+0200: 17.093: Total time for which application threads were stopped: 0.0000627 seconds, Stopping threads took: 0.0000192 seconds
2019-05-25T18:23:24.081+0200: 17.094: Total time for which application threads were stopped: 0.0001310 seconds, Stopping threads took: 0.0000371 seconds
2019-05-25T18:23:24.081+0200: 17.094: Total time for which application threads were stopped: 0.0000853 seconds, Stopping threads took: 0.0000247 seconds
2019-05-25T18:23:24.083+0200: 17.095: Total time for which application threads were stopped: 0.0005423 seconds, Stopping threads took: 0.0004676 seconds
2019-05-25T18:23:24.083+0200: 17.096: Total time for which application threads were stopped: 0.0002308 seconds, Stopping threads took: 0.0001570 seconds
2019-05-25T18:23:24.083+0200: 17.096: Total time for which application threads were stopped: 0.0000836 seconds, Stopping threads took: 0.0000269 seconds
2019-05-25T18:23:24.083+0200: 17.096: Total time for which application threads were stopped: 0.0000742 seconds, Stopping threads took: 0.0000375 seconds
2019-05-25T18:23:24.084+0200: 17.097: Total time for which application threads were stopped: 0.0000755 seconds, Stopping threads took: 0.0000375 seconds
2019-05-25T18:23:24.085+0200: 17.098: Total time for which application threads were stopped: 0.0004484 seconds, Stopping threads took: 0.0003652 seconds
2019-05-25T18:23:24.098+0200: 17.110: Total time for which application threads were stopped: 0.0001033 seconds, Stopping threads took: 0.0000337 seconds
2019-05-25T18:23:24.112+0200: 17.125: Total time for which application threads were stopped: 0.0001207 seconds, Stopping threads took: 0.0000427 seconds
2019-05-25T18:23:24.114+0200: 17.126: Total time for which application threads were stopped: 0.0001276 seconds, Stopping threads took: 0.0000555 seconds
2019-05-25T18:23:24.118+0200: 17.130: Total time for which application threads were stopped: 0.0001037 seconds, Stopping threads took: 0.0000401 seconds
2019-05-25T18:23:24.123+0200: 17.135: Total time for which application threads were stopped: 0.0007509 seconds, Stopping threads took: 0.0006541 seconds
2019-05-25T18:23:24.140+0200: 17.152: Total time for which application threads were stopped: 0.0031680 seconds, Stopping threads took: 0.0030788 seconds
2019-05-25T18:23:24.141+0200: 17.154: Total time for which application threads were stopped: 0.0001314 seconds, Stopping threads took: 0.0000397 seconds
2019-05-25T18:23:24.163+0200: 17.176: Total time for which application threads were stopped: 0.0001813 seconds, Stopping threads took: 0.0000981 seconds
2019-05-25T18:23:24.168+0200: 17.180: Total time for which application threads were stopped: 0.0000794 seconds, Stopping threads took: 0.0000329 seconds
2019-05-25T18:23:24.168+0200: 17.180: Total time for which application threads were stopped: 0.0000538 seconds, Stopping threads took: 0.0000205 seconds
2019-05-25T18:23:24.168+0200: 17.181: Total time for which application threads were stopped: 0.0001545 seconds, Stopping threads took: 0.0000128 seconds
2019-05-25T18:23:24.168+0200: 17.181: Total time for which application threads were stopped: 0.0001084 seconds, Stopping threads took: 0.0000546 seconds
2019-05-25T18:23:24.170+0200: 17.182: Total time for which application threads were stopped: 0.0000883 seconds, Stopping threads took: 0.0000333 seconds
2019-05-25T18:23:24.179+0200: 17.191: Total time for which application threads were stopped: 0.0001067 seconds, Stopping threads took: 0.0000431 seconds
2019-05-25T18:23:24.179+0200: 17.191: Total time for which application threads were stopped: 0.0000542 seconds, Stopping threads took: 0.0000196 seconds
2019-05-25T18:23:24.184+0200: 17.196: Total time for which application threads were stopped: 0.0000964 seconds, Stopping threads took: 0.0000358 seconds
2019-05-25T18:23:24.189+0200: 17.201: Total time for which application threads were stopped: 0.0001267 seconds, Stopping threads took: 0.0000444 seconds
2019-05-25T18:23:24.241+0200: 17.254: Total time for which application threads were stopped: 0.0002061 seconds, Stopping threads took: 0.0000371 seconds
2019-05-25T18:23:24.247+0200: 17.260: Total time for which application threads were stopped: 0.0001058 seconds, Stopping threads took: 0.0000422 seconds
2019-05-25T18:23:24.318+0200: 17.331: Total time for which application threads were stopped: 0.0001156 seconds, Stopping threads took: 0.0000435 seconds
2019-05-25T18:23:24.319+0200: 17.332: Total time for which application threads were stopped: 0.0002325 seconds, Stopping threads took: 0.0000576 seconds
2019-05-25T18:23:24.332+0200: 17.344: Total time for which application threads were stopped: 0.0001685 seconds, Stopping threads took: 0.0000405 seconds
2019-05-25T18:23:24.342+0200: 17.355: Total time for which application threads were stopped: 0.0000823 seconds, Stopping threads took: 0.0000286 seconds
2019-05-25T18:23:25.303+0200: 18.316: Total time for which application threads were stopped: 0.0001498 seconds, Stopping threads took: 0.0000341 seconds
2019-05-25T18:23:25.308+0200: 18.320: Total time for which application threads were stopped: 0.0002052 seconds, Stopping threads took: 0.0000969 seconds
2019-05-25T18:23:25.353+0200: 18.366: Total time for which application threads were stopped: 0.0000977 seconds, Stopping threads took: 0.0000273 seconds
2019-05-25T18:23:25.369+0200: 18.382: Total time for which application threads were stopped: 0.0000956 seconds, Stopping threads took: 0.0000282 seconds
2019-05-25T18:23:25.369+0200: 18.382: Total time for which application threads were stopped: 0.0000772 seconds, Stopping threads took: 0.0000205 seconds
2019-05-25T18:23:25.386+0200: 18.398: Total time for which application threads were stopped: 0.0004685 seconds, Stopping threads took: 0.0000277 seconds
2019-05-25T18:23:25.394+0200: 18.407: Total time for which application threads were stopped: 0.0001357 seconds, Stopping threads took: 0.0000516 seconds
2019-05-25T18:23:25.396+0200: 18.408: Total time for which application threads were stopped: 0.0001434 seconds, Stopping threads took: 0.0000435 seconds
2019-05-25T18:23:25.398+0200: 18.411: Total time for which application threads were stopped: 0.0000819 seconds, Stopping threads took: 0.0000252 seconds
2019-05-25T18:23:25.400+0200: 18.412: Total time for which application threads were stopped: 0.0001033 seconds, Stopping threads took: 0.0000452 seconds
2019-05-25T18:23:25.400+0200: 18.412: Total time for which application threads were stopped: 0.0000666 seconds, Stopping threads took: 0.0000179 seconds
2019-05-25T18:23:25.400+0200: 18.413: Total time for which application threads were stopped: 0.0000503 seconds, Stopping threads took: 0.0000141 seconds
2019-05-25T18:23:25.400+0200: 18.413: Total time for which application threads were stopped: 0.0000674 seconds, Stopping threads took: 0.0000247 seconds
2019-05-25T18:23:25.457+0200: 18.469: Total time for which application threads were stopped: 0.0001195 seconds, Stopping threads took: 0.0000367 seconds
2019-05-25T18:23:25.457+0200: 18.470: Total time for which application threads were stopped: 0.0000815 seconds, Stopping threads took: 0.0000205 seconds
2019-05-25T18:23:25.457+0200: 18.470: Total time for which application threads were stopped: 0.0000866 seconds, Stopping threads took: 0.0000171 seconds
2019-05-25T18:23:25.457+0200: 18.470: Total time for which application threads were stopped: 0.0000764 seconds, Stopping threads took: 0.0000166 seconds
2019-05-25T18:23:25.457+0200: 18.470: Total time for which application threads were stopped: 0.0000755 seconds, Stopping threads took: 0.0000188 seconds
2019-05-25T18:23:25.457+0200: 18.470: Total time for which application threads were stopped: 0.0001114 seconds, Stopping threads took: 0.0000239 seconds
2019-05-25T18:23:25.458+0200: 18.470: Total time for which application threads were stopped: 0.0000508 seconds, Stopping threads took: 0.0000145 seconds
2019-05-25T18:23:25.458+0200: 18.470: Total time for which application threads were stopped: 0.0000508 seconds, Stopping threads took: 0.0000162 seconds
2019-05-25T18:23:25.460+0200: 18.472: Total time for which application threads were stopped: 0.0002150 seconds, Stopping threads took: 0.0000247 seconds
2019-05-25T18:23:25.487+0200: 18.500: Total time for which application threads were stopped: 0.0004390 seconds, Stopping threads took: 0.0002748 seconds
2019-05-25T18:23:25.487+0200: 18.500: Total time for which application threads were stopped: 0.0001532 seconds, Stopping threads took: 0.0000687 seconds
2019-05-25T18:23:25.488+0200: 18.500: Total time for which application threads were stopped: 0.0001182 seconds, Stopping threads took: 0.0000410 seconds
2019-05-25T18:23:25.488+0200: 18.500: Total time for which application threads were stopped: 0.0001391 seconds, Stopping threads took: 0.0000414 seconds
2019-05-25T18:23:25.488+0200: 18.501: Total time for which application threads were stopped: 0.0001442 seconds, Stopping threads took: 0.0000841 seconds
2019-05-25T18:23:25.489+0200: 18.502: Total time for which application threads were stopped: 0.0002057 seconds, Stopping threads took: 0.0000597 seconds
2019-05-25T18:23:25.489+0200: 18.502: Total time for which application threads were stopped: 0.0001852 seconds, Stopping threads took: 0.0000649 seconds
2019-05-25T18:23:25.490+0200: 18.502: Total time for which application threads were stopped: 0.0001596 seconds, Stopping threads took: 0.0000678 seconds
2019-05-25T18:23:25.490+0200: 18.503: Total time for which application threads were stopped: 0.0001681 seconds, Stopping threads took: 0.0000781 seconds
2019-05-25T18:23:25.492+0200: 18.505: Total time for which application threads were stopped: 0.0018675 seconds, Stopping threads took: 0.0017506 seconds
2019-05-25T18:23:25.493+0200: 18.505: Total time for which application threads were stopped: 0.0002884 seconds, Stopping threads took: 0.0001873 seconds
2019-05-25T18:23:25.493+0200: 18.506: Total time for which application threads were stopped: 0.0001489 seconds, Stopping threads took: 0.0000606 seconds
2019-05-25T18:23:25.494+0200: 18.506: Total time for which application threads were stopped: 0.0001148 seconds, Stopping threads took: 0.0000550 seconds
2019-05-25T18:23:25.494+0200: 18.507: Total time for which application threads were stopped: 0.0001323 seconds, Stopping threads took: 0.0000580 seconds
2019-05-25T18:23:25.495+0200: 18.507: Total time for which application threads were stopped: 0.0001600 seconds, Stopping threads took: 0.0000439 seconds
2019-05-25T18:23:25.502+0200: 18.514: Total time for which application threads were stopped: 0.0002611 seconds, Stopping threads took: 0.0001476 seconds
2019-05-25T18:23:25.513+0200: 18.526: Total time for which application threads were stopped: 0.0014733 seconds, Stopping threads took: 0.0013406 seconds
2019-05-25T18:23:25.513+0200: 18.526: Total time for which application threads were stopped: 0.0002044 seconds, Stopping threads took: 0.0000695 seconds
2019-05-25T18:23:25.514+0200: 18.527: Total time for which application threads were stopped: 0.0003034 seconds, Stopping threads took: 0.0002035 seconds
2019-05-25T18:23:25.515+0200: 18.528: Total time for which application threads were stopped: 0.0002027 seconds, Stopping threads took: 0.0000589 seconds
2019-05-25T18:23:25.517+0200: 18.530: Total time for which application threads were stopped: 0.0002010 seconds, Stopping threads took: 0.0000465 seconds
2019-05-25T18:23:25.519+0200: 18.531: Total time for which application threads were stopped: 0.0001771 seconds, Stopping threads took: 0.0000900 seconds
2019-05-25T18:23:25.525+0200: 18.538: Total time for which application threads were stopped: 0.0003268 seconds, Stopping threads took: 0.0000832 seconds
2019-05-25T18:23:25.527+0200: 18.539: Total time for which application threads were stopped: 0.0001920 seconds, Stopping threads took: 0.0000636 seconds
2019-05-25T18:23:25.540+0200: 18.552: Total time for which application threads were stopped: 0.0002291 seconds, Stopping threads took: 0.0000691 seconds
2019-05-25T18:23:25.581+0200: 18.594: Total time for which application threads were stopped: 0.0002125 seconds, Stopping threads took: 0.0000418 seconds
2019-05-25T18:23:25.631+0200: 18.644: Total time for which application threads were stopped: 0.0001404 seconds, Stopping threads took: 0.0000469 seconds
2019-05-25T18:23:25.673+0200: 18.685: Total time for which application threads were stopped: 0.0006682 seconds, Stopping threads took: 0.0002325 seconds
2019-05-25T18:23:25.829+0200: 18.842: Total time for which application threads were stopped: 0.0004041 seconds, Stopping threads took: 0.0002522 seconds
2019-05-25T18:23:25.844+0200: 18.856: Total time for which application threads were stopped: 0.0001536 seconds, Stopping threads took: 0.0000585 seconds
2019-05-25T18:23:26.856+0200: 19.868: Total time for which application threads were stopped: 0.0001852 seconds, Stopping threads took: 0.0000708 seconds
2019-05-25T18:23:26.856+0200: 19.868: Total time for which application threads were stopped: 0.0001335 seconds, Stopping threads took: 0.0000495 seconds
2019-05-25T18:23:27.848+0200: 20.861: Total time for which application threads were stopped: 0.0001570 seconds, Stopping threads took: 0.0000358 seconds
2019-05-25T18:23:27.848+0200: 20.861: Total time for which application threads were stopped: 0.0000956 seconds, Stopping threads took: 0.0000201 seconds
{Heap before GC invocations=3 (full 1):
 par new generation   total 109248K, used 98906K [0x00000000e0000000, 0x00000000e8000000, 0x00000000e8000000)
  eden space 87424K, 100% used [0x00000000e0000000, 0x00000000e5560000, 0x00000000e5560000)
  from space 21824K,  52% used [0x00000000e6ab0000, 0x00000000e75e6940, 0x00000000e8000000)
  to   space 21824K,   0% used [0x00000000e5560000, 0x00000000e5560000, 0x00000000e6ab0000)
 concurrent mark-sweep generation total 393216K, used 0K [0x00000000e8000000, 0x0000000100000000, 0x0000000100000000)
 Metaspace       used 29775K, capacity 30680K, committed 30936K, reserved 1077248K
  class space    used 3568K, capacity 3834K, committed 3860K, reserved 1048576K
2019-05-25T18:23:30.584+0200: 23.597: [GC (Allocation Failure) 2019-05-25T18:23:30.585+0200: 23.597: [ParNew
Desired survivor size 20112992 bytes, new threshold 8 (max 8)
- age   1:    5646312 bytes,    5646312 total
- age   2:     163936 bytes,    5810248 total
- age   3:    2667440 bytes,    8477688 total
- age   4:    5122072 bytes,   13599760 total
: 98906K->15962K(109248K), 0.0133790 secs] 98906K->15962K(502464K), 0.0135202 secs] [Times: user=0.05 sys=0.00, real=0.01 secs] 
Heap after GC invocations=4 (full 1):
 par new generation   total 109248K, used 15962K [0x00000000e0000000, 0x00000000e8000000, 0x00000000e8000000)
  eden space 87424K,   0% used [0x00000000e0000000, 0x00000000e0000000, 0x00000000e5560000)
  from space 21824K,  73% used [0x00000000e5560000, 0x00000000e64f6930, 0x00000000e6ab0000)
  to   space 21824K,   0% used [0x00000000e6ab0000, 0x00000000e6ab0000, 0x00000000e8000000)
 concurrent mark-sweep generation total 393216K, used 0K [0x00000000e8000000, 0x0000000100000000, 0x0000000100000000)
 Metaspace       used 29775K, capacity 30680K, committed 30936K, reserved 1077248K
  class space    used 3568K, capacity 3834K, committed 3860K, reserved 1048576K
}
2019-05-25T18:23:30.598+0200: 23.611: Total time for which application threads were stopped: 0.0138547 seconds, Stopping threads took: 0.0000542 seconds
2019-05-25T18:23:30.599+0200: 23.612: Total time for which application threads were stopped: 0.0002718 seconds, Stopping threads took: 0.0000913 seconds
2019-05-25T18:23:30.600+0200: 23.613: Total time for which application threads were stopped: 0.0002253 seconds, Stopping threads took: 0.0000580 seconds
2019-05-25T18:23:30.601+0200: 23.614: Total time for which application threads were stopped: 0.0001958 seconds, Stopping threads took: 0.0000610 seconds
2019-05-25T18:23:30.601+0200: 23.614: Total time for which application threads were stopped: 0.0003584 seconds, Stopping threads took: 0.0000239 seconds
2019-05-25T18:23:30.713+0200: 23.725: Total time for which application threads were stopped: 0.0002338 seconds, Stopping threads took: 0.0000542 seconds
2019-05-25T18:23:31.584+0200: 24.596: Total time for which application threads were stopped: 0.0001877 seconds, Stopping threads took: 0.0000401 seconds
2019-05-25T18:23:31.587+0200: 24.600: Total time for which application threads were stopped: 0.0002889 seconds, Stopping threads took: 0.0001707 seconds
2019-05-25T18:23:31.780+0200: 24.792: Total time for which application threads were stopped: 0.0005018 seconds, Stopping threads took: 0.0000439 seconds
2019-05-25T18:23:31.839+0200: 24.851: Total time for which application threads were stopped: 0.0002569 seconds, Stopping threads took: 0.0000631 seconds
2019-05-25T18:23:31.839+0200: 24.851: Total time for which application threads were stopped: 0.0001545 seconds, Stopping threads took: 0.0000491 seconds
2019-05-25T18:23:31.839+0200: 24.851: Total time for which application threads were stopped: 0.0001596 seconds, Stopping threads took: 0.0000538 seconds
2019-05-25T18:23:31.839+0200: 24.852: Total time for which application threads were stopped: 0.0001395 seconds, Stopping threads took: 0.0000486 seconds
2019-05-25T18:23:31.839+0200: 24.852: Total time for which application threads were stopped: 0.0001677 seconds, Stopping threads took: 0.0000602 seconds
2019-05-25T18:23:31.841+0200: 24.854: Total time for which application threads were stopped: 0.0007659 seconds, Stopping threads took: 0.0004233 seconds
2019-05-25T18:23:31.842+0200: 24.854: Total time for which application threads were stopped: 0.0003878 seconds, Stopping threads took: 0.0002018 seconds
2019-05-25T18:23:31.842+0200: 24.854: Total time for which application threads were stopped: 0.0001011 seconds, Stopping threads took: 0.0000192 seconds
2019-05-25T18:23:31.842+0200: 24.855: Total time for which application threads were stopped: 0.0001357 seconds, Stopping threads took: 0.0000597 seconds
2019-05-25T18:23:31.843+0200: 24.855: Total time for which application threads were stopped: 0.0001126 seconds, Stopping threads took: 0.0000294 seconds
2019-05-25T18:23:31.876+0200: 24.888: Total time for which application threads were stopped: 0.0001698 seconds, Stopping threads took: 0.0000410 seconds
2019-05-25T18:23:31.901+0200: 24.913: Total time for which application threads were stopped: 0.0008324 seconds, Stopping threads took: 0.0001852 seconds
2019-05-25T18:23:32.901+0200: 25.913: Total time for which application threads were stopped: 0.0001481 seconds, Stopping threads took: 0.0000495 seconds
2019-05-25T18:23:34.235+0200: 27.247: Total time for which application threads were stopped: 0.0001737 seconds, Stopping threads took: 0.0000329 seconds
2019-05-25T18:23:34.235+0200: 27.247: Total time for which application threads were stopped: 0.0000734 seconds, Stopping threads took: 0.0000162 seconds
2019-05-25T18:23:34.235+0200: 27.248: Total time for which application threads were stopped: 0.0000640 seconds, Stopping threads took: 0.0000145 seconds
2019-05-25T18:23:34.235+0200: 27.248: Total time for which application threads were stopped: 0.0000794 seconds, Stopping threads took: 0.0000192 seconds
2019-05-25T18:23:34.248+0200: 27.261: Total time for which application threads were stopped: 0.0001203 seconds, Stopping threads took: 0.0000307 seconds
2019-05-25T18:23:34.248+0200: 27.261: Total time for which application threads were stopped: 0.0000542 seconds, Stopping threads took: 0.0000137 seconds
2019-05-25T18:23:34.248+0200: 27.261: Total time for which application threads were stopped: 0.0000772 seconds, Stopping threads took: 0.0000418 seconds
2019-05-25T18:23:34.249+0200: 27.261: Total time for which application threads were stopped: 0.0000538 seconds, Stopping threads took: 0.0000145 seconds
2019-05-25T18:23:34.281+0200: 27.293: Total time for which application threads were stopped: 0.0001152 seconds, Stopping threads took: 0.0000393 seconds
2019-05-25T18:23:34.281+0200: 27.294: Total time for which application threads were stopped: 0.0001041 seconds, Stopping threads took: 0.0000282 seconds
2019-05-25T18:23:34.281+0200: 27.294: Total time for which application threads were stopped: 0.0000951 seconds, Stopping threads took: 0.0000307 seconds
2019-05-25T18:23:34.282+0200: 27.294: Total time for which application threads were stopped: 0.0000836 seconds, Stopping threads took: 0.0000201 seconds
2019-05-25T18:23:34.282+0200: 27.294: Total time for which application threads were stopped: 0.0000747 seconds, Stopping threads took: 0.0000196 seconds
2019-05-25T18:23:34.282+0200: 27.294: Total time for which application threads were stopped: 0.0000789 seconds, Stopping threads took: 0.0000192 seconds
2019-05-25T18:23:34.283+0200: 27.295: Total time for which application threads were stopped: 0.0001318 seconds, Stopping threads took: 0.0000439 seconds
2019-05-25T18:23:34.283+0200: 27.296: Total time for which application threads were stopped: 0.0000947 seconds, Stopping threads took: 0.0000243 seconds
2019-05-25T18:23:34.284+0200: 27.296: Total time for which application threads were stopped: 0.0001024 seconds, Stopping threads took: 0.0000213 seconds
2019-05-25T18:23:34.284+0200: 27.296: Total time for which application threads were stopped: 0.0000823 seconds, Stopping threads took: 0.0000209 seconds
2019-05-25T18:23:34.284+0200: 27.296: Total time for which application threads were stopped: 0.0000832 seconds, Stopping threads took: 0.0000205 seconds
2019-05-25T18:23:34.284+0200: 27.296: Total time for which application threads were stopped: 0.0001041 seconds, Stopping threads took: 0.0000277 seconds
2019-05-25T18:23:34.284+0200: 27.296: Total time for which application threads were stopped: 0.0000764 seconds, Stopping threads took: 0.0000188 seconds
2019-05-25T18:23:34.284+0200: 27.297: Total time for which application threads were stopped: 0.0000781 seconds, Stopping threads took: 0.0000188 seconds
2019-05-25T18:23:34.330+0200: 27.343: Total time for which application threads were stopped: 0.0001370 seconds, Stopping threads took: 0.0000363 seconds
2019-05-25T18:23:34.330+0200: 27.343: Total time for which application threads were stopped: 0.0000870 seconds, Stopping threads took: 0.0000166 seconds
2019-05-25T18:23:34.331+0200: 27.343: Total time for which application threads were stopped: 0.0000858 seconds, Stopping threads took: 0.0000166 seconds
2019-05-25T18:23:34.331+0200: 27.343: Total time for which application threads were stopped: 0.0001015 seconds, Stopping threads took: 0.0000196 seconds
2019-05-25T18:23:34.335+0200: 27.348: Total time for which application threads were stopped: 0.0001353 seconds, Stopping threads took: 0.0000346 seconds
2019-05-25T18:23:34.336+0200: 27.348: Total time for which application threads were stopped: 0.0001161 seconds, Stopping threads took: 0.0000209 seconds
2019-05-25T18:23:34.336+0200: 27.348: Total time for which application threads were stopped: 0.0000866 seconds, Stopping threads took: 0.0000239 seconds
2019-05-25T18:23:34.336+0200: 27.349: Total time for which application threads were stopped: 0.0001340 seconds, Stopping threads took: 0.0000482 seconds
2019-05-25T18:23:35.336+0200: 28.349: Total time for which application threads were stopped: 0.0001762 seconds, Stopping threads took: 0.0000422 seconds
2019-05-25T18:23:38.337+0200: 31.350: Total time for which application threads were stopped: 0.0001604 seconds, Stopping threads took: 0.0000597 seconds
2019-05-25T18:23:39.337+0200: 32.350: Total time for which application threads were stopped: 0.0003810 seconds, Stopping threads took: 0.0001216 seconds
2019-05-25T18:23:44.340+0200: 37.353: Total time for which application threads were stopped: 0.0001463 seconds, Stopping threads took: 0.0000431 seconds
2019-05-25T18:23:45.340+0200: 38.353: Total time for which application threads were stopped: 0.0001869 seconds, Stopping threads took: 0.0000457 seconds
2019-05-25T18:23:46.341+0200: 39.353: Total time for which application threads were stopped: 0.0001502 seconds, Stopping threads took: 0.0000435 seconds
2019-05-25T18:23:47.341+0200: 40.354: Total time for which application threads were stopped: 0.0001626 seconds, Stopping threads took: 0.0000457 seconds
2019-05-25T18:23:48.342+0200: 41.354: Total time for which application threads were stopped: 0.0001050 seconds, Stopping threads took: 0.0000350 seconds
2019-05-25T18:24:01.347+0200: 54.360: Total time for which application threads were stopped: 0.0001442 seconds, Stopping threads took: 0.0000512 seconds
2019-05-25T18:24:02.348+0200: 55.361: Total time for which application threads were stopped: 0.0001101 seconds, Stopping threads took: 0.0000371 seconds
2019-05-25T18:24:05.351+0200: 58.363: Total time for which application threads were stopped: 0.0001498 seconds, Stopping threads took: 0.0000439 seconds
2019-05-25T18:24:08.353+0200: 61.365: Total time for which application threads were stopped: 0.0001301 seconds, Stopping threads took: 0.0000371 seconds
2019-05-25T18:24:09.353+0200: 62.365: Total time for which application threads were stopped: 0.0001421 seconds, Stopping threads took: 0.0000439 seconds
2019-05-25T18:24:10.353+0200: 63.365: Total time for which application threads were stopped: 0.0001028 seconds, Stopping threads took: 0.0000320 seconds
2019-05-25T18:24:11.354+0200: 64.366: Total time for which application threads were stopped: 0.0001404 seconds, Stopping threads took: 0.0000418 seconds
2019-05-25T18:24:12.354+0200: 65.366: Total time for which application threads were stopped: 0.0001173 seconds, Stopping threads took: 0.0000435 seconds
2019-05-25T18:24:14.354+0200: 67.367: Total time for which application threads were stopped: 0.0001250 seconds, Stopping threads took: 0.0000474 seconds
2019-05-25T18:24:15.354+0200: 68.367: Total time for which application threads were stopped: 0.0001468 seconds, Stopping threads took: 0.0000546 seconds
2019-05-25T18:24:16.355+0200: 69.367: Total time for which application threads were stopped: 0.0001609 seconds, Stopping threads took: 0.0000491 seconds
2019-05-25T18:24:17.355+0200: 70.368: Total time for which application threads were stopped: 0.0003593 seconds, Stopping threads took: 0.0001131 seconds
2019-05-25T18:24:18.355+0200: 71.368: Total time for which application threads were stopped: 0.0003102 seconds, Stopping threads took: 0.0000798 seconds
2019-05-25T18:24:19.355+0200: 72.368: Total time for which application threads were stopped: 0.0001361 seconds, Stopping threads took: 0.0000614 seconds
2019-05-25T18:24:20.355+0200: 73.368: Total time for which application threads were stopped: 0.0001353 seconds, Stopping threads took: 0.0000495 seconds
2019-05-25T18:24:23.356+0200: 76.369: Total time for which application threads were stopped: 0.0001459 seconds, Stopping threads took: 0.0000457 seconds
2019-05-25T18:24:30.425+0200: 83.437: Total time for which application threads were stopped: 0.0001118 seconds, Stopping threads took: 0.0000375 seconds
2019-05-25T18:24:30.425+0200: 83.438: Total time for which application threads were stopped: 0.0000875 seconds, Stopping threads took: 0.0000201 seconds
2019-05-25T18:24:30.425+0200: 83.438: Total time for which application threads were stopped: 0.0000832 seconds, Stopping threads took: 0.0000329 seconds
2019-05-25T18:24:30.426+0200: 83.438: Total time for which application threads were stopped: 0.0000858 seconds, Stopping threads took: 0.0000290 seconds
2019-05-25T18:24:30.440+0200: 83.452: Total time for which application threads were stopped: 0.0005124 seconds, Stopping threads took: 0.0000375 seconds
2019-05-25T18:24:30.502+0200: 83.514: Total time for which application threads were stopped: 0.0005030 seconds, Stopping threads took: 0.0000410 seconds
2019-05-25T18:24:30.508+0200: 83.521: Total time for which application threads were stopped: 0.0001357 seconds, Stopping threads took: 0.0000512 seconds
2019-05-25T18:24:30.532+0200: 83.545: Total time for which application threads were stopped: 0.0001280 seconds, Stopping threads took: 0.0000461 seconds
2019-05-25T18:24:30.609+0200: 83.622: Total time for which application threads were stopped: 0.0001741 seconds, Stopping threads took: 0.0000422 seconds
2019-05-25T18:24:30.609+0200: 83.622: Total time for which application threads were stopped: 0.0001003 seconds, Stopping threads took: 0.0000307 seconds
2019-05-25T18:24:30.609+0200: 83.622: Total time for which application threads were stopped: 0.0000806 seconds, Stopping threads took: 0.0000192 seconds
2019-05-25T18:24:30.610+0200: 83.623: Total time for which application threads were stopped: 0.0001212 seconds, Stopping threads took: 0.0000260 seconds
2019-05-25T18:24:31.611+0200: 84.623: Total time for which application threads were stopped: 0.0001088 seconds, Stopping threads took: 0.0000341 seconds
2019-05-25T18:24:46.617+0200: 99.629: Total time for which application threads were stopped: 0.0001911 seconds, Stopping threads took: 0.0000516 seconds
2019-05-25T18:24:49.619+0200: 102.631: Total time for which application threads were stopped: 0.0001323 seconds, Stopping threads took: 0.0000393 seconds
2019-05-25T18:24:51.619+0200: 104.632: Total time for which application threads were stopped: 0.0001950 seconds, Stopping threads took: 0.0000572 seconds
2019-05-25T18:24:52.620+0200: 105.633: Total time for which application threads were stopped: 0.0002150 seconds, Stopping threads took: 0.0000700 seconds
2019-05-25T18:25:04.624+0200: 117.637: Total time for which application threads were stopped: 0.0001207 seconds, Stopping threads took: 0.0000478 seconds
2019-05-25T18:25:13.627+0200: 126.639: Total time for which application threads were stopped: 0.0001446 seconds, Stopping threads took: 0.0000452 seconds
2019-05-25T18:25:24.631+0200: 137.644: Total time for which application threads were stopped: 0.0002214 seconds, Stopping threads took: 0.0000567 seconds
2019-05-25T18:25:26.632+0200: 139.644: Total time for which application threads were stopped: 0.0001084 seconds, Stopping threads took: 0.0000367 seconds
2019-05-25T18:25:29.633+0200: 142.645: Total time for which application threads were stopped: 0.0002577 seconds, Stopping threads took: 0.0000883 seconds
2019-05-25T18:25:31.633+0200: 144.646: Total time for which application threads were stopped: 0.0001835 seconds, Stopping threads took: 0.0000580 seconds
2019-05-25T18:25:32.634+0200: 145.646: Total time for which application threads were stopped: 0.0001229 seconds, Stopping threads took: 0.0000371 seconds
2019-05-25T18:25:34.635+0200: 147.647: Total time for which application threads were stopped: 0.0001562 seconds, Stopping threads took: 0.0000555 seconds
2019-05-25T18:25:38.637+0200: 151.649: Total time for which application threads were stopped: 0.0001327 seconds, Stopping threads took: 0.0000533 seconds
2019-05-25T18:25:40.637+0200: 153.650: Total time for which application threads were stopped: 0.0001088 seconds, Stopping threads took: 0.0000329 seconds
2019-05-25T18:25:44.639+0200: 157.651: Total time for which application threads were stopped: 0.0001199 seconds, Stopping threads took: 0.0000465 seconds
2019-05-25T18:25:49.281+0200: 162.294: Total time for which application threads were stopped: 0.0001131 seconds, Stopping threads took: 0.0000294 seconds
2019-05-25T18:25:49.281+0200: 162.294: Total time for which application threads were stopped: 0.0000836 seconds, Stopping threads took: 0.0000260 seconds
2019-05-25T18:25:49.281+0200: 162.294: Total time for which application threads were stopped: 0.0000503 seconds, Stopping threads took: 0.0000119 seconds
2019-05-25T18:25:49.281+0200: 162.294: Total time for which application threads were stopped: 0.0000508 seconds, Stopping threads took: 0.0000141 seconds
2019-05-25T18:25:49.285+0200: 162.297: Total time for which application threads were stopped: 0.0000713 seconds, Stopping threads took: 0.0000183 seconds
2019-05-25T18:25:49.291+0200: 162.304: Total time for which application threads were stopped: 0.0005325 seconds, Stopping threads took: 0.0000631 seconds
2019-05-25T18:25:49.291+0200: 162.304: Total time for which application threads were stopped: 0.0001318 seconds, Stopping threads took: 0.0000469 seconds
2019-05-25T18:25:49.291+0200: 162.304: Total time for which application threads were stopped: 0.0001071 seconds, Stopping threads took: 0.0000499 seconds
2019-05-25T18:25:49.292+0200: 162.305: Total time for which application threads were stopped: 0.0003674 seconds, Stopping threads took: 0.0001225 seconds
2019-05-25T18:25:50.293+0200: 163.306: Total time for which application threads were stopped: 0.0002052 seconds, Stopping threads took: 0.0000435 seconds
2019-05-25T18:25:51.294+0200: 164.307: Total time for which application threads were stopped: 0.0001626 seconds, Stopping threads took: 0.0000427 seconds
2019-05-25T18:25:52.295+0200: 165.307: Total time for which application threads were stopped: 0.0002829 seconds, Stopping threads took: 0.0001028 seconds
2019-05-25T18:25:52.430+0200: 165.443: Total time for which application threads were stopped: 0.0001788 seconds, Stopping threads took: 0.0000649 seconds
2019-05-25T18:25:52.481+0200: 165.494: Total time for which application threads were stopped: 0.0001894 seconds, Stopping threads took: 0.0000555 seconds
2019-05-25T18:25:53.480+0200: 166.493: Total time for which application threads were stopped: 0.0002082 seconds, Stopping threads took: 0.0000576 seconds
2019-05-25T18:25:53.525+0200: 166.537: Total time for which application threads were stopped: 0.0006409 seconds, Stopping threads took: 0.0000384 seconds
2019-05-25T18:25:54.525+0200: 167.537: Total time for which application threads were stopped: 0.0001724 seconds, Stopping threads took: 0.0000435 seconds
2019-05-25T18:25:57.527+0200: 170.539: Total time for which application threads were stopped: 0.0001331 seconds, Stopping threads took: 0.0000354 seconds
2019-05-25T18:26:04.529+0200: 177.542: Total time for which application threads were stopped: 0.0003695 seconds, Stopping threads took: 0.0000892 seconds
2019-05-25T18:26:10.532+0200: 183.544: Total time for which application threads were stopped: 0.0001310 seconds, Stopping threads took: 0.0000542 seconds
2019-05-25T18:26:21.536+0200: 194.549: Total time for which application threads were stopped: 0.0002530 seconds, Stopping threads took: 0.0000708 seconds
2019-05-25T18:26:31.539+0200: 204.552: Total time for which application threads were stopped: 0.0003383 seconds, Stopping threads took: 0.0000815 seconds
2019-05-25T18:26:36.602+0200: 209.615: Total time for which application threads were stopped: 0.0002475 seconds, Stopping threads took: 0.0000858 seconds
2019-05-25T18:26:36.606+0200: 209.618: Total time for which application threads were stopped: 0.0002389 seconds, Stopping threads took: 0.0001152 seconds
2019-05-25T18:26:36.616+0200: 209.628: Total time for which application threads were stopped: 0.0001271 seconds, Stopping threads took: 0.0000465 seconds
2019-05-25T18:26:36.617+0200: 209.629: Total time for which application threads were stopped: 0.0004463 seconds, Stopping threads took: 0.0000572 seconds
2019-05-25T18:26:36.629+0200: 209.642: Total time for which application threads were stopped: 0.0001220 seconds, Stopping threads took: 0.0000307 seconds
2019-05-25T18:26:36.699+0200: 209.711: Total time for which application threads were stopped: 0.0001276 seconds, Stopping threads took: 0.0000320 seconds
2019-05-25T18:26:37.363+0200: 210.375: Total time for which application threads were stopped: 0.0002338 seconds, Stopping threads took: 0.0000418 seconds
2019-05-25T18:26:37.363+0200: 210.375: Total time for which application threads were stopped: 0.0001143 seconds, Stopping threads took: 0.0000307 seconds
2019-05-25T18:26:37.364+0200: 210.376: Total time for which application threads were stopped: 0.0001161 seconds, Stopping threads took: 0.0000329 seconds
2019-05-25T18:26:37.368+0200: 210.380: Total time for which application threads were stopped: 0.0001318 seconds, Stopping threads took: 0.0000452 seconds
2019-05-25T18:26:37.368+0200: 210.380: Total time for which application threads were stopped: 0.0001451 seconds, Stopping threads took: 0.0000452 seconds
2019-05-25T18:26:37.370+0200: 210.383: Total time for which application threads were stopped: 0.0001583 seconds, Stopping threads took: 0.0000529 seconds
2019-05-25T18:26:37.381+0200: 210.394: Total time for which application threads were stopped: 0.0001429 seconds, Stopping threads took: 0.0000439 seconds
2019-05-25T18:26:38.382+0200: 211.394: Total time for which application threads were stopped: 0.0003443 seconds, Stopping threads took: 0.0000832 seconds
2019-05-25T18:26:39.382+0200: 212.394: Total time for which application threads were stopped: 0.0001353 seconds, Stopping threads took: 0.0000393 seconds
2019-05-25T18:26:43.383+0200: 216.396: Total time for which application threads were stopped: 0.0001557 seconds, Stopping threads took: 0.0000346 seconds
2019-05-25T18:26:44.383+0200: 217.396: Total time for which application threads were stopped: 0.0001801 seconds, Stopping threads took: 0.0000422 seconds
2019-05-25T18:26:46.384+0200: 219.397: Total time for which application threads were stopped: 0.0001566 seconds, Stopping threads took: 0.0000350 seconds
2019-05-25T18:26:47.385+0200: 220.397: Total time for which application threads were stopped: 0.0002044 seconds, Stopping threads took: 0.0000649 seconds
2019-05-25T18:26:51.387+0200: 224.399: Total time for which application threads were stopped: 0.0003234 seconds, Stopping threads took: 0.0000832 seconds
2019-05-25T18:27:02.389+0200: 235.401: Total time for which application threads were stopped: 0.0002889 seconds, Stopping threads took: 0.0000781 seconds
2019-05-25T18:27:03.389+0200: 236.401: Total time for which application threads were stopped: 0.0003482 seconds, Stopping threads took: 0.0000934 seconds
2019-05-25T18:27:24.396+0200: 257.408: Total time for which application threads were stopped: 0.0001357 seconds, Stopping threads took: 0.0000478 seconds
2019-05-25T18:27:25.397+0200: 258.409: Total time for which application threads were stopped: 0.0004766 seconds, Stopping threads took: 0.0001118 seconds
2019-05-25T18:27:28.905+0200: 261.917: Total time for which application threads were stopped: 0.0001404 seconds, Stopping threads took: 0.0000414 seconds
2019-05-25T18:27:29.905+0200: 262.918: Total time for which application threads were stopped: 0.0002074 seconds, Stopping threads took: 0.0000602 seconds
2019-05-25T18:27:30.905+0200: 263.918: Total time for which application threads were stopped: 0.0001425 seconds, Stopping threads took: 0.0000333 seconds
2019-05-25T18:27:36.907+0200: 269.919: Total time for which application threads were stopped: 0.0001481 seconds, Stopping threads took: 0.0000393 seconds
2019-05-25T18:27:37.908+0200: 270.920: Total time for which application threads were stopped: 0.0001907 seconds, Stopping threads took: 0.0000627 seconds
2019-05-25T18:27:40.908+0200: 273.921: Total time for which application threads were stopped: 0.0001886 seconds, Stopping threads took: 0.0000708 seconds
2019-05-25T18:28:06.919+0200: 299.932: Total time for which application threads were stopped: 0.0004053 seconds, Stopping threads took: 0.0001114 seconds
2019-05-25T18:28:30.929+0200: 323.941: Total time for which application threads were stopped: 0.0002522 seconds, Stopping threads took: 0.0000657 seconds
2019-05-25T18:28:31.929+0200: 324.941: Total time for which application threads were stopped: 0.0003772 seconds, Stopping threads took: 0.0001062 seconds
2019-05-25T18:28:45.933+0200: 338.946: Total time for which application threads were stopped: 0.0005773 seconds, Stopping threads took: 0.0001267 seconds
2019-05-25T18:29:07.942+0200: 360.955: Total time for which application threads were stopped: 0.0001685 seconds, Stopping threads took: 0.0000700 seconds
2019-05-25T18:29:25.949+0200: 378.961: Total time for which application threads were stopped: 0.0001395 seconds, Stopping threads took: 0.0000482 seconds
2019-05-25T18:29:31.952+0200: 384.964: Total time for which application threads were stopped: 0.0004395 seconds, Stopping threads took: 0.0001126 seconds
2019-05-25T18:30:25.970+0200: 438.982: Total time for which application threads were stopped: 0.0001254 seconds, Stopping threads took: 0.0000333 seconds
2019-05-25T18:30:31.971+0200: 444.984: Total time for which application threads were stopped: 0.0003034 seconds, Stopping threads took: 0.0000900 seconds
2019-05-25T18:30:33.972+0200: 446.985: Total time for which application threads were stopped: 0.0003268 seconds, Stopping threads took: 0.0000832 seconds
2019-05-25T18:30:34.973+0200: 447.985: Total time for which application threads were stopped: 0.0003029 seconds, Stopping threads took: 0.0000815 seconds
2019-05-25T18:30:40.975+0200: 453.988: Total time for which application threads were stopped: 0.0001634 seconds, Stopping threads took: 0.0000474 seconds
2019-05-25T18:30:42.976+0200: 455.988: Total time for which application threads were stopped: 0.0001353 seconds, Stopping threads took: 0.0000363 seconds
2019-05-25T18:31:28.995+0200: 502.008: Total time for which application threads were stopped: 0.0002372 seconds, Stopping threads took: 0.0000687 seconds
2019-05-25T18:31:31.996+0200: 505.009: Total time for which application threads were stopped: 0.0002880 seconds, Stopping threads took: 0.0000794 seconds
2019-05-25T18:32:10.008+0200: 543.021: Total time for which application threads were stopped: 0.0001604 seconds, Stopping threads took: 0.0000644 seconds
{Heap before GC invocations=4 (full 1):
 par new generation   total 109248K, used 103386K [0x00000000e0000000, 0x00000000e8000000, 0x00000000e8000000)
  eden space 87424K, 100% used [0x00000000e0000000, 0x00000000e5560000, 0x00000000e5560000)
  from space 21824K,  73% used [0x00000000e5560000, 0x00000000e64f6930, 0x00000000e6ab0000)
  to   space 21824K,   0% used [0x00000000e6ab0000, 0x00000000e6ab0000, 0x00000000e8000000)
 concurrent mark-sweep generation total 393216K, used 0K [0x00000000e8000000, 0x0000000100000000, 0x0000000100000000)
 Metaspace       used 34773K, capacity 35956K, committed 36184K, reserved 1081344K
  class space    used 4120K, capacity 4438K, committed 4500K, reserved 1048576K
2019-05-25T18:32:14.358+0200: 547.371: [GC (Allocation Failure) 2019-05-25T18:32:14.358+0200: 547.371: [ParNew
Desired survivor size 20112992 bytes, new threshold 8 (max 8)
- age   1:    5317488 bytes,    5317488 total
- age   2:    2186264 bytes,    7503752 total
- age   3:     157248 bytes,    7661000 total
- age   4:    2664680 bytes,   10325680 total
- age   5:    5036936 bytes,   15362616 total
: 103386K->21824K(109248K), 0.0160034 secs] 103386K->21824K(502464K), 0.0161895 secs] [Times: user=0.06 sys=0.00, real=0.02 secs] 
Heap after GC invocations=5 (full 1):
 par new generation   total 109248K, used 21824K [0x00000000e0000000, 0x00000000e8000000, 0x00000000e8000000)
  eden space 87424K,   0% used [0x00000000e0000000, 0x00000000e0000000, 0x00000000e5560000)
  from space 21824K, 100% used [0x00000000e6ab0000, 0x00000000e8000000, 0x00000000e8000000)
  to   space 21824K,   0% used [0x00000000e5560000, 0x00000000e5560000, 0x00000000e6ab0000)
 concurrent mark-sweep generation total 393216K, used 0K [0x00000000e8000000, 0x0000000100000000, 0x0000000100000000)
 Metaspace       used 34773K, capacity 35956K, committed 36184K, reserved 1081344K
  class space    used 4120K, capacity 4438K, committed 4500K, reserved 1048576K
}
2019-05-25T18:32:14.374+0200: 547.387: Total time for which application threads were stopped: 0.0164617 seconds, Stopping threads took: 0.0000375 seconds
2019-05-25T18:32:14.375+0200: 547.387: Total time for which application threads were stopped: 0.0001634 seconds, Stopping threads took: 0.0000661 seconds
2019-05-25T18:32:14.393+0200: 547.406: Total time for which application threads were stopped: 0.0001540 seconds, Stopping threads took: 0.0000380 seconds
2019-05-25T18:32:14.397+0200: 547.409: Total time for which application threads were stopped: 0.0001186 seconds, Stopping threads took: 0.0000286 seconds
2019-05-25T18:32:14.417+0200: 547.430: Total time for which application threads were stopped: 0.0005850 seconds, Stopping threads took: 0.0001348 seconds
2019-05-25T18:32:14.420+0200: 547.432: Total time for which application threads were stopped: 0.0001442 seconds, Stopping threads took: 0.0000333 seconds
2019-05-25T18:32:14.421+0200: 547.433: Total time for which application threads were stopped: 0.0002944 seconds, Stopping threads took: 0.0001711 seconds
2019-05-25T18:32:14.422+0200: 547.434: Total time for which application threads were stopped: 0.0001728 seconds, Stopping threads took: 0.0000538 seconds
2019-05-25T18:32:14.434+0200: 547.447: Total time for which application threads were stopped: 0.0001638 seconds, Stopping threads took: 0.0000316 seconds
2019-05-25T18:32:14.436+0200: 547.448: Total time for which application threads were stopped: 0.0001306 seconds, Stopping threads took: 0.0000286 seconds
2019-05-25T18:32:14.577+0200: 547.590: Total time for which application threads were stopped: 0.0002667 seconds, Stopping threads took: 0.0000764 seconds
2019-05-25T18:32:14.703+0200: 547.716: Total time for which application threads were stopped: 0.0002317 seconds, Stopping threads took: 0.0000508 seconds
2019-05-25T18:32:14.711+0200: 547.723: Total time for which application threads were stopped: 0.0002342 seconds, Stopping threads took: 0.0000649 seconds
2019-05-25T18:32:14.796+0200: 547.809: Total time for which application threads were stopped: 0.0008124 seconds, Stopping threads took: 0.0000512 seconds
2019-05-25T18:32:14.799+0200: 547.811: Total time for which application threads were stopped: 0.0002270 seconds, Stopping threads took: 0.0000461 seconds
2019-05-25T18:32:14.806+0200: 547.819: Total time for which application threads were stopped: 0.0002219 seconds, Stopping threads took: 0.0000499 seconds
2019-05-25T18:32:14.812+0200: 547.825: Total time for which application threads were stopped: 0.0002637 seconds, Stopping threads took: 0.0000986 seconds
2019-05-25T18:32:14.813+0200: 547.825: Total time for which application threads were stopped: 0.0003725 seconds, Stopping threads took: 0.0002236 seconds
2019-05-25T18:32:14.813+0200: 547.826: Total time for which application threads were stopped: 0.0001856 seconds, Stopping threads took: 0.0000486 seconds
2019-05-25T18:32:14.817+0200: 547.829: Total time for which application threads were stopped: 0.0002347 seconds, Stopping threads took: 0.0000508 seconds
2019-05-25T18:32:14.835+0200: 547.847: Total time for which application threads were stopped: 0.0003042 seconds, Stopping threads took: 0.0000546 seconds
2019-05-25T18:32:14.955+0200: 547.967: Total time for which application threads were stopped: 0.0004433 seconds, Stopping threads took: 0.0001050 seconds
2019-05-25T18:32:15.857+0200: 548.870: Total time for which application threads were stopped: 0.0015279 seconds, Stopping threads took: 0.0008026 seconds
2019-05-25T18:32:15.860+0200: 548.872: Total time for which application threads were stopped: 0.0003610 seconds, Stopping threads took: 0.0001301 seconds
2019-05-25T18:32:15.860+0200: 548.873: Total time for which application threads were stopped: 0.0001963 seconds, Stopping threads took: 0.0000521 seconds
2019-05-25T18:32:15.860+0200: 548.873: Total time for which application threads were stopped: 0.0002176 seconds, Stopping threads took: 0.0000781 seconds
2019-05-25T18:32:15.890+0200: 548.903: Total time for which application threads were stopped: 0.0002150 seconds, Stopping threads took: 0.0000649 seconds
2019-05-25T18:32:15.891+0200: 548.904: Total time for which application threads were stopped: 0.0001856 seconds, Stopping threads took: 0.0000593 seconds
2019-05-25T18:32:15.891+0200: 548.904: Total time for which application threads were stopped: 0.0001719 seconds, Stopping threads took: 0.0000593 seconds
2019-05-25T18:32:15.892+0200: 548.904: Total time for which application threads were stopped: 0.0001417 seconds, Stopping threads took: 0.0000525 seconds
2019-05-25T18:32:15.919+0200: 548.931: Total time for which application threads were stopped: 0.0002347 seconds, Stopping threads took: 0.0000597 seconds
2019-05-25T18:32:15.919+0200: 548.931: Total time for which application threads were stopped: 0.0001340 seconds, Stopping threads took: 0.0000290 seconds
2019-05-25T18:32:15.955+0200: 548.967: Total time for which application threads were stopped: 0.0005781 seconds, Stopping threads took: 0.0000367 seconds
2019-05-25T18:32:15.962+0200: 548.974: Total time for which application threads were stopped: 0.0001353 seconds, Stopping threads took: 0.0000371 seconds
2019-05-25T18:32:15.962+0200: 548.975: Total time for which application threads were stopped: 0.0000887 seconds, Stopping threads took: 0.0000209 seconds
2019-05-25T18:32:15.963+0200: 548.975: Total time for which application threads were stopped: 0.0001220 seconds, Stopping threads took: 0.0000320 seconds
2019-05-25T18:32:15.988+0200: 549.001: Total time for which application threads were stopped: 0.0001344 seconds, Stopping threads took: 0.0000380 seconds
2019-05-25T18:32:15.989+0200: 549.001: Total time for which application threads were stopped: 0.0000934 seconds, Stopping threads took: 0.0000273 seconds
2019-05-25T18:32:15.989+0200: 549.001: Total time for which application threads were stopped: 0.0000964 seconds, Stopping threads took: 0.0000205 seconds
2019-05-25T18:32:15.993+0200: 549.006: Total time for which application threads were stopped: 0.0004463 seconds, Stopping threads took: 0.0000474 seconds
2019-05-25T18:32:15.994+0200: 549.006: Total time for which application threads were stopped: 0.0000973 seconds, Stopping threads took: 0.0000260 seconds
2019-05-25T18:32:15.994+0200: 549.007: Total time for which application threads were stopped: 0.0000986 seconds, Stopping threads took: 0.0000239 seconds
2019-05-25T18:32:16.096+0200: 549.109: Total time for which application threads were stopped: 0.0001353 seconds, Stopping threads took: 0.0000422 seconds
2019-05-25T18:32:16.097+0200: 549.109: Total time for which application threads were stopped: 0.0001263 seconds, Stopping threads took: 0.0000265 seconds
2019-05-25T18:32:16.183+0200: 549.196: Total time for which application threads were stopped: 0.0004109 seconds, Stopping threads took: 0.0000503 seconds
2019-05-25T18:32:16.184+0200: 549.196: Total time for which application threads were stopped: 0.0000981 seconds, Stopping threads took: 0.0000269 seconds
2019-05-25T18:32:16.190+0200: 549.203: Total time for which application threads were stopped: 0.0002048 seconds, Stopping threads took: 0.0000525 seconds
2019-05-25T18:32:16.240+0200: 549.252: Total time for which application threads were stopped: 0.0001877 seconds, Stopping threads took: 0.0000687 seconds
2019-05-25T18:32:16.242+0200: 549.255: Total time for which application threads were stopped: 0.0007881 seconds, Stopping threads took: 0.0000457 seconds
2019-05-25T18:32:16.378+0200: 549.390: Total time for which application threads were stopped: 0.0005321 seconds, Stopping threads took: 0.0000320 seconds
2019-05-25T18:32:16.419+0200: 549.431: Total time for which application threads were stopped: 0.0006839 seconds, Stopping threads took: 0.0000418 seconds
2019-05-25T18:32:16.534+0200: 549.546: Total time for which application threads were stopped: 0.0001920 seconds, Stopping threads took: 0.0000414 seconds
2019-05-25T18:32:16.539+0200: 549.552: Total time for which application threads were stopped: 0.0006212 seconds, Stopping threads took: 0.0000405 seconds
{Heap before GC invocations=5 (full 1):
 par new generation   total 109248K, used 109229K [0x00000000e0000000, 0x00000000e8000000, 0x00000000e8000000)
  eden space 87424K,  99% used [0x00000000e0000000, 0x00000000e555b778, 0x00000000e5560000)
  from space 21824K, 100% used [0x00000000e6ab0000, 0x00000000e8000000, 0x00000000e8000000)
  to   space 21824K,   0% used [0x00000000e5560000, 0x00000000e5560000, 0x00000000e6ab0000)
 concurrent mark-sweep generation total 393216K, used 0K [0x00000000e8000000, 0x0000000100000000, 0x0000000100000000)
 Metaspace       used 37507K, capacity 38786K, committed 39128K, reserved 1083392K
  class space    used 4454K, capacity 4781K, committed 4884K, reserved 1048576K
2019-05-25T18:32:16.569+0200: 549.582: [GC (Allocation Failure) 2019-05-25T18:32:16.569+0200: 549.582: [ParNew
Desired survivor size 20112992 bytes, new threshold 8 (max 8)
- age   1:    4648176 bytes,    4648176 total
- age   2:    2605696 bytes,    7253872 total
- age   3:    2101744 bytes,    9355616 total
- age   4:     153712 bytes,    9509328 total
- age   5:    2587752 bytes,   12097080 total
- age   6:    4440944 bytes,   16538024 total
: 109229K->21002K(109248K), 0.0161523 secs] 109229K->21002K(502464K), 0.0162829 secs] [Times: user=0.06 sys=0.00, real=0.02 secs] 
Heap after GC invocations=6 (full 1):
 par new generation   total 109248K, used 21002K [0x00000000e0000000, 0x00000000e8000000, 0x00000000e8000000)
  eden space 87424K,   0% used [0x00000000e0000000, 0x00000000e0000000, 0x00000000e5560000)
  from space 21824K,  96% used [0x00000000e5560000, 0x00000000e69e2960, 0x00000000e6ab0000)
  to   space 21824K,   0% used [0x00000000e6ab0000, 0x00000000e6ab0000, 0x00000000e8000000)
 concurrent mark-sweep generation total 393216K, used 0K [0x00000000e8000000, 0x0000000100000000, 0x0000000100000000)
 Metaspace       used 37507K, capacity 38786K, committed 39128K, reserved 1083392K
  class space    used 4454K, capacity 4781K, committed 4884K, reserved 1048576K
}
2019-05-25T18:32:16.586+0200: 549.598: Total time for which application threads were stopped: 0.0165811 seconds, Stopping threads took: 0.0000742 seconds
2019-05-25T18:32:16.587+0200: 549.599: Total time for which application threads were stopped: 0.0002044 seconds, Stopping threads took: 0.0000670 seconds
2019-05-25T18:32:16.723+0200: 549.736: Total time for which application threads were stopped: 0.0001903 seconds, Stopping threads took: 0.0000555 seconds
2019-05-25T18:32:16.724+0200: 549.736: Total time for which application threads were stopped: 0.0001408 seconds, Stopping threads took: 0.0000469 seconds
2019-05-25T18:32:16.724+0200: 549.737: Total time for which application threads were stopped: 0.0001557 seconds, Stopping threads took: 0.0000418 seconds
2019-05-25T18:32:16.727+0200: 549.739: Total time for which application threads were stopped: 0.0002500 seconds, Stopping threads took: 0.0000401 seconds
2019-05-25T18:32:16.729+0200: 549.742: Total time for which application threads were stopped: 0.0001609 seconds, Stopping threads took: 0.0000431 seconds
2019-05-25T18:32:16.729+0200: 549.742: Total time for which application threads were stopped: 0.0000858 seconds, Stopping threads took: 0.0000213 seconds
2019-05-25T18:32:16.729+0200: 549.742: Total time for which application threads were stopped: 0.0000721 seconds, Stopping threads took: 0.0000213 seconds
2019-05-25T18:32:16.729+0200: 549.742: Total time for which application threads were stopped: 0.0000742 seconds, Stopping threads took: 0.0000183 seconds
2019-05-25T18:32:16.730+0200: 549.742: Total time for which application threads were stopped: 0.0001033 seconds, Stopping threads took: 0.0000478 seconds
2019-05-25T18:32:16.730+0200: 549.743: Total time for which application threads were stopped: 0.0000883 seconds, Stopping threads took: 0.0000350 seconds
2019-05-25T18:32:16.730+0200: 549.743: Total time for which application threads were stopped: 0.0001220 seconds, Stopping threads took: 0.0000397 seconds
2019-05-25T18:32:16.730+0200: 549.743: Total time for which application threads were stopped: 0.0001033 seconds, Stopping threads took: 0.0000230 seconds
2019-05-25T18:32:16.732+0200: 549.744: Total time for which application threads were stopped: 0.0002125 seconds, Stopping threads took: 0.0000414 seconds
2019-05-25T18:32:16.735+0200: 549.748: Total time for which application threads were stopped: 0.0002014 seconds, Stopping threads took: 0.0000691 seconds
2019-05-25T18:32:16.788+0200: 549.800: Total time for which application threads were stopped: 0.0002978 seconds, Stopping threads took: 0.0000892 seconds
2019-05-25T18:32:16.800+0200: 549.813: Total time for which application threads were stopped: 0.0001856 seconds, Stopping threads took: 0.0000380 seconds
{Heap before GC invocations=6 (full 1):
 par new generation   total 109248K, used 108426K [0x00000000e0000000, 0x00000000e8000000, 0x00000000e8000000)
  eden space 87424K, 100% used [0x00000000e0000000, 0x00000000e5560000, 0x00000000e5560000)
  from space 21824K,  96% used [0x00000000e5560000, 0x00000000e69e2960, 0x00000000e6ab0000)
  to   space 21824K,   0% used [0x00000000e6ab0000, 0x00000000e6ab0000, 0x00000000e8000000)
 concurrent mark-sweep generation total 393216K, used 0K [0x00000000e8000000, 0x0000000100000000, 0x0000000100000000)
 Metaspace       used 38340K, capacity 39616K, committed 39896K, reserved 1085440K
  class space    used 4568K, capacity 4882K, committed 4884K, reserved 1048576K
2019-05-25T18:32:16.812+0200: 549.825: [GC (Allocation Failure) 2019-05-25T18:32:16.812+0200: 549.825: [ParNew
Desired survivor size 20112992 bytes, new threshold 8 (max 8)
- age   1:    1548136 bytes,    1548136 total
- age   2:    2003192 bytes,    3551328 total
- age   3:    2605696 bytes,    6157024 total
- age   4:    2101488 bytes,    8258512 total
- age   5:     153432 bytes,    8411944 total
- age   6:    2584696 bytes,   10996640 total
- age   7:    4439304 bytes,   15435944 total
: 108426K->18352K(109248K), 0.0146035 secs] 108426K->18352K(502464K), 0.0147320 secs] [Times: user=0.06 sys=0.00, real=0.01 secs] 
Heap after GC invocations=7 (full 1):
 par new generation   total 109248K, used 18352K [0x00000000e0000000, 0x00000000e8000000, 0x00000000e8000000)
  eden space 87424K,   0% used [0x00000000e0000000, 0x00000000e0000000, 0x00000000e5560000)
  from space 21824K,  84% used [0x00000000e6ab0000, 0x00000000e7c9c1a0, 0x00000000e8000000)
  to   space 21824K,   0% used [0x00000000e5560000, 0x00000000e5560000, 0x00000000e6ab0000)
 concurrent mark-sweep generation total 393216K, used 0K [0x00000000e8000000, 0x0000000100000000, 0x0000000100000000)
 Metaspace       used 38340K, capacity 39616K, committed 39896K, reserved 1085440K
  class space    used 4568K, capacity 4882K, committed 4884K, reserved 1048576K
}
2019-05-25T18:32:16.827+0200: 549.840: Total time for which application threads were stopped: 0.0151744 seconds, Stopping threads took: 0.0000738 seconds
2019-05-25T18:32:16.828+0200: 549.840: Total time for which application threads were stopped: 0.0002048 seconds, Stopping threads took: 0.0000602 seconds
2019-05-25T18:32:16.960+0200: 549.972: Total time for which application threads were stopped: 0.0001907 seconds, Stopping threads took: 0.0000627 seconds
2019-05-25T18:32:16.965+0200: 549.978: Total time for which application threads were stopped: 0.0001818 seconds, Stopping threads took: 0.0000576 seconds
2019-05-25T18:32:16.969+0200: 549.982: Total time for which application threads were stopped: 0.0001651 seconds, Stopping threads took: 0.0000320 seconds
2019-05-25T18:32:16.970+0200: 549.983: Total time for which application threads were stopped: 0.0001634 seconds, Stopping threads took: 0.0000350 seconds
2019-05-25T18:32:17.068+0200: 550.080: Total time for which application threads were stopped: 0.0006703 seconds, Stopping threads took: 0.0000363 seconds
{Heap before GC invocations=7 (full 1):
 par new generation   total 109248K, used 105776K [0x00000000e0000000, 0x00000000e8000000, 0x00000000e8000000)
  eden space 87424K, 100% used [0x00000000e0000000, 0x00000000e5560000, 0x00000000e5560000)
  from space 21824K,  84% used [0x00000000e6ab0000, 0x00000000e7c9c1a0, 0x00000000e8000000)
  to   space 21824K,   0% used [0x00000000e5560000, 0x00000000e5560000, 0x00000000e6ab0000)
 concurrent mark-sweep generation total 393216K, used 0K [0x00000000e8000000, 0x0000000100000000, 0x0000000100000000)
 Metaspace       used 39979K, capacity 41232K, committed 41432K, reserved 1085440K
  class space    used 4758K, capacity 5080K, committed 5140K, reserved 1048576K
2019-05-25T18:32:17.216+0200: 550.229: [GC (Allocation Failure) 2019-05-25T18:32:17.216+0200: 550.229: [ParNew
Desired survivor size 20112992 bytes, new threshold 8 (max 8)
- age   1:    2312472 bytes,    2312472 total
- age   2:     329848 bytes,    2642320 total
- age   3:    1298176 bytes,    3940496 total
- age   4:    2602024 bytes,    6542520 total
- age   5:    2072928 bytes,    8615448 total
- age   6:     152928 bytes,    8768376 total
- age   7:    2582784 bytes,   11351160 total
- age   8:    4439688 bytes,   15790848 total
: 105776K->21824K(109248K), 0.0139921 secs] 105776K->21824K(502464K), 0.0141099 secs] [Times: user=0.06 sys=0.00, real=0.01 secs] 
Heap after GC invocations=8 (full 1):
 par new generation   total 109248K, used 21824K [0x00000000e0000000, 0x00000000e8000000, 0x00000000e8000000)
  eden space 87424K,   0% used [0x00000000e0000000, 0x00000000e0000000, 0x00000000e5560000)
  from space 21824K, 100% used [0x00000000e5560000, 0x00000000e6ab0000, 0x00000000e6ab0000)
  to   space 21824K,   0% used [0x00000000e6ab0000, 0x00000000e6ab0000, 0x00000000e8000000)
 concurrent mark-sweep generation total 393216K, used 0K [0x00000000e8000000, 0x0000000100000000, 0x0000000100000000)
 Metaspace       used 39979K, capacity 41232K, committed 41432K, reserved 1085440K
  class space    used 4758K, capacity 5080K, committed 5140K, reserved 1048576K
}
2019-05-25T18:32:17.231+0200: 550.243: Total time for which application threads were stopped: 0.0144696 seconds, Stopping threads took: 0.0000567 seconds
2019-05-25T18:32:17.329+0200: 550.341: Total time for which application threads were stopped: 0.0002022 seconds, Stopping threads took: 0.0000789 seconds
2019-05-25T18:32:17.346+0200: 550.358: Total time for which application threads were stopped: 0.0008047 seconds, Stopping threads took: 0.0000448 seconds
2019-05-25T18:32:17.488+0200: 550.501: Total time for which application threads were stopped: 0.0001574 seconds, Stopping threads took: 0.0000401 seconds
2019-05-25T18:32:17.491+0200: 550.504: Total time for which application threads were stopped: 0.0002308 seconds, Stopping threads took: 0.0000644 seconds
2019-05-25T18:32:17.623+0200: 550.635: Total time for which application threads were stopped: 0.0001562 seconds, Stopping threads took: 0.0000410 seconds
2019-05-25T18:32:17.703+0200: 550.715: Total time for which application threads were stopped: 0.0001643 seconds, Stopping threads took: 0.0000457 seconds
2019-05-25T18:32:17.787+0200: 550.799: Total time for which application threads were stopped: 0.0002103 seconds, Stopping threads took: 0.0000538 seconds
2019-05-25T18:32:17.850+0200: 550.863: Total time for which application threads were stopped: 0.0002368 seconds, Stopping threads took: 0.0000529 seconds
{Heap before GC invocations=8 (full 1):
 par new generation   total 109248K, used 109248K [0x00000000e0000000, 0x00000000e8000000, 0x00000000e8000000)
  eden space 87424K, 100% used [0x00000000e0000000, 0x00000000e5560000, 0x00000000e5560000)
  from space 21824K, 100% used [0x00000000e5560000, 0x00000000e6ab0000, 0x00000000e6ab0000)
  to   space 21824K,   0% used [0x00000000e6ab0000, 0x00000000e6ab0000, 0x00000000e8000000)
 concurrent mark-sweep generation total 393216K, used 0K [0x00000000e8000000, 0x0000000100000000, 0x0000000100000000)
 Metaspace       used 43035K, capacity 44368K, committed 44588K, reserved 1089536K
  class space    used 5154K, capacity 5480K, committed 5524K, reserved 1048576K
2019-05-25T18:32:17.882+0200: 550.895: [GC (Allocation Failure) 2019-05-25T18:32:17.882+0200: 550.895: [ParNew
Desired survivor size 20112992 bytes, new threshold 8 (max 8)
- age   1:    3978432 bytes,    3978432 total
- age   2:     894136 bytes,    4872568 total
- age   3:     326288 bytes,    5198856 total
- age   4:    1237680 bytes,    6436536 total
- age   5:    2587504 bytes,    9024040 total
- age   6:    2071008 bytes,   11095048 total
- age   7:     151464 bytes,   11246512 total
- age   8:    2580016 bytes,   13826528 total
: 109248K->18236K(109248K), 0.0300293 secs] 109248K->22982K(502464K), 0.0302234 secs] [Times: user=0.09 sys=0.02, real=0.03 secs] 
Heap after GC invocations=9 (full 1):
 par new generation   total 109248K, used 18236K [0x00000000e0000000, 0x00000000e8000000, 0x00000000e8000000)
  eden space 87424K,   0% used [0x00000000e0000000, 0x00000000e0000000, 0x00000000e5560000)
  from space 21824K,  83% used [0x00000000e6ab0000, 0x00000000e7c7f2c0, 0x00000000e8000000)
  to   space 21824K,   0% used [0x00000000e5560000, 0x00000000e5560000, 0x00000000e6ab0000)
 concurrent mark-sweep generation total 393216K, used 4746K [0x00000000e8000000, 0x0000000100000000, 0x0000000100000000)
 Metaspace       used 43035K, capacity 44368K, committed 44588K, reserved 1089536K
  class space    used 5154K, capacity 5480K, committed 5524K, reserved 1048576K
}
2019-05-25T18:32:17.913+0200: 550.925: Total time for which application threads were stopped: 0.0306053 seconds, Stopping threads took: 0.0000448 seconds
2019-05-25T18:32:17.913+0200: 550.925: [GC (CMS Initial Mark) [1 CMS-initial-mark: 4746K(393216K)] 22982K(502464K), 0.0036267 secs] [Times: user=0.00 sys=0.00, real=0.00 secs] 
2019-05-25T18:32:17.917+0200: 550.929: Total time for which application threads were stopped: 0.0038575 seconds, Stopping threads took: 0.0000585 seconds
2019-05-25T18:32:17.917+0200: 550.929: [CMS-concurrent-mark-start]
2019-05-25T18:32:17.924+0200: 550.936: [CMS-concurrent-mark: 0.007/0.007 secs] [Times: user=0.00 sys=0.00, real=0.01 secs] 
2019-05-25T18:32:17.924+0200: 550.937: [CMS-concurrent-preclean-start]
2019-05-25T18:32:17.926+0200: 550.939: [CMS-concurrent-preclean: 0.002/0.002 secs] [Times: user=0.06 sys=0.00, real=0.00 secs] 
2019-05-25T18:32:17.927+0200: 550.939: [GC (CMS Final Remark) [YG occupancy: 19640 K (109248 K)]{Heap before GC invocations=9 (full 2):
 par new generation   total 109248K, used 19640K [0x00000000e0000000, 0x00000000e8000000, 0x00000000e8000000)
  eden space 87424K,   1% used [0x00000000e0000000, 0x00000000e015ef48, 0x00000000e5560000)
  from space 21824K,  83% used [0x00000000e6ab0000, 0x00000000e7c7f2c0, 0x00000000e8000000)
  to   space 21824K,   0% used [0x00000000e5560000, 0x00000000e5560000, 0x00000000e6ab0000)
 concurrent mark-sweep generation total 393216K, used 4746K [0x00000000e8000000, 0x0000000100000000, 0x0000000100000000)
 Metaspace       used 43044K, capacity 44432K, committed 44588K, reserved 1089536K
  class space    used 5155K, capacity 5480K, committed 5524K, reserved 1048576K
2019-05-25T18:32:17.927+0200: 550.939: [GC (CMS Final Remark) 2019-05-25T18:32:17.927+0200: 550.939: [ParNew
Desired survivor size 20112992 bytes, new threshold 8 (max 8)
- age   1:      19456 bytes,      19456 total
- age   2:    1028168 bytes,    1047624 total
- age   3:     894136 bytes,    1941760 total
- age   4:     326288 bytes,    2268048 total
- age   5:    1237656 bytes,    3505704 total
- age   6:    2587528 bytes,    6093232 total
- age   7:    2070960 bytes,    8164192 total
- age   8:     151432 bytes,    8315624 total
: 19640K->11014K(109248K), 0.0181372 secs] 24386K->18372K(502464K), 0.0182349 secs] [Times: user=0.06 sys=0.00, real=0.02 secs] 
Heap after GC invocations=10 (full 2):
 par new generation   total 109248K, used 11014K [0x00000000e0000000, 0x00000000e8000000, 0x00000000e8000000)
  eden space 87424K,   0% used [0x00000000e0000000, 0x00000000e0000000, 0x00000000e5560000)
  from space 21824K,  50% used [0x00000000e5560000, 0x00000000e6021970, 0x00000000e6ab0000)
  to   space 21824K,   0% used [0x00000000e6ab0000, 0x00000000e6ab0000, 0x00000000e8000000)
 concurrent mark-sweep generation total 393216K, used 7357K [0x00000000e8000000, 0x0000000100000000, 0x0000000100000000)
 Metaspace       used 43044K, capacity 44432K, committed 44588K, reserved 1089536K
  class space    used 5155K, capacity 5480K, committed 5524K, reserved 1048576K
}
2019-05-25T18:32:17.945+0200: 550.958: [Rescan (parallel) , 0.0043200 secs]2019-05-25T18:32:17.950+0200: 550.962: [weak refs processing, 0.0006426 secs]2019-05-25T18:32:17.950+0200: 550.963: [class unloading, 0.0089173 secs]2019-05-25T18:32:17.959+0200: 550.972: [scrub symbol table, 0.0104235 secs]2019-05-25T18:32:17.970+0200: 550.982: [scrub string table, 0.0006182 secs][1 CMS-remark: 7357K(393216K)] 18372K(502464K), 0.0452220 secs] [Times: user=0.08 sys=0.00, real=0.04 secs] 
2019-05-25T18:32:17.972+0200: 550.985: Total time for which application threads were stopped: 0.0454678 seconds, Stopping threads took: 0.0000444 seconds
2019-05-25T18:32:17.972+0200: 550.985: [CMS-concurrent-sweep-start]
2019-05-25T18:32:17.977+0200: 550.990: [CMS-concurrent-sweep: 0.005/0.005 secs] [Times: user=0.06 sys=0.00, real=0.01 secs] 
2019-05-25T18:32:17.977+0200: 550.990: [CMS-concurrent-reset-start]
2019-05-25T18:32:17.979+0200: 550.991: [CMS-concurrent-reset: 0.001/0.001 secs] [Times: user=0.00 sys=0.00, real=0.00 secs] 
2019-05-25T18:32:18.972+0200: 551.985: Total time for which application threads were stopped: 0.0003243 seconds, Stopping threads took: 0.0000734 seconds
2019-05-25T18:32:22.775+0200: 555.788: Total time for which application threads were stopped: 0.0001886 seconds, Stopping threads took: 0.0000388 seconds
2019-05-25T18:32:22.816+0200: 555.829: Total time for which application threads were stopped: 0.0007744 seconds, Stopping threads took: 0.0000521 seconds
2019-05-25T18:32:22.851+0200: 555.863: Total time for which application threads were stopped: 0.0006498 seconds, Stopping threads took: 0.0000341 seconds
2019-05-25T18:32:22.943+0200: 555.956: Total time for which application threads were stopped: 0.0002372 seconds, Stopping threads took: 0.0000674 seconds
2019-05-25T18:32:22.943+0200: 555.956: Total time for which application threads were stopped: 0.0001664 seconds, Stopping threads took: 0.0000678 seconds
2019-05-25T18:32:22.971+0200: 555.983: Total time for which application threads were stopped: 0.0001596 seconds, Stopping threads took: 0.0000388 seconds
2019-05-25T18:32:22.974+0200: 555.986: Total time for which application threads were stopped: 0.0001421 seconds, Stopping threads took: 0.0000405 seconds
2019-05-25T18:32:22.989+0200: 556.002: Total time for which application threads were stopped: 0.0002163 seconds, Stopping threads took: 0.0000981 seconds
2019-05-25T18:32:22.999+0200: 556.011: Total time for which application threads were stopped: 0.0001596 seconds, Stopping threads took: 0.0000375 seconds
2019-05-25T18:32:23.001+0200: 556.014: Total time for which application threads were stopped: 0.0001493 seconds, Stopping threads took: 0.0000461 seconds
2019-05-25T18:32:23.004+0200: 556.017: Total time for which application threads were stopped: 0.0001476 seconds, Stopping threads took: 0.0000397 seconds
2019-05-25T18:32:23.017+0200: 556.029: Total time for which application threads were stopped: 0.0002295 seconds, Stopping threads took: 0.0000610 seconds
2019-05-25T18:32:23.020+0200: 556.032: Total time for which application threads were stopped: 0.0002142 seconds, Stopping threads took: 0.0000444 seconds
2019-05-25T18:32:23.032+0200: 556.045: Total time for which application threads were stopped: 0.0002227 seconds, Stopping threads took: 0.0000678 seconds
2019-05-25T18:32:23.042+0200: 556.054: Total time for which application threads were stopped: 0.0002330 seconds, Stopping threads took: 0.0000427 seconds
2019-05-25T18:32:23.052+0200: 556.064: Total time for which application threads were stopped: 0.0002240 seconds, Stopping threads took: 0.0000691 seconds
2019-05-25T18:32:23.062+0200: 556.074: Total time for which application threads were stopped: 0.0004019 seconds, Stopping threads took: 0.0000363 seconds
2019-05-25T18:32:23.062+0200: 556.075: Total time for which application threads were stopped: 0.0001220 seconds, Stopping threads took: 0.0000337 seconds
2019-05-25T18:32:23.074+0200: 556.086: Total time for which application threads were stopped: 0.0001318 seconds, Stopping threads took: 0.0000367 seconds
2019-05-25T18:32:23.074+0200: 556.087: Total time for which application threads were stopped: 0.0001724 seconds, Stopping threads took: 0.0000452 seconds
2019-05-25T18:32:23.157+0200: 556.169: Total time for which application threads were stopped: 0.0002005 seconds, Stopping threads took: 0.0000896 seconds
2019-05-25T18:32:23.161+0200: 556.173: Total time for which application threads were stopped: 0.0004271 seconds, Stopping threads took: 0.0002816 seconds
2019-05-25T18:32:23.161+0200: 556.174: Total time for which application threads were stopped: 0.0002039 seconds, Stopping threads took: 0.0000542 seconds
2019-05-25T18:32:23.164+0200: 556.177: Total time for which application threads were stopped: 0.0002125 seconds, Stopping threads took: 0.0000649 seconds
2019-05-25T18:32:23.179+0200: 556.192: Total time for which application threads were stopped: 0.0001946 seconds, Stopping threads took: 0.0000512 seconds
2019-05-25T18:32:23.180+0200: 556.192: Total time for which application threads were stopped: 0.0001638 seconds, Stopping threads took: 0.0000380 seconds
2019-05-25T18:32:24.180+0200: 557.193: Total time for which application threads were stopped: 0.0003511 seconds, Stopping threads took: 0.0001084 seconds
2019-05-25T18:32:31.270+0200: 564.282: Total time for which application threads were stopped: 0.0001596 seconds, Stopping threads took: 0.0000371 seconds
2019-05-25T18:32:31.280+0200: 564.292: Total time for which application threads were stopped: 0.0002347 seconds, Stopping threads took: 0.0000503 seconds
2019-05-25T18:32:32.281+0200: 565.293: Total time for which application threads were stopped: 0.0002223 seconds, Stopping threads took: 0.0000538 seconds
2019-05-25T18:32:34.282+0200: 567.294: Total time for which application threads were stopped: 0.0004578 seconds, Stopping threads took: 0.0000990 seconds
2019-05-25T18:32:35.117+0200: 568.129: Total time for which application threads were stopped: 0.0001600 seconds, Stopping threads took: 0.0000303 seconds
2019-05-25T18:32:35.132+0200: 568.145: Total time for which application threads were stopped: 0.0007279 seconds, Stopping threads took: 0.0000354 seconds
2019-05-25T18:32:35.133+0200: 568.146: Total time for which application threads were stopped: 0.0001318 seconds, Stopping threads took: 0.0000469 seconds
2019-05-25T18:32:35.134+0200: 568.147: Total time for which application threads were stopped: 0.0001173 seconds, Stopping threads took: 0.0000230 seconds
2019-05-25T18:32:45.138+0200: 578.151: Total time for which application threads were stopped: 0.0003780 seconds, Stopping threads took: 0.0000887 seconds
2019-05-25T18:32:48.140+0200: 581.152: Total time for which application threads were stopped: 0.0001570 seconds, Stopping threads took: 0.0000478 seconds
{Heap before GC invocations=10 (full 2):
 par new generation   total 109248K, used 98438K [0x00000000e0000000, 0x00000000e8000000, 0x00000000e8000000)
  eden space 87424K, 100% used [0x00000000e0000000, 0x00000000e5560000, 0x00000000e5560000)
  from space 21824K,  50% used [0x00000000e5560000, 0x00000000e6021970, 0x00000000e6ab0000)
  to   space 21824K,   0% used [0x00000000e6ab0000, 0x00000000e6ab0000, 0x00000000e8000000)
 concurrent mark-sweep generation total 393216K, used 7280K [0x00000000e8000000, 0x0000000100000000, 0x0000000100000000)
 Metaspace       used 45688K, capacity 47340K, committed 47660K, reserved 1091584K
  class space    used 5570K, capacity 5946K, committed 6036K, reserved 1048576K
2019-05-25T18:33:17.224+0200: 610.236: [GC (Allocation Failure) 2019-05-25T18:33:17.224+0200: 610.236: [ParNew
Desired survivor size 20112992 bytes, new threshold 8 (max 8)
- age   1:   10854440 bytes,   10854440 total
- age   2:       8552 bytes,   10862992 total
- age   3:    1003608 bytes,   11866600 total
- age   4:     893856 bytes,   12760456 total
- age   5:     325448 bytes,   13085904 total
- age   6:    1199224 bytes,   14285128 total
- age   7:    2527648 bytes,   16812776 total
- age   8:    2060680 bytes,   18873456 total
: 98438K->21824K(109248K), 0.0187695 secs] 105718K->29254K(502464K), 0.0188805 secs] [Times: user=0.06 sys=0.00, real=0.02 secs] 
Heap after GC invocations=11 (full 2):
 par new generation   total 109248K, used 21824K [0x00000000e0000000, 0x00000000e8000000, 0x00000000e8000000)
  eden space 87424K,   0% used [0x00000000e0000000, 0x00000000e0000000, 0x00000000e5560000)
  from space 21824K, 100% used [0x00000000e6ab0000, 0x00000000e8000000, 0x00000000e8000000)
  to   space 21824K,   0% used [0x00000000e5560000, 0x00000000e5560000, 0x00000000e6ab0000)
 concurrent mark-sweep generation total 393216K, used 7430K [0x00000000e8000000, 0x0000000100000000, 0x0000000100000000)
 Metaspace       used 45688K, capacity 47340K, committed 47660K, reserved 1091584K
  class space    used 5570K, capacity 5946K, committed 6036K, reserved 1048576K
}
2019-05-25T18:33:17.242+0200: 610.255: Total time for which application threads were stopped: 0.0191539 seconds, Stopping threads took: 0.0000341 seconds
2019-05-25T18:33:17.244+0200: 610.256: Total time for which application threads were stopped: 0.0004139 seconds, Stopping threads took: 0.0002863 seconds
2019-05-25T18:33:17.269+0200: 610.281: Total time for which application threads were stopped: 0.0002530 seconds, Stopping threads took: 0.0000550 seconds
2019-05-25T18:33:17.270+0200: 610.282: Total time for which application threads were stopped: 0.0001975 seconds, Stopping threads took: 0.0000452 seconds
2019-05-25T18:33:17.287+0200: 610.299: Total time for which application threads were stopped: 0.0002692 seconds, Stopping threads took: 0.0000550 seconds
2019-05-25T18:33:17.288+0200: 610.300: Total time for which application threads were stopped: 0.0001924 seconds, Stopping threads took: 0.0000427 seconds
2019-05-25T18:33:17.288+0200: 610.301: Total time for which application threads were stopped: 0.0001609 seconds, Stopping threads took: 0.0000393 seconds
2019-05-25T18:33:17.289+0200: 610.301: Total time for which application threads were stopped: 0.0001865 seconds, Stopping threads took: 0.0000346 seconds
2019-05-25T18:33:17.293+0200: 610.306: Total time for which application threads were stopped: 0.0002475 seconds, Stopping threads took: 0.0000742 seconds
2019-05-25T18:33:17.295+0200: 610.307: Total time for which application threads were stopped: 0.0002492 seconds, Stopping threads took: 0.0000811 seconds
{Heap before GC invocations=11 (full 2):
 par new generation   total 109248K, used 109248K [0x00000000e0000000, 0x00000000e8000000, 0x00000000e8000000)
  eden space 87424K, 100% used [0x00000000e0000000, 0x00000000e5560000, 0x00000000e5560000)
  from space 21824K, 100% used [0x00000000e6ab0000, 0x00000000e8000000, 0x00000000e8000000)
  to   space 21824K,   0% used [0x00000000e5560000, 0x00000000e5560000, 0x00000000e6ab0000)
 concurrent mark-sweep generation total 393216K, used 7430K [0x00000000e8000000, 0x0000000100000000, 0x0000000100000000)
 Metaspace       used 45733K, capacity 47416K, committed 47660K, reserved 1091584K
  class space    used 5571K, capacity 5948K, committed 6036K, reserved 1048576K
2019-05-25T18:33:17.459+0200: 610.472: [GC (Allocation Failure) 2019-05-25T18:33:17.459+0200: 610.472: [ParNew
Desired survivor size 20112992 bytes, new threshold 8 (max 8)
- age   1:     897728 bytes,     897728 total
- age   2:    8287208 bytes,    9184936 total
- age   3:       8552 bytes,    9193488 total
- age   4:    1003608 bytes,   10197096 total
- age   5:     893832 bytes,   11090928 total
- age   6:     325240 bytes,   11416168 total
- age   7:    1199048 bytes,   12615216 total
- age   8:    2527696 bytes,   15142912 total
: 109248K->18804K(109248K), 0.0177438 secs] 116678K->28271K(502464K), 0.0178978 secs] [Times: user=0.06 sys=0.00, real=0.02 secs] 
Heap after GC invocations=12 (full 2):
 par new generation   total 109248K, used 18804K [0x00000000e0000000, 0x00000000e8000000, 0x00000000e8000000)
  eden space 87424K,   0% used [0x00000000e0000000, 0x00000000e0000000, 0x00000000e5560000)
  from space 21824K,  86% used [0x00000000e5560000, 0x00000000e67bd158, 0x00000000e6ab0000)
  to   space 21824K,   0% used [0x00000000e6ab0000, 0x00000000e6ab0000, 0x00000000e8000000)
 concurrent mark-sweep generation total 393216K, used 9466K [0x00000000e8000000, 0x0000000100000000, 0x0000000100000000)
 Metaspace       used 45733K, capacity 47416K, committed 47660K, reserved 1091584K
  class space    used 5571K, capacity 5948K, committed 6036K, reserved 1048576K
}
2019-05-25T18:33:17.477+0200: 610.490: Total time for which application threads were stopped: 0.0182707 seconds, Stopping threads took: 0.0000448 seconds
2019-05-25T18:33:17.481+0200: 610.494: Total time for which application threads were stopped: 0.0002116 seconds, Stopping threads took: 0.0000649 seconds
2019-05-25T18:33:17.615+0200: 610.628: Total time for which application threads were stopped: 0.0002018 seconds, Stopping threads took: 0.0000495 seconds
2019-05-25T18:33:17.705+0200: 610.718: Total time for which application threads were stopped: 0.0002530 seconds, Stopping threads took: 0.0000691 seconds
2019-05-25T18:33:17.712+0200: 610.725: Total time for which application threads were stopped: 0.0002099 seconds, Stopping threads took: 0.0000649 seconds
2019-05-25T18:33:17.743+0200: 610.756: Total time for which application threads were stopped: 0.0002483 seconds, Stopping threads took: 0.0000512 seconds
2019-05-25T18:33:17.743+0200: 610.756: Total time for which application threads were stopped: 0.0001553 seconds, Stopping threads took: 0.0000397 seconds
2019-05-25T18:33:17.744+0200: 610.757: Total time for which application threads were stopped: 0.0001783 seconds, Stopping threads took: 0.0000384 seconds
2019-05-25T18:33:17.744+0200: 610.757: Total time for which application threads were stopped: 0.0001348 seconds, Stopping threads took: 0.0000337 seconds
2019-05-25T18:33:17.745+0200: 610.758: Total time for which application threads were stopped: 0.0001745 seconds, Stopping threads took: 0.0000371 seconds
2019-05-25T18:33:17.745+0200: 610.758: Total time for which application threads were stopped: 0.0001382 seconds, Stopping threads took: 0.0000273 seconds
2019-05-25T18:33:17.746+0200: 610.759: Total time for which application threads were stopped: 0.0001664 seconds, Stopping threads took: 0.0000346 seconds
2019-05-25T18:33:17.746+0200: 610.759: Total time for which application threads were stopped: 0.0001395 seconds, Stopping threads took: 0.0000277 seconds
2019-05-25T18:33:17.747+0200: 610.760: Total time for which application threads were stopped: 0.0002065 seconds, Stopping threads took: 0.0000358 seconds
2019-05-25T18:33:17.747+0200: 610.760: Total time for which application threads were stopped: 0.0001370 seconds, Stopping threads took: 0.0000256 seconds
2019-05-25T18:33:17.747+0200: 610.760: Total time for which application threads were stopped: 0.0001148 seconds, Stopping threads took: 0.0000230 seconds
2019-05-25T18:33:17.774+0200: 610.786: Total time for which application threads were stopped: 0.0002065 seconds, Stopping threads took: 0.0000597 seconds
2019-05-25T18:33:17.775+0200: 610.787: Total time for which application threads were stopped: 0.0002231 seconds, Stopping threads took: 0.0000789 seconds
2019-05-25T18:33:17.775+0200: 610.787: Total time for which application threads were stopped: 0.0001540 seconds, Stopping threads took: 0.0000572 seconds
2019-05-25T18:33:17.775+0200: 610.787: Total time for which application threads were stopped: 0.0001664 seconds, Stopping threads took: 0.0000521 seconds
2019-05-25T18:33:17.776+0200: 610.789: Total time for which application threads were stopped: 0.0005244 seconds, Stopping threads took: 0.0000546 seconds
2019-05-25T18:33:17.777+0200: 610.789: Total time for which application threads were stopped: 0.0001353 seconds, Stopping threads took: 0.0000350 seconds
2019-05-25T18:33:17.777+0200: 610.789: Total time for which application threads were stopped: 0.0001391 seconds, Stopping threads took: 0.0000367 seconds
2019-05-25T18:33:17.777+0200: 610.790: Total time for which application threads were stopped: 0.0001515 seconds, Stopping threads took: 0.0000482 seconds
2019-05-25T18:33:17.780+0200: 610.792: Total time for which application threads were stopped: 0.0001894 seconds, Stopping threads took: 0.0000785 seconds
2019-05-25T18:33:17.780+0200: 610.793: Total time for which application threads were stopped: 0.0001660 seconds, Stopping threads took: 0.0000465 seconds
2019-05-25T18:33:17.781+0200: 610.793: Total time for which application threads were stopped: 0.0002291 seconds, Stopping threads took: 0.0000576 seconds
2019-05-25T18:33:17.781+0200: 610.794: Total time for which application threads were stopped: 0.0001481 seconds, Stopping threads took: 0.0000550 seconds
2019-05-25T18:33:17.782+0200: 610.795: Total time for which application threads were stopped: 0.0002027 seconds, Stopping threads took: 0.0000674 seconds
{Heap before GC invocations=12 (full 2):
 par new generation   total 109248K, used 106228K [0x00000000e0000000, 0x00000000e8000000, 0x00000000e8000000)
  eden space 87424K, 100% used [0x00000000e0000000, 0x00000000e5560000, 0x00000000e5560000)
  from space 21824K,  86% used [0x00000000e5560000, 0x00000000e67bd158, 0x00000000e6ab0000)
  to   space 21824K,   0% used [0x00000000e6ab0000, 0x00000000e6ab0000, 0x00000000e8000000)
 concurrent mark-sweep generation total 393216K, used 9466K [0x00000000e8000000, 0x0000000100000000, 0x0000000100000000)
 Metaspace       used 45960K, capacity 47716K, committed 47916K, reserved 1091584K
  class space    used 5594K, capacity 5998K, committed 6036K, reserved 1048576K
2019-05-25T18:33:17.799+0200: 610.811: [GC (Allocation Failure) 2019-05-25T18:33:17.799+0200: 610.811: [ParNew
Desired survivor size 20112992 bytes, new threshold 8 (max 8)
- age   1:    1851320 bytes,    1851320 total
- age   2:     161512 bytes,    2012832 total
- age   3:    8283032 bytes,   10295864 total
- age   4:       8552 bytes,   10304416 total
- age   5:    1003632 bytes,   11308048 total
- age   6:     893728 bytes,   12201776 total
- age   7:     325208 bytes,   12526984 total
- age   8:    1186592 bytes,   13713576 total
: 106228K->18564K(109248K), 0.0171332 secs] 115695K->30521K(502464K), 0.0172834 secs] [Times: user=0.06 sys=0.00, real=0.02 secs] 
Heap after GC invocations=13 (full 2):
 par new generation   total 109248K, used 18564K [0x00000000e0000000, 0x00000000e8000000, 0x00000000e8000000)
  eden space 87424K,   0% used [0x00000000e0000000, 0x00000000e0000000, 0x00000000e5560000)
  from space 21824K,  85% used [0x00000000e6ab0000, 0x00000000e7cd12e8, 0x00000000e8000000)
  to   space 21824K,   0% used [0x00000000e5560000, 0x00000000e5560000, 0x00000000e6ab0000)
 concurrent mark-sweep generation total 393216K, used 11957K [0x00000000e8000000, 0x0000000100000000, 0x0000000100000000)
 Metaspace       used 45960K, capacity 47716K, committed 47916K, reserved 1091584K
  class space    used 5594K, capacity 5998K, committed 6036K, reserved 1048576K
}
2019-05-25T18:33:17.816+0200: 610.829: Total time for which application threads were stopped: 0.0176491 seconds, Stopping threads took: 0.0000444 seconds
2019-05-25T18:33:17.816+0200: 610.829: Total time for which application threads were stopped: 0.0002044 seconds, Stopping threads took: 0.0000704 seconds
{Heap before GC invocations=13 (full 2):
 par new generation   total 109248K, used 105967K [0x00000000e0000000, 0x00000000e8000000, 0x00000000e8000000)
  eden space 87424K,  99% used [0x00000000e0000000, 0x00000000e555ab68, 0x00000000e5560000)
  from space 21824K,  85% used [0x00000000e6ab0000, 0x00000000e7cd12e8, 0x00000000e8000000)
  to   space 21824K,   0% used [0x00000000e5560000, 0x00000000e5560000, 0x00000000e6ab0000)
 concurrent mark-sweep generation total 393216K, used 11957K [0x00000000e8000000, 0x0000000100000000, 0x0000000100000000)
 Metaspace       used 46001K, capacity 47728K, committed 47916K, reserved 1091584K
  class space    used 5595K, capacity 6000K, committed 6036K, reserved 1048576K
2019-05-25T18:33:17.891+0200: 610.904: [GC (Allocation Failure) 2019-05-25T18:33:17.891+0200: 610.904: [ParNew
Desired survivor size 20112992 bytes, new threshold 8 (max 8)
- age   1:     744704 bytes,     744704 total
- age   2:    1504256 bytes,    2248960 total
- age   3:     161512 bytes,    2410472 total
- age   4:    8283032 bytes,   10693504 total
- age   5:       8552 bytes,   10702056 total
- age   6:    1003608 bytes,   11705664 total
- age   7:     893728 bytes,   12599392 total
- age   8:     325000 bytes,   12924392 total
: 105967K->17469K(109248K), 0.0161814 secs] 117924K->30598K(502464K), 0.0163256 secs] [Times: user=0.06 sys=0.00, real=0.02 secs] 
Heap after GC invocations=14 (full 2):
 par new generation   total 109248K, used 17469K [0x00000000e0000000, 0x00000000e8000000, 0x00000000e8000000)
  eden space 87424K,   0% used [0x00000000e0000000, 0x00000000e0000000, 0x00000000e5560000)
  from space 21824K,  80% used [0x00000000e5560000, 0x00000000e666f7c0, 0x00000000e6ab0000)
  to   space 21824K,   0% used [0x00000000e6ab0000, 0x00000000e6ab0000, 0x00000000e8000000)
 concurrent mark-sweep generation total 393216K, used 13128K [0x00000000e8000000, 0x0000000100000000, 0x0000000100000000)
 Metaspace       used 46001K, capacity 47728K, committed 47916K, reserved 1091584K
  class space    used 5595K, capacity 6000K, committed 6036K, reserved 1048576K
}
2019-05-25T18:33:17.908+0200: 610.920: Total time for which application threads were stopped: 0.0168508 seconds, Stopping threads took: 0.0001587 seconds
2019-05-25T18:33:17.908+0200: 610.921: Total time for which application threads were stopped: 0.0002436 seconds, Stopping threads took: 0.0000529 seconds
2019-05-25T18:33:18.074+0200: 611.087: Total time for which application threads were stopped: 0.0002313 seconds, Stopping threads took: 0.0000585 seconds
2019-05-25T18:33:18.075+0200: 611.088: Total time for which application threads were stopped: 0.0001664 seconds, Stopping threads took: 0.0000486 seconds
2019-05-25T18:33:18.077+0200: 611.090: Total time for which application threads were stopped: 0.0002253 seconds, Stopping threads took: 0.0000717 seconds
2019-05-25T18:33:18.078+0200: 611.090: Total time for which application threads were stopped: 0.0001446 seconds, Stopping threads took: 0.0000422 seconds
2019-05-25T18:33:18.078+0200: 611.090: Total time for which application threads were stopped: 0.0001340 seconds, Stopping threads took: 0.0000397 seconds
2019-05-25T18:33:18.078+0200: 611.090: Total time for which application threads were stopped: 0.0001365 seconds, Stopping threads took: 0.0000346 seconds
2019-05-25T18:33:18.078+0200: 611.091: Total time for which application threads were stopped: 0.0001613 seconds, Stopping threads took: 0.0000717 seconds
2019-05-25T18:33:18.082+0200: 611.094: Total time for which application threads were stopped: 0.0002095 seconds, Stopping threads took: 0.0000738 seconds
2019-05-25T18:33:18.113+0200: 611.126: Total time for which application threads were stopped: 0.0002116 seconds, Stopping threads took: 0.0000661 seconds
2019-05-25T18:33:18.113+0200: 611.126: Total time for which application threads were stopped: 0.0001472 seconds, Stopping threads took: 0.0000346 seconds
2019-05-25T18:33:18.115+0200: 611.128: Total time for which application threads were stopped: 0.0001993 seconds, Stopping threads took: 0.0000614 seconds
2019-05-25T18:33:18.116+0200: 611.128: Total time for which application threads were stopped: 0.0001434 seconds, Stopping threads took: 0.0000371 seconds
2019-05-25T18:33:18.122+0200: 611.135: Total time for which application threads were stopped: 0.0001532 seconds, Stopping threads took: 0.0000397 seconds
2019-05-25T18:33:18.122+0200: 611.135: Total time for which application threads were stopped: 0.0000973 seconds, Stopping threads took: 0.0000243 seconds
2019-05-25T18:33:18.123+0200: 611.135: Total time for which application threads were stopped: 0.0001199 seconds, Stopping threads took: 0.0000239 seconds
2019-05-25T18:33:18.124+0200: 611.136: Total time for which application threads were stopped: 0.0001630 seconds, Stopping threads took: 0.0000414 seconds
{Heap before GC invocations=14 (full 2):
 par new generation   total 109248K, used 104893K [0x00000000e0000000, 0x00000000e8000000, 0x00000000e8000000)
  eden space 87424K, 100% used [0x00000000e0000000, 0x00000000e5560000, 0x00000000e5560000)
  from space 21824K,  80% used [0x00000000e5560000, 0x00000000e666f7c0, 0x00000000e6ab0000)
  to   space 21824K,   0% used [0x00000000e6ab0000, 0x00000000e6ab0000, 0x00000000e8000000)
 concurrent mark-sweep generation total 393216K, used 13128K [0x00000000e8000000, 0x0000000100000000, 0x0000000100000000)
 Metaspace       used 46082K, capacity 47874K, committed 47916K, reserved 1091584K
  class space    used 5599K, capacity 6004K, committed 6036K, reserved 1048576K
2019-05-25T18:33:18.129+0200: 611.141: [GC (Allocation Failure) 2019-05-25T18:33:18.129+0200: 611.142: [ParNew
Desired survivor size 20112992 bytes, new threshold 8 (max 8)
- age   1:    1263568 bytes,    1263568 total
- age   2:     150976 bytes,    1414544 total
- age   3:    1492352 bytes,    2906896 total
- age   4:     161488 bytes,    3068384 total
- age   5:    8209880 bytes,   11278264 total
- age   6:       7424 bytes,   11285688 total
- age   7:     949064 bytes,   12234752 total
- age   8:     893752 bytes,   13128504 total
: 104893K->15562K(109248K), 0.0146539 secs] 118022K->29017K(502464K), 0.0147345 secs] [Times: user=0.06 sys=0.00, real=0.02 secs] 
Heap after GC invocations=15 (full 2):
 par new generation   total 109248K, used 15562K [0x00000000e0000000, 0x00000000e8000000, 0x00000000e8000000)
  eden space 87424K,   0% used [0x00000000e0000000, 0x00000000e0000000, 0x00000000e5560000)
  from space 21824K,  71% used [0x00000000e6ab0000, 0x00000000e79e2b08, 0x00000000e8000000)
  to   space 21824K,   0% used [0x00000000e5560000, 0x00000000e5560000, 0x00000000e6ab0000)
 concurrent mark-sweep generation total 393216K, used 13454K [0x00000000e8000000, 0x0000000100000000, 0x0000000100000000)
 Metaspace       used 46082K, capacity 47874K, committed 47916K, reserved 1091584K
  class space    used 5599K, capacity 6004K, committed 6036K, reserved 1048576K
}
2019-05-25T18:33:18.144+0200: 611.156: Total time for which application threads were stopped: 0.0151036 seconds, Stopping threads took: 0.0000853 seconds
2019-05-25T18:33:19.145+0200: 612.157: Total time for which application threads were stopped: 0.0003145 seconds, Stopping threads took: 0.0000695 seconds
2019-05-25T18:33:22.725+0200: 615.738: Total time for which application threads were stopped: 0.0009139 seconds, Stopping threads took: 0.0003396 seconds
2019-05-25T18:33:22.731+0200: 615.744: Total time for which application threads were stopped: 0.0002202 seconds, Stopping threads took: 0.0000585 seconds
2019-05-25T18:33:22.732+0200: 615.744: Total time for which application threads were stopped: 0.0001668 seconds, Stopping threads took: 0.0000333 seconds
2019-05-25T18:33:22.732+0200: 615.744: Total time for which application threads were stopped: 0.0001485 seconds, Stopping threads took: 0.0000311 seconds
2019-05-25T18:33:22.732+0200: 615.745: Total time for which application threads were stopped: 0.0001481 seconds, Stopping threads took: 0.0000333 seconds
2019-05-25T18:33:22.732+0200: 615.745: Total time for which application threads were stopped: 0.0001493 seconds, Stopping threads took: 0.0000299 seconds
2019-05-25T18:33:22.733+0200: 615.745: Total time for which application threads were stopped: 0.0001438 seconds, Stopping threads took: 0.0000307 seconds
2019-05-25T18:33:22.733+0200: 615.745: Total time for which application threads were stopped: 0.0001429 seconds, Stopping threads took: 0.0000269 seconds
2019-05-25T18:33:22.740+0200: 615.752: Total time for which application threads were stopped: 0.0002543 seconds, Stopping threads took: 0.0000631 seconds
2019-05-25T18:33:22.740+0200: 615.753: Total time for which application threads were stopped: 0.0001865 seconds, Stopping threads took: 0.0000418 seconds
2019-05-25T18:33:22.740+0200: 615.753: Total time for which application threads were stopped: 0.0001455 seconds, Stopping threads took: 0.0000294 seconds
2019-05-25T18:33:22.741+0200: 615.753: Total time for which application threads were stopped: 0.0001583 seconds, Stopping threads took: 0.0000252 seconds
2019-05-25T18:33:22.741+0200: 615.753: Total time for which application threads were stopped: 0.0001370 seconds, Stopping threads took: 0.0000239 seconds
2019-05-25T18:33:22.741+0200: 615.754: Total time for which application threads were stopped: 0.0001408 seconds, Stopping threads took: 0.0000239 seconds
2019-05-25T18:33:22.741+0200: 615.754: Total time for which application threads were stopped: 0.0001357 seconds, Stopping threads took: 0.0000235 seconds
2019-05-25T18:33:22.742+0200: 615.754: Total time for which application threads were stopped: 0.0001387 seconds, Stopping threads took: 0.0000239 seconds
2019-05-25T18:33:22.742+0200: 615.754: Total time for which application threads were stopped: 0.0001323 seconds, Stopping threads took: 0.0000282 seconds
2019-05-25T18:33:22.742+0200: 615.754: Total time for which application threads were stopped: 0.0001178 seconds, Stopping threads took: 0.0000222 seconds
2019-05-25T18:33:22.742+0200: 615.755: Total time for which application threads were stopped: 0.0001062 seconds, Stopping threads took: 0.0000222 seconds
2019-05-25T18:33:22.742+0200: 615.755: Total time for which application threads were stopped: 0.0000986 seconds, Stopping threads took: 0.0000209 seconds
2019-05-25T18:33:22.742+0200: 615.755: Total time for which application threads were stopped: 0.0001067 seconds, Stopping threads took: 0.0000213 seconds
2019-05-25T18:33:22.743+0200: 615.755: Total time for which application threads were stopped: 0.0001024 seconds, Stopping threads took: 0.0000209 seconds
2019-05-25T18:33:22.743+0200: 615.755: Total time for which application threads were stopped: 0.0001088 seconds, Stopping threads took: 0.0000205 seconds
2019-05-25T18:33:22.743+0200: 615.755: Total time for which application threads were stopped: 0.0000981 seconds, Stopping threads took: 0.0000205 seconds
2019-05-25T18:33:22.743+0200: 615.755: Total time for which application threads were stopped: 0.0001011 seconds, Stopping threads took: 0.0000209 seconds
2019-05-25T18:33:22.743+0200: 615.756: Total time for which application threads were stopped: 0.0000973 seconds, Stopping threads took: 0.0000205 seconds
2019-05-25T18:33:22.743+0200: 615.756: Total time for which application threads were stopped: 0.0000977 seconds, Stopping threads took: 0.0000205 seconds
2019-05-25T18:33:22.743+0200: 615.756: Total time for which application threads were stopped: 0.0000969 seconds, Stopping threads took: 0.0000201 seconds
2019-05-25T18:33:22.744+0200: 615.756: Total time for which application threads were stopped: 0.0003934 seconds, Stopping threads took: 0.0000243 seconds
2019-05-25T18:33:22.752+0200: 615.764: Total time for which application threads were stopped: 0.0003081 seconds, Stopping threads took: 0.0001007 seconds
2019-05-25T18:33:22.752+0200: 615.765: Total time for which application threads were stopped: 0.0002837 seconds, Stopping threads took: 0.0000815 seconds
2019-05-25T18:33:22.757+0200: 615.769: Total time for which application threads were stopped: 0.0002761 seconds, Stopping threads took: 0.0000832 seconds
2019-05-25T18:33:22.757+0200: 615.770: Total time for which application threads were stopped: 0.0002253 seconds, Stopping threads took: 0.0000606 seconds
2019-05-25T18:33:22.761+0200: 615.774: Total time for which application threads were stopped: 0.0002027 seconds, Stopping threads took: 0.0000789 seconds
2019-05-25T18:33:22.763+0200: 615.775: Total time for which application threads were stopped: 0.0001754 seconds, Stopping threads took: 0.0000448 seconds
2019-05-25T18:33:22.820+0200: 615.832: Total time for which application threads were stopped: 0.0035716 seconds, Stopping threads took: 0.0033084 seconds
2019-05-25T18:33:22.821+0200: 615.833: Total time for which application threads were stopped: 0.0002807 seconds, Stopping threads took: 0.0000806 seconds
2019-05-25T18:33:22.829+0200: 615.841: Total time for which application threads were stopped: 0.0002645 seconds, Stopping threads took: 0.0000866 seconds
2019-05-25T18:33:22.830+0200: 615.842: Total time for which application threads were stopped: 0.0002573 seconds, Stopping threads took: 0.0000614 seconds
2019-05-25T18:33:22.847+0200: 615.859: Total time for which application threads were stopped: 0.0002377 seconds, Stopping threads took: 0.0000802 seconds
2019-05-25T18:33:22.850+0200: 615.863: Total time for which application threads were stopped: 0.0008073 seconds, Stopping threads took: 0.0000777 seconds
{Heap before GC invocations=15 (full 2):
 par new generation   total 109248K, used 102985K [0x00000000e0000000, 0x00000000e8000000, 0x00000000e8000000)
  eden space 87424K,  99% used [0x00000000e0000000, 0x00000000e555f998, 0x00000000e5560000)
  from space 21824K,  71% used [0x00000000e6ab0000, 0x00000000e79e2b08, 0x00000000e8000000)
  to   space 21824K,   0% used [0x00000000e5560000, 0x00000000e5560000, 0x00000000e6ab0000)
 concurrent mark-sweep generation total 393216K, used 13454K [0x00000000e8000000, 0x0000000100000000, 0x0000000100000000)
 Metaspace       used 46205K, capacity 48022K, committed 48172K, reserved 1091584K
  class space    used 5609K, capacity 6020K, committed 6036K, reserved 1048576K
2019-05-25T18:33:22.859+0200: 615.871: [GC (Allocation Failure) 2019-05-25T18:33:22.859+0200: 615.871: [ParNew
Desired survivor size 20112992 bytes, new threshold 8 (max 8)
- age   1:    4147712 bytes,    4147712 total
- age   2:     925848 bytes,    5073560 total
- age   3:     150800 bytes,    5224360 total
- age   4:     795760 bytes,    6020120 total
- age   5:      29072 bytes,    6049192 total
- age   6:    6030072 bytes,   12079264 total
- age   7:       6144 bytes,   12085408 total
- age   8:     914360 bytes,   12999768 total
: 102985K->17017K(109248K), 0.0154458 secs] 116440K->31351K(502464K), 0.0155879 secs] [Times: user=0.06 sys=0.00, real=0.02 secs] 
Heap after GC invocations=16 (full 2):
 par new generation   total 109248K, used 17017K [0x00000000e0000000, 0x00000000e8000000, 0x00000000e8000000)
  eden space 87424K,   0% used [0x00000000e0000000, 0x00000000e0000000, 0x00000000e5560000)
  from space 21824K,  77% used [0x00000000e5560000, 0x00000000e65fe4b0, 0x00000000e6ab0000)
  to   space 21824K,   0% used [0x00000000e6ab0000, 0x00000000e6ab0000, 0x00000000e8000000)
 concurrent mark-sweep generation total 393216K, used 14334K [0x00000000e8000000, 0x0000000100000000, 0x0000000100000000)
 Metaspace       used 46205K, capacity 48022K, committed 48172K, reserved 1091584K
  class space    used 5609K, capacity 6020K, committed 6036K, reserved 1048576K
}
2019-05-25T18:33:22.875+0200: 615.887: Total time for which application threads were stopped: 0.0159574 seconds, Stopping threads took: 0.0000606 seconds
2019-05-25T18:33:22.894+0200: 615.906: Total time for which application threads were stopped: 0.0002300 seconds, Stopping threads took: 0.0000798 seconds
2019-05-25T18:33:22.900+0200: 615.913: Total time for which application threads were stopped: 0.0003085 seconds, Stopping threads took: 0.0001331 seconds
2019-05-25T18:33:22.900+0200: 615.913: Total time for which application threads were stopped: 0.0002654 seconds, Stopping threads took: 0.0000657 seconds
{Heap before GC invocations=16 (full 2):
 par new generation   total 109248K, used 104429K [0x00000000e0000000, 0x00000000e8000000, 0x00000000e8000000)
  eden space 87424K,  99% used [0x00000000e0000000, 0x00000000e555d2f0, 0x00000000e5560000)
  from space 21824K,  77% used [0x00000000e5560000, 0x00000000e65fe4b0, 0x00000000e6ab0000)
  to   space 21824K,   0% used [0x00000000e6ab0000, 0x00000000e6ab0000, 0x00000000e8000000)
 concurrent mark-sweep generation total 393216K, used 14334K [0x00000000e8000000, 0x0000000100000000, 0x0000000100000000)
 Metaspace       used 46244K, capacity 48050K, committed 48172K, reserved 1091584K
  class space    used 5614K, capacity 6024K, committed 6036K, reserved 1048576K
2019-05-25T18:33:22.953+0200: 615.965: [GC (Allocation Failure) 2019-05-25T18:33:22.953+0200: 615.965: [ParNew
Desired survivor size 20112992 bytes, new threshold 8 (max 8)
- age   1:     555768 bytes,     555768 total
- age   2:    3573560 bytes,    4129328 total
- age   3:     915624 bytes,    5044952 total
- age   4:     150800 bytes,    5195752 total
- age   5:     787768 bytes,    5983520 total
- age   6:      29072 bytes,    6012592 total
- age   7:    5985240 bytes,   11997832 total
- age   8:       6112 bytes,   12003944 total
: 104429K->15193K(109248K), 0.0155465 secs] 118764K->30445K(502464K), 0.0157171 secs] [Times: user=0.05 sys=0.00, real=0.01 secs] 
Heap after GC invocations=17 (full 2):
 par new generation   total 109248K, used 15193K [0x00000000e0000000, 0x00000000e8000000, 0x00000000e8000000)
  eden space 87424K,   0% used [0x00000000e0000000, 0x00000000e0000000, 0x00000000e5560000)
  from space 21824K,  69% used [0x00000000e6ab0000, 0x00000000e7986680, 0x00000000e8000000)
  to   space 21824K,   0% used [0x00000000e5560000, 0x00000000e5560000, 0x00000000e6ab0000)
 concurrent mark-sweep generation total 393216K, used 15251K [0x00000000e8000000, 0x0000000100000000, 0x0000000100000000)
 Metaspace       used 46244K, capacity 48050K, committed 48172K, reserved 1091584K
  class space    used 5614K, capacity 6024K, committed 6036K, reserved 1048576K
}
2019-05-25T18:33:22.968+0200: 615.981: Total time for which application threads were stopped: 0.0161511 seconds, Stopping threads took: 0.0000623 seconds
2019-05-25T18:33:22.969+0200: 615.982: Total time for which application threads were stopped: 0.0002138 seconds, Stopping threads took: 0.0000670 seconds
{Heap before GC invocations=17 (full 2):
 par new generation   total 109248K, used 102617K [0x00000000e0000000, 0x00000000e8000000, 0x00000000e8000000)
  eden space 87424K, 100% used [0x00000000e0000000, 0x00000000e5560000, 0x00000000e5560000)
  from space 21824K,  69% used [0x00000000e6ab0000, 0x00000000e7986680, 0x00000000e8000000)
  to   space 21824K,   0% used [0x00000000e5560000, 0x00000000e5560000, 0x00000000e6ab0000)
 concurrent mark-sweep generation total 393216K, used 15251K [0x00000000e8000000, 0x0000000100000000, 0x0000000100000000)
 Metaspace       used 46279K, capacity 48114K, committed 48172K, reserved 1091584K
  class space    used 5614K, capacity 6024K, committed 6036K, reserved 1048576K
2019-05-25T18:33:23.061+0200: 616.073: [GC (Allocation Failure) 2019-05-25T18:33:23.061+0200: 616.073: [ParNew
Desired survivor size 20112992 bytes, new threshold 8 (max 8)
- age   1:    1337152 bytes,    1337152 total
- age   2:     233144 bytes,    1570296 total
- age   3:    3011424 bytes,    4581720 total
- age   4:     915624 bytes,    5497344 total
- age   5:     150800 bytes,    5648144 total
- age   6:     786648 bytes,    6434792 total
- age   7:      29072 bytes,    6463864 total
- age   8:    5978544 bytes,   12442408 total
: 102617K->15737K(109248K), 0.0130756 secs] 117869K->30995K(502464K), 0.0132169 secs] [Times: user=0.06 sys=0.00, real=0.01 secs] 
Heap after GC invocations=18 (full 2):
 par new generation   total 109248K, used 15737K [0x00000000e0000000, 0x00000000e8000000, 0x00000000e8000000)
  eden space 87424K,   0% used [0x00000000e0000000, 0x00000000e0000000, 0x00000000e5560000)
  from space 21824K,  72% used [0x00000000e5560000, 0x00000000e64be6f0, 0x00000000e6ab0000)
  to   space 21824K,   0% used [0x00000000e6ab0000, 0x00000000e6ab0000, 0x00000000e8000000)
 concurrent mark-sweep generation total 393216K, used 15257K [0x00000000e8000000, 0x0000000100000000, 0x0000000100000000)
 Metaspace       used 46279K, capacity 48114K, committed 48172K, reserved 1091584K
  class space    used 5614K, capacity 6024K, committed 6036K, reserved 1048576K
}
2019-05-25T18:33:23.074+0200: 616.087: Total time for which application threads were stopped: 0.0136060 seconds, Stopping threads took: 0.0000661 seconds
2019-05-25T18:33:23.075+0200: 616.087: Total time for which application threads were stopped: 0.0002133 seconds, Stopping threads took: 0.0000623 seconds
2019-05-25T18:33:23.169+0200: 616.181: Total time for which application threads were stopped: 0.0002432 seconds, Stopping threads took: 0.0000427 seconds
2019-05-25T18:33:23.293+0200: 616.305: Total time for which application threads were stopped: 0.0009766 seconds, Stopping threads took: 0.0007979 seconds
2019-05-25T18:33:23.294+0200: 616.306: Total time for which application threads were stopped: 0.0001745 seconds, Stopping threads took: 0.0000448 seconds
2019-05-25T18:33:23.306+0200: 616.318: Total time for which application threads were stopped: 0.0001911 seconds, Stopping threads took: 0.0000623 seconds
2019-05-25T18:33:23.329+0200: 616.341: Total time for which application threads were stopped: 0.0002018 seconds, Stopping threads took: 0.0000597 seconds
2019-05-25T18:33:23.331+0200: 616.343: Total time for which application threads were stopped: 0.0001826 seconds, Stopping threads took: 0.0000721 seconds
2019-05-25T18:33:23.337+0200: 616.350: Total time for which application threads were stopped: 0.0001481 seconds, Stopping threads took: 0.0000410 seconds
{Heap before GC invocations=18 (full 2):
 par new generation   total 109248K, used 103161K [0x00000000e0000000, 0x00000000e8000000, 0x00000000e8000000)
  eden space 87424K, 100% used [0x00000000e0000000, 0x00000000e5560000, 0x00000000e5560000)
  from space 21824K,  72% used [0x00000000e5560000, 0x00000000e64be6f0, 0x00000000e6ab0000)
  to   space 21824K,   0% used [0x00000000e6ab0000, 0x00000000e6ab0000, 0x00000000e8000000)
 concurrent mark-sweep generation total 393216K, used 15257K [0x00000000e8000000, 0x0000000100000000, 0x0000000100000000)
 Metaspace       used 46324K, capacity 48126K, committed 48172K, reserved 1091584K
  class space    used 5615K, capacity 6026K, committed 6036K, reserved 1048576K
2019-05-25T18:33:23.347+0200: 616.360: [GC (Allocation Failure) 2019-05-25T18:33:23.347+0200: 616.360: [ParNew
Desired survivor size 20112992 bytes, new threshold 8 (max 8)
- age   1:    1104128 bytes,    1104128 total
- age   2:     641120 bytes,    1745248 total
- age   3:     220776 bytes,    1966024 total
- age   4:    2983304 bytes,    4949328 total
- age   5:     814528 bytes,    5763856 total
- age   6:     150800 bytes,    5914656 total
- age   7:     786648 bytes,    6701304 total
- age   8:      29072 bytes,    6730376 total
: 103161K->10727K(109248K), 0.0300574 secs] 118419K->33567K(502464K), 0.0302093 secs] [Times: user=0.11 sys=0.00, real=0.03 secs] 
Heap after GC invocations=19 (full 2):
 par new generation   total 109248K, used 10727K [0x00000000e0000000, 0x00000000e8000000, 0x00000000e8000000)
  eden space 87424K,   0% used [0x00000000e0000000, 0x00000000e0000000, 0x00000000e5560000)
  from space 21824K,  49% used [0x00000000e6ab0000, 0x00000000e7529ff8, 0x00000000e8000000)
  to   space 21824K,   0% used [0x00000000e5560000, 0x00000000e5560000, 0x00000000e6ab0000)
 concurrent mark-sweep generation total 393216K, used 22839K [0x00000000e8000000, 0x0000000100000000, 0x0000000100000000)
 Metaspace       used 46324K, capacity 48126K, committed 48172K, reserved 1091584K
  class space    used 5615K, capacity 6026K, committed 6036K, reserved 1048576K
}
2019-05-25T18:33:23.378+0200: 616.390: Total time for which application threads were stopped: 0.0305481 seconds, Stopping threads took: 0.0000567 seconds
2019-05-25T18:33:24.378+0200: 617.391: Total time for which application threads were stopped: 0.0001519 seconds, Stopping threads took: 0.0000350 seconds
2019-05-25T18:33:27.931+0200: 620.943: Total time for which application threads were stopped: 0.0002517 seconds, Stopping threads took: 0.0000619 seconds
2019-05-25T18:33:27.931+0200: 620.944: Total time for which application threads were stopped: 0.0002283 seconds, Stopping threads took: 0.0000875 seconds
2019-05-25T18:33:27.931+0200: 620.944: Total time for which application threads were stopped: 0.0002210 seconds, Stopping threads took: 0.0000870 seconds
2019-05-25T18:33:27.932+0200: 620.944: Total time for which application threads were stopped: 0.0002014 seconds, Stopping threads took: 0.0000410 seconds
2019-05-25T18:33:27.932+0200: 620.945: Total time for which application threads were stopped: 0.0001481 seconds, Stopping threads took: 0.0000380 seconds
2019-05-25T18:33:27.932+0200: 620.945: Total time for which application threads were stopped: 0.0001267 seconds, Stopping threads took: 0.0000307 seconds
2019-05-25T18:33:27.932+0200: 620.945: Total time for which application threads were stopped: 0.0001131 seconds, Stopping threads took: 0.0000247 seconds
2019-05-25T18:33:27.940+0200: 620.953: Total time for which application threads were stopped: 0.0002423 seconds, Stopping threads took: 0.0000836 seconds
2019-05-25T18:33:27.941+0200: 620.953: Total time for which application threads were stopped: 0.0001997 seconds, Stopping threads took: 0.0000845 seconds
2019-05-25T18:33:27.941+0200: 620.954: Total time for which application threads were stopped: 0.0002261 seconds, Stopping threads took: 0.0001114 seconds
2019-05-25T18:33:27.941+0200: 620.954: Total time for which application threads were stopped: 0.0002078 seconds, Stopping threads took: 0.0000990 seconds
2019-05-25T18:33:27.942+0200: 620.954: Total time for which application threads were stopped: 0.0002351 seconds, Stopping threads took: 0.0000977 seconds
2019-05-25T18:33:27.942+0200: 620.954: Total time for which application threads were stopped: 0.0001805 seconds, Stopping threads took: 0.0000755 seconds
2019-05-25T18:33:27.942+0200: 620.955: Total time for which application threads were stopped: 0.0002155 seconds, Stopping threads took: 0.0001037 seconds
2019-05-25T18:33:27.942+0200: 620.955: Total time for which application threads were stopped: 0.0002095 seconds, Stopping threads took: 0.0000973 seconds
2019-05-25T18:33:27.943+0200: 620.955: Total time for which application threads were stopped: 0.0002125 seconds, Stopping threads took: 0.0000994 seconds
2019-05-25T18:33:27.943+0200: 620.955: Total time for which application threads were stopped: 0.0002018 seconds, Stopping threads took: 0.0000951 seconds
2019-05-25T18:33:27.943+0200: 620.956: Total time for which application threads were stopped: 0.0002078 seconds, Stopping threads took: 0.0000990 seconds
2019-05-25T18:33:27.943+0200: 620.956: Total time for which application threads were stopped: 0.0002129 seconds, Stopping threads took: 0.0000960 seconds
2019-05-25T18:33:27.944+0200: 620.956: Total time for which application threads were stopped: 0.0002325 seconds, Stopping threads took: 0.0000828 seconds
2019-05-25T18:33:27.944+0200: 620.957: Total time for which application threads were stopped: 0.0001911 seconds, Stopping threads took: 0.0000742 seconds
2019-05-25T18:33:27.944+0200: 620.957: Total time for which application threads were stopped: 0.0001681 seconds, Stopping threads took: 0.0000691 seconds
2019-05-25T18:33:27.945+0200: 620.957: Total time for which application threads were stopped: 0.0001847 seconds, Stopping threads took: 0.0000444 seconds
2019-05-25T18:33:27.945+0200: 620.957: Total time for which application threads were stopped: 0.0001779 seconds, Stopping threads took: 0.0000563 seconds
2019-05-25T18:33:27.945+0200: 620.958: Total time for which application threads were stopped: 0.0001476 seconds, Stopping threads took: 0.0000435 seconds
2019-05-25T18:33:27.945+0200: 620.958: Total time for which application threads were stopped: 0.0001318 seconds, Stopping threads took: 0.0000333 seconds
2019-05-25T18:33:27.946+0200: 620.958: Total time for which application threads were stopped: 0.0004540 seconds, Stopping threads took: 0.0000627 seconds
2019-05-25T18:33:27.952+0200: 620.965: Total time for which application threads were stopped: 0.0002829 seconds, Stopping threads took: 0.0001331 seconds
2019-05-25T18:33:27.953+0200: 620.965: Total time for which application threads were stopped: 0.0001643 seconds, Stopping threads took: 0.0000350 seconds
2019-05-25T18:33:27.969+0200: 620.981: Total time for which application threads were stopped: 0.0002214 seconds, Stopping threads took: 0.0000644 seconds
2019-05-25T18:33:29.969+0200: 622.982: Total time for which application threads were stopped: 0.0003243 seconds, Stopping threads took: 0.0000858 seconds
2019-05-25T18:33:30.970+0200: 623.982: Total time for which application threads were stopped: 0.0003537 seconds, Stopping threads took: 0.0000845 seconds
2019-05-25T18:33:31.970+0200: 624.982: Total time for which application threads were stopped: 0.0001869 seconds, Stopping threads took: 0.0000410 seconds
2019-05-25T18:34:22.908+0200: 675.920: Total time for which application threads were stopped: 0.0002001 seconds, Stopping threads took: 0.0000508 seconds
2019-05-25T18:34:22.919+0200: 675.932: Total time for which application threads were stopped: 0.0001719 seconds, Stopping threads took: 0.0000444 seconds
{Heap before GC invocations=19 (full 2):
 par new generation   total 109248K, used 98151K [0x00000000e0000000, 0x00000000e8000000, 0x00000000e8000000)
  eden space 87424K, 100% used [0x00000000e0000000, 0x00000000e5560000, 0x00000000e5560000)
  from space 21824K,  49% used [0x00000000e6ab0000, 0x00000000e7529ff8, 0x00000000e8000000)
  to   space 21824K,   0% used [0x00000000e5560000, 0x00000000e5560000, 0x00000000e6ab0000)
 concurrent mark-sweep generation total 393216K, used 22839K [0x00000000e8000000, 0x0000000100000000, 0x0000000100000000)
 Metaspace       used 46387K, capacity 48206K, committed 48428K, reserved 1091584K
  class space    used 5616K, capacity 6028K, committed 6036K, reserved 1048576K
2019-05-25T18:34:22.959+0200: 675.971: [GC (Allocation Failure) 2019-05-25T18:34:22.959+0200: 675.972: [ParNew
Desired survivor size 20112992 bytes, new threshold 8 (max 8)
- age   1:    3493664 bytes,    3493664 total
- age   2:     912280 bytes,    4405944 total
- age   3:     640944 bytes,    5046888 total
- age   4:     220624 bytes,    5267512 total
- age   5:     794664 bytes,    6062176 total
- age   6:     667416 bytes,    6729592 total
- age   7:     150800 bytes,    6880392 total
- age   8:     770672 bytes,    7651064 total
: 98151K->9527K(109248K), 0.0106590 secs] 120991K->32395K(502464K), 0.0108024 secs] [Times: user=0.00 sys=0.00, real=0.01 secs] 
Heap after GC invocations=20 (full 2):
 par new generation   total 109248K, used 9527K [0x00000000e0000000, 0x00000000e8000000, 0x00000000e8000000)
  eden space 87424K,   0% used [0x00000000e0000000, 0x00000000e0000000, 0x00000000e5560000)
  from space 21824K,  43% used [0x00000000e5560000, 0x00000000e5eadca0, 0x00000000e6ab0000)
  to   space 21824K,   0% used [0x00000000e6ab0000, 0x00000000e6ab0000, 0x00000000e8000000)
 concurrent mark-sweep generation total 393216K, used 22868K [0x00000000e8000000, 0x0000000100000000, 0x0000000100000000)
 Metaspace       used 46387K, capacity 48206K, committed 48428K, reserved 1091584K
  class space    used 5616K, capacity 6028K, committed 6036K, reserved 1048576K
}
2019-05-25T18:34:22.970+0200: 675.982: Total time for which application threads were stopped: 0.0111399 seconds, Stopping threads took: 0.0000542 seconds
2019-05-25T18:34:23.075+0200: 676.088: Total time for which application threads were stopped: 0.0001489 seconds, Stopping threads took: 0.0000375 seconds
2019-05-25T18:34:23.136+0200: 676.149: Total time for which application threads were stopped: 0.0004915 seconds, Stopping threads took: 0.0003328 seconds
2019-05-25T18:34:23.136+0200: 676.149: Total time for which application threads were stopped: 0.0001545 seconds, Stopping threads took: 0.0000439 seconds
{Heap before GC invocations=20 (full 2):
 par new generation   total 109248K, used 96951K [0x00000000e0000000, 0x00000000e8000000, 0x00000000e8000000)
  eden space 87424K, 100% used [0x00000000e0000000, 0x00000000e5560000, 0x00000000e5560000)
  from space 21824K,  43% used [0x00000000e5560000, 0x00000000e5eadca0, 0x00000000e6ab0000)
  to   space 21824K,   0% used [0x00000000e6ab0000, 0x00000000e6ab0000, 0x00000000e8000000)
 concurrent mark-sweep generation total 393216K, used 22868K [0x00000000e8000000, 0x0000000100000000, 0x0000000100000000)
 Metaspace       used 46414K, capacity 48270K, committed 48428K, reserved 1091584K
  class space    used 5616K, capacity 6028K, committed 6036K, reserved 1048576K
2019-05-25T18:34:23.215+0200: 676.228: [GC (Allocation Failure) 2019-05-25T18:34:23.215+0200: 676.228: [ParNew
Desired survivor size 20112992 bytes, new threshold 8 (max 8)
- age   1:    1784888 bytes,    1784888 total
- age   2:    2470248 bytes,    4255136 total
- age   3:     909520 bytes,    5164656 total
- age   4:     640912 bytes,    5805568 total
- age   5:     213112 bytes,    6018680 total
- age   6:     687384 bytes,    6706064 total
- age   7:      28856 bytes,    6734920 total
- age   8:       6672 bytes,    6741592 total
: 96951K->9596K(109248K), 0.0087847 secs] 119819K->32802K(502464K), 0.0089101 secs] [Times: user=0.03 sys=0.00, real=0.01 secs] 
Heap after GC invocations=21 (full 2):
 par new generation   total 109248K, used 9596K [0x00000000e0000000, 0x00000000e8000000, 0x00000000e8000000)
  eden space 87424K,   0% used [0x00000000e0000000, 0x00000000e0000000, 0x00000000e5560000)
  from space 21824K,  43% used [0x00000000e6ab0000, 0x00000000e740f280, 0x00000000e8000000)
  to   space 21824K,   0% used [0x00000000e5560000, 0x00000000e5560000, 0x00000000e6ab0000)
 concurrent mark-sweep generation total 393216K, used 23205K [0x00000000e8000000, 0x0000000100000000, 0x0000000100000000)
 Metaspace       used 46414K, capacity 48270K, committed 48428K, reserved 1091584K
  class space    used 5616K, capacity 6028K, committed 6036K, reserved 1048576K
}
2019-05-25T18:34:23.224+0200: 676.237: Total time for which application threads were stopped: 0.0093197 seconds, Stopping threads took: 0.0000879 seconds
2019-05-25T18:34:23.225+0200: 676.237: Total time for which application threads were stopped: 0.0003785 seconds, Stopping threads took: 0.0000427 seconds
{Heap before GC invocations=21 (full 2):
 par new generation   total 109248K, used 97020K [0x00000000e0000000, 0x00000000e8000000, 0x00000000e8000000)
  eden space 87424K, 100% used [0x00000000e0000000, 0x00000000e5560000, 0x00000000e5560000)
  from space 21824K,  43% used [0x00000000e6ab0000, 0x00000000e740f280, 0x00000000e8000000)
  to   space 21824K,   0% used [0x00000000e5560000, 0x00000000e5560000, 0x00000000e6ab0000)
 concurrent mark-sweep generation total 393216K, used 23205K [0x00000000e8000000, 0x0000000100000000, 0x0000000100000000)
 Metaspace       used 46416K, capacity 48270K, committed 48428K, reserved 1091584K
  class space    used 5616K, capacity 6028K, committed 6036K, reserved 1048576K
2019-05-25T18:34:23.293+0200: 676.305: [GC (Allocation Failure) 2019-05-25T18:34:23.293+0200: 676.306: [ParNew
Desired survivor size 20112992 bytes, new threshold 8 (max 8)
- age   1:     916640 bytes,     916640 total
- age   2:    1485160 bytes,    2401800 total
- age   3:    2470160 bytes,    4871960 total
- age   4:     909520 bytes,    5781480 total
- age   5:     640912 bytes,    6422392 total
- age   6:     213112 bytes,    6635504 total
- age   7:     687384 bytes,    7322888 total
- age   8:      28856 bytes,    7351744 total
: 97020K->9153K(109248K), 0.0093747 secs] 120226K->32365K(502464K), 0.0095202 secs] [Times: user=0.05 sys=0.00, real=0.01 secs] 
Heap after GC invocations=22 (full 2):
 par new generation   total 109248K, used 9153K [0x00000000e0000000, 0x00000000e8000000, 0x00000000e8000000)
  eden space 87424K,   0% used [0x00000000e0000000, 0x00000000e0000000, 0x00000000e5560000)
  from space 21824K,  41% used [0x00000000e5560000, 0x00000000e5e50688, 0x00000000e6ab0000)
  to   space 21824K,   0% used [0x00000000e6ab0000, 0x00000000e6ab0000, 0x00000000e8000000)
 concurrent mark-sweep generation total 393216K, used 23212K [0x00000000e8000000, 0x0000000100000000, 0x0000000100000000)
 Metaspace       used 46416K, capacity 48270K, committed 48428K, reserved 1091584K
  class space    used 5616K, capacity 6028K, committed 6036K, reserved 1048576K
}
2019-05-25T18:34:23.302+0200: 676.315: Total time for which application threads were stopped: 0.0098833 seconds, Stopping threads took: 0.0000495 seconds
2019-05-25T18:34:23.303+0200: 676.315: Total time for which application threads were stopped: 0.0002394 seconds, Stopping threads took: 0.0000461 seconds
2019-05-25T18:34:23.466+0200: 676.478: Total time for which application threads were stopped: 0.0002620 seconds, Stopping threads took: 0.0000593 seconds
2019-05-25T18:34:23.466+0200: 676.478: Total time for which application threads were stopped: 0.0002044 seconds, Stopping threads took: 0.0000529 seconds
2019-05-25T18:34:23.469+0200: 676.482: Total time for which application threads were stopped: 0.0001980 seconds, Stopping threads took: 0.0000435 seconds
{Heap before GC invocations=22 (full 2):
 par new generation   total 109248K, used 96577K [0x00000000e0000000, 0x00000000e8000000, 0x00000000e8000000)
  eden space 87424K, 100% used [0x00000000e0000000, 0x00000000e5560000, 0x00000000e5560000)
  from space 21824K,  41% used [0x00000000e5560000, 0x00000000e5e50688, 0x00000000e6ab0000)
  to   space 21824K,   0% used [0x00000000e6ab0000, 0x00000000e6ab0000, 0x00000000e8000000)
 concurrent mark-sweep generation total 393216K, used 23212K [0x00000000e8000000, 0x0000000100000000, 0x0000000100000000)
 Metaspace       used 46421K, capacity 48270K, committed 48428K, reserved 1091584K
  class space    used 5616K, capacity 6028K, committed 6036K, reserved 1048576K
2019-05-25T18:34:23.471+0200: 676.484: [GC (Allocation Failure) 2019-05-25T18:34:23.471+0200: 676.484: [ParNew
Desired survivor size 20112992 bytes, new threshold 8 (max 8)
- age   1:     815688 bytes,     815688 total
- age   2:     136344 bytes,     952032 total
- age   3:    1475312 bytes,    2427344 total
- age   4:    2444064 bytes,    4871408 total
- age   5:     826992 bytes,    5698400 total
- age   6:     640912 bytes,    6339312 total
- age   7:     213112 bytes,    6552424 total
- age   8:     687384 bytes,    7239808 total
: 96577K->11202K(109248K), 0.0099034 secs] 119789K->34443K(502464K), 0.0100309 secs] [Times: user=0.06 sys=0.00, real=0.01 secs] 
Heap after GC invocations=23 (full 2):
 par new generation   total 109248K, used 11202K [0x00000000e0000000, 0x00000000e8000000, 0x00000000e8000000)
  eden space 87424K,   0% used [0x00000000e0000000, 0x00000000e0000000, 0x00000000e5560000)
  from space 21824K,  51% used [0x00000000e6ab0000, 0x00000000e75a0bd0, 0x00000000e8000000)
  to   space 21824K,   0% used [0x00000000e5560000, 0x00000000e5560000, 0x00000000e6ab0000)
 concurrent mark-sweep generation total 393216K, used 23240K [0x00000000e8000000, 0x0000000100000000, 0x0000000100000000)
 Metaspace       used 46421K, capacity 48270K, committed 48428K, reserved 1091584K
  class space    used 5616K, capacity 6028K, committed 6036K, reserved 1048576K
}
2019-05-25T18:34:23.481+0200: 676.494: Total time for which application threads were stopped: 0.0103591 seconds, Stopping threads took: 0.0000469 seconds
2019-05-25T18:34:23.493+0200: 676.506: Total time for which application threads were stopped: 0.0002202 seconds, Stopping threads took: 0.0000555 seconds
2019-05-25T18:34:24.494+0200: 677.506: Total time for which application threads were stopped: 0.0001890 seconds, Stopping threads took: 0.0000478 seconds
2019-05-25T18:34:28.065+0200: 681.078: Total time for which application threads were stopped: 0.0017894 seconds, Stopping threads took: 0.0000900 seconds
2019-05-25T18:34:28.070+0200: 681.082: Total time for which application threads were stopped: 0.0002594 seconds, Stopping threads took: 0.0000521 seconds
2019-05-25T18:34:28.070+0200: 681.083: Total time for which application threads were stopped: 0.0002112 seconds, Stopping threads took: 0.0000384 seconds
2019-05-25T18:34:28.071+0200: 681.083: Total time for which application threads were stopped: 0.0002074 seconds, Stopping threads took: 0.0000448 seconds
2019-05-25T18:34:28.071+0200: 681.083: Total time for which application threads were stopped: 0.0002577 seconds, Stopping threads took: 0.0000951 seconds
2019-05-25T18:34:28.071+0200: 681.084: Total time for which application threads were stopped: 0.0002223 seconds, Stopping threads took: 0.0000661 seconds
2019-05-25T18:34:28.072+0200: 681.084: Total time for which application threads were stopped: 0.0002317 seconds, Stopping threads took: 0.0000593 seconds
2019-05-25T18:34:28.072+0200: 681.084: Total time for which application threads were stopped: 0.0001361 seconds, Stopping threads took: 0.0000333 seconds
2019-05-25T18:34:28.084+0200: 681.097: Total time for which application threads were stopped: 0.0002931 seconds, Stopping threads took: 0.0001233 seconds
2019-05-25T18:34:28.085+0200: 681.097: Total time for which application threads were stopped: 0.0002624 seconds, Stopping threads took: 0.0001225 seconds
{Heap before GC invocations=23 (full 2):
 par new generation   total 109248K, used 98626K [0x00000000e0000000, 0x00000000e8000000, 0x00000000e8000000)
  eden space 87424K, 100% used [0x00000000e0000000, 0x00000000e5560000, 0x00000000e5560000)
  from space 21824K,  51% used [0x00000000e6ab0000, 0x00000000e75a0bd0, 0x00000000e8000000)
  to   space 21824K,   0% used [0x00000000e5560000, 0x00000000e5560000, 0x00000000e6ab0000)
 concurrent mark-sweep generation total 393216K, used 23240K [0x00000000e8000000, 0x0000000100000000, 0x0000000100000000)
 Metaspace       used 46491K, capacity 48348K, committed 48556K, reserved 1091584K
  class space    used 5622K, capacity 6039K, committed 6164K, reserved 1048576K
2019-05-25T18:34:28.161+0200: 681.173: [GC (Allocation Failure) 2019-05-25T18:34:28.161+0200: 681.173: [ParNew
Desired survivor size 20112992 bytes, new threshold 8 (max 8)
- age   1:    2302264 bytes,    2302264 total
- age   2:     671080 bytes,    2973344 total
- age   3:     135304 bytes,    3108648 total
- age   4:     763256 bytes,    3871904 total
- age   5:    2240528 bytes,    6112432 total
- age   6:     661896 bytes,    6774328 total
- age   7:     640912 bytes,    7415240 total
- age   8:     213112 bytes,    7628352 total
: 98626K->9261K(109248K), 0.0120883 secs] 121867K->33176K(502464K), 0.0121954 secs] [Times: user=0.00 sys=0.00, real=0.01 secs] 
Heap after GC invocations=24 (full 2):
 par new generation   total 109248K, used 9261K [0x00000000e0000000, 0x00000000e8000000, 0x00000000e8000000)
  eden space 87424K,   0% used [0x00000000e0000000, 0x00000000e0000000, 0x00000000e5560000)
  from space 21824K,  42% used [0x00000000e5560000, 0x00000000e5e6b750, 0x00000000e6ab0000)
  to   space 21824K,   0% used [0x00000000e6ab0000, 0x00000000e6ab0000, 0x00000000e8000000)
 concurrent mark-sweep generation total 393216K, used 23914K [0x00000000e8000000, 0x0000000100000000, 0x0000000100000000)
 Metaspace       used 46491K, capacity 48348K, committed 48556K, reserved 1091584K
  class space    used 5622K, capacity 6039K, committed 6164K, reserved 1048576K
}
2019-05-25T18:34:28.173+0200: 681.186: Total time for which application threads were stopped: 0.0127279 seconds, Stopping threads took: 0.0002014 seconds
{Heap before GC invocations=24 (full 2):
 par new generation   total 109248K, used 96664K [0x00000000e0000000, 0x00000000e8000000, 0x00000000e8000000)
  eden space 87424K,  99% used [0x00000000e0000000, 0x00000000e555ab80, 0x00000000e5560000)
  from space 21824K,  42% used [0x00000000e5560000, 0x00000000e5e6b750, 0x00000000e6ab0000)
  to   space 21824K,   0% used [0x00000000e6ab0000, 0x00000000e6ab0000, 0x00000000e8000000)
 concurrent mark-sweep generation total 393216K, used 23914K [0x00000000e8000000, 0x0000000100000000, 0x0000000100000000)
 Metaspace       used 46523K, capacity 48378K, committed 48556K, reserved 1091584K
  class space    used 5625K, capacity 6044K, committed 6164K, reserved 1048576K
2019-05-25T18:34:28.258+0200: 681.270: [GC (Allocation Failure) 2019-05-25T18:34:28.258+0200: 681.270: [ParNew
Desired survivor size 20112992 bytes, new threshold 8 (max 8)
- age   1:    1141616 bytes,    1141616 total
- age   2:    1707584 bytes,    2849200 total
- age   3:     671080 bytes,    3520280 total
- age   4:     135304 bytes,    3655584 total
- age   5:     755280 bytes,    4410864 total
- age   6:    2234128 bytes,    6644992 total
- age   7:     661896 bytes,    7306888 total
- age   8:     640912 bytes,    7947800 total
: 96664K->11250K(109248K), 0.0112738 secs] 120579K->35376K(502464K), 0.0114125 secs] [Times: user=0.00 sys=0.00, real=0.01 secs] 
Heap after GC invocations=25 (full 2):
 par new generation   total 109248K, used 11250K [0x00000000e0000000, 0x00000000e8000000, 0x00000000e8000000)
  eden space 87424K,   0% used [0x00000000e0000000, 0x00000000e0000000, 0x00000000e5560000)
  from space 21824K,  51% used [0x00000000e6ab0000, 0x00000000e75ac9b0, 0x00000000e8000000)
  to   space 21824K,   0% used [0x00000000e5560000, 0x00000000e5560000, 0x00000000e6ab0000)
 concurrent mark-sweep generation total 393216K, used 24126K [0x00000000e8000000, 0x0000000100000000, 0x0000000100000000)
 Metaspace       used 46523K, capacity 48378K, committed 48556K, reserved 1091584K
  class space    used 5625K, capacity 6044K, committed 6164K, reserved 1048576K
}
2019-05-25T18:34:28.269+0200: 681.282: Total time for which application threads were stopped: 0.0118221 seconds, Stopping threads took: 0.0000828 seconds
2019-05-25T18:34:28.273+0200: 681.285: Total time for which application threads were stopped: 0.0002441 seconds, Stopping threads took: 0.0000755 seconds
{Heap before GC invocations=25 (full 2):
 par new generation   total 109248K, used 98674K [0x00000000e0000000, 0x00000000e8000000, 0x00000000e8000000)
  eden space 87424K, 100% used [0x00000000e0000000, 0x00000000e5560000, 0x00000000e5560000)
  from space 21824K,  51% used [0x00000000e6ab0000, 0x00000000e75ac9b0, 0x00000000e8000000)
  to   space 21824K,   0% used [0x00000000e5560000, 0x00000000e5560000, 0x00000000e6ab0000)
 concurrent mark-sweep generation total 393216K, used 24126K [0x00000000e8000000, 0x0000000100000000, 0x0000000100000000)
 Metaspace       used 46562K, capacity 48438K, committed 48556K, reserved 1091584K
  class space    used 5630K, capacity 6054K, committed 6164K, reserved 1048576K
2019-05-25T18:34:28.328+0200: 681.341: [GC (Allocation Failure) 2019-05-25T18:34:28.328+0200: 681.341: [ParNew
Desired survivor size 20112992 bytes, new threshold 8 (max 8)
- age   1:     609832 bytes,     609832 total
- age   2:     851184 bytes,    1461016 total
- age   3:    1702184 bytes,    3163200 total
- age   4:     671080 bytes,    3834280 total
- age   5:     135304 bytes,    3969584 total
- age   6:     755200 bytes,    4724784 total
- age   7:    2234128 bytes,    6958912 total
- age   8:     727464 bytes,    7686376 total
: 98674K->10165K(109248K), 0.0097954 secs] 122800K->34920K(502464K), 0.0099285 secs] [Times: user=0.06 sys=0.00, real=0.01 secs] 
Heap after GC invocations=26 (full 2):
 par new generation   total 109248K, used 10165K [0x00000000e0000000, 0x00000000e8000000, 0x00000000e8000000)
  eden space 87424K,   0% used [0x00000000e0000000, 0x00000000e0000000, 0x00000000e5560000)
  from space 21824K,  46% used [0x00000000e5560000, 0x00000000e5f4d408, 0x00000000e6ab0000)
  to   space 21824K,   0% used [0x00000000e6ab0000, 0x00000000e6ab0000, 0x00000000e8000000)
 concurrent mark-sweep generation total 393216K, used 24755K [0x00000000e8000000, 0x0000000100000000, 0x0000000100000000)
 Metaspace       used 46562K, capacity 48438K, committed 48556K, reserved 1091584K
  class space    used 5630K, capacity 6054K, committed 6164K, reserved 1048576K
}
2019-05-25T18:34:28.338+0200: 681.351: Total time for which application threads were stopped: 0.0103548 seconds, Stopping threads took: 0.0000713 seconds
2019-05-25T18:34:28.339+0200: 681.351: Total time for which application threads were stopped: 0.0002982 seconds, Stopping threads took: 0.0000721 seconds
2019-05-25T18:34:28.534+0200: 681.546: Total time for which application threads were stopped: 0.0001843 seconds, Stopping threads took: 0.0000529 seconds
2019-05-25T18:34:28.534+0200: 681.547: Total time for which application threads were stopped: 0.0001152 seconds, Stopping threads took: 0.0000239 seconds
2019-05-25T18:34:28.537+0200: 681.550: Total time for which application threads were stopped: 0.0002074 seconds, Stopping threads took: 0.0000597 seconds
{Heap before GC invocations=26 (full 2):
 par new generation   total 109248K, used 97589K [0x00000000e0000000, 0x00000000e8000000, 0x00000000e8000000)
  eden space 87424K, 100% used [0x00000000e0000000, 0x00000000e5560000, 0x00000000e5560000)
  from space 21824K,  46% used [0x00000000e5560000, 0x00000000e5f4d408, 0x00000000e6ab0000)
  to   space 21824K,   0% used [0x00000000e6ab0000, 0x00000000e6ab0000, 0x00000000e8000000)
 concurrent mark-sweep generation total 393216K, used 24755K [0x00000000e8000000, 0x0000000100000000, 0x0000000100000000)
 Metaspace       used 46623K, capacity 48516K, committed 48812K, reserved 1091584K
  class space    used 5638K, capacity 6067K, committed 6164K, reserved 1048576K
2019-05-25T18:34:28.550+0200: 681.563: [GC (Allocation Failure) 2019-05-25T18:34:28.551+0200: 681.563: [ParNew
Desired survivor size 20112992 bytes, new threshold 8 (max 8)
- age   1:    1066416 bytes,    1066416 total
- age   2:     462576 bytes,    1528992 total
- age   3:     268144 bytes,    1797136 total
- age   4:    1025304 bytes,    2822440 total
- age   5:     669152 bytes,    3491592 total
- age   6:     135304 bytes,    3626896 total
- age   7:     754080 bytes,    4380976 total
- age   8:    2234128 bytes,    6615104 total
: 97589K->8820K(109248K), 0.0109333 secs] 122344K->34226K(502464K), 0.0110562 secs] [Times: user=0.03 sys=0.00, real=0.01 secs] 
Heap after GC invocations=27 (full 2):
 par new generation   total 109248K, used 8820K [0x00000000e0000000, 0x00000000e8000000, 0x00000000e8000000)
  eden space 87424K,   0% used [0x00000000e0000000, 0x00000000e0000000, 0x00000000e5560000)
  from space 21824K,  40% used [0x00000000e6ab0000, 0x00000000e734d1f8, 0x00000000e8000000)
  to   space 21824K,   0% used [0x00000000e5560000, 0x00000000e5560000, 0x00000000e6ab0000)
 concurrent mark-sweep generation total 393216K, used 25406K [0x00000000e8000000, 0x0000000100000000, 0x0000000100000000)
 Metaspace       used 46623K, capacity 48516K, committed 48812K, reserved 1091584K
  class space    used 5638K, capacity 6067K, committed 6164K, reserved 1048576K
}
2019-05-25T18:34:28.562+0200: 681.574: Total time for which application threads were stopped: 0.0114488 seconds, Stopping threads took: 0.0001092 seconds
2019-05-25T18:34:28.571+0200: 681.584: Total time for which application threads were stopped: 0.0002146 seconds, Stopping threads took: 0.0000657 seconds
2019-05-25T18:34:29.572+0200: 682.585: Total time for which application threads were stopped: 0.0002185 seconds, Stopping threads took: 0.0000461 seconds
2019-05-25T18:34:31.573+0200: 684.585: Total time for which application threads were stopped: 0.0002125 seconds, Stopping threads took: 0.0000414 seconds
2019-05-25T18:34:31.591+0200: 684.603: Total time for which application threads were stopped: 0.0002334 seconds, Stopping threads took: 0.0000469 seconds
2019-05-25T18:34:31.591+0200: 684.604: Total time for which application threads were stopped: 0.0002167 seconds, Stopping threads took: 0.0000567 seconds
2019-05-25T18:34:31.592+0200: 684.604: Total time for which application threads were stopped: 0.0001801 seconds, Stopping threads took: 0.0000401 seconds
2019-05-25T18:34:31.592+0200: 684.604: Total time for which application threads were stopped: 0.0002078 seconds, Stopping threads took: 0.0000538 seconds
2019-05-25T18:34:31.592+0200: 684.605: Total time for which application threads were stopped: 0.0001668 seconds, Stopping threads took: 0.0000393 seconds
2019-05-25T18:34:31.593+0200: 684.606: Total time for which application threads were stopped: 0.0002061 seconds, Stopping threads took: 0.0000614 seconds
2019-05-25T18:34:31.594+0200: 684.606: Total time for which application threads were stopped: 0.0005850 seconds, Stopping threads took: 0.0000589 seconds
2019-05-25T18:34:32.594+0200: 685.607: Total time for which application threads were stopped: 0.0002377 seconds, Stopping threads took: 0.0000448 seconds
2019-05-25T18:34:32.711+0200: 685.723: Total time for which application threads were stopped: 0.0002560 seconds, Stopping threads took: 0.0000614 seconds
2019-05-25T18:34:32.711+0200: 685.724: Total time for which application threads were stopped: 0.0001647 seconds, Stopping threads took: 0.0000529 seconds
2019-05-25T18:34:32.712+0200: 685.724: Total time for which application threads were stopped: 0.0002031 seconds, Stopping threads took: 0.0000614 seconds
2019-05-25T18:34:32.712+0200: 685.724: Total time for which application threads were stopped: 0.0001805 seconds, Stopping threads took: 0.0000529 seconds
2019-05-25T18:34:32.712+0200: 685.725: Total time for which application threads were stopped: 0.0001907 seconds, Stopping threads took: 0.0000875 seconds
2019-05-25T18:34:32.713+0200: 685.725: Total time for which application threads were stopped: 0.0002146 seconds, Stopping threads took: 0.0000990 seconds
2019-05-25T18:34:32.713+0200: 685.725: Total time for which application threads were stopped: 0.0001818 seconds, Stopping threads took: 0.0000461 seconds
2019-05-25T18:34:32.721+0200: 685.734: Total time for which application threads were stopped: 0.0002253 seconds, Stopping threads took: 0.0000841 seconds
2019-05-25T18:34:33.172+0200: 686.185: Total time for which application threads were stopped: 0.0003878 seconds, Stopping threads took: 0.0001122 seconds
2019-05-25T18:34:33.174+0200: 686.187: Total time for which application threads were stopped: 0.0002662 seconds, Stopping threads took: 0.0000917 seconds
2019-05-25T18:34:33.174+0200: 686.187: Total time for which application threads were stopped: 0.0002445 seconds, Stopping threads took: 0.0000606 seconds
2019-05-25T18:34:33.175+0200: 686.187: Total time for which application threads were stopped: 0.0001600 seconds, Stopping threads took: 0.0000350 seconds
2019-05-25T18:34:33.175+0200: 686.188: Total time for which application threads were stopped: 0.0001941 seconds, Stopping threads took: 0.0000431 seconds
2019-05-25T18:34:33.175+0200: 686.188: Total time for which application threads were stopped: 0.0001583 seconds, Stopping threads took: 0.0000375 seconds
2019-05-25T18:34:33.176+0200: 686.188: Total time for which application threads were stopped: 0.0002112 seconds, Stopping threads took: 0.0000747 seconds
2019-05-25T18:34:33.176+0200: 686.189: Total time for which application threads were stopped: 0.0001984 seconds, Stopping threads took: 0.0000674 seconds
2019-05-25T18:34:33.193+0200: 686.205: Total time for which application threads were stopped: 0.0002718 seconds, Stopping threads took: 0.0000627 seconds
2019-05-25T18:34:33.196+0200: 686.209: Total time for which application threads were stopped: 0.0004489 seconds, Stopping threads took: 0.0002394 seconds
2019-05-25T18:34:34.197+0200: 687.210: Total time for which application threads were stopped: 0.0003733 seconds, Stopping threads took: 0.0001041 seconds
2019-05-25T18:35:06.624+0200: 719.637: Total time for which application threads were stopped: 0.0001365 seconds, Stopping threads took: 0.0000329 seconds
2019-05-25T18:35:06.625+0200: 719.638: Total time for which application threads were stopped: 0.0001587 seconds, Stopping threads took: 0.0000307 seconds
2019-05-25T18:35:06.626+0200: 719.638: Total time for which application threads were stopped: 0.0001062 seconds, Stopping threads took: 0.0000183 seconds
2019-05-25T18:35:06.628+0200: 719.641: Total time for which application threads were stopped: 0.0001545 seconds, Stopping threads took: 0.0000474 seconds
2019-05-25T18:35:06.628+0200: 719.641: Total time for which application threads were stopped: 0.0000986 seconds, Stopping threads took: 0.0000179 seconds
2019-05-25T18:35:06.628+0200: 719.641: Total time for which application threads were stopped: 0.0000853 seconds, Stopping threads took: 0.0000158 seconds
2019-05-25T18:35:06.629+0200: 719.642: Total time for which application threads were stopped: 0.0001088 seconds, Stopping threads took: 0.0000175 seconds
2019-05-25T18:35:06.631+0200: 719.644: Total time for which application threads were stopped: 0.0001382 seconds, Stopping threads took: 0.0000341 seconds
2019-05-25T18:35:06.631+0200: 719.644: Total time for which application threads were stopped: 0.0001033 seconds, Stopping threads took: 0.0000209 seconds
2019-05-25T18:35:06.632+0200: 719.644: Total time for which application threads were stopped: 0.0001020 seconds, Stopping threads took: 0.0000209 seconds
2019-05-25T18:35:06.633+0200: 719.645: Total time for which application threads were stopped: 0.0001587 seconds, Stopping threads took: 0.0000572 seconds
2019-05-25T18:35:06.656+0200: 719.668: Total time for which application threads were stopped: 0.0008525 seconds, Stopping threads took: 0.0000503 seconds
2019-05-25T18:35:06.662+0200: 719.674: Total time for which application threads were stopped: 0.0001865 seconds, Stopping threads took: 0.0000619 seconds
2019-05-25T18:35:06.662+0200: 719.675: Total time for which application threads were stopped: 0.0003443 seconds, Stopping threads took: 0.0000375 seconds
2019-05-25T18:35:06.663+0200: 719.675: Total time for which application threads were stopped: 0.0002010 seconds, Stopping threads took: 0.0001118 seconds
2019-05-25T18:35:06.664+0200: 719.676: Total time for which application threads were stopped: 0.0001485 seconds, Stopping threads took: 0.0000491 seconds
2019-05-25T18:35:06.738+0200: 719.751: Total time for which application threads were stopped: 0.0007863 seconds, Stopping threads took: 0.0000469 seconds
2019-05-25T18:35:06.799+0200: 719.812: Total time for which application threads were stopped: 0.0002342 seconds, Stopping threads took: 0.0000606 seconds
2019-05-25T18:35:06.799+0200: 719.812: Total time for which application threads were stopped: 0.0001545 seconds, Stopping threads took: 0.0000384 seconds
2019-05-25T18:35:06.801+0200: 719.814: Total time for which application threads were stopped: 0.0001830 seconds, Stopping threads took: 0.0000559 seconds
2019-05-25T18:35:06.803+0200: 719.816: Total time for which application threads were stopped: 0.0001980 seconds, Stopping threads took: 0.0000559 seconds
2019-05-25T18:35:06.804+0200: 719.816: Total time for which application threads were stopped: 0.0001446 seconds, Stopping threads took: 0.0000282 seconds
2019-05-25T18:35:06.804+0200: 719.817: Total time for which application threads were stopped: 0.0001643 seconds, Stopping threads took: 0.0000337 seconds
2019-05-25T18:35:06.814+0200: 719.827: Total time for which application threads were stopped: 0.0001860 seconds, Stopping threads took: 0.0000555 seconds
2019-05-25T18:35:06.814+0200: 719.827: Total time for which application threads were stopped: 0.0001314 seconds, Stopping threads took: 0.0000290 seconds
2019-05-25T18:35:06.815+0200: 719.828: Total time for which application threads were stopped: 0.0002074 seconds, Stopping threads took: 0.0000610 seconds
2019-05-25T18:35:06.818+0200: 719.830: Total time for which application threads were stopped: 0.0001724 seconds, Stopping threads took: 0.0000439 seconds
2019-05-25T18:35:06.818+0200: 719.831: Total time for which application threads were stopped: 0.0001442 seconds, Stopping threads took: 0.0000346 seconds
2019-05-25T18:35:06.819+0200: 719.831: Total time for which application threads were stopped: 0.0001694 seconds, Stopping threads took: 0.0000439 seconds
2019-05-25T18:35:06.823+0200: 719.835: Total time for which application threads were stopped: 0.0001877 seconds, Stopping threads took: 0.0000538 seconds
2019-05-25T18:35:06.824+0200: 719.836: Total time for which application threads were stopped: 0.0002010 seconds, Stopping threads took: 0.0000516 seconds
2019-05-25T18:35:06.824+0200: 719.837: Total time for which application threads were stopped: 0.0002014 seconds, Stopping threads took: 0.0000670 seconds
2019-05-25T18:35:06.850+0200: 719.862: Total time for which application threads were stopped: 0.0001933 seconds, Stopping threads took: 0.0000452 seconds
2019-05-25T18:35:06.850+0200: 719.862: Total time for which application threads were stopped: 0.0001549 seconds, Stopping threads took: 0.0000324 seconds
2019-05-25T18:35:06.887+0200: 719.900: Total time for which application threads were stopped: 0.0002466 seconds, Stopping threads took: 0.0000653 seconds
2019-05-25T18:35:06.888+0200: 719.900: Total time for which application threads were stopped: 0.0001630 seconds, Stopping threads took: 0.0000461 seconds
2019-05-25T18:35:06.888+0200: 719.900: Total time for which application threads were stopped: 0.0001476 seconds, Stopping threads took: 0.0000602 seconds
2019-05-25T18:35:06.895+0200: 719.908: Total time for which application threads were stopped: 0.0002138 seconds, Stopping threads took: 0.0000482 seconds
2019-05-25T18:35:06.954+0200: 719.966: Total time for which application threads were stopped: 0.0008666 seconds, Stopping threads took: 0.0000431 seconds
2019-05-25T18:35:06.956+0200: 719.968: Total time for which application threads were stopped: 0.0001604 seconds, Stopping threads took: 0.0000482 seconds
2019-05-25T18:35:06.956+0200: 719.968: Total time for which application threads were stopped: 0.0001015 seconds, Stopping threads took: 0.0000222 seconds
2019-05-25T18:35:06.956+0200: 719.969: Total time for which application threads were stopped: 0.0001109 seconds, Stopping threads took: 0.0000222 seconds
2019-05-25T18:35:06.962+0200: 719.974: Total time for which application threads were stopped: 0.0001758 seconds, Stopping threads took: 0.0000431 seconds
2019-05-25T18:35:06.962+0200: 719.974: Total time for which application threads were stopped: 0.0001331 seconds, Stopping threads took: 0.0000294 seconds
2019-05-25T18:35:06.962+0200: 719.975: Total time for which application threads were stopped: 0.0001993 seconds, Stopping threads took: 0.0000405 seconds
2019-05-25T18:35:07.008+0200: 720.020: Total time for which application threads were stopped: 0.0002057 seconds, Stopping threads took: 0.0000405 seconds
2019-05-25T18:35:07.008+0200: 720.020: Total time for which application threads were stopped: 0.0001318 seconds, Stopping threads took: 0.0000299 seconds
2019-05-25T18:35:07.008+0200: 720.021: Total time for which application threads were stopped: 0.0001545 seconds, Stopping threads took: 0.0000299 seconds
2019-05-25T18:35:07.015+0200: 720.028: Total time for which application threads were stopped: 0.0002086 seconds, Stopping threads took: 0.0000691 seconds
2019-05-25T18:35:07.015+0200: 720.028: Total time for which application threads were stopped: 0.0001446 seconds, Stopping threads took: 0.0000410 seconds
2019-05-25T18:35:07.016+0200: 720.028: Total time for which application threads were stopped: 0.0001472 seconds, Stopping threads took: 0.0000265 seconds
2019-05-25T18:35:07.023+0200: 720.036: Total time for which application threads were stopped: 0.0001745 seconds, Stopping threads took: 0.0000491 seconds
2019-05-25T18:35:07.024+0200: 720.036: Total time for which application threads were stopped: 0.0001353 seconds, Stopping threads took: 0.0000260 seconds
2019-05-25T18:35:07.024+0200: 720.037: Total time for which application threads were stopped: 0.0001459 seconds, Stopping threads took: 0.0000452 seconds
2019-05-25T18:35:07.055+0200: 720.068: Total time for which application threads were stopped: 0.0008636 seconds, Stopping threads took: 0.0000418 seconds
2019-05-25T18:35:07.076+0200: 720.088: Total time for which application threads were stopped: 0.0001455 seconds, Stopping threads took: 0.0000444 seconds
2019-05-25T18:35:07.076+0200: 720.088: Total time for which application threads were stopped: 0.0000951 seconds, Stopping threads took: 0.0000201 seconds
2019-05-25T18:35:07.076+0200: 720.089: Total time for which application threads were stopped: 0.0001045 seconds, Stopping threads took: 0.0000230 seconds
2019-05-25T18:35:07.100+0200: 720.112: Total time for which application threads were stopped: 0.0001894 seconds, Stopping threads took: 0.0000499 seconds
2019-05-25T18:35:07.100+0200: 720.112: Total time for which application threads were stopped: 0.0000986 seconds, Stopping threads took: 0.0000222 seconds
2019-05-25T18:35:07.101+0200: 720.114: Total time for which application threads were stopped: 0.0001481 seconds, Stopping threads took: 0.0000422 seconds
2019-05-25T18:35:07.103+0200: 720.115: Total time for which application threads were stopped: 0.0005457 seconds, Stopping threads took: 0.0000759 seconds
2019-05-25T18:35:07.103+0200: 720.115: Total time for which application threads were stopped: 0.0001233 seconds, Stopping threads took: 0.0000367 seconds
2019-05-25T18:35:07.103+0200: 720.116: Total time for which application threads were stopped: 0.0001472 seconds, Stopping threads took: 0.0000282 seconds
2019-05-25T18:35:07.116+0200: 720.128: Total time for which application threads were stopped: 0.0001783 seconds, Stopping threads took: 0.0000516 seconds
2019-05-25T18:35:07.116+0200: 720.129: Total time for which application threads were stopped: 0.0001395 seconds, Stopping threads took: 0.0000380 seconds
2019-05-25T18:35:07.125+0200: 720.137: Total time for which application threads were stopped: 0.0002086 seconds, Stopping threads took: 0.0000495 seconds
2019-05-25T18:35:07.125+0200: 720.137: Total time for which application threads were stopped: 0.0001446 seconds, Stopping threads took: 0.0000363 seconds
2019-05-25T18:35:07.140+0200: 720.152: Total time for which application threads were stopped: 0.0003981 seconds, Stopping threads took: 0.0000316 seconds
2019-05-25T18:35:07.140+0200: 720.153: Total time for which application threads were stopped: 0.0003081 seconds, Stopping threads took: 0.0000222 seconds
{Heap before GC invocations=27 (full 2):
 par new generation   total 109248K, used 96244K [0x00000000e0000000, 0x00000000e8000000, 0x00000000e8000000)
  eden space 87424K, 100% used [0x00000000e0000000, 0x00000000e5560000, 0x00000000e5560000)
  from space 21824K,  40% used [0x00000000e6ab0000, 0x00000000e734d1f8, 0x00000000e8000000)
  to   space 21824K,   0% used [0x00000000e5560000, 0x00000000e5560000, 0x00000000e6ab0000)
 concurrent mark-sweep generation total 393216K, used 25406K [0x00000000e8000000, 0x0000000100000000, 0x0000000100000000)
 Metaspace       used 49155K, capacity 51122K, committed 51372K, reserved 1093632K
  class space    used 5912K, capacity 6338K, committed 6420K, reserved 1048576K
2019-05-25T18:35:07.290+0200: 720.302: [GC (Allocation Failure) 2019-05-25T18:35:07.290+0200: 720.302: [ParNew
Desired survivor size 20112992 bytes, new threshold 8 (max 8)
- age   1:    6441512 bytes,    6441512 total
- age   2:     964336 bytes,    7405848 total
- age   3:     462480 bytes,    7868328 total
- age   4:     263672 bytes,    8132000 total
- age   5:     846920 bytes,    8978920 total
- age   6:     596640 bytes,    9575560 total
- age   7:     135272 bytes,    9710832 total
- age   8:     737560 bytes,   10448392 total
: 96244K->11909K(109248K), 0.0174153 secs] 121650K->39495K(502464K), 0.0175275 secs] [Times: user=0.06 sys=0.00, real=0.02 secs] 
Heap after GC invocations=28 (full 2):
 par new generation   total 109248K, used 11909K [0x00000000e0000000, 0x00000000e8000000, 0x00000000e8000000)
  eden space 87424K,   0% used [0x00000000e0000000, 0x00000000e0000000, 0x00000000e5560000)
  from space 21824K,  54% used [0x00000000e5560000, 0x00000000e6101450, 0x00000000e6ab0000)
  to   space 21824K,   0% used [0x00000000e6ab0000, 0x00000000e6ab0000, 0x00000000e8000000)
 concurrent mark-sweep generation total 393216K, used 27586K [0x00000000e8000000, 0x0000000100000000, 0x0000000100000000)
 Metaspace       used 49155K, capacity 51122K, committed 51372K, reserved 1093632K
  class space    used 5912K, capacity 6338K, committed 6420K, reserved 1048576K
}
2019-05-25T18:35:07.307+0200: 720.320: Total time for which application threads were stopped: 0.0179281 seconds, Stopping threads took: 0.0000346 seconds
2019-05-25T18:35:07.309+0200: 720.321: Total time for which application threads were stopped: 0.0008119 seconds, Stopping threads took: 0.0000469 seconds
2019-05-25T18:35:07.335+0200: 720.348: Total time for which application threads were stopped: 0.0007962 seconds, Stopping threads took: 0.0000397 seconds
2019-05-25T18:35:07.337+0200: 720.349: Total time for which application threads were stopped: 0.0007753 seconds, Stopping threads took: 0.0000333 seconds
2019-05-25T18:35:08.338+0200: 721.350: Total time for which application threads were stopped: 0.0003042 seconds, Stopping threads took: 0.0000414 seconds
2019-05-25T18:35:08.580+0200: 721.592: Total time for which application threads were stopped: 0.0001809 seconds, Stopping threads took: 0.0000346 seconds
2019-05-25T18:35:08.592+0200: 721.604: Total time for which application threads were stopped: 0.0007381 seconds, Stopping threads took: 0.0000393 seconds
2019-05-25T18:35:09.592+0200: 722.604: Total time for which application threads were stopped: 0.0002095 seconds, Stopping threads took: 0.0000589 seconds
{Heap before GC invocations=28 (full 2):
 par new generation   total 109248K, used 99333K [0x00000000e0000000, 0x00000000e8000000, 0x00000000e8000000)
  eden space 87424K, 100% used [0x00000000e0000000, 0x00000000e5560000, 0x00000000e5560000)
  from space 21824K,  54% used [0x00000000e5560000, 0x00000000e6101450, 0x00000000e6ab0000)
  to   space 21824K,   0% used [0x00000000e6ab0000, 0x00000000e6ab0000, 0x00000000e8000000)
 concurrent mark-sweep generation total 393216K, used 27586K [0x00000000e8000000, 0x0000000100000000, 0x0000000100000000)
 Metaspace       used 50815K, capacity 52758K, committed 53036K, reserved 1095680K
  class space    used 6074K, capacity 6500K, committed 6548K, reserved 1048576K
2019-05-25T18:35:10.369+0200: 723.382: [GC (Allocation Failure) 2019-05-25T18:35:10.369+0200: 723.382: [ParNew
Desired survivor size 20112992 bytes, new threshold 3 (max 8)
- age   1:   15941040 bytes,   15941040 total
- age   2:    4015864 bytes,   19956904 total
- age   3:     964336 bytes,   20921240 total
- age   4:     462480 bytes,   21383720 total
- age   5:     263576 bytes,   21647296 total
- age   6:     679872 bytes,   22327168 total
- age   7:       5024 bytes,   22332192 total
- age   8:       3616 bytes,   22335808 total
: 99333K->21824K(109248K), 0.0721836 secs] 126919K->95994K(502464K), 0.0723000 secs] [Times: user=0.08 sys=0.06, real=0.07 secs] 
Heap after GC invocations=29 (full 2):
 par new generation   total 109248K, used 21824K [0x00000000e0000000, 0x00000000e8000000, 0x00000000e8000000)
  eden space 87424K,   0% used [0x00000000e0000000, 0x00000000e0000000, 0x00000000e5560000)
  from space 21824K, 100% used [0x00000000e6ab0000, 0x00000000e8000000, 0x00000000e8000000)
  to   space 21824K,   0% used [0x00000000e5560000, 0x00000000e5560000, 0x00000000e6ab0000)
 concurrent mark-sweep generation total 393216K, used 74170K [0x00000000e8000000, 0x0000000100000000, 0x0000000100000000)
 Metaspace       used 50815K, capacity 52758K, committed 53036K, reserved 1095680K
  class space    used 6074K, capacity 6500K, committed 6548K, reserved 1048576K
}
2019-05-25T18:35:10.441+0200: 723.454: Total time for which application threads were stopped: 0.0726614 seconds, Stopping threads took: 0.0000687 seconds
2019-05-25T18:35:10.442+0200: 723.454: Total time for which application threads were stopped: 0.0002206 seconds, Stopping threads took: 0.0000585 seconds
2019-05-25T18:35:10.603+0200: 723.615: Total time for which application threads were stopped: 0.0009668 seconds, Stopping threads took: 0.0000405 seconds
2019-05-25T18:35:10.605+0200: 723.618: Total time for which application threads were stopped: 0.0010031 seconds, Stopping threads took: 0.0000495 seconds
2019-05-25T18:35:11.011+0200: 724.023: Total time for which application threads were stopped: 0.0002628 seconds, Stopping threads took: 0.0000435 seconds
2019-05-25T18:35:11.133+0200: 724.145: Total time for which application threads were stopped: 0.0010850 seconds, Stopping threads took: 0.0000589 seconds
{Heap before GC invocations=29 (full 2):
 par new generation   total 109248K, used 109248K [0x00000000e0000000, 0x00000000e8000000, 0x00000000e8000000)
  eden space 87424K, 100% used [0x00000000e0000000, 0x00000000e5560000, 0x00000000e5560000)
  from space 21824K, 100% used [0x00000000e6ab0000, 0x00000000e8000000, 0x00000000e8000000)
  to   space 21824K,   0% used [0x00000000e5560000, 0x00000000e5560000, 0x00000000e6ab0000)
 concurrent mark-sweep generation total 393216K, used 74170K [0x00000000e8000000, 0x0000000100000000, 0x0000000100000000)
 Metaspace       used 53008K, capacity 55000K, committed 55340K, reserved 1097728K
  class space    used 6278K, capacity 6731K, committed 6804K, reserved 1048576K
2019-05-25T18:35:11.670+0200: 724.683: [GC (Allocation Failure) 2019-05-25T18:35:11.670+0200: 724.683: [ParNew
Desired survivor size 20112992 bytes, new threshold 3 (max 8)
- age   1:    7190672 bytes,    7190672 total
- age   2:   11138728 bytes,   18329400 total
- age   3:    4008336 bytes,   22337736 total
: 109248K->21824K(109248K), 0.0264581 secs] 183418K->101977K(502464K), 0.0265916 secs] [Times: user=0.05 sys=0.03, real=0.03 secs] 
Heap after GC invocations=30 (full 2):
 par new generation   total 109248K, used 21824K [0x00000000e0000000, 0x00000000e8000000, 0x00000000e8000000)
  eden space 87424K,   0% used [0x00000000e0000000, 0x00000000e0000000, 0x00000000e5560000)
  from space 21824K, 100% used [0x00000000e5560000, 0x00000000e6ab0000, 0x00000000e6ab0000)
  to   space 21824K,   0% used [0x00000000e6ab0000, 0x00000000e6ab0000, 0x00000000e8000000)
 concurrent mark-sweep generation total 393216K, used 80153K [0x00000000e8000000, 0x0000000100000000, 0x0000000100000000)
 Metaspace       used 53008K, capacity 55000K, committed 55340K, reserved 1097728K
  class space    used 6278K, capacity 6731K, committed 6804K, reserved 1048576K
}
2019-05-25T18:35:11.697+0200: 724.709: Total time for which application threads were stopped: 0.0271173 seconds, Stopping threads took: 0.0000478 seconds
2019-05-25T18:35:11.698+0200: 724.710: Total time for which application threads were stopped: 0.0002586 seconds, Stopping threads took: 0.0000499 seconds
2019-05-25T18:35:11.698+0200: 724.710: Total time for which application threads were stopped: 0.0002321 seconds, Stopping threads took: 0.0000435 seconds
2019-05-25T18:35:11.698+0200: 724.710: Total time for which application threads were stopped: 0.0002206 seconds, Stopping threads took: 0.0000350 seconds
2019-05-25T18:35:11.698+0200: 724.711: Total time for which application threads were stopped: 0.0001993 seconds, Stopping threads took: 0.0000410 seconds
2019-05-25T18:35:11.699+0200: 724.711: Total time for which application threads were stopped: 0.0001783 seconds, Stopping threads took: 0.0000243 seconds
2019-05-25T18:35:11.699+0200: 724.711: Total time for which application threads were stopped: 0.0002705 seconds, Stopping threads took: 0.0000384 seconds
2019-05-25T18:35:11.699+0200: 724.711: Total time for which application threads were stopped: 0.0002581 seconds, Stopping threads took: 0.0000538 seconds
2019-05-25T18:35:11.700+0200: 724.712: Total time for which application threads were stopped: 0.0002398 seconds, Stopping threads took: 0.0000452 seconds
2019-05-25T18:35:11.700+0200: 724.712: Total time for which application threads were stopped: 0.0001847 seconds, Stopping threads took: 0.0000235 seconds
2019-05-25T18:35:11.700+0200: 724.712: Total time for which application threads were stopped: 0.0002389 seconds, Stopping threads took: 0.0000354 seconds
2019-05-25T18:35:11.700+0200: 724.713: Total time for which application threads were stopped: 0.0001980 seconds, Stopping threads took: 0.0000290 seconds
2019-05-25T18:35:11.701+0200: 724.713: Total time for which application threads were stopped: 0.0002731 seconds, Stopping threads took: 0.0000670 seconds
2019-05-25T18:35:11.701+0200: 724.713: Total time for which application threads were stopped: 0.0002223 seconds, Stopping threads took: 0.0000311 seconds
2019-05-25T18:35:11.701+0200: 724.713: Total time for which application threads were stopped: 0.0002368 seconds, Stopping threads took: 0.0000269 seconds
2019-05-25T18:35:11.701+0200: 724.714: Total time for which application threads were stopped: 0.0001980 seconds, Stopping threads took: 0.0000256 seconds
2019-05-25T18:35:11.701+0200: 724.714: Total time for which application threads were stopped: 0.0002014 seconds, Stopping threads took: 0.0000303 seconds
2019-05-25T18:35:11.702+0200: 724.715: Total time for which application threads were stopped: 0.0005180 seconds, Stopping threads took: 0.0002999 seconds
2019-05-25T18:35:11.702+0200: 724.715: Total time for which application threads were stopped: 0.0002163 seconds, Stopping threads took: 0.0000311 seconds
2019-05-25T18:35:11.703+0200: 724.715: Total time for which application threads were stopped: 0.0001958 seconds, Stopping threads took: 0.0000350 seconds
2019-05-25T18:35:11.703+0200: 724.716: Total time for which application threads were stopped: 0.0004685 seconds, Stopping threads took: 0.0000235 seconds
{Heap before GC invocations=30 (full 2):
 par new generation   total 109248K, used 109248K [0x00000000e0000000, 0x00000000e8000000, 0x00000000e8000000)
  eden space 87424K, 100% used [0x00000000e0000000, 0x00000000e5560000, 0x00000000e5560000)
  from space 21824K, 100% used [0x00000000e5560000, 0x00000000e6ab0000, 0x00000000e6ab0000)
  to   space 21824K,   0% used [0x00000000e6ab0000, 0x00000000e6ab0000, 0x00000000e8000000)
 concurrent mark-sweep generation total 393216K, used 80153K [0x00000000e8000000, 0x0000000100000000, 0x0000000100000000)
 Metaspace       used 53018K, capacity 55002K, committed 55340K, reserved 1097728K
  class space    used 6278K, capacity 6732K, committed 6804K, reserved 1048576K
2019-05-25T18:35:12.438+0200: 725.451: [GC (Allocation Failure) 2019-05-25T18:35:12.438+0200: 725.451: [ParNew
Desired survivor size 20112992 bytes, new threshold 8 (max 8)
- age   1:     501232 bytes,     501232 total
- age   2:    4281552 bytes,    4782784 total
- age   3:     459728 bytes,    5242512 total
: 109248K->20981K(109248K), 0.0167552 secs] 189401K->105128K(502464K), 0.0168448 secs] [Times: user=0.06 sys=0.00, real=0.02 secs] 
Heap after GC invocations=31 (full 2):
 par new generation   total 109248K, used 20981K [0x00000000e0000000, 0x00000000e8000000, 0x00000000e8000000)
  eden space 87424K,   0% used [0x00000000e0000000, 0x00000000e0000000, 0x00000000e5560000)
  from space 21824K,  96% used [0x00000000e6ab0000, 0x00000000e7f2d6e0, 0x00000000e8000000)
  to   space 21824K,   0% used [0x00000000e5560000, 0x00000000e5560000, 0x00000000e6ab0000)
 concurrent mark-sweep generation total 393216K, used 84146K [0x00000000e8000000, 0x0000000100000000, 0x0000000100000000)
 Metaspace       used 53018K, capacity 55002K, committed 55340K, reserved 1097728K
  class space    used 6278K, capacity 6732K, committed 6804K, reserved 1048576K
}
2019-05-25T18:35:12.455+0200: 725.467: Total time for which application threads were stopped: 0.0173952 seconds, Stopping threads took: 0.0000371 seconds
2019-05-25T18:35:12.672+0200: 725.685: Total time for which application threads were stopped: 0.0003426 seconds, Stopping threads took: 0.0000747 seconds
{Heap before GC invocations=31 (full 2):
 par new generation   total 109248K, used 108392K [0x00000000e0000000, 0x00000000e8000000, 0x00000000e8000000)
  eden space 87424K,  99% used [0x00000000e0000000, 0x00000000e555c9e0, 0x00000000e5560000)
  from space 21824K,  96% used [0x00000000e6ab0000, 0x00000000e7f2d6e0, 0x00000000e8000000)
  to   space 21824K,   0% used [0x00000000e5560000, 0x00000000e5560000, 0x00000000e6ab0000)
 concurrent mark-sweep generation total 393216K, used 84146K [0x00000000e8000000, 0x0000000100000000, 0x0000000100000000)
 Metaspace       used 53203K, capacity 55142K, committed 55596K, reserved 1097728K
  class space    used 6303K, capacity 6734K, committed 6804K, reserved 1048576K
2019-05-25T18:35:12.703+0200: 725.716: [GC (Allocation Failure) 2019-05-25T18:35:12.703+0200: 725.716: [ParNew
Desired survivor size 20112992 bytes, new threshold 8 (max 8)
- age   1:    1985328 bytes,    1985328 total
- age   2:      16848 bytes,    2002176 total
- age   3:    4280912 bytes,    6283088 total
- age   4:     459696 bytes,    6742784 total
: 108392K->7356K(109248K), 0.0107123 secs] 192538K->91503K(502464K), 0.0108348 secs] [Times: user=0.06 sys=0.00, real=0.01 secs] 
Heap after GC invocations=32 (full 2):
 par new generation   total 109248K, used 7356K [0x00000000e0000000, 0x00000000e8000000, 0x00000000e8000000)
  eden space 87424K,   0% used [0x00000000e0000000, 0x00000000e0000000, 0x00000000e5560000)
  from space 21824K,  33% used [0x00000000e5560000, 0x00000000e5c8f2e0, 0x00000000e6ab0000)
  to   space 21824K,   0% used [0x00000000e6ab0000, 0x00000000e6ab0000, 0x00000000e8000000)
 concurrent mark-sweep generation total 393216K, used 84146K [0x00000000e8000000, 0x0000000100000000, 0x0000000100000000)
 Metaspace       used 53203K, capacity 55142K, committed 55596K, reserved 1097728K
  class space    used 6303K, capacity 6734K, committed 6804K, reserved 1048576K
}
2019-05-25T18:35:12.714+0200: 725.727: Total time for which application threads were stopped: 0.0114599 seconds, Stopping threads took: 0.0002906 seconds
2019-05-25T18:35:12.723+0200: 725.735: Total time for which application threads were stopped: 0.0003230 seconds, Stopping threads took: 0.0001323 seconds
2019-05-25T18:35:12.757+0200: 725.770: Total time for which application threads were stopped: 0.0002526 seconds, Stopping threads took: 0.0000764 seconds
{Heap before GC invocations=32 (full 2):
 par new generation   total 109248K, used 94780K [0x00000000e0000000, 0x00000000e8000000, 0x00000000e8000000)
  eden space 87424K, 100% used [0x00000000e0000000, 0x00000000e5560000, 0x00000000e5560000)
  from space 21824K,  33% used [0x00000000e5560000, 0x00000000e5c8f2e0, 0x00000000e6ab0000)
  to   space 21824K,   0% used [0x00000000e6ab0000, 0x00000000e6ab0000, 0x00000000e8000000)
 concurrent mark-sweep generation total 393216K, used 84146K [0x00000000e8000000, 0x0000000100000000, 0x0000000100000000)
 Metaspace       used 53597K, capacity 55590K, committed 55852K, reserved 1097728K
  class space    used 6347K, capacity 6798K, committed 6804K, reserved 1048576K
2019-05-25T18:35:12.813+0200: 725.825: [GC (Allocation Failure) 2019-05-25T18:35:12.813+0200: 725.825: [ParNew
Desired survivor size 20112992 bytes, new threshold 8 (max 8)
- age   1:    4919512 bytes,    4919512 total
- age   2:    1368456 bytes,    6287968 total
- age   3:      16848 bytes,    6304816 total
- age   4:    4280880 bytes,   10585696 total
- age   5:     459696 bytes,   11045392 total
: 94780K->14995K(109248K), 0.0095411 secs] 178927K->99142K(502464K), 0.0096917 secs] [Times: user=0.06 sys=0.00, real=0.01 secs] 
Heap after GC invocations=33 (full 2):
 par new generation   total 109248K, used 14995K [0x00000000e0000000, 0x00000000e8000000, 0x00000000e8000000)
  eden space 87424K,   0% used [0x00000000e0000000, 0x00000000e0000000, 0x00000000e5560000)
  from space 21824K,  68% used [0x00000000e6ab0000, 0x00000000e7954f90, 0x00000000e8000000)
  to   space 21824K,   0% used [0x00000000e5560000, 0x00000000e5560000, 0x00000000e6ab0000)
 concurrent mark-sweep generation total 393216K, used 84146K [0x00000000e8000000, 0x0000000100000000, 0x0000000100000000)
 Metaspace       used 53597K, capacity 55590K, committed 55852K, reserved 1097728K
  class space    used 6347K, capacity 6798K, committed 6804K, reserved 1048576K
}
2019-05-25T18:35:12.822+0200: 725.835: Total time for which application threads were stopped: 0.0101978 seconds, Stopping threads took: 0.0001553 seconds
2019-05-25T18:35:12.840+0200: 725.853: Total time for which application threads were stopped: 0.0006187 seconds, Stopping threads took: 0.0004198 seconds
2019-05-25T18:35:12.845+0200: 725.858: Total time for which application threads were stopped: 0.0011465 seconds, Stopping threads took: 0.0000738 seconds
2019-05-25T18:35:12.847+0200: 725.860: Total time for which application threads were stopped: 0.0011430 seconds, Stopping threads took: 0.0000606 seconds
2019-05-25T18:35:12.856+0200: 725.869: Total time for which application threads were stopped: 0.0010291 seconds, Stopping threads took: 0.0000623 seconds
2019-05-25T18:35:12.862+0200: 725.875: Total time for which application threads were stopped: 0.0019089 seconds, Stopping threads took: 0.0017169 seconds
2019-05-25T18:35:12.862+0200: 725.875: Total time for which application threads were stopped: 0.0001754 seconds, Stopping threads took: 0.0000435 seconds
2019-05-25T18:35:12.878+0200: 725.890: Total time for which application threads were stopped: 0.0002739 seconds, Stopping threads took: 0.0000640 seconds
2019-05-25T18:35:12.920+0200: 725.933: Total time for which application threads were stopped: 0.0068966 seconds, Stopping threads took: 0.0064696 seconds
2019-05-25T18:35:12.923+0200: 725.935: Total time for which application threads were stopped: 0.0013722 seconds, Stopping threads took: 0.0011725 seconds
2019-05-25T18:35:12.923+0200: 725.935: Total time for which application threads were stopped: 0.0002253 seconds, Stopping threads took: 0.0000427 seconds
2019-05-25T18:35:12.925+0200: 725.937: Total time for which application threads were stopped: 0.0015313 seconds, Stopping threads took: 0.0013269 seconds
2019-05-25T18:35:12.925+0200: 725.938: Total time for which application threads were stopped: 0.0002146 seconds, Stopping threads took: 0.0000414 seconds
2019-05-25T18:35:12.985+0200: 725.997: Total time for which application threads were stopped: 0.0107964 seconds, Stopping threads took: 0.0105771 seconds
2019-05-25T18:35:13.058+0200: 726.070: Total time for which application threads were stopped: 0.0002368 seconds, Stopping threads took: 0.0000499 seconds
2019-05-25T18:35:13.139+0200: 726.152: Total time for which application threads were stopped: 0.0002603 seconds, Stopping threads took: 0.0000478 seconds
2019-05-25T18:35:13.140+0200: 726.152: Total time for which application threads were stopped: 0.0002658 seconds, Stopping threads took: 0.0000512 seconds
2019-05-25T18:35:13.141+0200: 726.153: Total time for which application threads were stopped: 0.0002534 seconds, Stopping threads took: 0.0000457 seconds
2019-05-25T18:35:13.141+0200: 726.154: Total time for which application threads were stopped: 0.0002163 seconds, Stopping threads took: 0.0000273 seconds
2019-05-25T18:35:13.141+0200: 726.154: Total time for which application threads were stopped: 0.0001293 seconds, Stopping threads took: 0.0000192 seconds
2019-05-25T18:35:13.142+0200: 726.155: Total time for which application threads were stopped: 0.0007625 seconds, Stopping threads took: 0.0005722 seconds
2019-05-25T18:35:13.143+0200: 726.155: Total time for which application threads were stopped: 0.0002441 seconds, Stopping threads took: 0.0000576 seconds
2019-05-25T18:35:13.143+0200: 726.156: Total time for which application threads were stopped: 0.0001984 seconds, Stopping threads took: 0.0000256 seconds
2019-05-25T18:35:13.143+0200: 726.156: Total time for which application threads were stopped: 0.0001591 seconds, Stopping threads took: 0.0000235 seconds
2019-05-25T18:35:13.144+0200: 726.156: Total time for which application threads were stopped: 0.0002436 seconds, Stopping threads took: 0.0001182 seconds
2019-05-25T18:35:13.144+0200: 726.157: Total time for which application threads were stopped: 0.0001950 seconds, Stopping threads took: 0.0000226 seconds
2019-05-25T18:35:13.144+0200: 726.157: Total time for which application threads were stopped: 0.0001267 seconds, Stopping threads took: 0.0000213 seconds
2019-05-25T18:35:13.145+0200: 726.157: Total time for which application threads were stopped: 0.0002057 seconds, Stopping threads took: 0.0000196 seconds
2019-05-25T18:35:13.145+0200: 726.158: Total time for which application threads were stopped: 0.0001937 seconds, Stopping threads took: 0.0000294 seconds
2019-05-25T18:35:13.145+0200: 726.158: Total time for which application threads were stopped: 0.0001711 seconds, Stopping threads took: 0.0000213 seconds
2019-05-25T18:35:13.145+0200: 726.158: Total time for which application threads were stopped: 0.0001165 seconds, Stopping threads took: 0.0000201 seconds
2019-05-25T18:35:13.146+0200: 726.158: Total time for which application threads were stopped: 0.0001681 seconds, Stopping threads took: 0.0000303 seconds
2019-05-25T18:35:13.146+0200: 726.158: Total time for which application threads were stopped: 0.0001788 seconds, Stopping threads took: 0.0000363 seconds
2019-05-25T18:35:13.146+0200: 726.159: Total time for which application threads were stopped: 0.0001468 seconds, Stopping threads took: 0.0000371 seconds
2019-05-25T18:35:13.146+0200: 726.159: Total time for which application threads were stopped: 0.0001626 seconds, Stopping threads took: 0.0000465 seconds
2019-05-25T18:35:13.147+0200: 726.159: Total time for which application threads were stopped: 0.0004335 seconds, Stopping threads took: 0.0000371 seconds
2019-05-25T18:35:13.566+0200: 726.578: Total time for which application threads were stopped: 0.0005210 seconds, Stopping threads took: 0.0002317 seconds
2019-05-25T18:35:13.844+0200: 726.856: Total time for which application threads were stopped: 0.0011290 seconds, Stopping threads took: 0.0000661 seconds
{Heap before GC invocations=33 (full 2):
 par new generation   total 109248K, used 102419K [0x00000000e0000000, 0x00000000e8000000, 0x00000000e8000000)
  eden space 87424K, 100% used [0x00000000e0000000, 0x00000000e5560000, 0x00000000e5560000)
  from space 21824K,  68% used [0x00000000e6ab0000, 0x00000000e7954f90, 0x00000000e8000000)
  to   space 21824K,   0% used [0x00000000e5560000, 0x00000000e5560000, 0x00000000e6ab0000)
 concurrent mark-sweep generation total 393216K, used 84146K [0x00000000e8000000, 0x0000000100000000, 0x0000000100000000)
 Metaspace       used 58602K, capacity 60562K, committed 60972K, reserved 1103872K
  class space    used 6866K, capacity 7292K, committed 7316K, reserved 1048576K
2019-05-25T18:35:14.169+0200: 727.181: [GC (Allocation Failure) 2019-05-25T18:35:14.169+0200: 727.182: [ParNew
Desired survivor size 20112992 bytes, new threshold 8 (max 8)
- age   1:    8584632 bytes,    8584632 total
- age   2:    4433280 bytes,   13017912 total
- age   3:     744632 bytes,   13762544 total
- age   4:      16592 bytes,   13779136 total
- age   5:    4267744 bytes,   18046880 total
- age   6:     458576 bytes,   18505456 total
: 102419K->20293K(109248K), 0.0140672 secs] 186566K->104440K(502464K), 0.0142003 secs] [Times: user=0.06 sys=0.00, real=0.01 secs] 
Heap after GC invocations=34 (full 2):
 par new generation   total 109248K, used 20293K [0x00000000e0000000, 0x00000000e8000000, 0x00000000e8000000)
  eden space 87424K,   0% used [0x00000000e0000000, 0x00000000e0000000, 0x00000000e5560000)
  from space 21824K,  92% used [0x00000000e5560000, 0x00000000e69317a0, 0x00000000e6ab0000)
  to   space 21824K,   0% used [0x00000000e6ab0000, 0x00000000e6ab0000, 0x00000000e8000000)
 concurrent mark-sweep generation total 393216K, used 84146K [0x00000000e8000000, 0x0000000100000000, 0x0000000100000000)
 Metaspace       used 58602K, capacity 60562K, committed 60972K, reserved 1103872K
  class space    used 6866K, capacity 7292K, committed 7316K, reserved 1048576K
}
2019-05-25T18:35:14.183+0200: 727.196: Total time for which application threads were stopped: 0.0146705 seconds, Stopping threads took: 0.0000785 seconds
2019-05-25T18:35:14.184+0200: 727.196: Total time for which application threads were stopped: 0.0003298 seconds, Stopping threads took: 0.0000602 seconds
2019-05-25T18:35:14.184+0200: 727.197: Total time for which application threads were stopped: 0.0003426 seconds, Stopping threads took: 0.0000585 seconds
2019-05-25T18:35:14.561+0200: 727.574: Total time for which application threads were stopped: 0.0026671 seconds, Stopping threads took: 0.0015147 seconds
2019-05-25T18:35:14.704+0200: 727.716: Total time for which application threads were stopped: 0.0010513 seconds, Stopping threads took: 0.0000819 seconds
{Heap before GC invocations=34 (full 2):
 par new generation   total 109248K, used 107717K [0x00000000e0000000, 0x00000000e8000000, 0x00000000e8000000)
  eden space 87424K, 100% used [0x00000000e0000000, 0x00000000e5560000, 0x00000000e5560000)
  from space 21824K,  92% used [0x00000000e5560000, 0x00000000e69317a0, 0x00000000e6ab0000)
  to   space 21824K,   0% used [0x00000000e6ab0000, 0x00000000e6ab0000, 0x00000000e8000000)
 concurrent mark-sweep generation total 393216K, used 84146K [0x00000000e8000000, 0x0000000100000000, 0x0000000100000000)
 Metaspace       used 60720K, capacity 62714K, committed 63148K, reserved 1105920K
  class space    used 7161K, capacity 7592K, committed 7700K, reserved 1048576K
2019-05-25T18:35:15.623+0200: 728.636: [GC (Allocation Failure) 2019-05-25T18:35:15.623+0200: 728.636: [ParNew
Desired survivor size 20112992 bytes, new threshold 8 (max 8)
- age   1:    2921456 bytes,    2921456 total
- age   2:    3248160 bytes,    6169616 total
- age   3:    4400464 bytes,   10570080 total
- age   4:     270376 bytes,   10840456 total
- age   5:      16560 bytes,   10857016 total
- age   6:    4262664 bytes,   15119680 total
- age   7:     458568 bytes,   15578248 total
: 107717K->19658K(109248K), 0.0121890 secs] 191864K->103804K(502464K), 0.0123392 secs] [Times: user=0.06 sys=0.00, real=0.01 secs] 
Heap after GC invocations=35 (full 2):
 par new generation   total 109248K, used 19658K [0x00000000e0000000, 0x00000000e8000000, 0x00000000e8000000)
  eden space 87424K,   0% used [0x00000000e0000000, 0x00000000e0000000, 0x00000000e5560000)
  from space 21824K,  90% used [0x00000000e6ab0000, 0x00000000e7de29f0, 0x00000000e8000000)
  to   space 21824K,   0% used [0x00000000e5560000, 0x00000000e5560000, 0x00000000e6ab0000)
 concurrent mark-sweep generation total 393216K, used 84146K [0x00000000e8000000, 0x0000000100000000, 0x0000000100000000)
 Metaspace       used 60720K, capacity 62714K, committed 63148K, reserved 1105920K
  class space    used 7161K, capacity 7592K, committed 7700K, reserved 1048576K
}
2019-05-25T18:35:15.636+0200: 728.648: Total time for which application threads were stopped: 0.0130961 seconds, Stopping threads took: 0.0002756 seconds
2019-05-25T18:35:15.837+0200: 728.850: Total time for which application threads were stopped: 0.0003115 seconds, Stopping threads took: 0.0000900 seconds
2019-05-25T18:35:15.868+0200: 728.881: Total time for which application threads were stopped: 0.0037397 seconds, Stopping threads took: 0.0035217 seconds
2019-05-25T18:35:15.903+0200: 728.915: Total time for which application threads were stopped: 0.0057737 seconds, Stopping threads took: 0.0055573 seconds
2019-05-25T18:35:15.907+0200: 728.919: Total time for which application threads were stopped: 0.0002718 seconds, Stopping threads took: 0.0000777 seconds
{Heap before GC invocations=35 (full 2):
 par new generation   total 109248K, used 107080K [0x00000000e0000000, 0x00000000e8000000, 0x00000000e8000000)
  eden space 87424K,  99% used [0x00000000e0000000, 0x00000000e555f8c0, 0x00000000e5560000)
  from space 21824K,  90% used [0x00000000e6ab0000, 0x00000000e7de29f0, 0x00000000e8000000)
  to   space 21824K,   0% used [0x00000000e5560000, 0x00000000e5560000, 0x00000000e6ab0000)
 concurrent mark-sweep generation total 393216K, used 84146K [0x00000000e8000000, 0x0000000100000000, 0x0000000100000000)
 Metaspace       used 60759K, capacity 62714K, committed 63148K, reserved 1105920K
  class space    used 7162K, capacity 7592K, committed 7700K, reserved 1048576K
2019-05-25T18:35:15.910+0200: 728.922: [GC (Allocation Failure) 2019-05-25T18:35:15.910+0200: 728.922: [ParNew
Desired survivor size 20112992 bytes, new threshold 8 (max 8)
- age   1:    3401952 bytes,    3401952 total
- age   2:    1129688 bytes,    4531640 total
- age   3:    3176056 bytes,    7707696 total
- age   4:    4398552 bytes,   12106248 total
- age   5:     269664 bytes,   12375912 total
- age   6:      16416 bytes,   12392328 total
- age   7:    4262592 bytes,   16654920 total
- age   8:     458544 bytes,   17113464 total
: 107080K->21824K(109248K), 0.0131132 secs] 191227K->105970K(502464K), 0.0133274 secs] [Times: user=0.06 sys=0.00, real=0.01 secs] 
Heap after GC invocations=36 (full 2):
 par new generation   total 109248K, used 21824K [0x00000000e0000000, 0x00000000e8000000, 0x00000000e8000000)
  eden space 87424K,   0% used [0x00000000e0000000, 0x00000000e0000000, 0x00000000e5560000)
  from space 21824K, 100% used [0x00000000e5560000, 0x00000000e6ab0000, 0x00000000e6ab0000)
  to   space 21824K,   0% used [0x00000000e6ab0000, 0x00000000e6ab0000, 0x00000000e8000000)
 concurrent mark-sweep generation total 393216K, used 84146K [0x00000000e8000000, 0x0000000100000000, 0x0000000100000000)
 Metaspace       used 60759K, capacity 62714K, committed 63148K, reserved 1105920K
  class space    used 7162K, capacity 7592K, committed 7700K, reserved 1048576K
}
2019-05-25T18:35:15.923+0200: 728.935: Total time for which application threads were stopped: 0.0137860 seconds, Stopping threads took: 0.0000695 seconds
2019-05-25T18:35:15.930+0200: 728.943: Total time for which application threads were stopped: 0.0033425 seconds, Stopping threads took: 0.0031467 seconds
2019-05-25T18:35:15.930+0200: 728.943: Total time for which application threads were stopped: 0.0002197 seconds, Stopping threads took: 0.0000602 seconds
2019-05-25T18:35:15.952+0200: 728.964: Total time for which application threads were stopped: 0.0004497 seconds, Stopping threads took: 0.0002287 seconds
2019-05-25T18:35:15.953+0200: 728.965: Total time for which application threads were stopped: 0.0002769 seconds, Stopping threads took: 0.0000772 seconds
2019-05-25T18:35:16.069+0200: 729.081: Total time for which application threads were stopped: 0.0003443 seconds, Stopping threads took: 0.0000789 seconds
2019-05-25T18:35:16.076+0200: 729.088: Total time for which application threads were stopped: 0.0002884 seconds, Stopping threads took: 0.0000785 seconds
2019-05-25T18:35:16.076+0200: 729.089: Total time for which application threads were stopped: 0.0002539 seconds, Stopping threads took: 0.0000589 seconds
2019-05-25T18:35:16.076+0200: 729.089: Total time for which application threads were stopped: 0.0001745 seconds, Stopping threads took: 0.0000299 seconds
2019-05-25T18:35:16.077+0200: 729.089: Total time for which application threads were stopped: 0.0002291 seconds, Stopping threads took: 0.0000653 seconds
2019-05-25T18:35:16.077+0200: 729.089: Total time for which application threads were stopped: 0.0002402 seconds, Stopping threads took: 0.0000606 seconds
2019-05-25T18:35:16.077+0200: 729.090: Total time for which application threads were stopped: 0.0002419 seconds, Stopping threads took: 0.0000747 seconds
2019-05-25T18:35:16.078+0200: 729.090: Total time for which application threads were stopped: 0.0002377 seconds, Stopping threads took: 0.0000465 seconds
2019-05-25T18:35:16.078+0200: 729.091: Total time for which application threads were stopped: 0.0002317 seconds, Stopping threads took: 0.0000602 seconds
2019-05-25T18:35:16.078+0200: 729.091: Total time for which application threads were stopped: 0.0001975 seconds, Stopping threads took: 0.0000303 seconds
2019-05-25T18:35:16.079+0200: 729.091: Total time for which application threads were stopped: 0.0001963 seconds, Stopping threads took: 0.0000414 seconds
2019-05-25T18:35:16.079+0200: 729.091: Total time for which application threads were stopped: 0.0002961 seconds, Stopping threads took: 0.0001280 seconds
2019-05-25T18:35:16.079+0200: 729.092: Total time for which application threads were stopped: 0.0002027 seconds, Stopping threads took: 0.0000316 seconds
2019-05-25T18:35:16.079+0200: 729.092: Total time for which application threads were stopped: 0.0001877 seconds, Stopping threads took: 0.0000478 seconds
2019-05-25T18:35:16.080+0200: 729.092: Total time for which application threads were stopped: 0.0002377 seconds, Stopping threads took: 0.0000653 seconds
2019-05-25T18:35:16.080+0200: 729.093: Total time for which application threads were stopped: 0.0002035 seconds, Stopping threads took: 0.0000363 seconds
2019-05-25T18:35:16.080+0200: 729.093: Total time for which application threads were stopped: 0.0002526 seconds, Stopping threads took: 0.0000772 seconds
2019-05-25T18:35:16.081+0200: 729.093: Total time for which application threads were stopped: 0.0002859 seconds, Stopping threads took: 0.0000606 seconds
2019-05-25T18:35:16.081+0200: 729.093: Total time for which application threads were stopped: 0.0002325 seconds, Stopping threads took: 0.0000623 seconds
2019-05-25T18:35:16.081+0200: 729.094: Total time for which application threads were stopped: 0.0002074 seconds, Stopping threads took: 0.0000678 seconds
2019-05-25T18:35:16.082+0200: 729.094: Total time for which application threads were stopped: 0.0005082 seconds, Stopping threads took: 0.0000602 seconds
2019-05-25T18:35:16.087+0200: 729.100: Total time for which application threads were stopped: 0.0005713 seconds, Stopping threads took: 0.0003533 seconds
2019-05-25T18:35:16.090+0200: 729.102: Total time for which application threads were stopped: 0.0009353 seconds, Stopping threads took: 0.0007061 seconds
2019-05-25T18:35:16.090+0200: 729.103: Total time for which application threads were stopped: 0.0001920 seconds, Stopping threads took: 0.0000350 seconds
2019-05-25T18:35:16.106+0200: 729.119: Total time for which application threads were stopped: 0.0013858 seconds, Stopping threads took: 0.0002709 seconds
2019-05-25T18:35:16.124+0200: 729.136: Total time for which application threads were stopped: 0.0002970 seconds, Stopping threads took: 0.0000939 seconds
2019-05-25T18:35:16.124+0200: 729.137: Total time for which application threads were stopped: 0.0002867 seconds, Stopping threads took: 0.0000759 seconds
2019-05-25T18:35:16.125+0200: 729.138: Total time for which application threads were stopped: 0.0002654 seconds, Stopping threads took: 0.0000717 seconds
2019-05-25T18:35:16.127+0200: 729.139: Total time for which application threads were stopped: 0.0002492 seconds, Stopping threads took: 0.0000730 seconds
2019-05-25T18:35:16.128+0200: 729.140: Total time for which application threads were stopped: 0.0002010 seconds, Stopping threads took: 0.0000589 seconds
2019-05-25T18:35:16.128+0200: 729.140: Total time for which application threads were stopped: 0.0002099 seconds, Stopping threads took: 0.0000452 seconds
2019-05-25T18:35:16.134+0200: 729.146: Total time for which application threads were stopped: 0.0002487 seconds, Stopping threads took: 0.0000909 seconds
{Heap before GC invocations=36 (full 2):
 par new generation   total 109248K, used 109248K [0x00000000e0000000, 0x00000000e8000000, 0x00000000e8000000)
  eden space 87424K, 100% used [0x00000000e0000000, 0x00000000e5560000, 0x00000000e5560000)
  from space 21824K, 100% used [0x00000000e5560000, 0x00000000e6ab0000, 0x00000000e6ab0000)
  to   space 21824K,   0% used [0x00000000e6ab0000, 0x00000000e6ab0000, 0x00000000e8000000)
 concurrent mark-sweep generation total 393216K, used 84146K [0x00000000e8000000, 0x0000000100000000, 0x0000000100000000)
 Metaspace       used 61249K, capacity 63258K, committed 63660K, reserved 1105920K
  class space    used 7245K, capacity 7688K, committed 7700K, reserved 1048576K
2019-05-25T18:35:16.183+0200: 729.195: [GC (Allocation Failure) 2019-05-25T18:35:16.183+0200: 729.195: [ParNew
Desired survivor size 20112992 bytes, new threshold 8 (max 8)
- age   1:    1280648 bytes,    1280648 total
- age   2:    2225576 bytes,    3506224 total
- age   3:     986704 bytes,    4492928 total
- age   4:    2642088 bytes,    7135016 total
- age   5:    4307648 bytes,   11442664 total
- age   6:     178144 bytes,   11620808 total
- age   7:      16416 bytes,   11637224 total
- age   8:    4262640 bytes,   15899864 total
: 109248K->21328K(109248K), 0.0129225 secs] 193394K->105932K(502464K), 0.0130351 secs] [Times: user=0.06 sys=0.00, real=0.01 secs] 
Heap after GC invocations=37 (full 2):
 par new generation   total 109248K, used 21328K [0x00000000e0000000, 0x00000000e8000000, 0x00000000e8000000)
  eden space 87424K,   0% used [0x00000000e0000000, 0x00000000e0000000, 0x00000000e5560000)
  from space 21824K,  97% used [0x00000000e6ab0000, 0x00000000e7f843b8, 0x00000000e8000000)
  to   space 21824K,   0% used [0x00000000e5560000, 0x00000000e5560000, 0x00000000e6ab0000)
 concurrent mark-sweep generation total 393216K, used 84603K [0x00000000e8000000, 0x0000000100000000, 0x0000000100000000)
 Metaspace       used 61249K, capacity 63258K, committed 63660K, reserved 1105920K
  class space    used 7245K, capacity 7688K, committed 7700K, reserved 1048576K
}
2019-05-25T18:35:16.196+0200: 729.208: Total time for which application threads were stopped: 0.0133884 seconds, Stopping threads took: 0.0000623 seconds
2019-05-25T18:35:16.212+0200: 729.224: Total time for which application threads were stopped: 0.0002594 seconds, Stopping threads took: 0.0000853 seconds
{Heap before GC invocations=37 (full 2):
 par new generation   total 109248K, used 108752K [0x00000000e0000000, 0x00000000e8000000, 0x00000000e8000000)
  eden space 87424K, 100% used [0x00000000e0000000, 0x00000000e5560000, 0x00000000e5560000)
  from space 21824K,  97% used [0x00000000e6ab0000, 0x00000000e7f843b8, 0x00000000e8000000)
  to   space 21824K,   0% used [0x00000000e5560000, 0x00000000e5560000, 0x00000000e6ab0000)
 concurrent mark-sweep generation total 393216K, used 84603K [0x00000000e8000000, 0x0000000100000000, 0x0000000100000000)
 Metaspace       used 61587K, capacity 63616K, committed 64044K, reserved 1105920K
  class space    used 7293K, capacity 7721K, committed 7828K, reserved 1048576K
2019-05-25T18:35:16.410+0200: 729.422: [GC (Allocation Failure) 2019-05-25T18:35:16.410+0200: 729.422: [ParNew
Desired survivor size 20112992 bytes, new threshold 8 (max 8)
- age   1:    2099176 bytes,    2099176 total
- age   2:     925328 bytes,    3024504 total
- age   3:    1750728 bytes,    4775232 total
- age   4:     986680 bytes,    5761912 total
- age   5:    2641072 bytes,    8402984 total
- age   6:    4306816 bytes,   12709800 total
- age   7:     178144 bytes,   12887944 total
- age   8:      16416 bytes,   12904360 total
: 108752K->16445K(109248K), 0.0185677 secs] 193356K->105246K(502464K), 0.0187145 secs] [Times: user=0.13 sys=0.00, real=0.02 secs] 
Heap after GC invocations=38 (full 2):
 par new generation   total 109248K, used 16445K [0x00000000e0000000, 0x00000000e8000000, 0x00000000e8000000)
  eden space 87424K,   0% used [0x00000000e0000000, 0x00000000e0000000, 0x00000000e5560000)
  from space 21824K,  75% used [0x00000000e5560000, 0x00000000e656f610, 0x00000000e6ab0000)
  to   space 21824K,   0% used [0x00000000e6ab0000, 0x00000000e6ab0000, 0x00000000e8000000)
 concurrent mark-sweep generation total 393216K, used 88800K [0x00000000e8000000, 0x0000000100000000, 0x0000000100000000)
 Metaspace       used 61587K, capacity 63616K, committed 64044K, reserved 1105920K
  class space    used 7293K, capacity 7721K, committed 7828K, reserved 1048576K
}
2019-05-25T18:35:16.428+0200: 729.441: Total time for which application threads were stopped: 0.0197875 seconds, Stopping threads took: 0.0006042 seconds
2019-05-25T18:35:16.510+0200: 729.523: Total time for which application threads were stopped: 0.0002914 seconds, Stopping threads took: 0.0000879 seconds
2019-05-25T18:35:16.516+0200: 729.528: Total time for which application threads were stopped: 0.0002901 seconds, Stopping threads took: 0.0000777 seconds
2019-05-25T18:35:16.538+0200: 729.551: Total time for which application threads were stopped: 0.0002637 seconds, Stopping threads took: 0.0000503 seconds
{Heap before GC invocations=38 (full 2):
 par new generation   total 109248K, used 103869K [0x00000000e0000000, 0x00000000e8000000, 0x00000000e8000000)
  eden space 87424K, 100% used [0x00000000e0000000, 0x00000000e5560000, 0x00000000e5560000)
  from space 21824K,  75% used [0x00000000e5560000, 0x00000000e656f610, 0x00000000e6ab0000)
  to   space 21824K,   0% used [0x00000000e6ab0000, 0x00000000e6ab0000, 0x00000000e8000000)
 concurrent mark-sweep generation total 393216K, used 88800K [0x00000000e8000000, 0x0000000100000000, 0x0000000100000000)
 Metaspace       used 62194K, capacity 64262K, committed 64684K, reserved 1105920K
  class space    used 7411K, capacity 7850K, committed 7956K, reserved 1048576K
2019-05-25T18:35:16.723+0200: 729.735: [GC (Allocation Failure) 2019-05-25T18:35:16.723+0200: 729.735: [ParNew
Desired survivor size 20112992 bytes, new threshold 8 (max 8)
- age   1:    1730024 bytes,    1730024 total
- age   2:    1124912 bytes,    2854936 total
- age   3:     315544 bytes,    3170480 total
- age   4:    1634992 bytes,    4805472 total
- age   5:     983280 bytes,    5788752 total
- age   6:    2640904 bytes,    8429656 total
- age   7:    4339600 bytes,   12769256 total
- age   8:     178112 bytes,   12947368 total
: 103869K->14986K(109248K), 0.0103143 secs] 192670K->103802K(502464K), 0.0104478 secs] [Times: user=0.00 sys=0.00, real=0.01 secs] 
Heap after GC invocations=39 (full 2):
 par new generation   total 109248K, used 14986K [0x00000000e0000000, 0x00000000e8000000, 0x00000000e8000000)
  eden space 87424K,   0% used [0x00000000e0000000, 0x00000000e0000000, 0x00000000e5560000)
  from space 21824K,  68% used [0x00000000e6ab0000, 0x00000000e7952828, 0x00000000e8000000)
  to   space 21824K,   0% used [0x00000000e5560000, 0x00000000e5560000, 0x00000000e6ab0000)
 concurrent mark-sweep generation total 393216K, used 88816K [0x00000000e8000000, 0x0000000100000000, 0x0000000100000000)
 Metaspace       used 62194K, capacity 64262K, committed 64684K, reserved 1105920K
  class space    used 7411K, capacity 7850K, committed 7956K, reserved 1048576K
}
2019-05-25T18:35:16.733+0200: 729.746: Total time for which application threads were stopped: 0.0108800 seconds, Stopping threads took: 0.0000708 seconds
2019-05-25T18:35:17.027+0200: 730.039: Total time for which application threads were stopped: 0.0002769 seconds, Stopping threads took: 0.0000930 seconds
2019-05-25T18:35:17.218+0200: 730.230: Total time for which application threads were stopped: 0.0022353 seconds, Stopping threads took: 0.0019516 seconds
2019-05-25T18:35:17.219+0200: 730.231: Total time for which application threads were stopped: 0.0002385 seconds, Stopping threads took: 0.0000657 seconds
2019-05-25T18:35:17.219+0200: 730.231: Total time for which application threads were stopped: 0.0002010 seconds, Stopping threads took: 0.0000448 seconds
{Heap before GC invocations=39 (full 2):
 par new generation   total 109248K, used 102410K [0x00000000e0000000, 0x00000000e8000000, 0x00000000e8000000)
  eden space 87424K, 100% used [0x00000000e0000000, 0x00000000e5560000, 0x00000000e5560000)
  from space 21824K,  68% used [0x00000000e6ab0000, 0x00000000e7952828, 0x00000000e8000000)
  to   space 21824K,   0% used [0x00000000e5560000, 0x00000000e5560000, 0x00000000e6ab0000)
 concurrent mark-sweep generation total 393216K, used 88816K [0x00000000e8000000, 0x0000000100000000, 0x0000000100000000)
 Metaspace       used 63436K, capacity 65472K, committed 65836K, reserved 1107968K
  class space    used 7598K, capacity 8013K, committed 8084K, reserved 1048576K
2019-05-25T18:35:17.227+0200: 730.240: [GC (Allocation Failure) 2019-05-25T18:35:17.227+0200: 730.240: [ParNew
Desired survivor size 20112992 bytes, new threshold 8 (max 8)
- age   1:    3000848 bytes,    3000848 total
- age   2:     837328 bytes,    3838176 total
- age   3:     489480 bytes,    4327656 total
- age   4:     314880 bytes,    4642536 total
- age   5:    1634272 bytes,    6276808 total
- age   6:     981600 bytes,    7258408 total
- age   7:    2640728 bytes,    9899136 total
- age   8:    4305024 bytes,   14204160 total
: 102410K->20676K(109248K), 0.0181905 secs] 191226K->109673K(502464K), 0.0185532 secs] [Times: user=0.06 sys=0.00, real=0.02 secs] 
Heap after GC invocations=40 (full 2):
 par new generation   total 109248K, used 20676K [0x00000000e0000000, 0x00000000e8000000, 0x00000000e8000000)
  eden space 87424K,   0% used [0x00000000e0000000, 0x00000000e0000000, 0x00000000e5560000)
  from space 21824K,  94% used [0x00000000e5560000, 0x00000000e6991250, 0x00000000e6ab0000)
  to   space 21824K,   0% used [0x00000000e6ab0000, 0x00000000e6ab0000, 0x00000000e8000000)
 concurrent mark-sweep generation total 393216K, used 88996K [0x00000000e8000000, 0x0000000100000000, 0x0000000100000000)
 Metaspace       used 63436K, capacity 65472K, committed 65836K, reserved 1107968K
  class space    used 7598K, capacity 8013K, committed 8084K, reserved 1048576K
}
2019-05-25T18:35:17.246+0200: 730.259: Total time for which application threads were stopped: 0.0192687 seconds, Stopping threads took: 0.0002927 seconds
{Heap before GC invocations=40 (full 2):
 par new generation   total 109248K, used 108100K [0x00000000e0000000, 0x00000000e8000000, 0x00000000e8000000)
  eden space 87424K, 100% used [0x00000000e0000000, 0x00000000e5560000, 0x00000000e5560000)
  from space 21824K,  94% used [0x00000000e5560000, 0x00000000e6991250, 0x00000000e6ab0000)
  to   space 21824K,   0% used [0x00000000e6ab0000, 0x00000000e6ab0000, 0x00000000e8000000)
 concurrent mark-sweep generation total 393216K, used 88996K [0x00000000e8000000, 0x0000000100000000, 0x0000000100000000)
 Metaspace       used 63680K, capacity 65728K, committed 66092K, reserved 1107968K
  class space    used 7631K, capacity 8077K, committed 8084K, reserved 1048576K
2019-05-25T18:35:17.329+0200: 730.341: [GC (Allocation Failure) 2019-05-25T18:35:17.329+0200: 730.341: [ParNew
Desired survivor size 20112992 bytes, new threshold 8 (max 8)
- age   1:     303552 bytes,     303552 total
- age   2:    1797144 bytes,    2100696 total
- age   3:     837328 bytes,    2938024 total
- age   4:     461952 bytes,    3399976 total
- age   5:     314848 bytes,    3714824 total
- age   6:     834208 bytes,    4549032 total
- age   7:     981600 bytes,    5530632 total
- age   8:    2632080 bytes,    8162712 total
: 108100K->9163K(109248K), 0.0104602 secs] 197097K->101095K(502464K), 0.0106069 secs] [Times: user=0.06 sys=0.00, real=0.01 secs] 
Heap after GC invocations=41 (full 2):
 par new generation   total 109248K, used 9163K [0x00000000e0000000, 0x00000000e8000000, 0x00000000e8000000)
  eden space 87424K,   0% used [0x00000000e0000000, 0x00000000e0000000, 0x00000000e5560000)
  from space 21824K,  41% used [0x00000000e6ab0000, 0x00000000e73a2ea0, 0x00000000e8000000)
  to   space 21824K,   0% used [0x00000000e5560000, 0x00000000e5560000, 0x00000000e6ab0000)
 concurrent mark-sweep generation total 393216K, used 91932K [0x00000000e8000000, 0x0000000100000000, 0x0000000100000000)
 Metaspace       used 63680K, capacity 65728K, committed 66092K, reserved 1107968K
  class space    used 7631K, capacity 8077K, committed 8084K, reserved 1048576K
}
2019-05-25T18:35:17.340+0200: 730.352: Total time for which application threads were stopped: 0.0119701 seconds, Stopping threads took: 0.0009886 seconds
2019-05-25T18:35:17.557+0200: 730.569: Total time for which application threads were stopped: 0.0002927 seconds, Stopping threads took: 0.0000670 seconds
2019-05-25T18:35:17.559+0200: 730.572: Total time for which application threads were stopped: 0.0003635 seconds, Stopping threads took: 0.0000892 seconds
2019-05-25T18:35:17.792+0200: 730.805: Total time for which application threads were stopped: 0.0002415 seconds, Stopping threads took: 0.0000789 seconds
2019-05-25T18:35:17.803+0200: 730.815: Total time for which application threads were stopped: 0.0002641 seconds, Stopping threads took: 0.0000943 seconds
2019-05-25T18:35:17.815+0200: 730.827: Total time for which application threads were stopped: 0.0014336 seconds, Stopping threads took: 0.0003238 seconds
2019-05-25T18:35:17.852+0200: 730.864: Total time for which application threads were stopped: 0.0023104 seconds, Stopping threads took: 0.0011145 seconds
2019-05-25T18:35:18.853+0200: 731.865: Total time for which application threads were stopped: 0.0002705 seconds, Stopping threads took: 0.0000666 seconds
2019-05-25T18:35:27.860+0200: 740.872: Total time for which application threads were stopped: 0.0001651 seconds, Stopping threads took: 0.0000324 seconds
2019-05-25T18:35:30.860+0200: 743.873: Total time for which application threads were stopped: 0.0002897 seconds, Stopping threads took: 0.0000614 seconds
2019-05-25T18:35:31.862+0200: 744.874: Total time for which application threads were stopped: 0.0002031 seconds, Stopping threads took: 0.0000388 seconds
2019-05-25T18:35:32.862+0200: 745.875: Total time for which application threads were stopped: 0.0002334 seconds, Stopping threads took: 0.0000653 seconds
2019-05-25T18:35:37.864+0200: 750.876: Total time for which application threads were stopped: 0.0002530 seconds, Stopping threads took: 0.0000512 seconds
2019-05-25T18:35:38.747+0200: 751.760: Total time for which application threads were stopped: 0.0002377 seconds, Stopping threads took: 0.0000431 seconds
2019-05-25T18:35:38.748+0200: 751.760: Total time for which application threads were stopped: 0.0002193 seconds, Stopping threads took: 0.0000367 seconds
2019-05-25T18:35:38.748+0200: 751.761: Total time for which application threads were stopped: 0.0002231 seconds, Stopping threads took: 0.0000341 seconds
2019-05-25T18:35:38.748+0200: 751.761: Total time for which application threads were stopped: 0.0002377 seconds, Stopping threads took: 0.0000299 seconds
2019-05-25T18:35:38.749+0200: 751.761: Total time for which application threads were stopped: 0.0002961 seconds, Stopping threads took: 0.0000811 seconds
2019-05-25T18:35:38.750+0200: 751.763: Total time for which application threads were stopped: 0.0002641 seconds, Stopping threads took: 0.0000559 seconds
2019-05-25T18:35:38.751+0200: 751.763: Total time for which application threads were stopped: 0.0002266 seconds, Stopping threads took: 0.0000367 seconds
2019-05-25T18:35:38.751+0200: 751.764: Total time for which application threads were stopped: 0.0001685 seconds, Stopping threads took: 0.0000226 seconds
2019-05-25T18:35:38.751+0200: 751.764: Total time for which application threads were stopped: 0.0001310 seconds, Stopping threads took: 0.0000209 seconds
2019-05-25T18:35:38.751+0200: 751.764: Total time for which application threads were stopped: 0.0001195 seconds, Stopping threads took: 0.0000196 seconds
2019-05-25T18:35:38.752+0200: 751.764: Total time for which application threads were stopped: 0.0001451 seconds, Stopping threads took: 0.0000457 seconds
2019-05-25T18:35:38.752+0200: 751.764: Total time for which application threads were stopped: 0.0001037 seconds, Stopping threads took: 0.0000175 seconds
2019-05-25T18:35:38.752+0200: 751.765: Total time for which application threads were stopped: 0.0001024 seconds, Stopping threads took: 0.0000171 seconds
2019-05-25T18:35:39.710+0200: 752.722: Total time for which application threads were stopped: 0.0001647 seconds, Stopping threads took: 0.0000311 seconds
2019-05-25T18:35:39.715+0200: 752.728: Total time for which application threads were stopped: 0.0001489 seconds, Stopping threads took: 0.0000299 seconds
2019-05-25T18:35:39.716+0200: 752.728: Total time for which application threads were stopped: 0.0001353 seconds, Stopping threads took: 0.0000354 seconds
2019-05-25T18:35:39.726+0200: 752.738: Total time for which application threads were stopped: 0.0010423 seconds, Stopping threads took: 0.0000363 seconds
2019-05-25T18:35:39.732+0200: 752.745: Total time for which application threads were stopped: 0.0001719 seconds, Stopping threads took: 0.0000299 seconds
2019-05-25T18:35:40.732+0200: 753.745: Total time for which application threads were stopped: 0.0001758 seconds, Stopping threads took: 0.0000363 seconds
2019-05-25T18:36:11.741+0200: 784.754: Total time for which application threads were stopped: 0.0004139 seconds, Stopping threads took: 0.0000751 seconds
2019-05-25T18:36:14.742+0200: 787.754: Total time for which application threads were stopped: 0.0004190 seconds, Stopping threads took: 0.0000939 seconds
2019-05-25T18:36:16.086+0200: 789.099: Total time for which application threads were stopped: 0.0002176 seconds, Stopping threads took: 0.0000589 seconds
2019-05-25T18:36:16.095+0200: 789.108: Total time for which application threads were stopped: 0.0002214 seconds, Stopping threads took: 0.0000742 seconds
2019-05-25T18:36:16.096+0200: 789.109: Total time for which application threads were stopped: 0.0003102 seconds, Stopping threads took: 0.0001067 seconds
2019-05-25T18:36:16.101+0200: 789.113: Total time for which application threads were stopped: 0.0001613 seconds, Stopping threads took: 0.0000307 seconds
2019-05-25T18:36:16.105+0200: 789.117: Total time for which application threads were stopped: 0.0002180 seconds, Stopping threads took: 0.0000764 seconds
2019-05-25T18:36:16.213+0200: 789.226: Total time for which application threads were stopped: 0.0004676 seconds, Stopping threads took: 0.0000798 seconds
2019-05-25T18:36:16.332+0200: 789.345: Total time for which application threads were stopped: 0.0003691 seconds, Stopping threads took: 0.0000640 seconds
2019-05-25T18:36:16.338+0200: 789.351: Total time for which application threads were stopped: 0.0003738 seconds, Stopping threads took: 0.0000666 seconds
2019-05-25T18:36:16.428+0200: 789.441: Total time for which application threads were stopped: 0.0004719 seconds, Stopping threads took: 0.0001242 seconds
2019-05-25T18:36:16.434+0200: 789.447: Total time for which application threads were stopped: 0.0006775 seconds, Stopping threads took: 0.0002385 seconds
2019-05-25T18:36:16.450+0200: 789.463: Total time for which application threads were stopped: 0.0007642 seconds, Stopping threads took: 0.0001412 seconds
2019-05-25T18:36:16.567+0200: 789.579: Total time for which application threads were stopped: 0.0006417 seconds, Stopping threads took: 0.0001041 seconds
{Heap before GC invocations=41 (full 2):
 par new generation   total 109248K, used 96410K [0x00000000e0000000, 0x00000000e8000000, 0x00000000e8000000)
  eden space 87424K,  99% used [0x00000000e0000000, 0x00000000e5533a80, 0x00000000e5560000)
  from space 21824K,  41% used [0x00000000e6ab0000, 0x00000000e73a2ea0, 0x00000000e8000000)
  to   space 21824K,   0% used [0x00000000e5560000, 0x00000000e5560000, 0x00000000e6ab0000)
 concurrent mark-sweep generation total 393216K, used 91932K [0x00000000e8000000, 0x0000000100000000, 0x0000000100000000)
 Metaspace       used 65056K, capacity 67136K, committed 67628K, reserved 1107968K
  class space    used 7791K, capacity 8227K, committed 8340K, reserved 1048576K
2019-05-25T18:36:17.484+0200: 790.496: [GC (Allocation Failure) 2019-05-25T18:36:17.484+0200: 790.496: [ParNew
Desired survivor size 20112992 bytes, new threshold 8 (max 8)
- age   1:    3205600 bytes,    3205600 total
- age   2:      97088 bytes,    3302688 total
- age   3:    1067376 bytes,    4370064 total
- age   4:     244192 bytes,    4614256 total
- age   5:     335776 bytes,    4950032 total
- age   6:     314816 bytes,    5264848 total
- age   7:     305984 bytes,    5570832 total
- age   8:     980800 bytes,    6551632 total
: 96410K->9109K(109248K), 0.0152196 secs] 188342K->103651K(502464K), 0.0153174 secs] [Times: user=0.06 sys=0.00, real=0.02 secs] 
Heap after GC invocations=42 (full 2):
 par new generation   total 109248K, used 9109K [0x00000000e0000000, 0x00000000e8000000, 0x00000000e8000000)
  eden space 87424K,   0% used [0x00000000e0000000, 0x00000000e0000000, 0x00000000e5560000)
  from space 21824K,  41% used [0x00000000e5560000, 0x00000000e5e45648, 0x00000000e6ab0000)
  to   space 21824K,   0% used [0x00000000e6ab0000, 0x00000000e6ab0000, 0x00000000e8000000)
 concurrent mark-sweep generation total 393216K, used 94542K [0x00000000e8000000, 0x0000000100000000, 0x0000000100000000)
 Metaspace       used 65056K, capacity 67136K, committed 67628K, reserved 1107968K
  class space    used 7791K, capacity 8227K, committed 8340K, reserved 1048576K
}
2019-05-25T18:36:17.499+0200: 790.512: Total time for which application threads were stopped: 0.0157120 seconds, Stopping threads took: 0.0000333 seconds
{Heap before GC invocations=42 (full 2):
 par new generation   total 109248K, used 96533K [0x00000000e0000000, 0x00000000e8000000, 0x00000000e8000000)
  eden space 87424K, 100% used [0x00000000e0000000, 0x00000000e5560000, 0x00000000e5560000)
  from space 21824K,  41% used [0x00000000e5560000, 0x00000000e5e45648, 0x00000000e6ab0000)
  to   space 21824K,   0% used [0x00000000e6ab0000, 0x00000000e6ab0000, 0x00000000e8000000)
 concurrent mark-sweep generation total 393216K, used 94542K [0x00000000e8000000, 0x0000000100000000, 0x0000000100000000)
 Metaspace       used 65074K, capacity 67136K, committed 67628K, reserved 1107968K
  class space    used 7791K, capacity 8227K, committed 8340K, reserved 1048576K
2019-05-25T18:36:17.569+0200: 790.582: [GC (Allocation Failure) 2019-05-25T18:36:17.569+0200: 790.582: [ParNew
Desired survivor size 20112992 bytes, new threshold 8 (max 8)
- age   1:    1320360 bytes,    1320360 total
- age   2:    1663896 bytes,    2984256 total
- age   3:      97088 bytes,    3081344 total
- age   4:    1067296 bytes,    4148640 total
- age   5:     244192 bytes,    4392832 total
- age   6:     335776 bytes,    4728608 total
- age   7:     314816 bytes,    5043424 total
- age   8:     305984 bytes,    5349408 total
: 96533K->7387K(109248K), 0.0104452 secs] 191075K->102912K(502464K), 0.0105626 secs] [Times: user=0.00 sys=0.00, real=0.01 secs] 
Heap after GC invocations=43 (full 2):
 par new generation   total 109248K, used 7387K [0x00000000e0000000, 0x00000000e8000000, 0x00000000e8000000)
  eden space 87424K,   0% used [0x00000000e0000000, 0x00000000e0000000, 0x00000000e5560000)
  from space 21824K,  33% used [0x00000000e6ab0000, 0x00000000e71e6c50, 0x00000000e8000000)
  to   space 21824K,   0% used [0x00000000e5560000, 0x00000000e5560000, 0x00000000e6ab0000)
 concurrent mark-sweep generation total 393216K, used 95525K [0x00000000e8000000, 0x0000000100000000, 0x0000000100000000)
 Metaspace       used 65074K, capacity 67136K, committed 67628K, reserved 1107968K
  class space    used 7791K, capacity 8227K, committed 8340K, reserved 1048576K
}
2019-05-25T18:36:17.580+0200: 790.593: Total time for which application threads were stopped: 0.0109547 seconds, Stopping threads took: 0.0000491 seconds
2019-05-25T18:36:17.581+0200: 790.593: Total time for which application threads were stopped: 0.0002782 seconds, Stopping threads took: 0.0000606 seconds
{Heap before GC invocations=43 (full 2):
 par new generation   total 109248K, used 94811K [0x00000000e0000000, 0x00000000e8000000, 0x00000000e8000000)
  eden space 87424K, 100% used [0x00000000e0000000, 0x00000000e5560000, 0x00000000e5560000)
  from space 21824K,  33% used [0x00000000e6ab0000, 0x00000000e71e6c50, 0x00000000e8000000)
  to   space 21824K,   0% used [0x00000000e5560000, 0x00000000e5560000, 0x00000000e6ab0000)
 concurrent mark-sweep generation total 393216K, used 95525K [0x00000000e8000000, 0x0000000100000000, 0x0000000100000000)
 Metaspace       used 65079K, capacity 67208K, committed 67628K, reserved 1107968K
  class space    used 7791K, capacity 8227K, committed 8340K, reserved 1048576K
2019-05-25T18:36:17.689+0200: 790.701: [GC (Allocation Failure) 2019-05-25T18:36:17.689+0200: 790.701: [ParNew
Desired survivor size 20112992 bytes, new threshold 8 (max 8)
- age   1:     625536 bytes,     625536 total
- age   2:     354728 bytes,     980264 total
- age   3:    1654944 bytes,    2635208 total
- age   4:      97088 bytes,    2732296 total
- age   5:    1067296 bytes,    3799592 total
- age   6:     244192 bytes,    4043784 total
- age   7:     334216 bytes,    4378000 total
- age   8:     314816 bytes,    4692816 total
: 94811K->6028K(109248K), 0.0077862 secs] 190336K->101853K(502464K), 0.0079441 secs] [Times: user=0.06 sys=0.00, real=0.01 secs] 
Heap after GC invocations=44 (full 2):
 par new generation   total 109248K, used 6028K [0x00000000e0000000, 0x00000000e8000000, 0x00000000e8000000)
  eden space 87424K,   0% used [0x00000000e0000000, 0x00000000e0000000, 0x00000000e5560000)
  from space 21824K,  27% used [0x00000000e5560000, 0x00000000e5b43240, 0x00000000e6ab0000)
  to   space 21824K,   0% used [0x00000000e6ab0000, 0x00000000e6ab0000, 0x00000000e8000000)
 concurrent mark-sweep generation total 393216K, used 95824K [0x00000000e8000000, 0x0000000100000000, 0x0000000100000000)
 Metaspace       used 65079K, capacity 67208K, committed 67628K, reserved 1107968K
  class space    used 7791K, capacity 8227K, committed 8340K, reserved 1048576K
}
2019-05-25T18:36:17.697+0200: 790.709: Total time for which application threads were stopped: 0.0083879 seconds, Stopping threads took: 0.0000525 seconds
2019-05-25T18:36:17.767+0200: 790.779: Total time for which application threads were stopped: 0.0003089 seconds, Stopping threads took: 0.0000674 seconds
2019-05-25T18:36:18.767+0200: 791.780: Total time for which application threads were stopped: 0.0004139 seconds, Stopping threads took: 0.0000785 seconds
2019-05-25T18:36:22.335+0200: 795.348: Total time for which application threads were stopped: 0.0007770 seconds, Stopping threads took: 0.0001442 seconds
2019-05-25T18:36:22.363+0200: 795.376: Total time for which application threads were stopped: 0.0003823 seconds, Stopping threads took: 0.0000666 seconds
2019-05-25T18:36:22.380+0200: 795.393: Total time for which application threads were stopped: 0.0002355 seconds, Stopping threads took: 0.0000427 seconds
2019-05-25T18:36:22.382+0200: 795.394: Total time for which application threads were stopped: 0.0002022 seconds, Stopping threads took: 0.0000414 seconds
2019-05-25T18:36:22.391+0200: 795.403: Total time for which application threads were stopped: 0.0002910 seconds, Stopping threads took: 0.0000465 seconds
2019-05-25T18:36:22.403+0200: 795.416: Total time for which application threads were stopped: 0.0002334 seconds, Stopping threads took: 0.0000393 seconds
2019-05-25T18:36:22.428+0200: 795.441: Total time for which application threads were stopped: 0.0001937 seconds, Stopping threads took: 0.0000422 seconds
2019-05-25T18:36:22.431+0200: 795.443: Total time for which application threads were stopped: 0.0002001 seconds, Stopping threads took: 0.0000503 seconds
2019-05-25T18:36:22.440+0200: 795.453: Total time for which application threads were stopped: 0.0001924 seconds, Stopping threads took: 0.0000346 seconds
2019-05-25T18:36:22.452+0200: 795.464: Total time for which application threads were stopped: 0.0002069 seconds, Stopping threads took: 0.0000367 seconds
2019-05-25T18:36:22.461+0200: 795.474: Total time for which application threads were stopped: 0.0003780 seconds, Stopping threads took: 0.0001924 seconds
2019-05-25T18:36:22.465+0200: 795.478: Total time for which application threads were stopped: 0.0003034 seconds, Stopping threads took: 0.0001323 seconds
2019-05-25T18:36:22.466+0200: 795.478: Total time for which application threads were stopped: 0.0002044 seconds, Stopping threads took: 0.0000670 seconds
2019-05-25T18:36:22.471+0200: 795.484: Total time for which application threads were stopped: 0.0002573 seconds, Stopping threads took: 0.0000495 seconds
2019-05-25T18:36:22.475+0200: 795.488: Total time for which application threads were stopped: 0.0002449 seconds, Stopping threads took: 0.0000593 seconds
2019-05-25T18:36:22.478+0200: 795.491: Total time for which application threads were stopped: 0.0001971 seconds, Stopping threads took: 0.0000431 seconds
2019-05-25T18:36:22.581+0200: 795.593: Total time for which application threads were stopped: 0.0003742 seconds, Stopping threads took: 0.0001186 seconds
2019-05-25T18:36:22.594+0200: 795.606: Total time for which application threads were stopped: 0.0012454 seconds, Stopping threads took: 0.0009655 seconds
2019-05-25T18:36:22.594+0200: 795.607: Total time for which application threads were stopped: 0.0003439 seconds, Stopping threads took: 0.0000631 seconds
2019-05-25T18:36:23.595+0200: 796.607: Total time for which application threads were stopped: 0.0002428 seconds, Stopping threads took: 0.0000503 seconds
2019-05-25T18:36:27.597+0200: 800.610: Total time for which application threads were stopped: 0.0001873 seconds, Stopping threads took: 0.0000401 seconds
2019-05-25T18:36:29.457+0200: 802.470: Total time for which application threads were stopped: 0.0002590 seconds, Stopping threads took: 0.0000457 seconds
2019-05-25T18:36:29.459+0200: 802.471: Total time for which application threads were stopped: 0.0002219 seconds, Stopping threads took: 0.0000397 seconds
2019-05-25T18:36:29.459+0200: 802.471: Total time for which application threads were stopped: 0.0002048 seconds, Stopping threads took: 0.0000580 seconds
2019-05-25T18:36:29.461+0200: 802.473: Total time for which application threads were stopped: 0.0002671 seconds, Stopping threads took: 0.0000499 seconds
2019-05-25T18:36:29.461+0200: 802.473: Total time for which application threads were stopped: 0.0002005 seconds, Stopping threads took: 0.0000363 seconds
2019-05-25T18:36:29.461+0200: 802.474: Total time for which application threads were stopped: 0.0002142 seconds, Stopping threads took: 0.0000243 seconds
2019-05-25T18:36:29.463+0200: 802.476: Total time for which application threads were stopped: 0.0001975 seconds, Stopping threads took: 0.0000452 seconds
2019-05-25T18:36:29.464+0200: 802.476: Total time for which application threads were stopped: 0.0002159 seconds, Stopping threads took: 0.0000418 seconds
2019-05-25T18:36:29.464+0200: 802.477: Total time for which application threads were stopped: 0.0002086 seconds, Stopping threads took: 0.0000337 seconds
2019-05-25T18:36:29.486+0200: 802.498: Total time for which application threads were stopped: 0.0001911 seconds, Stopping threads took: 0.0000469 seconds
2019-05-25T18:36:29.486+0200: 802.499: Total time for which application threads were stopped: 0.0001254 seconds, Stopping threads took: 0.0000188 seconds
2019-05-25T18:36:29.486+0200: 802.499: Total time for which application threads were stopped: 0.0000973 seconds, Stopping threads took: 0.0000166 seconds
2019-05-25T18:36:29.531+0200: 802.543: Total time for which application threads were stopped: 0.0002308 seconds, Stopping threads took: 0.0000555 seconds
2019-05-25T18:36:29.531+0200: 802.543: Total time for which application threads were stopped: 0.0001297 seconds, Stopping threads took: 0.0000226 seconds
2019-05-25T18:36:29.595+0200: 802.607: Total time for which application threads were stopped: 0.0002743 seconds, Stopping threads took: 0.0000717 seconds
2019-05-25T18:36:29.595+0200: 802.607: Total time for which application threads were stopped: 0.0001882 seconds, Stopping threads took: 0.0000734 seconds
2019-05-25T18:36:29.598+0200: 802.610: Total time for which application threads were stopped: 0.0002325 seconds, Stopping threads took: 0.0000738 seconds
2019-05-25T18:36:29.598+0200: 802.611: Total time for which application threads were stopped: 0.0001946 seconds, Stopping threads took: 0.0000538 seconds
2019-05-25T18:36:29.600+0200: 802.612: Total time for which application threads were stopped: 0.0002496 seconds, Stopping threads took: 0.0000717 seconds
2019-05-25T18:36:29.601+0200: 802.614: Total time for which application threads were stopped: 0.0002010 seconds, Stopping threads took: 0.0000559 seconds
2019-05-25T18:36:29.601+0200: 802.614: Total time for which application threads were stopped: 0.0001796 seconds, Stopping threads took: 0.0000431 seconds
2019-05-25T18:36:29.602+0200: 802.615: Total time for which application threads were stopped: 0.0001498 seconds, Stopping threads took: 0.0000243 seconds
2019-05-25T18:36:29.608+0200: 802.620: Total time for which application threads were stopped: 0.0002065 seconds, Stopping threads took: 0.0000448 seconds
2019-05-25T18:36:29.608+0200: 802.620: Total time for which application threads were stopped: 0.0001515 seconds, Stopping threads took: 0.0000299 seconds
2019-05-25T18:36:29.608+0200: 802.621: Total time for which application threads were stopped: 0.0001587 seconds, Stopping threads took: 0.0000337 seconds
2019-05-25T18:36:29.610+0200: 802.623: Total time for which application threads were stopped: 0.0002057 seconds, Stopping threads took: 0.0000418 seconds
2019-05-25T18:36:29.610+0200: 802.623: Total time for which application threads were stopped: 0.0001562 seconds, Stopping threads took: 0.0000260 seconds
2019-05-25T18:36:29.611+0200: 802.623: Total time for which application threads were stopped: 0.0001489 seconds, Stopping threads took: 0.0000256 seconds
2019-05-25T18:36:29.613+0200: 802.626: Total time for which application threads were stopped: 0.0002176 seconds, Stopping threads took: 0.0000486 seconds
2019-05-25T18:36:29.613+0200: 802.626: Total time for which application threads were stopped: 0.0001506 seconds, Stopping threads took: 0.0000294 seconds
2019-05-25T18:36:29.614+0200: 802.626: Total time for which application threads were stopped: 0.0001455 seconds, Stopping threads took: 0.0000256 seconds
2019-05-25T18:36:29.631+0200: 802.643: Total time for which application threads were stopped: 0.0002155 seconds, Stopping threads took: 0.0000631 seconds
2019-05-25T18:36:29.631+0200: 802.643: Total time for which application threads were stopped: 0.0001510 seconds, Stopping threads took: 0.0000363 seconds
2019-05-25T18:36:29.638+0200: 802.650: Total time for which application threads were stopped: 0.0002287 seconds, Stopping threads took: 0.0000444 seconds
2019-05-25T18:36:29.645+0200: 802.657: Total time for which application threads were stopped: 0.0002249 seconds, Stopping threads took: 0.0000478 seconds
2019-05-25T18:36:29.657+0200: 802.669: Total time for which application threads were stopped: 0.0002389 seconds, Stopping threads took: 0.0000474 seconds
2019-05-25T18:36:29.660+0200: 802.673: Total time for which application threads were stopped: 0.0002449 seconds, Stopping threads took: 0.0000563 seconds
2019-05-25T18:36:29.682+0200: 802.694: Total time for which application threads were stopped: 0.0002308 seconds, Stopping threads took: 0.0000734 seconds
2019-05-25T18:36:29.689+0200: 802.702: Total time for which application threads were stopped: 0.0002133 seconds, Stopping threads took: 0.0000521 seconds
2019-05-25T18:36:29.690+0200: 802.702: Total time for which application threads were stopped: 0.0001626 seconds, Stopping threads took: 0.0000448 seconds
2019-05-25T18:36:29.690+0200: 802.703: Total time for which application threads were stopped: 0.0001741 seconds, Stopping threads took: 0.0000371 seconds
2019-05-25T18:36:29.695+0200: 802.707: Total time for which application threads were stopped: 0.0002419 seconds, Stopping threads took: 0.0000529 seconds
2019-05-25T18:36:29.695+0200: 802.707: Total time for which application threads were stopped: 0.0001434 seconds, Stopping threads took: 0.0000226 seconds
2019-05-25T18:36:29.695+0200: 802.708: Total time for which application threads were stopped: 0.0001340 seconds, Stopping threads took: 0.0000222 seconds
2019-05-25T18:36:29.727+0200: 802.739: Total time for which application threads were stopped: 0.0002487 seconds, Stopping threads took: 0.0000627 seconds
2019-05-25T18:36:29.727+0200: 802.739: Total time for which application threads were stopped: 0.0001677 seconds, Stopping threads took: 0.0000247 seconds
2019-05-25T18:36:29.727+0200: 802.740: Total time for which application threads were stopped: 0.0001685 seconds, Stopping threads took: 0.0000486 seconds
2019-05-25T18:36:29.732+0200: 802.744: Total time for which application threads were stopped: 0.0001988 seconds, Stopping threads took: 0.0000375 seconds
2019-05-25T18:36:29.732+0200: 802.744: Total time for which application threads were stopped: 0.0001446 seconds, Stopping threads took: 0.0000247 seconds
2019-05-25T18:36:29.732+0200: 802.745: Total time for which application threads were stopped: 0.0001754 seconds, Stopping threads took: 0.0000277 seconds
2019-05-25T18:36:29.737+0200: 802.750: Total time for which application threads were stopped: 0.0005892 seconds, Stopping threads took: 0.0000546 seconds
2019-05-25T18:36:29.737+0200: 802.750: Total time for which application threads were stopped: 0.0004181 seconds, Stopping threads took: 0.0000858 seconds
2019-05-25T18:36:29.738+0200: 802.751: Total time for which application threads were stopped: 0.0001425 seconds, Stopping threads took: 0.0000201 seconds
2019-05-25T18:36:29.767+0200: 802.779: Total time for which application threads were stopped: 0.0001715 seconds, Stopping threads took: 0.0000311 seconds
2019-05-25T18:36:29.767+0200: 802.780: Total time for which application threads were stopped: 0.0001263 seconds, Stopping threads took: 0.0000192 seconds
2019-05-25T18:36:29.784+0200: 802.797: Total time for which application threads were stopped: 0.0001737 seconds, Stopping threads took: 0.0000324 seconds
2019-05-25T18:36:29.785+0200: 802.797: Total time for which application threads were stopped: 0.0001506 seconds, Stopping threads took: 0.0000209 seconds
2019-05-25T18:36:29.786+0200: 802.799: Total time for which application threads were stopped: 0.0004732 seconds, Stopping threads took: 0.0000354 seconds
2019-05-25T18:36:29.787+0200: 802.799: Total time for which application threads were stopped: 0.0001472 seconds, Stopping threads took: 0.0000358 seconds
2019-05-25T18:36:29.797+0200: 802.809: Total time for which application threads were stopped: 0.0001971 seconds, Stopping threads took: 0.0000397 seconds
2019-05-25T18:36:29.804+0200: 802.816: Total time for which application threads were stopped: 0.0001993 seconds, Stopping threads took: 0.0000367 seconds
2019-05-25T18:36:29.816+0200: 802.828: Total time for which application threads were stopped: 0.0004467 seconds, Stopping threads took: 0.0000384 seconds
2019-05-25T18:36:29.838+0200: 802.851: Total time for which application threads were stopped: 0.0001775 seconds, Stopping threads took: 0.0000397 seconds
{Heap before GC invocations=44 (full 2):
 par new generation   total 109248K, used 93452K [0x00000000e0000000, 0x00000000e8000000, 0x00000000e8000000)
  eden space 87424K, 100% used [0x00000000e0000000, 0x00000000e5560000, 0x00000000e5560000)
  from space 21824K,  27% used [0x00000000e5560000, 0x00000000e5b43240, 0x00000000e6ab0000)
  to   space 21824K,   0% used [0x00000000e6ab0000, 0x00000000e6ab0000, 0x00000000e8000000)
 concurrent mark-sweep generation total 393216K, used 95824K [0x00000000e8000000, 0x0000000100000000, 0x0000000100000000)
 Metaspace       used 67183K, capacity 69276K, committed 69548K, reserved 1110016K
  class space    used 8024K, capacity 8465K, committed 8468K, reserved 1048576K
2019-05-25T18:36:29.898+0200: 802.910: [GC (Allocation Failure) 2019-05-25T18:36:29.898+0200: 802.910: [ParNew
Desired survivor size 20112992 bytes, new threshold 8 (max 8)
- age   1:   13526936 bytes,   13526936 total
- age   2:     270000 bytes,   13796936 total
- age   3:     304080 bytes,   14101016 total
- age   4:    1596160 bytes,   15697176 total
- age   5:      97088 bytes,   15794264 total
- age   6:    1066984 bytes,   16861248 total
- age   7:     244192 bytes,   17105440 total
- age   8:     334216 bytes,   17439656 total
: 93452K->18178K(109248K), 0.0174285 secs] 189277K->114318K(502464K), 0.0175539 secs] [Times: user=0.06 sys=0.00, real=0.02 secs] 
Heap after GC invocations=45 (full 2):
 par new generation   total 109248K, used 18178K [0x00000000e0000000, 0x00000000e8000000, 0x00000000e8000000)
  eden space 87424K,   0% used [0x00000000e0000000, 0x00000000e0000000, 0x00000000e5560000)
  from space 21824K,  83% used [0x00000000e6ab0000, 0x00000000e7c70bb0, 0x00000000e8000000)
  to   space 21824K,   0% used [0x00000000e5560000, 0x00000000e5560000, 0x00000000e6ab0000)
 concurrent mark-sweep generation total 393216K, used 96139K [0x00000000e8000000, 0x0000000100000000, 0x0000000100000000)
 Metaspace       used 67183K, capacity 69276K, committed 69548K, reserved 1110016K
  class space    used 8024K, capacity 8465K, committed 8468K, reserved 1048576K
}
2019-05-25T18:36:29.915+0200: 802.928: Total time for which application threads were stopped: 0.0178731 seconds, Stopping threads took: 0.0000393 seconds
2019-05-25T18:36:30.010+0200: 803.022: Total time for which application threads were stopped: 0.0002112 seconds, Stopping threads took: 0.0000478 seconds
2019-05-25T18:36:30.010+0200: 803.023: Total time for which application threads were stopped: 0.0001182 seconds, Stopping threads took: 0.0000188 seconds
2019-05-25T18:36:31.011+0200: 804.023: Total time for which application threads were stopped: 0.0002244 seconds, Stopping threads took: 0.0000708 seconds
2019-05-25T18:36:31.662+0200: 804.675: Total time for which application threads were stopped: 0.0002825 seconds, Stopping threads took: 0.0000785 seconds
2019-05-25T18:36:31.667+0200: 804.679: Total time for which application threads were stopped: 0.0002778 seconds, Stopping threads took: 0.0000563 seconds
{Heap before GC invocations=45 (full 2):
 par new generation   total 109248K, used 105602K [0x00000000e0000000, 0x00000000e8000000, 0x00000000e8000000)
  eden space 87424K, 100% used [0x00000000e0000000, 0x00000000e5560000, 0x00000000e5560000)
  from space 21824K,  83% used [0x00000000e6ab0000, 0x00000000e7c70bb0, 0x00000000e8000000)
  to   space 21824K,   0% used [0x00000000e5560000, 0x00000000e5560000, 0x00000000e6ab0000)
 concurrent mark-sweep generation total 393216K, used 96139K [0x00000000e8000000, 0x0000000100000000, 0x0000000100000000)
 Metaspace       used 68396K, capacity 70492K, committed 70700K, reserved 1112064K
  class space    used 8140K, capacity 8593K, committed 8596K, reserved 1048576K
2019-05-25T18:36:32.252+0200: 805.264: [GC (Allocation Failure) 2019-05-25T18:36:32.252+0200: 805.264: [ParNew
Desired survivor size 20112992 bytes, new threshold 5 (max 8)
- age   1:   11299160 bytes,   11299160 total
- age   2:    7478920 bytes,   18778080 total
- age   3:     270000 bytes,   19048080 total
- age   4:     304008 bytes,   19352088 total
- age   5:    1578416 bytes,   20930504 total
- age   6:      97088 bytes,   21027592 total
- age   7:    1066944 bytes,   22094536 total
- age   8:     244192 bytes,   22338728 total
: 105602K->21824K(109248K), 0.0930693 secs] 201742K->172746K(502464K), 0.0931901 secs] [Times: user=0.17 sys=0.03, real=0.09 secs] 
Heap after GC invocations=46 (full 2):
 par new generation   total 109248K, used 21824K [0x00000000e0000000, 0x00000000e8000000, 0x00000000e8000000)
  eden space 87424K,   0% used [0x00000000e0000000, 0x00000000e0000000, 0x00000000e5560000)
  from space 21824K, 100% used [0x00000000e5560000, 0x00000000e6ab0000, 0x00000000e6ab0000)
  to   space 21824K,   0% used [0x00000000e6ab0000, 0x00000000e6ab0000, 0x00000000e8000000)
 concurrent mark-sweep generation total 393216K, used 150922K [0x00000000e8000000, 0x0000000100000000, 0x0000000100000000)
 Metaspace       used 68396K, capacity 70492K, committed 70700K, reserved 1112064K
  class space    used 8140K, capacity 8593K, committed 8596K, reserved 1048576K
}
2019-05-25T18:36:32.345+0200: 805.357: Total time for which application threads were stopped: 0.0935869 seconds, Stopping threads took: 0.0000926 seconds
2019-05-25T18:36:32.447+0200: 805.459: Total time for which application threads were stopped: 0.0011268 seconds, Stopping threads took: 0.0000358 seconds
2019-05-25T18:36:32.449+0200: 805.462: Total time for which application threads were stopped: 0.0009600 seconds, Stopping threads took: 0.0000294 seconds
2019-05-25T18:36:32.729+0200: 805.741: Total time for which application threads were stopped: 0.0001988 seconds, Stopping threads took: 0.0000486 seconds
2019-05-25T18:36:32.731+0200: 805.744: Total time for which application threads were stopped: 0.0002500 seconds, Stopping threads took: 0.0000687 seconds
2019-05-25T18:36:32.784+0200: 805.796: Total time for which application threads were stopped: 0.0010048 seconds, Stopping threads took: 0.0000644 seconds
2019-05-25T18:36:32.960+0200: 805.973: Total time for which application threads were stopped: 0.0003153 seconds, Stopping threads took: 0.0000700 seconds
2019-05-25T18:36:32.960+0200: 805.973: Total time for which application threads were stopped: 0.0002142 seconds, Stopping threads took: 0.0000521 seconds
2019-05-25T18:36:32.961+0200: 805.974: Total time for which application threads were stopped: 0.0002325 seconds, Stopping threads took: 0.0000734 seconds
2019-05-25T18:36:32.962+0200: 805.974: Total time for which application threads were stopped: 0.0002018 seconds, Stopping threads took: 0.0000410 seconds
2019-05-25T18:36:32.972+0200: 805.984: Total time for which application threads were stopped: 0.0002901 seconds, Stopping threads took: 0.0000751 seconds
2019-05-25T18:36:32.975+0200: 805.987: Total time for which application threads were stopped: 0.0006182 seconds, Stopping threads took: 0.0004655 seconds
2019-05-25T18:36:32.989+0200: 806.001: Total time for which application threads were stopped: 0.0002291 seconds, Stopping threads took: 0.0000631 seconds
2019-05-25T18:36:33.010+0200: 806.023: Total time for which application threads were stopped: 0.0004177 seconds, Stopping threads took: 0.0001685 seconds
2019-05-25T18:36:33.011+0200: 806.023: Total time for which application threads were stopped: 0.0001937 seconds, Stopping threads took: 0.0000311 seconds
2019-05-25T18:36:33.011+0200: 806.024: Total time for which application threads were stopped: 0.0002052 seconds, Stopping threads took: 0.0000435 seconds
2019-05-25T18:36:33.011+0200: 806.024: Total time for which application threads were stopped: 0.0001574 seconds, Stopping threads took: 0.0000256 seconds
2019-05-25T18:36:33.120+0200: 806.132: Total time for which application threads were stopped: 0.0002743 seconds, Stopping threads took: 0.0000657 seconds
2019-05-25T18:36:33.121+0200: 806.133: Total time for which application threads were stopped: 0.0002313 seconds, Stopping threads took: 0.0000380 seconds
2019-05-25T18:36:33.121+0200: 806.133: Total time for which application threads were stopped: 0.0001993 seconds, Stopping threads took: 0.0000269 seconds
2019-05-25T18:36:33.121+0200: 806.133: Total time for which application threads were stopped: 0.0001485 seconds, Stopping threads took: 0.0000226 seconds
2019-05-25T18:36:33.121+0200: 806.134: Total time for which application threads were stopped: 0.0001327 seconds, Stopping threads took: 0.0000213 seconds
2019-05-25T18:36:33.122+0200: 806.134: Total time for which application threads were stopped: 0.0001438 seconds, Stopping threads took: 0.0000311 seconds
2019-05-25T18:36:33.122+0200: 806.134: Total time for which application threads were stopped: 0.0001357 seconds, Stopping threads took: 0.0000260 seconds
2019-05-25T18:36:33.122+0200: 806.134: Total time for which application threads were stopped: 0.0001596 seconds, Stopping threads took: 0.0000363 seconds
2019-05-25T18:36:33.122+0200: 806.135: Total time for which application threads were stopped: 0.0001600 seconds, Stopping threads took: 0.0000380 seconds
2019-05-25T18:36:33.122+0200: 806.135: Total time for which application threads were stopped: 0.0001472 seconds, Stopping threads took: 0.0000367 seconds
2019-05-25T18:36:33.123+0200: 806.135: Total time for which application threads were stopped: 0.0001596 seconds, Stopping threads took: 0.0000324 seconds
2019-05-25T18:36:33.123+0200: 806.135: Total time for which application threads were stopped: 0.0001446 seconds, Stopping threads took: 0.0000337 seconds
2019-05-25T18:36:33.123+0200: 806.135: Total time for which application threads were stopped: 0.0001664 seconds, Stopping threads took: 0.0000333 seconds
2019-05-25T18:36:33.123+0200: 806.136: Total time for which application threads were stopped: 0.0001617 seconds, Stopping threads took: 0.0000401 seconds
2019-05-25T18:36:33.123+0200: 806.136: Total time for which application threads were stopped: 0.0001591 seconds, Stopping threads took: 0.0000427 seconds
2019-05-25T18:36:33.123+0200: 806.136: Total time for which application threads were stopped: 0.0001344 seconds, Stopping threads took: 0.0000226 seconds
2019-05-25T18:36:33.123+0200: 806.136: Total time for which application threads were stopped: 0.0001271 seconds, Stopping threads took: 0.0000196 seconds
2019-05-25T18:36:33.124+0200: 806.136: Total time for which application threads were stopped: 0.0001212 seconds, Stopping threads took: 0.0000188 seconds
2019-05-25T18:36:33.124+0200: 806.136: Total time for which application threads were stopped: 0.0001101 seconds, Stopping threads took: 0.0000192 seconds
2019-05-25T18:36:33.124+0200: 806.137: Total time for which application threads were stopped: 0.0001173 seconds, Stopping threads took: 0.0000235 seconds
2019-05-25T18:36:33.124+0200: 806.137: Total time for which application threads were stopped: 0.0003836 seconds, Stopping threads took: 0.0000256 seconds
{Heap before GC invocations=46 (full 2):
 par new generation   total 109248K, used 109248K [0x00000000e0000000, 0x00000000e8000000, 0x00000000e8000000)
  eden space 87424K, 100% used [0x00000000e0000000, 0x00000000e5560000, 0x00000000e5560000)
  from space 21824K, 100% used [0x00000000e5560000, 0x00000000e6ab0000, 0x00000000e6ab0000)
  to   space 21824K,   0% used [0x00000000e6ab0000, 0x00000000e6ab0000, 0x00000000e8000000)
 concurrent mark-sweep generation total 393216K, used 150922K [0x00000000e8000000, 0x0000000100000000, 0x0000000100000000)
 Metaspace       used 70331K, capacity 72520K, committed 73004K, reserved 1114112K
  class space    used 8317K, capacity 8757K, committed 8852K, reserved 1048576K
2019-05-25T18:36:33.125+0200: 806.138: [GC (Allocation Failure) 2019-05-25T18:36:33.125+0200: 806.138: [ParNew
Desired survivor size 20112992 bytes, new threshold 3 (max 8)
- age   1:    8944688 bytes,    8944688 total
- age   2:    5359072 bytes,   14303760 total
- age   3:    7463856 bytes,   21767616 total
- age   4:     269952 bytes,   22037568 total
- age   5:     303936 bytes,   22341504 total
: 109248K->21824K(109248K), 0.0313677 secs] 260170K->180914K(502464K), 0.0315030 secs] [Times: user=0.13 sys=0.00, real=0.03 secs] 
Heap after GC invocations=47 (full 2):
 par new generation   total 109248K, used 21824K [0x00000000e0000000, 0x00000000e8000000, 0x00000000e8000000)
  eden space 87424K,   0% used [0x00000000e0000000, 0x00000000e0000000, 0x00000000e5560000)
  from space 21824K, 100% used [0x00000000e6ab0000, 0x00000000e8000000, 0x00000000e8000000)
  to   space 21824K,   0% used [0x00000000e5560000, 0x00000000e5560000, 0x00000000e6ab0000)
 concurrent mark-sweep generation total 393216K, used 159090K [0x00000000e8000000, 0x0000000100000000, 0x0000000100000000)
 Metaspace       used 70331K, capacity 72520K, committed 73004K, reserved 1114112K
  class space    used 8317K, capacity 8757K, committed 8852K, reserved 1048576K
}
2019-05-25T18:36:33.157+0200: 806.169: Total time for which application threads were stopped: 0.0317914 seconds, Stopping threads took: 0.0000452 seconds
2019-05-25T18:36:33.365+0200: 806.377: Total time for which application threads were stopped: 0.0002812 seconds, Stopping threads took: 0.0000636 seconds
2019-05-25T18:36:33.384+0200: 806.396: Total time for which application threads were stopped: 0.0002155 seconds, Stopping threads took: 0.0000640 seconds
2019-05-25T18:36:33.422+0200: 806.435: Total time for which application threads were stopped: 0.0002569 seconds, Stopping threads took: 0.0000678 seconds
2019-05-25T18:36:33.437+0200: 806.450: Total time for which application threads were stopped: 0.0005696 seconds, Stopping threads took: 0.0003857 seconds
2019-05-25T18:36:33.512+0200: 806.525: Total time for which application threads were stopped: 0.0002325 seconds, Stopping threads took: 0.0000695 seconds
2019-05-25T18:36:33.591+0200: 806.603: Total time for which application threads were stopped: 0.0002748 seconds, Stopping threads took: 0.0000725 seconds
2019-05-25T18:36:33.650+0200: 806.662: Total time for which application threads were stopped: 0.0002372 seconds, Stopping threads took: 0.0000742 seconds
2019-05-25T18:36:33.666+0200: 806.679: Total time for which application threads were stopped: 0.0002688 seconds, Stopping threads took: 0.0001139 seconds
2019-05-25T18:36:33.684+0200: 806.696: Total time for which application threads were stopped: 0.0002436 seconds, Stopping threads took: 0.0000764 seconds
2019-05-25T18:36:33.733+0200: 806.745: Total time for which application threads were stopped: 0.0002714 seconds, Stopping threads took: 0.0000717 seconds
2019-05-25T18:36:33.799+0200: 806.812: Total time for which application threads were stopped: 0.0003046 seconds, Stopping threads took: 0.0000926 seconds
2019-05-25T18:36:33.888+0200: 806.900: Total time for which application threads were stopped: 0.0002423 seconds, Stopping threads took: 0.0000661 seconds
2019-05-25T18:36:33.901+0200: 806.913: Total time for which application threads were stopped: 0.0002654 seconds, Stopping threads took: 0.0000704 seconds
2019-05-25T18:36:33.924+0200: 806.936: Total time for which application threads were stopped: 0.0011038 seconds, Stopping threads took: 0.0000862 seconds
2019-05-25T18:36:33.945+0200: 806.958: Total time for which application threads were stopped: 0.0002714 seconds, Stopping threads took: 0.0000713 seconds
2019-05-25T18:36:34.003+0200: 807.016: Total time for which application threads were stopped: 0.0002394 seconds, Stopping threads took: 0.0000670 seconds
2019-05-25T18:36:34.009+0200: 807.022: Total time for which application threads were stopped: 0.0010607 seconds, Stopping threads took: 0.0000640 seconds
{Heap before GC invocations=47 (full 2):
 par new generation   total 109248K, used 109248K [0x00000000e0000000, 0x00000000e8000000, 0x00000000e8000000)
  eden space 87424K, 100% used [0x00000000e0000000, 0x00000000e5560000, 0x00000000e5560000)
  from space 21824K, 100% used [0x00000000e6ab0000, 0x00000000e8000000, 0x00000000e8000000)
  to   space 21824K,   0% used [0x00000000e5560000, 0x00000000e5560000, 0x00000000e6ab0000)
 concurrent mark-sweep generation total 393216K, used 159090K [0x00000000e8000000, 0x0000000100000000, 0x0000000100000000)
 Metaspace       used 76389K, capacity 78593K, committed 78964K, reserved 1118208K
  class space    used 8999K, capacity 9472K, committed 9540K, reserved 1048576K
2019-05-25T18:36:34.091+0200: 807.103: [GC (Allocation Failure) 2019-05-25T18:36:34.091+0200: 807.103: [ParNew
Desired survivor size 20112992 bytes, new threshold 8 (max 8)
- age   1:    7574608 bytes,    7574608 total
- age   2:    4947472 bytes,   12522080 total
- age   3:    5121368 bytes,   17643448 total
: 109248K->21824K(109248K), 0.0264444 secs] 268338K->191048K(502464K), 0.0265413 secs] [Times: user=0.08 sys=0.00, real=0.03 secs] 
Heap after GC invocations=48 (full 2):
 par new generation   total 109248K, used 21824K [0x00000000e0000000, 0x00000000e8000000, 0x00000000e8000000)
  eden space 87424K,   0% used [0x00000000e0000000, 0x00000000e0000000, 0x00000000e5560000)
  from space 21824K, 100% used [0x00000000e5560000, 0x00000000e6ab0000, 0x00000000e6ab0000)
  to   space 21824K,   0% used [0x00000000e6ab0000, 0x00000000e6ab0000, 0x00000000e8000000)
 concurrent mark-sweep generation total 393216K, used 169224K [0x00000000e8000000, 0x0000000100000000, 0x0000000100000000)
 Metaspace       used 76389K, capacity 78593K, committed 78964K, reserved 1118208K
  class space    used 8999K, capacity 9472K, committed 9540K, reserved 1048576K
}
2019-05-25T18:36:34.117+0200: 807.130: Total time for which application threads were stopped: 0.0269240 seconds, Stopping threads took: 0.0000610 seconds
2019-05-25T18:36:34.118+0200: 807.130: [GC (CMS Initial Mark) [1 CMS-initial-mark: 169224K(393216K)] 191048K(502464K), 0.0043610 secs] [Times: user=0.00 sys=0.00, real=0.00 secs] 
2019-05-25T18:36:34.122+0200: 807.135: Total time for which application threads were stopped: 0.0046694 seconds, Stopping threads took: 0.0000657 seconds
2019-05-25T18:36:34.122+0200: 807.135: [CMS-concurrent-mark-start]
2019-05-25T18:36:34.162+0200: 807.175: [CMS-concurrent-mark: 0.040/0.040 secs] [Times: user=0.19 sys=0.00, real=0.04 secs] 
2019-05-25T18:36:34.162+0200: 807.175: [CMS-concurrent-preclean-start]
2019-05-25T18:36:34.164+0200: 807.177: [CMS-concurrent-preclean: 0.002/0.002 secs] [Times: user=0.00 sys=0.00, real=0.00 secs] 
2019-05-25T18:36:34.165+0200: 807.177: [GC (CMS Final Remark) [YG occupancy: 22564 K (109248 K)]2019-05-25T18:36:34.165+0200: 807.177: [Rescan (parallel) , 0.0070268 secs]2019-05-25T18:36:34.172+0200: 807.184: [weak refs processing, 0.0014545 secs]2019-05-25T18:36:34.174+0200: 807.186: [class unloading, 0.0166959 secs]2019-05-25T18:36:34.190+0200: 807.203: [scrub symbol table, 0.0181649 secs]2019-05-25T18:36:34.208+0200: 807.221: [scrub string table, 0.0010193 secs][1 CMS-remark: 169224K(393216K)] 191788K(502464K), 0.0459994 secs] [Times: user=0.05 sys=0.00, real=0.05 secs] 
2019-05-25T18:36:34.211+0200: 807.223: Total time for which application threads were stopped: 0.0463369 seconds, Stopping threads took: 0.0000755 seconds
2019-05-25T18:36:34.211+0200: 807.223: [CMS-concurrent-sweep-start]
{Heap before GC invocations=48 (full 3):
 par new generation   total 109248K, used 22564K [0x00000000e0000000, 0x00000000e8000000, 0x00000000e8000000)
  eden space 87424K,   0% used [0x00000000e0000000, 0x00000000e00b92a8, 0x00000000e5560000)
  from space 21824K, 100% used [0x00000000e5560000, 0x00000000e6ab0000, 0x00000000e6ab0000)
  to   space 21824K,   0% used [0x00000000e6ab0000, 0x00000000e6ab0000, 0x00000000e8000000)
 concurrent mark-sweep generation total 393216K, used 169224K [0x00000000e8000000, 0x0000000100000000, 0x0000000100000000)
 Metaspace       used 76405K, capacity 78593K, committed 78964K, reserved 1118208K
  class space    used 9006K, capacity 9472K, committed 9540K, reserved 1048576K
2019-05-25T18:36:34.211+0200: 807.224: [GC (GCLocker Initiated GC) 2019-05-25T18:36:34.211+0200: 807.224: [ParNew
Desired survivor size 20112992 bytes, new threshold 8 (max 8)
- age   1:      32080 bytes,      32080 total
- age   2:    4303392 bytes,    4335472 total
- age   3:    4799640 bytes,    9135112 total
- age   4:     293240 bytes,    9428352 total
: 22564K->18194K(109248K), 0.0083098 secs] 191788K->187418K(502464K), 0.0084019 secs] [Times: user=0.00 sys=0.00, real=0.01 secs] 
Heap after GC invocations=49 (full 3):
 par new generation   total 109248K, used 18194K [0x00000000e0000000, 0x00000000e8000000, 0x00000000e8000000)
  eden space 87424K,   0% used [0x00000000e0000000, 0x00000000e0000000, 0x00000000e5560000)
  from space 21824K,  83% used [0x00000000e6ab0000, 0x00000000e7c74860, 0x00000000e8000000)
  to   space 21824K,   0% used [0x00000000e5560000, 0x00000000e5560000, 0x00000000e6ab0000)
 concurrent mark-sweep generation total 393216K, used 169224K [0x00000000e8000000, 0x0000000100000000, 0x0000000100000000)
 Metaspace       used 76405K, capacity 78593K, committed 78964K, reserved 1118208K
  class space    used 9006K, capacity 9472K, committed 9540K, reserved 1048576K
}
2019-05-25T18:36:34.220+0200: 807.232: Total time for which application threads were stopped: 0.0087936 seconds, Stopping threads took: 0.0001246 seconds
2019-05-25T18:36:34.226+0200: 807.239: Total time for which application threads were stopped: 0.0031087 seconds, Stopping threads took: 0.0029056 seconds
2019-05-25T18:36:34.262+0200: 807.275: [CMS-concurrent-sweep: 0.048/0.052 secs] [Times: user=0.16 sys=0.03, real=0.05 secs] 
2019-05-25T18:36:34.263+0200: 807.275: [CMS-concurrent-reset-start]
2019-05-25T18:36:34.263+0200: 807.276: [CMS-concurrent-reset: 0.001/0.001 secs] [Times: user=0.00 sys=0.00, real=0.00 secs] 
2019-05-25T18:36:34.554+0200: 807.567: Total time for which application threads were stopped: 0.0039885 seconds, Stopping threads took: 0.0003951 seconds
2019-05-25T18:36:34.556+0200: 807.569: Total time for which application threads were stopped: 0.0002940 seconds, Stopping threads took: 0.0001015 seconds
2019-05-25T18:36:34.587+0200: 807.599: Total time for which application threads were stopped: 0.0002688 seconds, Stopping threads took: 0.0000725 seconds
2019-05-25T18:36:34.596+0200: 807.609: Total time for which application threads were stopped: 0.0056926 seconds, Stopping threads took: 0.0055104 seconds
2019-05-25T18:36:34.613+0200: 807.625: Total time for which application threads were stopped: 0.0005845 seconds, Stopping threads took: 0.0004117 seconds
2019-05-25T18:36:34.613+0200: 807.626: Total time for which application threads were stopped: 0.0002313 seconds, Stopping threads took: 0.0000661 seconds
2019-05-25T18:36:34.615+0200: 807.628: Total time for which application threads were stopped: 0.0002547 seconds, Stopping threads took: 0.0000597 seconds
2019-05-25T18:36:34.615+0200: 807.628: Total time for which application threads were stopped: 0.0002039 seconds, Stopping threads took: 0.0000393 seconds
2019-05-25T18:36:34.664+0200: 807.676: Total time for which application threads were stopped: 0.0003661 seconds, Stopping threads took: 0.0001348 seconds
2019-05-25T18:36:34.670+0200: 807.682: Total time for which application threads were stopped: 0.0002961 seconds, Stopping threads took: 0.0000700 seconds
2019-05-25T18:36:34.670+0200: 807.682: Total time for which application threads were stopped: 0.0002202 seconds, Stopping threads took: 0.0000265 seconds
2019-05-25T18:36:34.670+0200: 807.682: Total time for which application threads were stopped: 0.0002274 seconds, Stopping threads took: 0.0000606 seconds
2019-05-25T18:36:34.670+0200: 807.683: Total time for which application threads were stopped: 0.0002133 seconds, Stopping threads took: 0.0000576 seconds
2019-05-25T18:36:34.671+0200: 807.683: Total time for which application threads were stopped: 0.0002347 seconds, Stopping threads took: 0.0000870 seconds
2019-05-25T18:36:34.671+0200: 807.683: Total time for which application threads were stopped: 0.0002069 seconds, Stopping threads took: 0.0000576 seconds
2019-05-25T18:36:34.671+0200: 807.683: Total time for which application threads were stopped: 0.0002044 seconds, Stopping threads took: 0.0000555 seconds
2019-05-25T18:36:34.672+0200: 807.684: Total time for which application threads were stopped: 0.0002402 seconds, Stopping threads took: 0.0000802 seconds
2019-05-25T18:36:34.672+0200: 807.684: Total time for which application threads were stopped: 0.0002295 seconds, Stopping threads took: 0.0000576 seconds
2019-05-25T18:36:34.672+0200: 807.685: Total time for which application threads were stopped: 0.0002389 seconds, Stopping threads took: 0.0000802 seconds
2019-05-25T18:36:34.673+0200: 807.685: Total time for which application threads were stopped: 0.0001997 seconds, Stopping threads took: 0.0000478 seconds
2019-05-25T18:36:34.673+0200: 807.685: Total time for which application threads were stopped: 0.0002385 seconds, Stopping threads took: 0.0000640 seconds
2019-05-25T18:36:34.673+0200: 807.686: Total time for which application threads were stopped: 0.0002923 seconds, Stopping threads took: 0.0001190 seconds
2019-05-25T18:36:34.673+0200: 807.686: Total time for which application threads were stopped: 0.0003221 seconds, Stopping threads took: 0.0001143 seconds
2019-05-25T18:36:34.674+0200: 807.686: Total time for which application threads were stopped: 0.0002650 seconds, Stopping threads took: 0.0000495 seconds
2019-05-25T18:36:34.674+0200: 807.687: Total time for which application threads were stopped: 0.0002496 seconds, Stopping threads took: 0.0000657 seconds
2019-05-25T18:36:34.674+0200: 807.687: Total time for which application threads were stopped: 0.0002453 seconds, Stopping threads took: 0.0000725 seconds
2019-05-25T18:36:34.675+0200: 807.687: Total time for which application threads were stopped: 0.0002590 seconds, Stopping threads took: 0.0000717 seconds
2019-05-25T18:36:34.675+0200: 807.688: Total time for which application threads were stopped: 0.0002249 seconds, Stopping threads took: 0.0000593 seconds
2019-05-25T18:36:34.676+0200: 807.689: Total time for which application threads were stopped: 0.0007612 seconds, Stopping threads took: 0.0000657 seconds
2019-05-25T18:36:34.680+0200: 807.693: Total time for which application threads were stopped: 0.0004629 seconds, Stopping threads took: 0.0002483 seconds
2019-05-25T18:36:34.683+0200: 807.696: Total time for which application threads were stopped: 0.0005585 seconds, Stopping threads took: 0.0003503 seconds
2019-05-25T18:36:34.683+0200: 807.696: Total time for which application threads were stopped: 0.0002573 seconds, Stopping threads took: 0.0000725 seconds
2019-05-25T18:36:34.711+0200: 807.724: Total time for which application threads were stopped: 0.0002914 seconds, Stopping threads took: 0.0000687 seconds
2019-05-25T18:36:34.711+0200: 807.724: Total time for which application threads were stopped: 0.0002569 seconds, Stopping threads took: 0.0000533 seconds
2019-05-25T18:36:34.712+0200: 807.724: Total time for which application threads were stopped: 0.0002411 seconds, Stopping threads took: 0.0000585 seconds
2019-05-25T18:36:34.714+0200: 807.727: Total time for which application threads were stopped: 0.0007821 seconds, Stopping threads took: 0.0001856 seconds
2019-05-25T18:36:34.719+0200: 807.731: Total time for which application threads were stopped: 0.0002658 seconds, Stopping threads took: 0.0000683 seconds
2019-05-25T18:36:34.780+0200: 807.792: Total time for which application threads were stopped: 0.0003072 seconds, Stopping threads took: 0.0001250 seconds
2019-05-25T18:36:34.875+0200: 807.888: Total time for which application threads were stopped: 0.0003243 seconds, Stopping threads took: 0.0000670 seconds
2019-05-25T18:36:34.934+0200: 807.947: Total time for which application threads were stopped: 0.0002790 seconds, Stopping threads took: 0.0000772 seconds
2019-05-25T18:36:34.937+0200: 807.949: Total time for which application threads were stopped: 0.0002423 seconds, Stopping threads took: 0.0000725 seconds
2019-05-25T18:36:34.954+0200: 807.966: Total time for which application threads were stopped: 0.0002965 seconds, Stopping threads took: 0.0000525 seconds
2019-05-25T18:36:35.350+0200: 808.363: Total time for which application threads were stopped: 0.0004548 seconds, Stopping threads took: 0.0002449 seconds
2019-05-25T18:36:35.351+0200: 808.363: Total time for which application threads were stopped: 0.0002172 seconds, Stopping threads took: 0.0000555 seconds
2019-05-25T18:36:35.351+0200: 808.364: Total time for which application threads were stopped: 0.0002645 seconds, Stopping threads took: 0.0000981 seconds
{Heap before GC invocations=49 (full 3):
 par new generation   total 109248K, used 105320K [0x00000000e0000000, 0x00000000e8000000, 0x00000000e8000000)
  eden space 87424K,  99% used [0x00000000e0000000, 0x00000000e5515a80, 0x00000000e5560000)
  from space 21824K,  83% used [0x00000000e6ab0000, 0x00000000e7c74860, 0x00000000e8000000)
  to   space 21824K,   0% used [0x00000000e5560000, 0x00000000e5560000, 0x00000000e6ab0000)
 concurrent mark-sweep generation total 393216K, used 59920K [0x00000000e8000000, 0x0000000100000000, 0x0000000100000000)
 Metaspace       used 79219K, capacity 81303K, committed 82036K, reserved 1122304K
  class space    used 9454K, capacity 9887K, committed 10052K, reserved 1048576K
2019-05-25T18:36:35.360+0200: 808.373: [GC (Allocation Failure) 2019-05-25T18:36:35.360+0200: 808.373: [ParNew
Desired survivor size 20112992 bytes, new threshold 8 (max 8)
- age   1:    4163928 bytes,    4163928 total
- age   2:      13128 bytes,    4177056 total
- age   3:    2263048 bytes,    6440104 total
- age   4:    4576696 bytes,   11016800 total
- age   5:     292968 bytes,   11309768 total
: 105320K->15687K(109248K), 0.0107162 secs] 165241K->75607K(502464K), 0.0108659 secs] [Times: user=0.03 sys=0.00, real=0.01 secs] 
Heap after GC invocations=50 (full 3):
 par new generation   total 109248K, used 15687K [0x00000000e0000000, 0x00000000e8000000, 0x00000000e8000000)
  eden space 87424K,   0% used [0x00000000e0000000, 0x00000000e0000000, 0x00000000e5560000)
  from space 21824K,  71% used [0x00000000e5560000, 0x00000000e64b1cc0, 0x00000000e6ab0000)
  to   space 21824K,   0% used [0x00000000e6ab0000, 0x00000000e6ab0000, 0x00000000e8000000)
 concurrent mark-sweep generation total 393216K, used 59920K [0x00000000e8000000, 0x0000000100000000, 0x0000000100000000)
 Metaspace       used 79219K, capacity 81303K, committed 82036K, reserved 1122304K
  class space    used 9454K, capacity 9887K, committed 10052K, reserved 1048576K
}
2019-05-25T18:36:35.371+0200: 808.384: Total time for which application threads were stopped: 0.0113353 seconds, Stopping threads took: 0.0000734 seconds
2019-05-25T18:36:35.400+0200: 808.413: Total time for which application threads were stopped: 0.0002786 seconds, Stopping threads took: 0.0000674 seconds
2019-05-25T18:36:35.401+0200: 808.413: Total time for which application threads were stopped: 0.0002270 seconds, Stopping threads took: 0.0000644 seconds
2019-05-25T18:36:35.520+0200: 808.532: Total time for which application threads were stopped: 0.0002748 seconds, Stopping threads took: 0.0000841 seconds
2019-05-25T18:36:35.520+0200: 808.532: Total time for which application threads were stopped: 0.0002441 seconds, Stopping threads took: 0.0000602 seconds
2019-05-25T18:36:35.524+0200: 808.536: Total time for which application threads were stopped: 0.0002731 seconds, Stopping threads took: 0.0000674 seconds
2019-05-25T18:36:36.525+0200: 809.537: Total time for which application threads were stopped: 0.0002948 seconds, Stopping threads took: 0.0001446 seconds
2019-05-25T18:36:39.083+0200: 812.096: Total time for which application threads were stopped: 0.0002833 seconds, Stopping threads took: 0.0000666 seconds
2019-05-25T18:36:39.084+0200: 812.096: Total time for which application threads were stopped: 0.0002492 seconds, Stopping threads took: 0.0000474 seconds
2019-05-25T18:36:39.084+0200: 812.097: Total time for which application threads were stopped: 0.0002253 seconds, Stopping threads took: 0.0000410 seconds
2019-05-25T18:36:39.084+0200: 812.097: Total time for which application threads were stopped: 0.0002317 seconds, Stopping threads took: 0.0000516 seconds
2019-05-25T18:36:39.085+0200: 812.097: Total time for which application threads were stopped: 0.0002569 seconds, Stopping threads took: 0.0000525 seconds
2019-05-25T18:36:39.086+0200: 812.099: Total time for which application threads were stopped: 0.0003290 seconds, Stopping threads took: 0.0000887 seconds
2019-05-25T18:36:39.087+0200: 812.100: Total time for which application threads were stopped: 0.0007590 seconds, Stopping threads took: 0.0000772 seconds
2019-05-25T18:36:40.088+0200: 813.100: Total time for which application threads were stopped: 0.0002342 seconds, Stopping threads took: 0.0000777 seconds
2019-05-25T18:36:41.088+0200: 814.101: Total time for which application threads were stopped: 0.0002372 seconds, Stopping threads took: 0.0000700 seconds
2019-05-25T18:36:41.647+0200: 814.660: Total time for which application threads were stopped: 0.0002573 seconds, Stopping threads took: 0.0000572 seconds
2019-05-25T18:36:41.647+0200: 814.660: Total time for which application threads were stopped: 0.0002313 seconds, Stopping threads took: 0.0000465 seconds
2019-05-25T18:36:41.648+0200: 814.661: Total time for which application threads were stopped: 0.0003140 seconds, Stopping threads took: 0.0001109 seconds
2019-05-25T18:36:41.648+0200: 814.661: Total time for which application threads were stopped: 0.0002355 seconds, Stopping threads took: 0.0000593 seconds
2019-05-25T18:36:41.649+0200: 814.661: Total time for which application threads were stopped: 0.0002031 seconds, Stopping threads took: 0.0000491 seconds
2019-05-25T18:36:41.650+0200: 814.662: Total time for which application threads were stopped: 0.0002150 seconds, Stopping threads took: 0.0000627 seconds
2019-05-25T18:36:41.650+0200: 814.662: Total time for which application threads were stopped: 0.0001771 seconds, Stopping threads took: 0.0000444 seconds
2019-05-25T18:36:41.650+0200: 814.663: Total time for which application threads were stopped: 0.0001869 seconds, Stopping threads took: 0.0000474 seconds
2019-05-25T18:36:41.650+0200: 814.663: Total time for which application threads were stopped: 0.0001429 seconds, Stopping threads took: 0.0000431 seconds
2019-05-25T18:36:41.651+0200: 814.663: Total time for which application threads were stopped: 0.0001557 seconds, Stopping threads took: 0.0000452 seconds
2019-05-25T18:36:41.651+0200: 814.663: Total time for which application threads were stopped: 0.0001417 seconds, Stopping threads took: 0.0000491 seconds
2019-05-25T18:36:41.651+0200: 814.663: Total time for which application threads were stopped: 0.0001498 seconds, Stopping threads took: 0.0000499 seconds
2019-05-25T18:36:41.651+0200: 814.664: Total time for which application threads were stopped: 0.0001395 seconds, Stopping threads took: 0.0000495 seconds
2019-05-25T18:36:42.467+0200: 815.479: Total time for which application threads were stopped: 0.0003106 seconds, Stopping threads took: 0.0000759 seconds
2019-05-25T18:36:42.467+0200: 815.480: Total time for which application threads were stopped: 0.0002304 seconds, Stopping threads took: 0.0000627 seconds
2019-05-25T18:36:43.468+0200: 816.480: Total time for which application threads were stopped: 0.0002082 seconds, Stopping threads took: 0.0000717 seconds
2019-05-25T18:36:47.978+0200: 820.991: Total time for which application threads were stopped: 0.0001946 seconds, Stopping threads took: 0.0000516 seconds
2019-05-25T18:36:49.979+0200: 822.991: Total time for which application threads were stopped: 0.0004378 seconds, Stopping threads took: 0.0000892 seconds
2019-05-25T18:37:29.033+0200: 862.045: Total time for which application threads were stopped: 0.0002278 seconds, Stopping threads took: 0.0000461 seconds
2019-05-25T18:37:32.069+0200: 865.082: Total time for which application threads were stopped: 0.0002150 seconds, Stopping threads took: 0.0000508 seconds
2019-05-25T18:38:32.134+0200: 925.147: Total time for which application threads were stopped: 0.0002496 seconds, Stopping threads took: 0.0000499 seconds
2019-05-25T18:39:28.145+0200: 981.158: Total time for which application threads were stopped: 0.0003405 seconds, Stopping threads took: 0.0000828 seconds
2019-05-25T18:39:28.149+0200: 981.161: Total time for which application threads were stopped: 0.0002223 seconds, Stopping threads took: 0.0000375 seconds
2019-05-25T18:39:28.160+0200: 981.172: Total time for which application threads were stopped: 0.0002598 seconds, Stopping threads took: 0.0000644 seconds
2019-05-25T18:39:28.162+0200: 981.174: Total time for which application threads were stopped: 0.0006174 seconds, Stopping threads took: 0.0000337 seconds
2019-05-25T18:39:28.164+0200: 981.177: Total time for which application threads were stopped: 0.0002291 seconds, Stopping threads took: 0.0000444 seconds
2019-05-25T18:39:28.167+0200: 981.180: Total time for which application threads were stopped: 0.0002330 seconds, Stopping threads took: 0.0000367 seconds
2019-05-25T18:39:28.266+0200: 981.278: Total time for which application threads were stopped: 0.0002359 seconds, Stopping threads took: 0.0000457 seconds
2019-05-25T18:39:28.377+0200: 981.389: Total time for which application threads were stopped: 0.0002150 seconds, Stopping threads took: 0.0000316 seconds
2019-05-25T18:39:28.447+0200: 981.460: Total time for which application threads were stopped: 0.0004019 seconds, Stopping threads took: 0.0000708 seconds
2019-05-25T18:39:28.530+0200: 981.543: Total time for which application threads were stopped: 0.0002039 seconds, Stopping threads took: 0.0000405 seconds
2019-05-25T18:39:28.531+0200: 981.543: Total time for which application threads were stopped: 0.0002368 seconds, Stopping threads took: 0.0000346 seconds
2019-05-25T18:39:28.535+0200: 981.547: Total time for which application threads were stopped: 0.0002906 seconds, Stopping threads took: 0.0000909 seconds
2019-05-25T18:39:28.551+0200: 981.563: Total time for which application threads were stopped: 0.0003712 seconds, Stopping threads took: 0.0000576 seconds
2019-05-25T18:39:28.712+0200: 981.725: Total time for which application threads were stopped: 0.0001822 seconds, Stopping threads took: 0.0000316 seconds
2019-05-25T18:39:29.713+0200: 982.725: Total time for which application threads were stopped: 0.0002057 seconds, Stopping threads took: 0.0000371 seconds
{Heap before GC invocations=50 (full 3):
 par new generation   total 109248K, used 103091K [0x00000000e0000000, 0x00000000e8000000, 0x00000000e8000000)
  eden space 87424K,  99% used [0x00000000e0000000, 0x00000000e555b0f0, 0x00000000e5560000)
  from space 21824K,  71% used [0x00000000e5560000, 0x00000000e64b1cc0, 0x00000000e6ab0000)
  to   space 21824K,   0% used [0x00000000e6ab0000, 0x00000000e6ab0000, 0x00000000e8000000)
 concurrent mark-sweep generation total 393216K, used 59920K [0x00000000e8000000, 0x0000000100000000, 0x0000000100000000)
 Metaspace       used 79341K, capacity 81501K, committed 82292K, reserved 1122304K
  class space    used 9454K, capacity 9888K, committed 10052K, reserved 1048576K
2019-05-25T18:39:29.882+0200: 982.894: [GC (Allocation Failure) 2019-05-25T18:39:29.882+0200: 982.894: [ParNew
Desired survivor size 20112992 bytes, new threshold 8 (max 8)
- age   1:    2267072 bytes,    2267072 total
- age   2:    1069808 bytes,    3336880 total
- age   3:       2864 bytes,    3339744 total
- age   4:    2262328 bytes,    5602072 total
- age   5:    4050424 bytes,    9652496 total
- age   6:     290984 bytes,    9943480 total
: 103091K->11420K(109248K), 0.0108949 secs] 163011K->71341K(502464K), 0.0110055 secs] [Times: user=0.00 sys=0.00, real=0.01 secs] 
Heap after GC invocations=51 (full 3):
 par new generation   total 109248K, used 11420K [0x00000000e0000000, 0x00000000e8000000, 0x00000000e8000000)
  eden space 87424K,   0% used [0x00000000e0000000, 0x00000000e0000000, 0x00000000e5560000)
  from space 21824K,  52% used [0x00000000e6ab0000, 0x00000000e75d7380, 0x00000000e8000000)
  to   space 21824K,   0% used [0x00000000e5560000, 0x00000000e5560000, 0x00000000e6ab0000)
 concurrent mark-sweep generation total 393216K, used 59920K [0x00000000e8000000, 0x0000000100000000, 0x0000000100000000)
 Metaspace       used 79341K, capacity 81501K, committed 82292K, reserved 1122304K
  class space    used 9454K, capacity 9888K, committed 10052K, reserved 1048576K
}
2019-05-25T18:39:29.893+0200: 982.905: Total time for which application threads were stopped: 0.0113895 seconds, Stopping threads took: 0.0000768 seconds
2019-05-25T18:39:29.893+0200: 982.906: Total time for which application threads were stopped: 0.0002654 seconds, Stopping threads took: 0.0000943 seconds
{Heap before GC invocations=51 (full 3):
 par new generation   total 109248K, used 98830K [0x00000000e0000000, 0x00000000e8000000, 0x00000000e8000000)
  eden space 87424K,  99% used [0x00000000e0000000, 0x00000000e555c480, 0x00000000e5560000)
  from space 21824K,  52% used [0x00000000e6ab0000, 0x00000000e75d7380, 0x00000000e8000000)
  to   space 21824K,   0% used [0x00000000e5560000, 0x00000000e5560000, 0x00000000e6ab0000)
 concurrent mark-sweep generation total 393216K, used 59920K [0x00000000e8000000, 0x0000000100000000, 0x0000000100000000)
 Metaspace       used 79341K, capacity 81501K, committed 82292K, reserved 1122304K
  class space    used 9454K, capacity 9888K, committed 10052K, reserved 1048576K
2019-05-25T18:39:29.944+0200: 982.957: [GC (Allocation Failure) 2019-05-25T18:39:29.945+0200: 982.957: [ParNew
Desired survivor size 20112992 bytes, new threshold 8 (max 8)
- age   1:     159416 bytes,     159416 total
- age   2:    1967848 bytes,    2127264 total
- age   3:    1069808 bytes,    3197072 total
- age   4:       2864 bytes,    3199936 total
- age   5:    2262328 bytes,    5462264 total
- age   6:    4050328 bytes,    9512592 total
- age   7:     290984 bytes,    9803576 total
: 98830K->15243K(109248K), 0.0094588 secs] 158750K->75163K(502464K), 0.0095710 secs] [Times: user=0.00 sys=0.00, real=0.01 secs] 
Heap after GC invocations=52 (full 3):
 par new generation   total 109248K, used 15243K [0x00000000e0000000, 0x00000000e8000000, 0x00000000e8000000)
  eden space 87424K,   0% used [0x00000000e0000000, 0x00000000e0000000, 0x00000000e5560000)
  from space 21824K,  69% used [0x00000000e5560000, 0x00000000e6442ca0, 0x00000000e6ab0000)
  to   space 21824K,   0% used [0x00000000e6ab0000, 0x00000000e6ab0000, 0x00000000e8000000)
 concurrent mark-sweep generation total 393216K, used 59920K [0x00000000e8000000, 0x0000000100000000, 0x0000000100000000)
 Metaspace       used 79341K, capacity 81501K, committed 82292K, reserved 1122304K
  class space    used 9454K, capacity 9888K, committed 10052K, reserved 1048576K
}
2019-05-25T18:39:29.954+0200: 982.967: Total time for which application threads were stopped: 0.0099034 seconds, Stopping threads took: 0.0000486 seconds
2019-05-25T18:39:30.282+0200: 983.294: Total time for which application threads were stopped: 0.0003102 seconds, Stopping threads took: 0.0000687 seconds
2019-05-25T18:39:31.282+0200: 984.294: Total time for which application threads were stopped: 0.0001963 seconds, Stopping threads took: 0.0000452 seconds
2019-05-25T18:39:31.961+0200: 984.974: Total time for which application threads were stopped: 0.0002842 seconds, Stopping threads took: 0.0000636 seconds
2019-05-25T18:39:31.962+0200: 984.974: Total time for which application threads were stopped: 0.0002470 seconds, Stopping threads took: 0.0000469 seconds
2019-05-25T18:39:31.962+0200: 984.975: Total time for which application threads were stopped: 0.0002513 seconds, Stopping threads took: 0.0000602 seconds
2019-05-25T18:39:31.962+0200: 984.975: Total time for which application threads were stopped: 0.0002035 seconds, Stopping threads took: 0.0000550 seconds
2019-05-25T18:39:31.963+0200: 984.975: Total time for which application threads were stopped: 0.0001813 seconds, Stopping threads took: 0.0000448 seconds
2019-05-25T18:39:31.963+0200: 984.976: Total time for which application threads were stopped: 0.0001924 seconds, Stopping threads took: 0.0000550 seconds
2019-05-25T18:39:31.963+0200: 984.976: Total time for which application threads were stopped: 0.0001907 seconds, Stopping threads took: 0.0000691 seconds
2019-05-25T18:39:31.965+0200: 984.977: Total time for which application threads were stopped: 0.0003725 seconds, Stopping threads took: 0.0000405 seconds
2019-05-25T18:39:32.008+0200: 985.020: Total time for which application threads were stopped: 0.0002522 seconds, Stopping threads took: 0.0000567 seconds
2019-05-25T18:39:32.014+0200: 985.027: Total time for which application threads were stopped: 0.0003174 seconds, Stopping threads took: 0.0000431 seconds
2019-05-25T18:39:33.015+0200: 986.027: Total time for which application threads were stopped: 0.0001903 seconds, Stopping threads took: 0.0000465 seconds
2019-05-25T18:39:33.610+0200: 986.622: Total time for which application threads were stopped: 0.0002679 seconds, Stopping threads took: 0.0000448 seconds
2019-05-25T18:39:33.610+0200: 986.623: Total time for which application threads were stopped: 0.0002547 seconds, Stopping threads took: 0.0000393 seconds
2019-05-25T18:39:33.611+0200: 986.623: Total time for which application threads were stopped: 0.0001924 seconds, Stopping threads took: 0.0000282 seconds
2019-05-25T18:39:33.611+0200: 986.623: Total time for which application threads were stopped: 0.0001907 seconds, Stopping threads took: 0.0000269 seconds
2019-05-25T18:39:33.611+0200: 986.623: Total time for which application threads were stopped: 0.0002091 seconds, Stopping threads took: 0.0000286 seconds
2019-05-25T18:39:33.613+0200: 986.625: Total time for which application threads were stopped: 0.0002620 seconds, Stopping threads took: 0.0000691 seconds
2019-05-25T18:39:33.614+0200: 986.626: Total time for which application threads were stopped: 0.0002534 seconds, Stopping threads took: 0.0000631 seconds
2019-05-25T18:39:33.614+0200: 986.626: Total time for which application threads were stopped: 0.0002569 seconds, Stopping threads took: 0.0000495 seconds
2019-05-25T18:39:33.614+0200: 986.627: Total time for which application threads were stopped: 0.0002377 seconds, Stopping threads took: 0.0000563 seconds
2019-05-25T18:39:33.614+0200: 986.627: Total time for which application threads were stopped: 0.0002735 seconds, Stopping threads took: 0.0000533 seconds
2019-05-25T18:39:33.615+0200: 986.627: Total time for which application threads were stopped: 0.0002748 seconds, Stopping threads took: 0.0000410 seconds
2019-05-25T18:39:33.615+0200: 986.628: Total time for which application threads were stopped: 0.0002867 seconds, Stopping threads took: 0.0000759 seconds
2019-05-25T18:39:33.616+0200: 986.629: Total time for which application threads were stopped: 0.0007010 seconds, Stopping threads took: 0.0000508 seconds
2019-05-25T18:39:34.616+0200: 987.629: Total time for which application threads were stopped: 0.0004757 seconds, Stopping threads took: 0.0000977 seconds
2019-05-25T18:39:34.839+0200: 987.851: Total time for which application threads were stopped: 0.0002547 seconds, Stopping threads took: 0.0000567 seconds
2019-05-25T18:39:34.856+0200: 987.869: Total time for which application threads were stopped: 0.0002731 seconds, Stopping threads took: 0.0000439 seconds
2019-05-25T18:39:34.870+0200: 987.883: Total time for which application threads were stopped: 0.0002176 seconds, Stopping threads took: 0.0000405 seconds
2019-05-25T18:39:34.872+0200: 987.885: Total time for which application threads were stopped: 0.0001822 seconds, Stopping threads took: 0.0000363 seconds
2019-05-25T18:39:34.882+0200: 987.894: Total time for which application threads were stopped: 0.0003584 seconds, Stopping threads took: 0.0001869 seconds
2019-05-25T18:39:34.888+0200: 987.900: Total time for which application threads were stopped: 0.0003034 seconds, Stopping threads took: 0.0000452 seconds
2019-05-25T18:39:34.891+0200: 987.904: Total time for which application threads were stopped: 0.0001877 seconds, Stopping threads took: 0.0000329 seconds
2019-05-25T18:39:34.895+0200: 987.907: Total time for which application threads were stopped: 0.0001920 seconds, Stopping threads took: 0.0000337 seconds
2019-05-25T18:39:34.902+0200: 987.914: Total time for which application threads were stopped: 0.0002065 seconds, Stopping threads took: 0.0000329 seconds
2019-05-25T18:39:34.911+0200: 987.924: Total time for which application threads were stopped: 0.0002675 seconds, Stopping threads took: 0.0001190 seconds
2019-05-25T18:39:34.915+0200: 987.928: Total time for which application threads were stopped: 0.0002816 seconds, Stopping threads took: 0.0000905 seconds
2019-05-25T18:39:34.916+0200: 987.928: Total time for which application threads were stopped: 0.0006579 seconds, Stopping threads took: 0.0002411 seconds
2019-05-25T18:39:34.921+0200: 987.934: Total time for which application threads were stopped: 0.0002283 seconds, Stopping threads took: 0.0000465 seconds
2019-05-25T18:39:34.925+0200: 987.937: Total time for which application threads were stopped: 0.0001754 seconds, Stopping threads took: 0.0000329 seconds
2019-05-25T18:39:34.930+0200: 987.943: Total time for which application threads were stopped: 0.0002266 seconds, Stopping threads took: 0.0000346 seconds
2019-05-25T18:39:35.043+0200: 988.055: Total time for which application threads were stopped: 0.0005568 seconds, Stopping threads took: 0.0002065 seconds
2019-05-25T18:39:35.061+0200: 988.074: Total time for which application threads were stopped: 0.0031501 seconds, Stopping threads took: 0.0028715 seconds
2019-05-25T18:39:35.062+0200: 988.075: Total time for which application threads were stopped: 0.0003200 seconds, Stopping threads took: 0.0000619 seconds
2019-05-25T18:39:35.106+0200: 988.118: Total time for which application threads were stopped: 0.0001852 seconds, Stopping threads took: 0.0000329 seconds
2019-05-25T18:39:35.106+0200: 988.119: Total time for which application threads were stopped: 0.0001860 seconds, Stopping threads took: 0.0000329 seconds
2019-05-25T18:39:35.107+0200: 988.119: Total time for which application threads were stopped: 0.0001557 seconds, Stopping threads took: 0.0000418 seconds
2019-05-25T18:39:35.107+0200: 988.119: Total time for which application threads were stopped: 0.0001267 seconds, Stopping threads took: 0.0000205 seconds
2019-05-25T18:39:35.108+0200: 988.120: Total time for which application threads were stopped: 0.0002091 seconds, Stopping threads took: 0.0000521 seconds
2019-05-25T18:39:35.108+0200: 988.120: Total time for which application threads were stopped: 0.0002722 seconds, Stopping threads took: 0.0001318 seconds
2019-05-25T18:39:36.108+0200: 989.120: Total time for which application threads were stopped: 0.0002027 seconds, Stopping threads took: 0.0000469 seconds
2019-05-25T18:39:36.637+0200: 989.649: Total time for which application threads were stopped: 0.0002884 seconds, Stopping threads took: 0.0000631 seconds
2019-05-25T18:39:36.646+0200: 989.658: Total time for which application threads were stopped: 0.0014272 seconds, Stopping threads took: 0.0000687 seconds
2019-05-25T18:39:37.646+0200: 990.659: Total time for which application threads were stopped: 0.0004267 seconds, Stopping threads took: 0.0000926 seconds
2019-05-25T18:39:38.650+0200: 991.662: Total time for which application threads were stopped: 0.0002974 seconds, Stopping threads took: 0.0000674 seconds
2019-05-25T18:39:39.650+0200: 992.663: Total time for which application threads were stopped: 0.0002479 seconds, Stopping threads took: 0.0000435 seconds
2019-05-25T18:40:17.666+0200: 1030.678: Total time for which application threads were stopped: 0.0002308 seconds, Stopping threads took: 0.0000482 seconds
2019-05-25T18:40:29.307+0200: 1042.319: Total time for which application threads were stopped: 0.0001916 seconds, Stopping threads took: 0.0000363 seconds
2019-05-25T18:40:29.314+0200: 1042.326: Total time for which application threads were stopped: 0.0002018 seconds, Stopping threads took: 0.0000431 seconds
2019-05-25T18:40:29.318+0200: 1042.330: Total time for which application threads were stopped: 0.0001865 seconds, Stopping threads took: 0.0000371 seconds
2019-05-25T18:40:29.327+0200: 1042.339: Total time for which application threads were stopped: 0.0001886 seconds, Stopping threads took: 0.0000367 seconds
2019-05-25T18:40:29.431+0200: 1042.443: Total time for which application threads were stopped: 0.0004471 seconds, Stopping threads took: 0.0000725 seconds
2019-05-25T18:40:29.569+0200: 1042.581: Total time for which application threads were stopped: 0.0001809 seconds, Stopping threads took: 0.0000350 seconds
2019-05-25T18:40:29.576+0200: 1042.588: Total time for which application threads were stopped: 0.0001933 seconds, Stopping threads took: 0.0000350 seconds
2019-05-25T18:40:29.661+0200: 1042.673: Total time for which application threads were stopped: 0.0004309 seconds, Stopping threads took: 0.0000717 seconds
2019-05-25T18:40:29.667+0200: 1042.679: Total time for which application threads were stopped: 0.0005922 seconds, Stopping threads took: 0.0002048 seconds
2019-05-25T18:40:29.805+0200: 1042.818: Total time for which application threads were stopped: 0.0004348 seconds, Stopping threads took: 0.0000811 seconds
{Heap before GC invocations=52 (full 3):
 par new generation   total 109248K, used 102647K [0x00000000e0000000, 0x00000000e8000000, 0x00000000e8000000)
  eden space 87424K,  99% used [0x00000000e0000000, 0x00000000e555b0c8, 0x00000000e5560000)
  from space 21824K,  69% used [0x00000000e5560000, 0x00000000e6442ca0, 0x00000000e6ab0000)
  to   space 21824K,   0% used [0x00000000e6ab0000, 0x00000000e6ab0000, 0x00000000e8000000)
 concurrent mark-sweep generation total 393216K, used 59920K [0x00000000e8000000, 0x0000000100000000, 0x0000000100000000)
 Metaspace       used 79465K, capacity 81571K, committed 82292K, reserved 1122304K
  class space    used 9462K, capacity 9889K, committed 10052K, reserved 1048576K
2019-05-25T18:40:30.784+0200: 1043.796: [GC (Allocation Failure) 2019-05-25T18:40:30.784+0200: 1043.797: [ParNew
Desired survivor size 20112992 bytes, new threshold 8 (max 8)
- age   1:   10016288 bytes,   10016288 total
- age   2:      90544 bytes,   10106832 total
- age   3:    1207320 bytes,   11314152 total
- age   4:    1069784 bytes,   12383936 total
- age   5:       2864 bytes,   12386800 total
- age   6:    2262192 bytes,   14648992 total
- age   7:    4050296 bytes,   18699288 total
- age   8:     290704 bytes,   18989992 total
: 102647K->19426K(109248K), 0.0178791 secs] 162567K->79347K(502464K), 0.0180007 secs] [Times: user=0.08 sys=0.00, real=0.02 secs] 
Heap after GC invocations=53 (full 3):
 par new generation   total 109248K, used 19426K [0x00000000e0000000, 0x00000000e8000000, 0x00000000e8000000)
  eden space 87424K,   0% used [0x00000000e0000000, 0x00000000e0000000, 0x00000000e5560000)
  from space 21824K,  89% used [0x00000000e6ab0000, 0x00000000e7da8b88, 0x00000000e8000000)
  to   space 21824K,   0% used [0x00000000e5560000, 0x00000000e5560000, 0x00000000e6ab0000)
 concurrent mark-sweep generation total 393216K, used 59920K [0x00000000e8000000, 0x0000000100000000, 0x0000000100000000)
 Metaspace       used 79465K, capacity 81571K, committed 82292K, reserved 1122304K
  class space    used 9462K, capacity 9889K, committed 10052K, reserved 1048576K
}
2019-05-25T18:40:30.802+0200: 1043.815: Total time for which application threads were stopped: 0.0183539 seconds, Stopping threads took: 0.0000572 seconds
2019-05-25T18:40:30.803+0200: 1043.815: Total time for which application threads were stopped: 0.0003132 seconds, Stopping threads took: 0.0000606 seconds
{Heap before GC invocations=53 (full 3):
 par new generation   total 109248K, used 106850K [0x00000000e0000000, 0x00000000e8000000, 0x00000000e8000000)
  eden space 87424K, 100% used [0x00000000e0000000, 0x00000000e5560000, 0x00000000e5560000)
  from space 21824K,  89% used [0x00000000e6ab0000, 0x00000000e7da8b88, 0x00000000e8000000)
  to   space 21824K,   0% used [0x00000000e5560000, 0x00000000e5560000, 0x00000000e6ab0000)
 concurrent mark-sweep generation total 393216K, used 59920K [0x00000000e8000000, 0x0000000100000000, 0x0000000100000000)
 Metaspace       used 79517K, capacity 81655K, committed 82292K, reserved 1122304K
  class space    used 9470K, capacity 9903K, committed 10052K, reserved 1048576K
2019-05-25T18:40:30.861+0200: 1043.874: [GC (Allocation Failure) 2019-05-25T18:40:30.861+0200: 1043.874: [ParNew
Desired survivor size 20112992 bytes, new threshold 8 (max 8)
- age   1:     862760 bytes,     862760 total
- age   2:    8576168 bytes,    9438928 total
- age   3:      90544 bytes,    9529472 total
- age   4:    1207320 bytes,   10736792 total
- age   5:    1069784 bytes,   11806576 total
- age   6:       2864 bytes,   11809440 total
- age   7:    2262192 bytes,   14071632 total
- age   8:    4050440 bytes,   18122072 total
: 106850K->21824K(109248K), 0.0184269 secs] 166771K->82862K(502464K), 0.0185784 secs] [Times: user=0.11 sys=0.00, real=0.02 secs] 
Heap after GC invocations=54 (full 3):
 par new generation   total 109248K, used 21824K [0x00000000e0000000, 0x00000000e8000000, 0x00000000e8000000)
  eden space 87424K,   0% used [0x00000000e0000000, 0x00000000e0000000, 0x00000000e5560000)
  from space 21824K, 100% used [0x00000000e5560000, 0x00000000e6ab0000, 0x00000000e6ab0000)
  to   space 21824K,   0% used [0x00000000e6ab0000, 0x00000000e6ab0000, 0x00000000e8000000)
 concurrent mark-sweep generation total 393216K, used 61038K [0x00000000e8000000, 0x0000000100000000, 0x0000000100000000)
 Metaspace       used 79517K, capacity 81655K, committed 82292K, reserved 1122304K
  class space    used 9470K, capacity 9903K, committed 10052K, reserved 1048576K
}
2019-05-25T18:40:30.880+0200: 1043.892: Total time for which application threads were stopped: 0.0190187 seconds, Stopping threads took: 0.0000478 seconds
2019-05-25T18:40:31.040+0200: 1044.053: Total time for which application threads were stopped: 0.0004271 seconds, Stopping threads took: 0.0000772 seconds
{Heap before GC invocations=54 (full 3):
 par new generation   total 109248K, used 109248K [0x00000000e0000000, 0x00000000e8000000, 0x00000000e8000000)
  eden space 87424K, 100% used [0x00000000e0000000, 0x00000000e5560000, 0x00000000e5560000)
  from space 21824K, 100% used [0x00000000e5560000, 0x00000000e6ab0000, 0x00000000e6ab0000)
  to   space 21824K,   0% used [0x00000000e6ab0000, 0x00000000e6ab0000, 0x00000000e8000000)
 concurrent mark-sweep generation total 393216K, used 61038K [0x00000000e8000000, 0x0000000100000000, 0x0000000100000000)
 Metaspace       used 79645K, capacity 81833K, committed 82292K, reserved 1122304K
  class space    used 9486K, capacity 9932K, committed 10052K, reserved 1048576K
2019-05-25T18:40:31.062+0200: 1044.075: [GC (Allocation Failure) 2019-05-25T18:40:31.062+0200: 1044.075: [ParNew
Desired survivor size 20112992 bytes, new threshold 8 (max 8)
- age   1:    1167208 bytes,    1167208 total
- age   2:     171136 bytes,    1338344 total
- age   3:    8562408 bytes,    9900752 total
- age   4:      90544 bytes,    9991296 total
- age   5:    1207320 bytes,   11198616 total
- age   6:    1069784 bytes,   12268400 total
- age   7:       2864 bytes,   12271264 total
- age   8:    2262192 bytes,   14533456 total
: 109248K->21294K(109248K), 0.0229722 secs] 170286K->86315K(502464K), 0.0230942 secs] [Times: user=0.08 sys=0.00, real=0.02 secs] 
Heap after GC invocations=55 (full 3):
 par new generation   total 109248K, used 21294K [0x00000000e0000000, 0x00000000e8000000, 0x00000000e8000000)
  eden space 87424K,   0% used [0x00000000e0000000, 0x00000000e0000000, 0x00000000e5560000)
  from space 21824K,  97% used [0x00000000e6ab0000, 0x00000000e7f7bac0, 0x00000000e8000000)
  to   space 21824K,   0% used [0x00000000e5560000, 0x00000000e5560000, 0x00000000e6ab0000)
 concurrent mark-sweep generation total 393216K, used 65020K [0x00000000e8000000, 0x0000000100000000, 0x0000000100000000)
 Metaspace       used 79645K, capacity 81833K, committed 82292K, reserved 1122304K
  class space    used 9486K, capacity 9932K, committed 10052K, reserved 1048576K
}
2019-05-25T18:40:31.085+0200: 1044.098: Total time for which application threads were stopped: 0.0235431 seconds, Stopping threads took: 0.0000465 seconds
2019-05-25T18:40:32.086+0200: 1045.098: Total time for which application threads were stopped: 0.0001941 seconds, Stopping threads took: 0.0000367 seconds
2019-05-25T18:40:32.102+0200: 1045.115: Total time for which application threads were stopped: 0.0002342 seconds, Stopping threads took: 0.0000678 seconds
2019-05-25T18:40:32.115+0200: 1045.128: Total time for which application threads were stopped: 0.0003179 seconds, Stopping threads took: 0.0000444 seconds
2019-05-25T18:40:33.116+0200: 1046.129: Total time for which application threads were stopped: 0.0004710 seconds, Stopping threads took: 0.0000977 seconds
2019-05-25T18:40:35.630+0200: 1048.642: Total time for which application threads were stopped: 0.0003315 seconds, Stopping threads took: 0.0000457 seconds
2019-05-25T18:40:35.649+0200: 1048.661: Total time for which application threads were stopped: 0.0003298 seconds, Stopping threads took: 0.0000567 seconds
2019-05-25T18:40:35.663+0200: 1048.676: Total time for which application threads were stopped: 0.0002479 seconds, Stopping threads took: 0.0000512 seconds
2019-05-25T18:40:35.665+0200: 1048.677: Total time for which application threads were stopped: 0.0002364 seconds, Stopping threads took: 0.0000427 seconds
2019-05-25T18:40:35.673+0200: 1048.686: Total time for which application threads were stopped: 0.0001916 seconds, Stopping threads took: 0.0000333 seconds
2019-05-25T18:40:35.678+0200: 1048.691: Total time for which application threads were stopped: 0.0001937 seconds, Stopping threads took: 0.0000350 seconds
2019-05-25T18:40:35.681+0200: 1048.694: Total time for which application threads were stopped: 0.0002368 seconds, Stopping threads took: 0.0000384 seconds
2019-05-25T18:40:35.684+0200: 1048.697: Total time for which application threads were stopped: 0.0001920 seconds, Stopping threads took: 0.0000350 seconds
2019-05-25T18:40:35.690+0200: 1048.702: Total time for which application threads were stopped: 0.0002615 seconds, Stopping threads took: 0.0000384 seconds
2019-05-25T18:40:35.699+0200: 1048.711: Total time for which application threads were stopped: 0.0006852 seconds, Stopping threads took: 0.0004271 seconds
2019-05-25T18:40:35.703+0200: 1048.715: Total time for which application threads were stopped: 0.0007108 seconds, Stopping threads took: 0.0005397 seconds
2019-05-25T18:40:35.703+0200: 1048.715: Total time for which application threads were stopped: 0.0001894 seconds, Stopping threads took: 0.0000363 seconds
2019-05-25T18:40:35.707+0200: 1048.719: Total time for which application threads were stopped: 0.0002458 seconds, Stopping threads took: 0.0000657 seconds
2019-05-25T18:40:35.712+0200: 1048.724: Total time for which application threads were stopped: 0.0002825 seconds, Stopping threads took: 0.0000700 seconds
2019-05-25T18:40:35.715+0200: 1048.727: Total time for which application threads were stopped: 0.0002513 seconds, Stopping threads took: 0.0000405 seconds
2019-05-25T18:40:35.816+0200: 1048.829: Total time for which application threads were stopped: 0.0002816 seconds, Stopping threads took: 0.0000602 seconds
2019-05-25T18:40:35.831+0200: 1048.843: Total time for which application threads were stopped: 0.0018219 seconds, Stopping threads took: 0.0016252 seconds
2019-05-25T18:40:35.831+0200: 1048.844: Total time for which application threads were stopped: 0.0002253 seconds, Stopping threads took: 0.0000358 seconds
2019-05-25T18:40:35.890+0200: 1048.902: Total time for which application threads were stopped: 0.0002761 seconds, Stopping threads took: 0.0000585 seconds
2019-05-25T18:40:35.891+0200: 1048.903: Total time for which application threads were stopped: 0.0002556 seconds, Stopping threads took: 0.0000525 seconds
2019-05-25T18:40:35.891+0200: 1048.903: Total time for which application threads were stopped: 0.0001894 seconds, Stopping threads took: 0.0000367 seconds
2019-05-25T18:40:35.891+0200: 1048.904: Total time for which application threads were stopped: 0.0001856 seconds, Stopping threads took: 0.0000371 seconds
2019-05-25T18:40:35.892+0200: 1048.904: Total time for which application threads were stopped: 0.0002231 seconds, Stopping threads took: 0.0000512 seconds
2019-05-25T18:40:35.892+0200: 1048.905: Total time for which application threads were stopped: 0.0001971 seconds, Stopping threads took: 0.0000367 seconds
2019-05-25T18:40:35.911+0200: 1048.923: Total time for which application threads were stopped: 0.0003191 seconds, Stopping threads took: 0.0000439 seconds
2019-05-25T18:40:35.911+0200: 1048.924: Total time for which application threads were stopped: 0.0002509 seconds, Stopping threads took: 0.0000303 seconds
2019-05-25T18:40:35.914+0200: 1048.926: Total time for which application threads were stopped: 0.0003081 seconds, Stopping threads took: 0.0000482 seconds
2019-05-25T18:40:35.914+0200: 1048.927: Total time for which application threads were stopped: 0.0002214 seconds, Stopping threads took: 0.0000350 seconds
2019-05-25T18:40:35.915+0200: 1048.927: Total time for which application threads were stopped: 0.0002748 seconds, Stopping threads took: 0.0000341 seconds
2019-05-25T18:40:35.918+0200: 1048.930: Total time for which application threads were stopped: 0.0002402 seconds, Stopping threads took: 0.0000380 seconds
2019-05-25T18:40:35.918+0200: 1048.930: Total time for which application threads were stopped: 0.0002394 seconds, Stopping threads took: 0.0000269 seconds
2019-05-25T18:40:35.919+0200: 1048.931: Total time for which application threads were stopped: 0.0002522 seconds, Stopping threads took: 0.0000358 seconds
2019-05-25T18:40:35.948+0200: 1048.960: Total time for which application threads were stopped: 0.0002462 seconds, Stopping threads took: 0.0000461 seconds
2019-05-25T18:40:35.948+0200: 1048.961: Total time for which application threads were stopped: 0.0002398 seconds, Stopping threads took: 0.0000384 seconds
2019-05-25T18:40:35.949+0200: 1048.961: Total time for which application threads were stopped: 0.0002441 seconds, Stopping threads took: 0.0000363 seconds
2019-05-25T18:40:36.053+0200: 1049.066: Total time for which application threads were stopped: 0.0002965 seconds, Stopping threads took: 0.0000585 seconds
2019-05-25T18:40:36.054+0200: 1049.066: Total time for which application threads were stopped: 0.0003443 seconds, Stopping threads took: 0.0001318 seconds
2019-05-25T18:40:36.057+0200: 1049.070: Total time for which application threads were stopped: 0.0002650 seconds, Stopping threads took: 0.0000521 seconds
2019-05-25T18:40:36.059+0200: 1049.071: Total time for which application threads were stopped: 0.0002543 seconds, Stopping threads took: 0.0000623 seconds
2019-05-25T18:40:36.059+0200: 1049.072: Total time for which application threads were stopped: 0.0002249 seconds, Stopping threads took: 0.0000457 seconds
2019-05-25T18:40:36.063+0200: 1049.076: Total time for which application threads were stopped: 0.0002496 seconds, Stopping threads took: 0.0000585 seconds
2019-05-25T18:40:36.072+0200: 1049.085: Total time for which application threads were stopped: 0.0002517 seconds, Stopping threads took: 0.0000512 seconds
2019-05-25T18:40:36.073+0200: 1049.085: Total time for which application threads were stopped: 0.0002257 seconds, Stopping threads took: 0.0000414 seconds
2019-05-25T18:40:36.073+0200: 1049.086: Total time for which application threads were stopped: 0.0003998 seconds, Stopping threads took: 0.0000580 seconds
2019-05-25T18:40:36.076+0200: 1049.088: Total time for which application threads were stopped: 0.0001946 seconds, Stopping threads took: 0.0000397 seconds
2019-05-25T18:40:36.076+0200: 1049.089: Total time for which application threads were stopped: 0.0001463 seconds, Stopping threads took: 0.0000235 seconds
2019-05-25T18:40:36.076+0200: 1049.089: Total time for which application threads were stopped: 0.0001353 seconds, Stopping threads took: 0.0000196 seconds
2019-05-25T18:40:36.079+0200: 1049.091: Total time for which application threads were stopped: 0.0001963 seconds, Stopping threads took: 0.0000341 seconds
2019-05-25T18:40:36.079+0200: 1049.092: Total time for which application threads were stopped: 0.0001382 seconds, Stopping threads took: 0.0000192 seconds
2019-05-25T18:40:36.079+0200: 1049.092: Total time for which application threads were stopped: 0.0001207 seconds, Stopping threads took: 0.0000183 seconds
2019-05-25T18:40:36.095+0200: 1049.107: Total time for which application threads were stopped: 0.0002005 seconds, Stopping threads took: 0.0000367 seconds
2019-05-25T18:40:36.095+0200: 1049.108: Total time for which application threads were stopped: 0.0001387 seconds, Stopping threads took: 0.0000192 seconds
2019-05-25T18:40:36.116+0200: 1049.129: Total time for which application threads were stopped: 0.0002449 seconds, Stopping threads took: 0.0000457 seconds
2019-05-25T18:40:36.142+0200: 1049.155: Total time for which application threads were stopped: 0.0002193 seconds, Stopping threads took: 0.0000329 seconds
2019-05-25T18:40:36.142+0200: 1049.155: Total time for which application threads were stopped: 0.0001408 seconds, Stopping threads took: 0.0000329 seconds
2019-05-25T18:40:36.143+0200: 1049.155: Total time for which application threads were stopped: 0.0000994 seconds, Stopping threads took: 0.0000162 seconds
2019-05-25T18:40:36.147+0200: 1049.160: Total time for which application threads were stopped: 0.0002027 seconds, Stopping threads took: 0.0000482 seconds
2019-05-25T18:40:36.147+0200: 1049.160: Total time for which application threads were stopped: 0.0001408 seconds, Stopping threads took: 0.0000175 seconds
2019-05-25T18:40:36.148+0200: 1049.160: Total time for which application threads were stopped: 0.0001387 seconds, Stopping threads took: 0.0000171 seconds
2019-05-25T18:40:36.177+0200: 1049.190: Total time for which application threads were stopped: 0.0002103 seconds, Stopping threads took: 0.0000375 seconds
2019-05-25T18:40:36.178+0200: 1049.190: Total time for which application threads were stopped: 0.0001630 seconds, Stopping threads took: 0.0000192 seconds
2019-05-25T18:40:36.178+0200: 1049.191: Total time for which application threads were stopped: 0.0001481 seconds, Stopping threads took: 0.0000265 seconds
2019-05-25T18:40:36.183+0200: 1049.195: Total time for which application threads were stopped: 0.0004885 seconds, Stopping threads took: 0.0000363 seconds
2019-05-25T18:40:36.183+0200: 1049.196: Total time for which application threads were stopped: 0.0001523 seconds, Stopping threads took: 0.0000230 seconds
2019-05-25T18:40:36.183+0200: 1049.196: Total time for which application threads were stopped: 0.0001698 seconds, Stopping threads took: 0.0000213 seconds
2019-05-25T18:40:36.188+0200: 1049.201: Total time for which application threads were stopped: 0.0002364 seconds, Stopping threads took: 0.0000546 seconds
2019-05-25T18:40:36.188+0200: 1049.201: Total time for which application threads were stopped: 0.0001933 seconds, Stopping threads took: 0.0000243 seconds
2019-05-25T18:40:36.223+0200: 1049.235: Total time for which application threads were stopped: 0.0001980 seconds, Stopping threads took: 0.0000465 seconds
2019-05-25T18:40:36.223+0200: 1049.235: Total time for which application threads were stopped: 0.0001540 seconds, Stopping threads took: 0.0000230 seconds
2019-05-25T18:40:36.242+0200: 1049.254: Total time for which application threads were stopped: 0.0002513 seconds, Stopping threads took: 0.0000567 seconds
2019-05-25T18:40:36.246+0200: 1049.258: Total time for which application threads were stopped: 0.0002487 seconds, Stopping threads took: 0.0000410 seconds
2019-05-25T18:40:36.247+0200: 1049.260: Total time for which application threads were stopped: 0.0002441 seconds, Stopping threads took: 0.0000384 seconds
2019-05-25T18:40:36.248+0200: 1049.260: Total time for which application threads were stopped: 0.0002065 seconds, Stopping threads took: 0.0000593 seconds
2019-05-25T18:40:36.265+0200: 1049.277: Total time for which application threads were stopped: 0.0005167 seconds, Stopping threads took: 0.0000516 seconds
2019-05-25T18:40:36.265+0200: 1049.278: Total time for which application threads were stopped: 0.0002189 seconds, Stopping threads took: 0.0000649 seconds
2019-05-25T18:40:36.276+0200: 1049.288: Total time for which application threads were stopped: 0.0002253 seconds, Stopping threads took: 0.0000521 seconds
2019-05-25T18:40:36.296+0200: 1049.308: Total time for which application threads were stopped: 0.0006601 seconds, Stopping threads took: 0.0000461 seconds
{Heap before GC invocations=55 (full 3):
 par new generation   total 109248K, used 108704K [0x00000000e0000000, 0x00000000e8000000, 0x00000000e8000000)
  eden space 87424K,  99% used [0x00000000e0000000, 0x00000000e555c838, 0x00000000e5560000)
  from space 21824K,  97% used [0x00000000e6ab0000, 0x00000000e7f7bac0, 0x00000000e8000000)
  to   space 21824K,   0% used [0x00000000e5560000, 0x00000000e5560000, 0x00000000e6ab0000)
 concurrent mark-sweep generation total 393216K, used 65020K [0x00000000e8000000, 0x0000000100000000, 0x0000000100000000)
 Metaspace       used 82339K, capacity 84643K, committed 85108K, reserved 1124352K
  class space    used 9786K, capacity 10267K, committed 10308K, reserved 1048576K
2019-05-25T18:40:36.473+0200: 1049.485: [GC (Allocation Failure) 2019-05-25T18:40:36.473+0200: 1049.485: [ParNew
Desired survivor size 20112992 bytes, new threshold 6 (max 8)
- age   1:   10561656 bytes,   10561656 total
- age   2:     810304 bytes,   11371960 total
- age   3:     171008 bytes,   11542968 total
- age   4:    8403040 bytes,   19946008 total
- age   5:      90544 bytes,   20036552 total
- age   6:    1204704 bytes,   21241256 total
- age   7:    1069744 bytes,   22311000 total
- age   8:       2864 bytes,   22313864 total
: 108704K->21824K(109248K), 0.0263053 secs] 173725K->91977K(502464K), 0.0264849 secs] [Times: user=0.13 sys=0.00, real=0.03 secs] 
Heap after GC invocations=56 (full 3):
 par new generation   total 109248K, used 21824K [0x00000000e0000000, 0x00000000e8000000, 0x00000000e8000000)
  eden space 87424K,   0% used [0x00000000e0000000, 0x00000000e0000000, 0x00000000e5560000)
  from space 21824K, 100% used [0x00000000e5560000, 0x00000000e6ab0000, 0x00000000e6ab0000)
  to   space 21824K,   0% used [0x00000000e6ab0000, 0x00000000e6ab0000, 0x00000000e8000000)
 concurrent mark-sweep generation total 393216K, used 70153K [0x00000000e8000000, 0x0000000100000000, 0x0000000100000000)
 Metaspace       used 82339K, capacity 84643K, committed 85108K, reserved 1124352K
  class space    used 9786K, capacity 10267K, committed 10308K, reserved 1048576K
}
2019-05-25T18:40:36.499+0200: 1049.512: Total time for which application threads were stopped: 0.0268344 seconds, Stopping threads took: 0.0000610 seconds
2019-05-25T18:40:37.232+0200: 1050.244: Total time for which application threads were stopped: 0.0011853 seconds, Stopping threads took: 0.0000559 seconds
{Heap before GC invocations=56 (full 3):
 par new generation   total 109248K, used 109248K [0x00000000e0000000, 0x00000000e8000000, 0x00000000e8000000)
  eden space 87424K, 100% used [0x00000000e0000000, 0x00000000e5560000, 0x00000000e5560000)
  from space 21824K, 100% used [0x00000000e5560000, 0x00000000e6ab0000, 0x00000000e6ab0000)
  to   space 21824K,   0% used [0x00000000e6ab0000, 0x00000000e6ab0000, 0x00000000e8000000)
 concurrent mark-sweep generation total 393216K, used 70153K [0x00000000e8000000, 0x0000000100000000, 0x0000000100000000)
 Metaspace       used 84487K, capacity 86755K, committed 87156K, reserved 1126400K
  class space    used 9985K, capacity 10459K, committed 10564K, reserved 1048576K
2019-05-25T18:40:37.547+0200: 1050.559: [GC (Allocation Failure) 2019-05-25T18:40:37.547+0200: 1050.559: [ParNew
Desired survivor size 20112992 bytes, new threshold 5 (max 8)
- age   1:    7204304 bytes,    7204304 total
- age   2:    8697872 bytes,   15902176 total
- age   3:     779640 bytes,   16681816 total
- age   4:     168344 bytes,   16850160 total
- age   5:    5495664 bytes,   22345824 total
- age   6:        672 bytes,   22346496 total
: 109248K->21824K(109248K), 0.0380762 secs] 179401K->106767K(502464K), 0.0382085 secs] [Times: user=0.16 sys=0.02, real=0.04 secs] 
Heap after GC invocations=57 (full 3):
 par new generation   total 109248K, used 21824K [0x00000000e0000000, 0x00000000e8000000, 0x00000000e8000000)
  eden space 87424K,   0% used [0x00000000e0000000, 0x00000000e0000000, 0x00000000e5560000)
  from space 21824K, 100% used [0x00000000e6ab0000, 0x00000000e8000000, 0x00000000e8000000)
  to   space 21824K,   0% used [0x00000000e5560000, 0x00000000e5560000, 0x00000000e6ab0000)
 concurrent mark-sweep generation total 393216K, used 84943K [0x00000000e8000000, 0x0000000100000000, 0x0000000100000000)
 Metaspace       used 84487K, capacity 86755K, committed 87156K, reserved 1126400K
  class space    used 9985K, capacity 10459K, committed 10564K, reserved 1048576K
}
2019-05-25T18:40:37.585+0200: 1050.598: Total time for which application threads were stopped: 0.0386450 seconds, Stopping threads took: 0.0000486 seconds
2019-05-25T18:40:37.585+0200: 1050.598: Total time for which application threads were stopped: 0.0002786 seconds, Stopping threads took: 0.0000742 seconds
2019-05-25T18:40:37.586+0200: 1050.598: Total time for which application threads were stopped: 0.0002428 seconds, Stopping threads took: 0.0000303 seconds
2019-05-25T18:40:37.586+0200: 1050.599: Total time for which application threads were stopped: 0.0001899 seconds, Stopping threads took: 0.0000311 seconds
2019-05-25T18:40:37.831+0200: 1050.844: Total time for which application threads were stopped: 0.0005214 seconds, Stopping threads took: 0.0002176 seconds
2019-05-25T18:40:37.831+0200: 1050.844: Total time for which application threads were stopped: 0.0002317 seconds, Stopping threads took: 0.0000465 seconds
{Heap before GC invocations=57 (full 3):
 par new generation   total 109248K, used 109248K [0x00000000e0000000, 0x00000000e8000000, 0x00000000e8000000)
  eden space 87424K, 100% used [0x00000000e0000000, 0x00000000e5560000, 0x00000000e5560000)
  from space 21824K, 100% used [0x00000000e6ab0000, 0x00000000e8000000, 0x00000000e8000000)
  to   space 21824K,   0% used [0x00000000e5560000, 0x00000000e5560000, 0x00000000e6ab0000)
 concurrent mark-sweep generation total 393216K, used 84943K [0x00000000e8000000, 0x0000000100000000, 0x0000000100000000)
 Metaspace       used 84676K, capacity 86953K, committed 87412K, reserved 1126400K
  class space    used 10010K, capacity 10460K, committed 10564K, reserved 1048576K
2019-05-25T18:40:37.852+0200: 1050.864: [GC (Allocation Failure) 2019-05-25T18:40:37.852+0200: 1050.865: [ParNew
Desired survivor size 20112992 bytes, new threshold 8 (max 8)
- age   1:    3002208 bytes,    3002208 total
- age   2:    7156840 bytes,   10159048 total
- age   3:    7890008 bytes,   18049056 total
- age   4:     209928 bytes,   18258984 total
- age   5:      83032 bytes,   18342016 total
: 109248K->21824K(109248K), 0.0309799 secs] 194191K->114751K(502464K), 0.0311343 secs] [Times: user=0.13 sys=0.00, real=0.03 secs] 
Heap after GC invocations=58 (full 3):
 par new generation   total 109248K, used 21824K [0x00000000e0000000, 0x00000000e8000000, 0x00000000e8000000)
  eden space 87424K,   0% used [0x00000000e0000000, 0x00000000e0000000, 0x00000000e5560000)
  from space 21824K, 100% used [0x00000000e5560000, 0x00000000e6ab0000, 0x00000000e6ab0000)
  to   space 21824K,   0% used [0x00000000e6ab0000, 0x00000000e6ab0000, 0x00000000e8000000)
 concurrent mark-sweep generation total 393216K, used 92927K [0x00000000e8000000, 0x0000000100000000, 0x0000000100000000)
 Metaspace       used 84676K, capacity 86953K, committed 87412K, reserved 1126400K
  class space    used 10010K, capacity 10460K, committed 10564K, reserved 1048576K
}
2019-05-25T18:40:37.883+0200: 1050.896: Total time for which application threads were stopped: 0.0316011 seconds, Stopping threads took: 0.0000759 seconds
{Heap before GC invocations=58 (full 3):
 par new generation   total 109248K, used 109248K [0x00000000e0000000, 0x00000000e8000000, 0x00000000e8000000)
  eden space 87424K, 100% used [0x00000000e0000000, 0x00000000e5560000, 0x00000000e5560000)
  from space 21824K, 100% used [0x00000000e5560000, 0x00000000e6ab0000, 0x00000000e6ab0000)
  to   space 21824K,   0% used [0x00000000e6ab0000, 0x00000000e6ab0000, 0x00000000e8000000)
 concurrent mark-sweep generation total 393216K, used 92927K [0x00000000e8000000, 0x0000000100000000, 0x0000000100000000)
 Metaspace       used 84678K, capacity 86953K, committed 87412K, reserved 1126400K
  class space    used 10010K, capacity 10460K, committed 10564K, reserved 1048576K
2019-05-25T18:40:37.908+0200: 1050.920: [GC (Allocation Failure) 2019-05-25T18:40:37.908+0200: 1050.921: [ParNew
Desired survivor size 20112992 bytes, new threshold 8 (max 8)
- age   1:     810712 bytes,     810712 total
- age   2:    2741632 bytes,    3552344 total
- age   3:    7156840 bytes,   10709184 total
- age   4:    6995784 bytes,   17704968 total
- age   5:     209928 bytes,   17914896 total
- age   6:      83032 bytes,   17997928 total
: 109248K->21824K(109248K), 0.0302571 secs] 202175K->115681K(502464K), 0.0304077 secs] [Times: user=0.11 sys=0.00, real=0.03 secs] 
Heap after GC invocations=59 (full 3):
 par new generation   total 109248K, used 21824K [0x00000000e0000000, 0x00000000e8000000, 0x00000000e8000000)
  eden space 87424K,   0% used [0x00000000e0000000, 0x00000000e0000000, 0x00000000e5560000)
  from space 21824K, 100% used [0x00000000e6ab0000, 0x00000000e8000000, 0x00000000e8000000)
  to   space 21824K,   0% used [0x00000000e5560000, 0x00000000e5560000, 0x00000000e6ab0000)
 concurrent mark-sweep generation total 393216K, used 93857K [0x00000000e8000000, 0x0000000100000000, 0x0000000100000000)
 Metaspace       used 84678K, capacity 86953K, committed 87412K, reserved 1126400K
  class space    used 10010K, capacity 10460K, committed 10564K, reserved 1048576K
}
2019-05-25T18:40:37.939+0200: 1050.951: Total time for which application threads were stopped: 0.0309641 seconds, Stopping threads took: 0.0000956 seconds
{Heap before GC invocations=59 (full 3):
 par new generation   total 109248K, used 109248K [0x00000000e0000000, 0x00000000e8000000, 0x00000000e8000000)
  eden space 87424K, 100% used [0x00000000e0000000, 0x00000000e5560000, 0x00000000e5560000)
  from space 21824K, 100% used [0x00000000e6ab0000, 0x00000000e8000000, 0x00000000e8000000)
  to   space 21824K,   0% used [0x00000000e5560000, 0x00000000e5560000, 0x00000000e6ab0000)
 concurrent mark-sweep generation total 393216K, used 93857K [0x00000000e8000000, 0x0000000100000000, 0x0000000100000000)
 Metaspace       used 84685K, capacity 87017K, committed 87412K, reserved 1126400K
  class space    used 10010K, capacity 10460K, committed 10564K, reserved 1048576K
2019-05-25T18:40:37.961+0200: 1050.973: [GC (Allocation Failure) 2019-05-25T18:40:37.961+0200: 1050.974: [ParNew
Desired survivor size 20112992 bytes, new threshold 8 (max 8)
- age   1:     590704 bytes,     590704 total
- age   2:     664960 bytes,    1255664 total
- age   3:    2740680 bytes,    3996344 total
- age   4:    7156840 bytes,   11153184 total
- age   5:    6712104 bytes,   17865288 total
- age   6:     209928 bytes,   18075216 total
- age   7:      83032 bytes,   18158248 total
: 109248K->21824K(109248K), 0.0170351 secs] 203105K->115979K(502464K), 0.0171849 secs] [Times: user=0.06 sys=0.00, real=0.02 secs] 
Heap after GC invocations=60 (full 3):
 par new generation   total 109248K, used 21824K [0x00000000e0000000, 0x00000000e8000000, 0x00000000e8000000)
  eden space 87424K,   0% used [0x00000000e0000000, 0x00000000e0000000, 0x00000000e5560000)
  from space 21824K, 100% used [0x00000000e5560000, 0x00000000e6ab0000, 0x00000000e6ab0000)
  to   space 21824K,   0% used [0x00000000e6ab0000, 0x00000000e6ab0000, 0x00000000e8000000)
 concurrent mark-sweep generation total 393216K, used 94155K [0x00000000e8000000, 0x0000000100000000, 0x0000000100000000)
 Metaspace       used 84685K, capacity 87017K, committed 87412K, reserved 1126400K
  class space    used 10010K, capacity 10460K, committed 10564K, reserved 1048576K
}
2019-05-25T18:40:37.978+0200: 1050.991: Total time for which application threads were stopped: 0.0175923 seconds, Stopping threads took: 0.0000533 seconds
{Heap before GC invocations=60 (full 3):
 par new generation   total 109248K, used 109248K [0x00000000e0000000, 0x00000000e8000000, 0x00000000e8000000)
  eden space 87424K, 100% used [0x00000000e0000000, 0x00000000e5560000, 0x00000000e5560000)
  from space 21824K, 100% used [0x00000000e5560000, 0x00000000e6ab0000, 0x00000000e6ab0000)
  to   space 21824K,   0% used [0x00000000e6ab0000, 0x00000000e6ab0000, 0x00000000e8000000)
 concurrent mark-sweep generation total 393216K, used 94155K [0x00000000e8000000, 0x0000000100000000, 0x0000000100000000)
 Metaspace       used 84685K, capacity 87017K, committed 87412K, reserved 1126400K
  class space    used 10010K, capacity 10460K, committed 10564K, reserved 1048576K
2019-05-25T18:40:38.007+0200: 1051.020: [GC (Allocation Failure) 2019-05-25T18:40:38.008+0200: 1051.020: [ParNew
Desired survivor size 20112992 bytes, new threshold 8 (max 8)
- age   1:    1051504 bytes,    1051504 total
- age   2:     414928 bytes,    1466432 total
- age   3:     625528 bytes,    2091960 total
- age   4:    2736000 bytes,    4827960 total
- age   5:    7156840 bytes,   11984800 total
- age   6:    6445296 bytes,   18430096 total
- age   7:     206944 bytes,   18637040 total
- age   8:      83032 bytes,   18720072 total
: 109248K->21824K(109248K), 0.0167279 secs] 203403K->116316K(502464K), 0.0168905 secs] [Times: user=0.06 sys=0.00, real=0.02 secs] 
Heap after GC invocations=61 (full 3):
 par new generation   total 109248K, used 21824K [0x00000000e0000000, 0x00000000e8000000, 0x00000000e8000000)
  eden space 87424K,   0% used [0x00000000e0000000, 0x00000000e0000000, 0x00000000e5560000)
  from space 21824K, 100% used [0x00000000e6ab0000, 0x00000000e8000000, 0x00000000e8000000)
  to   space 21824K,   0% used [0x00000000e5560000, 0x00000000e5560000, 0x00000000e6ab0000)
 concurrent mark-sweep generation total 393216K, used 94492K [0x00000000e8000000, 0x0000000100000000, 0x0000000100000000)
 Metaspace       used 84685K, capacity 87017K, committed 87412K, reserved 1126400K
  class space    used 10010K, capacity 10460K, committed 10564K, reserved 1048576K
}
2019-05-25T18:40:38.024+0200: 1051.037: Total time for which application threads were stopped: 0.0196037 seconds, Stopping threads took: 0.0023113 seconds
{Heap before GC invocations=61 (full 3):
 par new generation   total 109248K, used 109220K [0x00000000e0000000, 0x00000000e8000000, 0x00000000e8000000)
  eden space 87424K,  99% used [0x00000000e0000000, 0x00000000e5559278, 0x00000000e5560000)
  from space 21824K, 100% used [0x00000000e6ab0000, 0x00000000e8000000, 0x00000000e8000000)
  to   space 21824K,   0% used [0x00000000e5560000, 0x00000000e5560000, 0x00000000e6ab0000)
 concurrent mark-sweep generation total 393216K, used 94492K [0x00000000e8000000, 0x0000000100000000, 0x0000000100000000)
 Metaspace       used 84685K, capacity 87017K, committed 87412K, reserved 1126400K
  class space    used 10010K, capacity 10460K, committed 10564K, reserved 1048576K
2019-05-25T18:40:38.057+0200: 1051.069: [GC (Allocation Failure) 2019-05-25T18:40:38.057+0200: 1051.069: [ParNew
Desired survivor size 20112992 bytes, new threshold 8 (max 8)
- age   1:    1147120 bytes,    1147120 total
- age   2:     120064 bytes,    1267184 total
- age   3:     414656 bytes,    1681840 total
- age   4:     625312 bytes,    2307152 total
- age   5:    2736000 bytes,    5043152 total
- age   6:    7156840 bytes,   12199992 total
- age   7:    6262624 bytes,   18462616 total
- age   8:     206624 bytes,   18669240 total
: 109220K->21824K(109248K), 0.0168367 secs] 203712K->116591K(502464K), 0.0169779 secs] [Times: user=0.06 sys=0.00, real=0.02 secs] 
Heap after GC invocations=62 (full 3):
 par new generation   total 109248K, used 21824K [0x00000000e0000000, 0x00000000e8000000, 0x00000000e8000000)
  eden space 87424K,   0% used [0x00000000e0000000, 0x00000000e0000000, 0x00000000e5560000)
  from space 21824K, 100% used [0x00000000e5560000, 0x00000000e6ab0000, 0x00000000e6ab0000)
  to   space 21824K,   0% used [0x00000000e6ab0000, 0x00000000e6ab0000, 0x00000000e8000000)
 concurrent mark-sweep generation total 393216K, used 94767K [0x00000000e8000000, 0x0000000100000000, 0x0000000100000000)
 Metaspace       used 84685K, capacity 87017K, committed 87412K, reserved 1126400K
  class space    used 10010K, capacity 10460K, committed 10564K, reserved 1048576K
}
2019-05-25T18:40:38.074+0200: 1051.086: Total time for which application threads were stopped: 0.0189637 seconds, Stopping threads took: 0.0016090 seconds
{Heap before GC invocations=62 (full 3):
 par new generation   total 109248K, used 109248K [0x00000000e0000000, 0x00000000e8000000, 0x00000000e8000000)
  eden space 87424K, 100% used [0x00000000e0000000, 0x00000000e5560000, 0x00000000e5560000)
  from space 21824K, 100% used [0x00000000e5560000, 0x00000000e6ab0000, 0x00000000e6ab0000)
  to   space 21824K,   0% used [0x00000000e6ab0000, 0x00000000e6ab0000, 0x00000000e8000000)
 concurrent mark-sweep generation total 393216K, used 94767K [0x00000000e8000000, 0x0000000100000000, 0x0000000100000000)
 Metaspace       used 84686K, capacity 87017K, committed 87412K, reserved 1126400K
  class space    used 10010K, capacity 10460K, committed 10564K, reserved 1048576K
2019-05-25T18:40:38.157+0200: 1051.169: [GC (Allocation Failure) 2019-05-25T18:40:38.157+0200: 1051.170: [ParNew
Desired survivor size 20112992 bytes, new threshold 8 (max 8)
- age   1:    1380952 bytes,    1380952 total
- age   2:      91696 bytes,    1472648 total
- age   3:     112696 bytes,    1585344 total
- age   4:     414632 bytes,    1999976 total
- age   5:     616608 bytes,    2616584 total
- age   6:    2716184 bytes,    5332768 total
- age   7:    7156808 bytes,   12489576 total
- age   8:    6125080 bytes,   18614656 total
: 109248K->21824K(109248K), 0.0175770 secs] 204015K->117069K(502464K), 0.0177080 secs] [Times: user=0.06 sys=0.00, real=0.02 secs] 
Heap after GC invocations=63 (full 3):
 par new generation   total 109248K, used 21824K [0x00000000e0000000, 0x00000000e8000000, 0x00000000e8000000)
  eden space 87424K,   0% used [0x00000000e0000000, 0x00000000e0000000, 0x00000000e5560000)
  from space 21824K, 100% used [0x00000000e6ab0000, 0x00000000e8000000, 0x00000000e8000000)
  to   space 21824K,   0% used [0x00000000e5560000, 0x00000000e5560000, 0x00000000e6ab0000)
 concurrent mark-sweep generation total 393216K, used 95245K [0x00000000e8000000, 0x0000000100000000, 0x0000000100000000)
 Metaspace       used 84686K, capacity 87017K, committed 87412K, reserved 1126400K
  class space    used 10010K, capacity 10460K, committed 10564K, reserved 1048576K
}
2019-05-25T18:40:38.175+0200: 1051.187: Total time for which application threads were stopped: 0.0181782 seconds, Stopping threads took: 0.0001152 seconds
2019-05-25T18:40:38.271+0200: 1051.284: Total time for which application threads were stopped: 0.0003520 seconds, Stopping threads took: 0.0001075 seconds
2019-05-25T18:40:38.286+0200: 1051.299: Total time for which application threads were stopped: 0.0002778 seconds, Stopping threads took: 0.0000738 seconds
2019-05-25T18:40:38.326+0200: 1051.339: Total time for which application threads were stopped: 0.0002257 seconds, Stopping threads took: 0.0000529 seconds
2019-05-25T18:40:40.328+0200: 1053.340: Total time for which application threads were stopped: 0.0002103 seconds, Stopping threads took: 0.0000427 seconds
2019-05-25T18:40:41.268+0200: 1054.281: Total time for which application threads were stopped: 0.0003055 seconds, Stopping threads took: 0.0000469 seconds
2019-05-25T18:40:41.269+0200: 1054.281: Total time for which application threads were stopped: 0.0002650 seconds, Stopping threads took: 0.0000529 seconds
2019-05-25T18:40:41.269+0200: 1054.281: Total time for which application threads were stopped: 0.0002432 seconds, Stopping threads took: 0.0000333 seconds
2019-05-25T18:40:41.270+0200: 1054.282: Total time for which application threads were stopped: 0.0002820 seconds, Stopping threads took: 0.0000422 seconds
2019-05-25T18:40:41.270+0200: 1054.282: Total time for which application threads were stopped: 0.0002581 seconds, Stopping threads took: 0.0000521 seconds
2019-05-25T18:40:41.272+0200: 1054.284: Total time for which application threads were stopped: 0.0003401 seconds, Stopping threads took: 0.0000649 seconds
2019-05-25T18:40:41.272+0200: 1054.284: Total time for which application threads were stopped: 0.0003874 seconds, Stopping threads took: 0.0000900 seconds
2019-05-25T18:40:41.272+0200: 1054.285: Total time for which application threads were stopped: 0.0002389 seconds, Stopping threads took: 0.0000393 seconds
2019-05-25T18:40:41.273+0200: 1054.285: Total time for which application threads were stopped: 0.0003042 seconds, Stopping threads took: 0.0000371 seconds
2019-05-25T18:40:41.273+0200: 1054.286: Total time for which application threads were stopped: 0.0002189 seconds, Stopping threads took: 0.0000320 seconds
2019-05-25T18:40:41.274+0200: 1054.286: Total time for which application threads were stopped: 0.0003345 seconds, Stopping threads took: 0.0000640 seconds
2019-05-25T18:40:41.274+0200: 1054.286: Total time for which application threads were stopped: 0.0003196 seconds, Stopping threads took: 0.0000542 seconds
2019-05-25T18:40:41.275+0200: 1054.287: Total time for which application threads were stopped: 0.0003230 seconds, Stopping threads took: 0.0000439 seconds
2019-05-25T18:40:43.508+0200: 1056.520: Total time for which application threads were stopped: 0.0002547 seconds, Stopping threads took: 0.0000457 seconds
2019-05-25T18:41:28.598+0200: 1101.610: Total time for which application threads were stopped: 0.0002462 seconds, Stopping threads took: 0.0000474 seconds
2019-05-25T18:41:32.600+0200: 1105.613: Total time for which application threads were stopped: 0.0005154 seconds, Stopping threads took: 0.0000887 seconds
2019-05-25T18:41:33.601+0200: 1106.614: Total time for which application threads were stopped: 0.0004698 seconds, Stopping threads took: 0.0000866 seconds
2019-05-25T18:41:38.918+0200: 1111.931: Total time for which application threads were stopped: 0.0005939 seconds, Stopping threads took: 0.0002505 seconds
2019-05-25T18:42:01.930+0200: 1134.942: Total time for which application threads were stopped: 0.0005329 seconds, Stopping threads took: 0.0001173 seconds
{Heap before GC invocations=63 (full 3):
 par new generation   total 109248K, used 109248K [0x00000000e0000000, 0x00000000e8000000, 0x00000000e8000000)
  eden space 87424K, 100% used [0x00000000e0000000, 0x00000000e5560000, 0x00000000e5560000)
  from space 21824K, 100% used [0x00000000e6ab0000, 0x00000000e8000000, 0x00000000e8000000)
  to   space 21824K,   0% used [0x00000000e5560000, 0x00000000e5560000, 0x00000000e6ab0000)
 concurrent mark-sweep generation total 393216K, used 95245K [0x00000000e8000000, 0x0000000100000000, 0x0000000100000000)
 Metaspace       used 84739K, capacity 87091K, committed 87668K, reserved 1126400K
  class space    used 10011K, capacity 10461K, committed 10564K, reserved 1048576K
2019-05-25T18:42:32.458+0200: 1165.470: [GC (Allocation Failure) 2019-05-25T18:42:32.458+0200: 1165.470: [ParNew
Desired survivor size 20112992 bytes, new threshold 8 (max 8)
- age   1:    1907888 bytes,    1907888 total
- age   2:     439056 bytes,    2346944 total
- age   3:      90808 bytes,    2437752 total
- age   4:     112096 bytes,    2549848 total
- age   5:      50168 bytes,    2600016 total
- age   6:     410624 bytes,    3010640 total
- age   7:    1911312 bytes,    4921952 total
- age   8:    7156584 bytes,   12078536 total
: 109248K->21824K(109248K), 0.0249792 secs] 204493K->123463K(502464K), 0.0251158 secs] [Times: user=0.06 sys=0.00, real=0.02 secs] 
Heap after GC invocations=64 (full 3):
 par new generation   total 109248K, used 21824K [0x00000000e0000000, 0x00000000e8000000, 0x00000000e8000000)
  eden space 87424K,   0% used [0x00000000e0000000, 0x00000000e0000000, 0x00000000e5560000)
  from space 21824K, 100% used [0x00000000e5560000, 0x00000000e6ab0000, 0x00000000e6ab0000)
  to   space 21824K,   0% used [0x00000000e6ab0000, 0x00000000e6ab0000, 0x00000000e8000000)
 concurrent mark-sweep generation total 393216K, used 101639K [0x00000000e8000000, 0x0000000100000000, 0x0000000100000000)
 Metaspace       used 84739K, capacity 87091K, committed 87668K, reserved 1126400K
  class space    used 10011K, capacity 10461K, committed 10564K, reserved 1048576K
}
2019-05-25T18:42:32.482+0200: 1165.495: Total time for which application threads were stopped: 0.0254690 seconds, Stopping threads took: 0.0000375 seconds
2019-05-25T18:43:04.264+0200: 1197.276: Total time for which application threads were stopped: 0.0002799 seconds, Stopping threads took: 0.0000503 seconds
2019-05-25T18:43:04.277+0200: 1197.289: Total time for which application threads were stopped: 0.0002850 seconds, Stopping threads took: 0.0000649 seconds
2019-05-25T18:43:04.279+0200: 1197.291: Total time for which application threads were stopped: 0.0003644 seconds, Stopping threads took: 0.0000606 seconds
2019-05-25T18:43:04.283+0200: 1197.296: Total time for which application threads were stopped: 0.0006302 seconds, Stopping threads took: 0.0000721 seconds
2019-05-25T18:43:04.389+0200: 1197.402: Total time for which application threads were stopped: 0.0008785 seconds, Stopping threads took: 0.0000597 seconds
2019-05-25T18:43:04.393+0200: 1197.405: Total time for which application threads were stopped: 0.0003767 seconds, Stopping threads took: 0.0000627 seconds
2019-05-25T18:43:04.508+0200: 1197.521: Total time for which application threads were stopped: 0.0006157 seconds, Stopping threads took: 0.0001131 seconds
2019-05-25T18:43:04.516+0200: 1197.529: Total time for which application threads were stopped: 0.0004988 seconds, Stopping threads took: 0.0001135 seconds
2019-05-25T18:43:04.603+0200: 1197.615: Total time for which application threads were stopped: 0.0001967 seconds, Stopping threads took: 0.0000307 seconds
2019-05-25T18:43:04.603+0200: 1197.615: Total time for which application threads were stopped: 0.0001745 seconds, Stopping threads took: 0.0000341 seconds
2019-05-25T18:43:04.607+0200: 1197.619: Total time for which application threads were stopped: 0.0002500 seconds, Stopping threads took: 0.0000700 seconds
2019-05-25T18:43:04.612+0200: 1197.625: Total time for which application threads were stopped: 0.0003401 seconds, Stopping threads took: 0.0000730 seconds
2019-05-25T18:43:04.734+0200: 1197.746: Total time for which application threads were stopped: 0.0004471 seconds, Stopping threads took: 0.0000742 seconds
{Heap before GC invocations=64 (full 3):
 par new generation   total 109248K, used 109239K [0x00000000e0000000, 0x00000000e8000000, 0x00000000e8000000)
  eden space 87424K,  99% used [0x00000000e0000000, 0x00000000e555ddb8, 0x00000000e5560000)
  from space 21824K, 100% used [0x00000000e5560000, 0x00000000e6ab0000, 0x00000000e6ab0000)
  to   space 21824K,   0% used [0x00000000e6ab0000, 0x00000000e6ab0000, 0x00000000e8000000)
 concurrent mark-sweep generation total 393216K, used 101639K [0x00000000e8000000, 0x0000000100000000, 0x0000000100000000)
 Metaspace       used 84767K, capacity 87091K, committed 87668K, reserved 1126400K
  class space    used 10012K, capacity 10461K, committed 10564K, reserved 1048576K
2019-05-25T18:43:05.731+0200: 1198.743: [GC (Allocation Failure) 2019-05-25T18:43:05.731+0200: 1198.743: [ParNew
Desired survivor size 20112992 bytes, new threshold 8 (max 8)
- age   1:    1946192 bytes,    1946192 total
- age   2:    1891824 bytes,    3838016 total
- age   3:     439056 bytes,    4277072 total
- age   4:      90808 bytes,    4367880 total
- age   5:     112096 bytes,    4479976 total
- age   6:      50168 bytes,    4530144 total
- age   7:     410624 bytes,    4940768 total
- age   8:    1911176 bytes,    6851944 total
: 109239K->10137K(109248K), 0.0170044 secs] 210879K->118873K(502464K), 0.0171546 secs] [Times: user=0.06 sys=0.00, real=0.02 secs] 
Heap after GC invocations=65 (full 3):
 par new generation   total 109248K, used 10137K [0x00000000e0000000, 0x00000000e8000000, 0x00000000e8000000)
  eden space 87424K,   0% used [0x00000000e0000000, 0x00000000e0000000, 0x00000000e5560000)
  from space 21824K,  46% used [0x00000000e6ab0000, 0x00000000e74965e0, 0x00000000e8000000)
  to   space 21824K,   0% used [0x00000000e5560000, 0x00000000e5560000, 0x00000000e6ab0000)
 concurrent mark-sweep generation total 393216K, used 108736K [0x00000000e8000000, 0x0000000100000000, 0x0000000100000000)
 Metaspace       used 84767K, capacity 87091K, committed 87668K, reserved 1126400K
  class space    used 10012K, capacity 10461K, committed 10564K, reserved 1048576K
}
2019-05-25T18:43:05.748+0200: 1198.760: Total time for which application threads were stopped: 0.0175680 seconds, Stopping threads took: 0.0000521 seconds
2019-05-25T18:43:05.748+0200: 1198.761: Total time for which application threads were stopped: 0.0002679 seconds, Stopping threads took: 0.0000687 seconds
{Heap before GC invocations=65 (full 3):
 par new generation   total 109248K, used 97561K [0x00000000e0000000, 0x00000000e8000000, 0x00000000e8000000)
  eden space 87424K, 100% used [0x00000000e0000000, 0x00000000e5560000, 0x00000000e5560000)
  from space 21824K,  46% used [0x00000000e6ab0000, 0x00000000e74965e0, 0x00000000e8000000)
  to   space 21824K,   0% used [0x00000000e5560000, 0x00000000e5560000, 0x00000000e6ab0000)
 concurrent mark-sweep generation total 393216K, used 108736K [0x00000000e8000000, 0x0000000100000000, 0x0000000100000000)
 Metaspace       used 84768K, capacity 87091K, committed 87668K, reserved 1126400K
  class space    used 10012K, capacity 10461K, committed 10564K, reserved 1048576K
2019-05-25T18:43:05.813+0200: 1198.825: [GC (Allocation Failure) 2019-05-25T18:43:05.813+0200: 1198.825: [ParNew
Desired survivor size 20112992 bytes, new threshold 8 (max 8)
- age   1:     377360 bytes,     377360 total
- age   2:    1541608 bytes,    1918968 total
- age   3:    1891824 bytes,    3810792 total
- age   4:     439056 bytes,    4249848 total
- age   5:      90808 bytes,    4340656 total
- age   6:     112096 bytes,    4452752 total
- age   7:      50168 bytes,    4502920 total
- age   8:     410624 bytes,    4913544 total
: 97561K->6724K(109248K), 0.0097916 secs] 206297K->117350K(502464K), 0.0099213 secs] [Times: user=0.06 sys=0.00, real=0.01 secs] 
Heap after GC invocations=66 (full 3):
 par new generation   total 109248K, used 6724K [0x00000000e0000000, 0x00000000e8000000, 0x00000000e8000000)
  eden space 87424K,   0% used [0x00000000e0000000, 0x00000000e0000000, 0x00000000e5560000)
  from space 21824K,  30% used [0x00000000e5560000, 0x00000000e5bf1340, 0x00000000e6ab0000)
  to   space 21824K,   0% used [0x00000000e6ab0000, 0x00000000e6ab0000, 0x00000000e8000000)
 concurrent mark-sweep generation total 393216K, used 110625K [0x00000000e8000000, 0x0000000100000000, 0x0000000100000000)
 Metaspace       used 84768K, capacity 87091K, committed 87668K, reserved 1126400K
  class space    used 10012K, capacity 10461K, committed 10564K, reserved 1048576K
}
2019-05-25T18:43:05.823+0200: 1198.835: Total time for which application threads were stopped: 0.0103471 seconds, Stopping threads took: 0.0000474 seconds
2019-05-25T18:43:05.910+0200: 1198.923: Total time for which application threads were stopped: 0.0003255 seconds, Stopping threads took: 0.0000721 seconds
2019-05-25T18:43:06.912+0200: 1199.924: Total time for which application threads were stopped: 0.0005376 seconds, Stopping threads took: 0.0000973 seconds
2019-05-25T18:43:10.490+0200: 1203.503: Total time for which application threads were stopped: 0.0004032 seconds, Stopping threads took: 0.0000969 seconds
2019-05-25T18:43:10.508+0200: 1203.521: Total time for which application threads were stopped: 0.0003925 seconds, Stopping threads took: 0.0000858 seconds
2019-05-25T18:43:10.531+0200: 1203.544: Total time for which application threads were stopped: 0.0002735 seconds, Stopping threads took: 0.0000585 seconds
2019-05-25T18:43:10.533+0200: 1203.546: Total time for which application threads were stopped: 0.0002347 seconds, Stopping threads took: 0.0000439 seconds
2019-05-25T18:43:10.542+0200: 1203.554: Total time for which application threads were stopped: 0.0002133 seconds, Stopping threads took: 0.0000431 seconds
2019-05-25T18:43:10.548+0200: 1203.560: Total time for which application threads were stopped: 0.0002287 seconds, Stopping threads took: 0.0000508 seconds
2019-05-25T18:43:10.551+0200: 1203.563: Total time for which application threads were stopped: 0.0002223 seconds, Stopping threads took: 0.0000405 seconds
2019-05-25T18:43:10.554+0200: 1203.566: Total time for which application threads were stopped: 0.0002257 seconds, Stopping threads took: 0.0000538 seconds
2019-05-25T18:43:10.559+0200: 1203.571: Total time for which application threads were stopped: 0.0002428 seconds, Stopping threads took: 0.0000759 seconds
2019-05-25T18:43:10.576+0200: 1203.589: Total time for which application threads were stopped: 0.0003682 seconds, Stopping threads took: 0.0001971 seconds
2019-05-25T18:43:10.580+0200: 1203.592: Total time for which application threads were stopped: 0.0004023 seconds, Stopping threads took: 0.0002261 seconds
2019-05-25T18:43:10.582+0200: 1203.594: Total time for which application threads were stopped: 0.0013419 seconds, Stopping threads took: 0.0006281 seconds
2019-05-25T18:43:10.587+0200: 1203.600: Total time for which application threads were stopped: 0.0002833 seconds, Stopping threads took: 0.0000550 seconds
2019-05-25T18:43:10.602+0200: 1203.614: Total time for which application threads were stopped: 0.0003004 seconds, Stopping threads took: 0.0000789 seconds
2019-05-25T18:43:10.607+0200: 1203.620: Total time for which application threads were stopped: 0.0002496 seconds, Stopping threads took: 0.0000491 seconds
2019-05-25T18:43:10.695+0200: 1203.708: Total time for which application threads were stopped: 0.0002564 seconds, Stopping threads took: 0.0000461 seconds
2019-05-25T18:43:10.703+0200: 1203.716: Total time for which application threads were stopped: 0.0004467 seconds, Stopping threads took: 0.0002449 seconds
2019-05-25T18:43:10.704+0200: 1203.716: Total time for which application threads were stopped: 0.0002658 seconds, Stopping threads took: 0.0000559 seconds
2019-05-25T18:43:10.739+0200: 1203.751: Total time for which application threads were stopped: 0.0002411 seconds, Stopping threads took: 0.0000666 seconds
2019-05-25T18:43:10.740+0200: 1203.752: Total time for which application threads were stopped: 0.0001993 seconds, Stopping threads took: 0.0000452 seconds
2019-05-25T18:43:10.740+0200: 1203.752: Total time for which application threads were stopped: 0.0001412 seconds, Stopping threads took: 0.0000239 seconds
2019-05-25T18:43:10.740+0200: 1203.753: Total time for which application threads were stopped: 0.0001263 seconds, Stopping threads took: 0.0000299 seconds
2019-05-25T18:43:10.741+0200: 1203.753: Total time for which application threads were stopped: 0.0001152 seconds, Stopping threads took: 0.0000196 seconds
2019-05-25T18:43:10.741+0200: 1203.753: Total time for which application threads were stopped: 0.0001459 seconds, Stopping threads took: 0.0000252 seconds
2019-05-25T18:43:10.741+0200: 1203.754: Total time for which application threads were stopped: 0.0002146 seconds, Stopping threads took: 0.0000294 seconds
2019-05-25T18:43:10.752+0200: 1203.765: Total time for which application threads were stopped: 0.0002496 seconds, Stopping threads took: 0.0000461 seconds
2019-05-25T18:43:10.753+0200: 1203.765: Total time for which application threads were stopped: 0.0002010 seconds, Stopping threads took: 0.0000290 seconds
2019-05-25T18:43:10.755+0200: 1203.768: Total time for which application threads were stopped: 0.0002432 seconds, Stopping threads took: 0.0000431 seconds
2019-05-25T18:43:10.756+0200: 1203.768: Total time for which application threads were stopped: 0.0001869 seconds, Stopping threads took: 0.0000265 seconds
2019-05-25T18:43:10.756+0200: 1203.769: Total time for which application threads were stopped: 0.0002586 seconds, Stopping threads took: 0.0000636 seconds
2019-05-25T18:43:10.759+0200: 1203.772: Total time for which application threads were stopped: 0.0002526 seconds, Stopping threads took: 0.0000452 seconds
2019-05-25T18:43:10.759+0200: 1203.772: Total time for which application threads were stopped: 0.0002342 seconds, Stopping threads took: 0.0000341 seconds
2019-05-25T18:43:10.760+0200: 1203.773: Total time for which application threads were stopped: 0.0002116 seconds, Stopping threads took: 0.0000393 seconds
2019-05-25T18:43:10.784+0200: 1203.797: Total time for which application threads were stopped: 0.0002918 seconds, Stopping threads took: 0.0000448 seconds
2019-05-25T18:43:10.785+0200: 1203.797: Total time for which application threads were stopped: 0.0002193 seconds, Stopping threads took: 0.0000329 seconds
2019-05-25T18:43:10.785+0200: 1203.798: Total time for which application threads were stopped: 0.0002078 seconds, Stopping threads took: 0.0000316 seconds
2019-05-25T18:43:10.885+0200: 1203.898: Total time for which application threads were stopped: 0.0002803 seconds, Stopping threads took: 0.0000474 seconds
2019-05-25T18:43:10.886+0200: 1203.898: Total time for which application threads were stopped: 0.0001988 seconds, Stopping threads took: 0.0000316 seconds
2019-05-25T18:43:10.888+0200: 1203.900: Total time for which application threads were stopped: 0.0002820 seconds, Stopping threads took: 0.0000687 seconds
2019-05-25T18:43:10.889+0200: 1203.902: Total time for which application threads were stopped: 0.0002820 seconds, Stopping threads took: 0.0000713 seconds
2019-05-25T18:43:10.889+0200: 1203.902: Total time for which application threads were stopped: 0.0002027 seconds, Stopping threads took: 0.0000341 seconds
2019-05-25T18:43:10.890+0200: 1203.903: Total time for which application threads were stopped: 0.0002381 seconds, Stopping threads took: 0.0000427 seconds
2019-05-25T18:43:10.898+0200: 1203.910: Total time for which application threads were stopped: 0.0002534 seconds, Stopping threads took: 0.0000657 seconds
2019-05-25T18:43:10.898+0200: 1203.910: Total time for which application threads were stopped: 0.0002014 seconds, Stopping threads took: 0.0000316 seconds
2019-05-25T18:43:10.898+0200: 1203.911: Total time for which application threads were stopped: 0.0001911 seconds, Stopping threads took: 0.0000299 seconds
2019-05-25T18:43:10.901+0200: 1203.913: Total time for which application threads were stopped: 0.0002982 seconds, Stopping threads took: 0.0000457 seconds
2019-05-25T18:43:10.901+0200: 1203.913: Total time for which application threads were stopped: 0.0001873 seconds, Stopping threads took: 0.0000290 seconds
2019-05-25T18:43:10.901+0200: 1203.914: Total time for which application threads were stopped: 0.0001805 seconds, Stopping threads took: 0.0000273 seconds
2019-05-25T18:43:10.905+0200: 1203.917: Total time for which application threads were stopped: 0.0002035 seconds, Stopping threads took: 0.0000533 seconds
2019-05-25T18:43:10.905+0200: 1203.918: Total time for which application threads were stopped: 0.0001498 seconds, Stopping threads took: 0.0000282 seconds
2019-05-25T18:43:10.906+0200: 1203.918: Total time for which application threads were stopped: 0.0002095 seconds, Stopping threads took: 0.0000350 seconds
2019-05-25T18:43:10.930+0200: 1203.942: Total time for which application threads were stopped: 0.0002039 seconds, Stopping threads took: 0.0000422 seconds
2019-05-25T18:43:10.930+0200: 1203.943: Total time for which application threads were stopped: 0.0002402 seconds, Stopping threads took: 0.0001075 seconds
2019-05-25T18:43:10.949+0200: 1203.962: Total time for which application threads were stopped: 0.0002065 seconds, Stopping threads took: 0.0000512 seconds
2019-05-25T18:43:10.991+0200: 1204.004: Total time for which application threads were stopped: 0.0002825 seconds, Stopping threads took: 0.0000631 seconds
2019-05-25T18:43:10.992+0200: 1204.004: Total time for which application threads were stopped: 0.0002180 seconds, Stopping threads took: 0.0000375 seconds
2019-05-25T18:43:10.992+0200: 1204.005: Total time for which application threads were stopped: 0.0002910 seconds, Stopping threads took: 0.0000397 seconds
2019-05-25T18:43:10.998+0200: 1204.010: Total time for which application threads were stopped: 0.0002278 seconds, Stopping threads took: 0.0000422 seconds
2019-05-25T18:43:10.998+0200: 1204.010: Total time for which application threads were stopped: 0.0002018 seconds, Stopping threads took: 0.0000303 seconds
2019-05-25T18:43:10.999+0200: 1204.011: Total time for which application threads were stopped: 0.0002240 seconds, Stopping threads took: 0.0000316 seconds
2019-05-25T18:43:11.038+0200: 1204.050: Total time for which application threads were stopped: 0.0002423 seconds, Stopping threads took: 0.0000422 seconds
2019-05-25T18:43:11.038+0200: 1204.050: Total time for which application threads were stopped: 0.0002270 seconds, Stopping threads took: 0.0000311 seconds
2019-05-25T18:43:11.039+0200: 1204.051: Total time for which application threads were stopped: 0.0002573 seconds, Stopping threads took: 0.0000380 seconds
2019-05-25T18:43:11.045+0200: 1204.057: Total time for which application threads were stopped: 0.0002202 seconds, Stopping threads took: 0.0000559 seconds
2019-05-25T18:43:11.045+0200: 1204.057: Total time for which application threads were stopped: 0.0001643 seconds, Stopping threads took: 0.0000503 seconds
2019-05-25T18:43:11.045+0200: 1204.058: Total time for which application threads were stopped: 0.0001399 seconds, Stopping threads took: 0.0000350 seconds
2019-05-25T18:43:11.051+0200: 1204.063: Total time for which application threads were stopped: 0.0002159 seconds, Stopping threads took: 0.0000606 seconds
2019-05-25T18:43:11.051+0200: 1204.064: Total time for which application threads were stopped: 0.0002295 seconds, Stopping threads took: 0.0000346 seconds
2019-05-25T18:43:11.052+0200: 1204.064: Total time for which application threads were stopped: 0.0001591 seconds, Stopping threads took: 0.0000252 seconds
2019-05-25T18:43:11.091+0200: 1204.103: Total time for which application threads were stopped: 0.0002103 seconds, Stopping threads took: 0.0000414 seconds
2019-05-25T18:43:11.091+0200: 1204.104: Total time for which application threads were stopped: 0.0001545 seconds, Stopping threads took: 0.0000247 seconds
2019-05-25T18:43:11.091+0200: 1204.104: Total time for which application threads were stopped: 0.0001242 seconds, Stopping threads took: 0.0000218 seconds
2019-05-25T18:43:11.112+0200: 1204.124: Total time for which application threads were stopped: 0.0002829 seconds, Stopping threads took: 0.0000576 seconds
2019-05-25T18:43:11.112+0200: 1204.124: Total time for which application threads were stopped: 0.0001818 seconds, Stopping threads took: 0.0000282 seconds
2019-05-25T18:43:11.113+0200: 1204.125: Total time for which application threads were stopped: 0.0001993 seconds, Stopping threads took: 0.0000294 seconds
2019-05-25T18:43:11.114+0200: 1204.126: Total time for which application threads were stopped: 0.0002304 seconds, Stopping threads took: 0.0000405 seconds
2019-05-25T18:43:11.114+0200: 1204.127: Total time for which application threads were stopped: 0.0001570 seconds, Stopping threads took: 0.0000235 seconds
2019-05-25T18:43:11.115+0200: 1204.127: Total time for which application threads were stopped: 0.0001404 seconds, Stopping threads took: 0.0000226 seconds
2019-05-25T18:43:11.127+0200: 1204.139: Total time for which application threads were stopped: 0.0005325 seconds, Stopping threads took: 0.0000597 seconds
2019-05-25T18:43:11.127+0200: 1204.140: Total time for which application threads were stopped: 0.0001801 seconds, Stopping threads took: 0.0000439 seconds
2019-05-25T18:43:11.127+0200: 1204.140: Total time for which application threads were stopped: 0.0001865 seconds, Stopping threads took: 0.0000269 seconds
2019-05-25T18:43:11.137+0200: 1204.150: Total time for which application threads were stopped: 0.0004954 seconds, Stopping threads took: 0.0000482 seconds
2019-05-25T18:43:11.138+0200: 1204.150: Total time for which application threads were stopped: 0.0001638 seconds, Stopping threads took: 0.0000273 seconds
2019-05-25T18:43:11.152+0200: 1204.165: Total time for which application threads were stopped: 0.0004971 seconds, Stopping threads took: 0.0000427 seconds
{Heap before GC invocations=66 (full 3):
 par new generation   total 109248K, used 94148K [0x00000000e0000000, 0x00000000e8000000, 0x00000000e8000000)
  eden space 87424K, 100% used [0x00000000e0000000, 0x00000000e5560000, 0x00000000e5560000)
  from space 21824K,  30% used [0x00000000e5560000, 0x00000000e5bf1340, 0x00000000e6ab0000)
  to   space 21824K,   0% used [0x00000000e6ab0000, 0x00000000e6ab0000, 0x00000000e8000000)
 concurrent mark-sweep generation total 393216K, used 110625K [0x00000000e8000000, 0x0000000100000000, 0x0000000100000000)
 Metaspace       used 86697K, capacity 89079K, committed 89716K, reserved 1128448K
  class space    used 10221K, capacity 10697K, committed 10820K, reserved 1048576K
2019-05-25T18:43:11.216+0200: 1204.228: [GC (Allocation Failure) 2019-05-25T18:43:11.216+0200: 1204.228: [ParNew
Desired survivor size 20112992 bytes, new threshold 8 (max 8)
- age   1:   13506032 bytes,   13506032 total
- age   2:     146632 bytes,   13652664 total
- age   3:     815384 bytes,   14468048 total
- age   4:    1889040 bytes,   16357088 total
- age   5:     439056 bytes,   16796144 total
- age   6:      90808 bytes,   16886952 total
- age   7:     112096 bytes,   16999048 total
- age   8:      50168 bytes,   17049216 total
: 94148K->18480K(109248K), 0.0187000 secs] 204774K->129509K(502464K), 0.0188775 secs] [Times: user=0.06 sys=0.00, real=0.02 secs] 
Heap after GC invocations=67 (full 3):
 par new generation   total 109248K, used 18480K [0x00000000e0000000, 0x00000000e8000000, 0x00000000e8000000)
  eden space 87424K,   0% used [0x00000000e0000000, 0x00000000e0000000, 0x00000000e5560000)
  from space 21824K,  84% used [0x00000000e6ab0000, 0x00000000e7cbc000, 0x00000000e8000000)
  to   space 21824K,   0% used [0x00000000e5560000, 0x00000000e5560000, 0x00000000e6ab0000)
 concurrent mark-sweep generation total 393216K, used 111029K [0x00000000e8000000, 0x0000000100000000, 0x0000000100000000)
 Metaspace       used 86697K, capacity 89079K, committed 89716K, reserved 1128448K
  class space    used 10221K, capacity 10697K, committed 10820K, reserved 1048576K
}
2019-05-25T18:43:11.235+0200: 1204.247: Total time for which application threads were stopped: 0.0193703 seconds, Stopping threads took: 0.0000644 seconds
2019-05-25T18:43:12.236+0200: 1205.248: Total time for which application threads were stopped: 0.0003170 seconds, Stopping threads took: 0.0000469 seconds
{Heap before GC invocations=67 (full 3):
 par new generation   total 109248K, used 105904K [0x00000000e0000000, 0x00000000e8000000, 0x00000000e8000000)
  eden space 87424K, 100% used [0x00000000e0000000, 0x00000000e5560000, 0x00000000e5560000)
  from space 21824K,  84% used [0x00000000e6ab0000, 0x00000000e7cbc000, 0x00000000e8000000)
  to   space 21824K,   0% used [0x00000000e5560000, 0x00000000e5560000, 0x00000000e6ab0000)
 concurrent mark-sweep generation total 393216K, used 111029K [0x00000000e8000000, 0x0000000100000000, 0x0000000100000000)
 Metaspace       used 89524K, capacity 91927K, committed 92532K, reserved 1130496K
  class space    used 10508K, capacity 10985K, committed 11076K, reserved 1048576K
2019-05-25T18:43:12.484+0200: 1205.497: [GC (Allocation Failure) 2019-05-25T18:43:12.484+0200: 1205.497: [ParNew
Desired survivor size 20112992 bytes, new threshold 5 (max 8)
- age   1:    9896912 bytes,    9896912 total
- age   2:    8956976 bytes,   18853888 total
- age   3:     146632 bytes,   19000520 total
- age   4:     814944 bytes,   19815464 total
- age   5:    1889040 bytes,   21704504 total
- age   6:     439056 bytes,   22143560 total
- age   7:      90808 bytes,   22234368 total
- age   8:     112096 bytes,   22346464 total
: 105904K->21824K(109248K), 0.0319121 secs] 216933K->138508K(502464K), 0.0320559 secs] [Times: user=0.09 sys=0.00, real=0.03 secs] 
Heap after GC invocations=68 (full 3):
 par new generation   total 109248K, used 21824K [0x00000000e0000000, 0x00000000e8000000, 0x00000000e8000000)
  eden space 87424K,   0% used [0x00000000e0000000, 0x00000000e0000000, 0x00000000e5560000)
  from space 21824K, 100% used [0x00000000e5560000, 0x00000000e6ab0000, 0x00000000e6ab0000)
  to   space 21824K,   0% used [0x00000000e6ab0000, 0x00000000e6ab0000, 0x00000000e8000000)
 concurrent mark-sweep generation total 393216K, used 116684K [0x00000000e8000000, 0x0000000100000000, 0x0000000100000000)
 Metaspace       used 89524K, capacity 91927K, committed 92532K, reserved 1130496K
  class space    used 10508K, capacity 10985K, committed 11076K, reserved 1048576K
}
2019-05-25T18:43:12.516+0200: 1205.529: Total time for which application threads were stopped: 0.0325688 seconds, Stopping threads took: 0.0000452 seconds
2019-05-25T18:43:12.520+0200: 1205.533: Total time for which application threads were stopped: 0.0003311 seconds, Stopping threads took: 0.0000542 seconds
2019-05-25T18:43:12.521+0200: 1205.533: Total time for which application threads were stopped: 0.0002889 seconds, Stopping threads took: 0.0000435 seconds
2019-05-25T18:43:12.521+0200: 1205.533: Total time for which application threads were stopped: 0.0002539 seconds, Stopping threads took: 0.0000478 seconds
2019-05-25T18:43:13.521+0200: 1206.534: Total time for which application threads were stopped: 0.0002961 seconds, Stopping threads took: 0.0000435 seconds
2019-05-25T18:43:32.489+0200: 1225.502: Total time for which application threads were stopped: 0.0005683 seconds, Stopping threads took: 0.0001617 seconds
2019-05-25T18:43:33.491+0200: 1226.503: Total time for which application threads were stopped: 0.0006797 seconds, Stopping threads took: 0.0001574 seconds
2019-05-25T18:44:33.542+0200: 1286.554: Total time for which application threads were stopped: 0.0002722 seconds, Stopping threads took: 0.0000538 seconds
2019-05-25T18:44:36.543+0200: 1289.555: Total time for which application threads were stopped: 0.0002180 seconds, Stopping threads took: 0.0000503 seconds
2019-05-25T18:45:17.140+0200: 1330.153: Total time for which application threads were stopped: 0.0003524 seconds, Stopping threads took: 0.0000759 seconds
2019-05-25T18:45:17.150+0200: 1330.163: Total time for which application threads were stopped: 0.0002325 seconds, Stopping threads took: 0.0000461 seconds
2019-05-25T18:45:17.154+0200: 1330.166: Total time for which application threads were stopped: 0.0001963 seconds, Stopping threads took: 0.0000452 seconds
2019-05-25T18:45:17.156+0200: 1330.169: Total time for which application threads were stopped: 0.0002249 seconds, Stopping threads took: 0.0000444 seconds
2019-05-25T18:45:17.268+0200: 1330.281: Total time for which application threads were stopped: 0.0003908 seconds, Stopping threads took: 0.0001254 seconds
2019-05-25T18:45:17.384+0200: 1330.397: Total time for which application threads were stopped: 0.0002125 seconds, Stopping threads took: 0.0000418 seconds
2019-05-25T18:45:17.391+0200: 1330.404: Total time for which application threads were stopped: 0.0002133 seconds, Stopping threads took: 0.0000431 seconds
2019-05-25T18:45:17.482+0200: 1330.494: Total time for which application threads were stopped: 0.0004373 seconds, Stopping threads took: 0.0000896 seconds
2019-05-25T18:45:17.488+0200: 1330.501: Total time for which application threads were stopped: 0.0005884 seconds, Stopping threads took: 0.0001088 seconds
2019-05-25T18:45:17.504+0200: 1330.517: Total time for which application threads were stopped: 0.0007846 seconds, Stopping threads took: 0.0001485 seconds
2019-05-25T18:45:17.617+0200: 1330.629: Total time for which application threads were stopped: 0.0002556 seconds, Stopping threads took: 0.0000418 seconds
{Heap before GC invocations=68 (full 3):
 par new generation   total 109248K, used 109248K [0x00000000e0000000, 0x00000000e8000000, 0x00000000e8000000)
  eden space 87424K, 100% used [0x00000000e0000000, 0x00000000e5560000, 0x00000000e5560000)
  from space 21824K, 100% used [0x00000000e5560000, 0x00000000e6ab0000, 0x00000000e6ab0000)
  to   space 21824K,   0% used [0x00000000e6ab0000, 0x00000000e6ab0000, 0x00000000e8000000)
 concurrent mark-sweep generation total 393216K, used 116684K [0x00000000e8000000, 0x0000000100000000, 0x0000000100000000)
 Metaspace       used 89799K, capacity 92133K, committed 92532K, reserved 1130496K
  class space    used 10534K, capacity 10986K, committed 11076K, reserved 1048576K
2019-05-25T18:45:18.592+0200: 1331.605: [GC (Allocation Failure) 2019-05-25T18:45:18.592+0200: 1331.605: [ParNew
Desired survivor size 20112992 bytes, new threshold 3 (max 8)
- age   1:    3351800 bytes,    3351800 total
- age   2:    8501864 bytes,   11853664 total
- age   3:    8839112 bytes,   20692776 total
- age   4:     146464 bytes,   20839240 total
- age   5:     787208 bytes,   21626448 total
: 109248K->21824K(109248K), 0.0233097 secs] 225932K->142641K(502464K), 0.0234198 secs] [Times: user=0.06 sys=0.00, real=0.02 secs] 
Heap after GC invocations=69 (full 3):
 par new generation   total 109248K, used 21824K [0x00000000e0000000, 0x00000000e8000000, 0x00000000e8000000)
  eden space 87424K,   0% used [0x00000000e0000000, 0x00000000e0000000, 0x00000000e5560000)
  from space 21824K, 100% used [0x00000000e6ab0000, 0x00000000e8000000, 0x00000000e8000000)
  to   space 21824K,   0% used [0x00000000e5560000, 0x00000000e5560000, 0x00000000e6ab0000)
 concurrent mark-sweep generation total 393216K, used 120817K [0x00000000e8000000, 0x0000000100000000, 0x0000000100000000)
 Metaspace       used 89799K, capacity 92133K, committed 92532K, reserved 1130496K
  class space    used 10534K, capacity 10986K, committed 11076K, reserved 1048576K
}
2019-05-25T18:45:18.616+0200: 1331.628: Total time for which application threads were stopped: 0.0238059 seconds, Stopping threads took: 0.0000414 seconds
2019-05-25T18:45:18.616+0200: 1331.629: Total time for which application threads were stopped: 0.0002577 seconds, Stopping threads took: 0.0000525 seconds
{Heap before GC invocations=69 (full 3):
 par new generation   total 109248K, used 109248K [0x00000000e0000000, 0x00000000e8000000, 0x00000000e8000000)
  eden space 87424K, 100% used [0x00000000e0000000, 0x00000000e5560000, 0x00000000e5560000)
  from space 21824K, 100% used [0x00000000e6ab0000, 0x00000000e8000000, 0x00000000e8000000)
  to   space 21824K,   0% used [0x00000000e5560000, 0x00000000e5560000, 0x00000000e6ab0000)
 concurrent mark-sweep generation total 393216K, used 120817K [0x00000000e8000000, 0x0000000100000000, 0x0000000100000000)
 Metaspace       used 89799K, capacity 92133K, committed 92532K, reserved 1130496K
  class space    used 10534K, capacity 10986K, committed 11076K, reserved 1048576K
2019-05-25T18:45:18.666+0200: 1331.678: [GC (Allocation Failure) 2019-05-25T18:45:18.666+0200: 1331.678: [ParNew
Desired survivor size 20112992 bytes, new threshold 8 (max 8)
- age   1:     261440 bytes,     261440 total
- age   2:    2994704 bytes,    3256144 total
- age   3:    8501824 bytes,   11757968 total
: 109248K->20753K(109248K), 0.0268024 secs] 230065K->151604K(502464K), 0.0269581 secs] [Times: user=0.09 sys=0.00, real=0.03 secs] 
Heap after GC invocations=70 (full 3):
 par new generation   total 109248K, used 20753K [0x00000000e0000000, 0x00000000e8000000, 0x00000000e8000000)
  eden space 87424K,   0% used [0x00000000e0000000, 0x00000000e0000000, 0x00000000e5560000)
  from space 21824K,  95% used [0x00000000e5560000, 0x00000000e69a4480, 0x00000000e6ab0000)
  to   space 21824K,   0% used [0x00000000e6ab0000, 0x00000000e6ab0000, 0x00000000e8000000)
 concurrent mark-sweep generation total 393216K, used 130851K [0x00000000e8000000, 0x0000000100000000, 0x0000000100000000)
 Metaspace       used 89799K, capacity 92133K, committed 92532K, reserved 1130496K
  class space    used 10534K, capacity 10986K, committed 11076K, reserved 1048576K
}
2019-05-25T18:45:18.693+0200: 1331.705: Total time for which application threads were stopped: 0.0273741 seconds, Stopping threads took: 0.0000491 seconds
2019-05-25T18:45:18.870+0200: 1331.882: Total time for which application threads were stopped: 0.0003145 seconds, Stopping threads took: 0.0000734 seconds
2019-05-25T18:45:19.871+0200: 1332.884: Total time for which application threads were stopped: 0.0006682 seconds, Stopping threads took: 0.0001233 seconds
2019-05-25T18:45:23.434+0200: 1336.447: Total time for which application threads were stopped: 0.0010291 seconds, Stopping threads took: 0.0001745 seconds
2019-05-25T18:45:23.466+0200: 1336.478: Total time for which application threads were stopped: 0.0004715 seconds, Stopping threads took: 0.0002180 seconds
2019-05-25T18:45:23.487+0200: 1336.499: Total time for which application threads were stopped: 0.0001984 seconds, Stopping threads took: 0.0000350 seconds
2019-05-25T18:45:23.489+0200: 1336.501: Total time for which application threads were stopped: 0.0001762 seconds, Stopping threads took: 0.0000311 seconds
2019-05-25T18:45:23.498+0200: 1336.511: Total time for which application threads were stopped: 0.0002044 seconds, Stopping threads took: 0.0000363 seconds
2019-05-25T18:45:23.505+0200: 1336.517: Total time for which application threads were stopped: 0.0001852 seconds, Stopping threads took: 0.0000299 seconds
2019-05-25T18:45:23.508+0200: 1336.520: Total time for which application threads were stopped: 0.0001843 seconds, Stopping threads took: 0.0000358 seconds
2019-05-25T18:45:23.517+0200: 1336.529: Total time for which application threads were stopped: 0.0001741 seconds, Stopping threads took: 0.0000282 seconds
2019-05-25T18:45:23.530+0200: 1336.542: Total time for which application threads were stopped: 0.0002155 seconds, Stopping threads took: 0.0000350 seconds
2019-05-25T18:45:23.540+0200: 1336.553: Total time for which application threads were stopped: 0.0002091 seconds, Stopping threads took: 0.0000405 seconds
2019-05-25T18:45:23.544+0200: 1336.557: Total time for which application threads were stopped: 0.0003563 seconds, Stopping threads took: 0.0001950 seconds
2019-05-25T18:45:23.544+0200: 1336.557: Total time for which application threads were stopped: 0.0002052 seconds, Stopping threads took: 0.0000619 seconds
2019-05-25T18:45:23.545+0200: 1336.557: Total time for which application threads were stopped: 0.0001429 seconds, Stopping threads took: 0.0000307 seconds
2019-05-25T18:45:23.550+0200: 1336.562: Total time for which application threads were stopped: 0.0003200 seconds, Stopping threads took: 0.0001186 seconds
2019-05-25T18:45:23.554+0200: 1336.566: Total time for which application threads were stopped: 0.0002641 seconds, Stopping threads took: 0.0000529 seconds
2019-05-25T18:45:23.558+0200: 1336.570: Total time for which application threads were stopped: 0.0002095 seconds, Stopping threads took: 0.0000546 seconds
2019-05-25T18:45:23.660+0200: 1336.672: Total time for which application threads were stopped: 0.0005824 seconds, Stopping threads took: 0.0001387 seconds
2019-05-25T18:45:23.668+0200: 1336.681: Total time for which application threads were stopped: 0.0006916 seconds, Stopping threads took: 0.0001348 seconds
2019-05-25T18:45:23.728+0200: 1336.740: Total time for which application threads were stopped: 0.0002385 seconds, Stopping threads took: 0.0000704 seconds
2019-05-25T18:45:23.729+0200: 1336.741: Total time for which application threads were stopped: 0.0003247 seconds, Stopping threads took: 0.0001515 seconds
2019-05-25T18:45:23.729+0200: 1336.742: Total time for which application threads were stopped: 0.0003063 seconds, Stopping threads took: 0.0001655 seconds
2019-05-25T18:45:23.729+0200: 1336.742: Total time for which application threads were stopped: 0.0001557 seconds, Stopping threads took: 0.0000299 seconds
2019-05-25T18:45:23.730+0200: 1336.742: Total time for which application threads were stopped: 0.0001284 seconds, Stopping threads took: 0.0000371 seconds
2019-05-25T18:45:23.730+0200: 1336.743: Total time for which application threads were stopped: 0.0002820 seconds, Stopping threads took: 0.0001459 seconds
2019-05-25T18:45:23.731+0200: 1336.743: Total time for which application threads were stopped: 0.0002825 seconds, Stopping threads took: 0.0001276 seconds
2019-05-25T18:45:23.740+0200: 1336.753: Total time for which application threads were stopped: 0.0003162 seconds, Stopping threads took: 0.0000427 seconds
2019-05-25T18:45:23.741+0200: 1336.753: Total time for which application threads were stopped: 0.0002517 seconds, Stopping threads took: 0.0000597 seconds
2019-05-25T18:45:23.742+0200: 1336.755: Total time for which application threads were stopped: 0.0001946 seconds, Stopping threads took: 0.0000346 seconds
2019-05-25T18:45:23.743+0200: 1336.755: Total time for which application threads were stopped: 0.0001621 seconds, Stopping threads took: 0.0000213 seconds
2019-05-25T18:45:23.743+0200: 1336.756: Total time for which application threads were stopped: 0.0001604 seconds, Stopping threads took: 0.0000350 seconds
2019-05-25T18:45:23.746+0200: 1336.758: Total time for which application threads were stopped: 0.0002803 seconds, Stopping threads took: 0.0000401 seconds
2019-05-25T18:45:23.746+0200: 1336.758: Total time for which application threads were stopped: 0.0002112 seconds, Stopping threads took: 0.0000265 seconds
2019-05-25T18:45:23.747+0200: 1336.759: Total time for which application threads were stopped: 0.0002189 seconds, Stopping threads took: 0.0000422 seconds
2019-05-25T18:45:23.766+0200: 1336.778: Total time for which application threads were stopped: 0.0001852 seconds, Stopping threads took: 0.0000329 seconds
2019-05-25T18:45:23.766+0200: 1336.778: Total time for which application threads were stopped: 0.0001370 seconds, Stopping threads took: 0.0000183 seconds
2019-05-25T18:45:23.766+0200: 1336.779: Total time for which application threads were stopped: 0.0001259 seconds, Stopping threads took: 0.0000329 seconds
2019-05-25T18:45:23.846+0200: 1336.858: Total time for which application threads were stopped: 0.0002756 seconds, Stopping threads took: 0.0000538 seconds
2019-05-25T18:45:23.846+0200: 1336.859: Total time for which application threads were stopped: 0.0002018 seconds, Stopping threads took: 0.0000316 seconds
2019-05-25T18:45:23.848+0200: 1336.860: Total time for which application threads were stopped: 0.0002283 seconds, Stopping threads took: 0.0000384 seconds
{Heap before GC invocations=70 (full 3):
 par new generation   total 109248K, used 108177K [0x00000000e0000000, 0x00000000e8000000, 0x00000000e8000000)
  eden space 87424K, 100% used [0x00000000e0000000, 0x00000000e5560000, 0x00000000e5560000)
  from space 21824K,  95% used [0x00000000e5560000, 0x00000000e69a4480, 0x00000000e6ab0000)
  to   space 21824K,   0% used [0x00000000e6ab0000, 0x00000000e6ab0000, 0x00000000e8000000)
 concurrent mark-sweep generation total 393216K, used 130851K [0x00000000e8000000, 0x0000000100000000, 0x0000000100000000)
 Metaspace       used 90198K, capacity 92527K, committed 93044K, reserved 1132544K
  class space    used 10574K, capacity 11031K, committed 11076K, reserved 1048576K
2019-05-25T18:45:23.849+0200: 1336.862: [GC (Allocation Failure) 2019-05-25T18:45:23.849+0200: 1336.862: [ParNew
Desired survivor size 20112992 bytes, new threshold 4 (max 8)
- age   1:   10810552 bytes,   10810552 total
- age   2:      89728 bytes,   10900280 total
- age   3:    2263808 bytes,   13164088 total
- age   4:    8501200 bytes,   21665288 total
: 108177K->21824K(109248K), 0.0213146 secs] 239028K->152862K(502464K), 0.0214567 secs] [Times: user=0.06 sys=0.00, real=0.02 secs] 
Heap after GC invocations=71 (full 3):
 par new generation   total 109248K, used 21824K [0x00000000e0000000, 0x00000000e8000000, 0x00000000e8000000)
  eden space 87424K,   0% used [0x00000000e0000000, 0x00000000e0000000, 0x00000000e5560000)
  from space 21824K, 100% used [0x00000000e6ab0000, 0x00000000e8000000, 0x00000000e8000000)
  to   space 21824K,   0% used [0x00000000e5560000, 0x00000000e5560000, 0x00000000e6ab0000)
 concurrent mark-sweep generation total 393216K, used 131038K [0x00000000e8000000, 0x0000000100000000, 0x0000000100000000)
 Metaspace       used 90198K, capacity 92527K, committed 93044K, reserved 1132544K
  class space    used 10574K, capacity 11031K, committed 11076K, reserved 1048576K
}
2019-05-25T18:45:23.871+0200: 1336.883: Total time for which application threads were stopped: 0.0218419 seconds, Stopping threads took: 0.0000414 seconds
2019-05-25T18:45:23.871+0200: 1336.884: Total time for which application threads were stopped: 0.0002590 seconds, Stopping threads took: 0.0000533 seconds
2019-05-25T18:45:23.871+0200: 1336.884: Total time for which application threads were stopped: 0.0002167 seconds, Stopping threads took: 0.0000516 seconds
2019-05-25T18:45:23.872+0200: 1336.884: Total time for which application threads were stopped: 0.0001425 seconds, Stopping threads took: 0.0000303 seconds
2019-05-25T18:45:23.877+0200: 1336.890: Total time for which application threads were stopped: 0.0002594 seconds, Stopping threads took: 0.0000469 seconds
2019-05-25T18:45:23.877+0200: 1336.890: Total time for which application threads were stopped: 0.0001826 seconds, Stopping threads took: 0.0000243 seconds
2019-05-25T18:45:23.878+0200: 1336.890: Total time for which application threads were stopped: 0.0001852 seconds, Stopping threads took: 0.0000230 seconds
2019-05-25T18:45:23.879+0200: 1336.892: Total time for which application threads were stopped: 0.0002364 seconds, Stopping threads took: 0.0000418 seconds
2019-05-25T18:45:23.880+0200: 1336.892: Total time for which application threads were stopped: 0.0001963 seconds, Stopping threads took: 0.0000307 seconds
2019-05-25T18:45:23.880+0200: 1336.893: Total time for which application threads were stopped: 0.0001698 seconds, Stopping threads took: 0.0000235 seconds
2019-05-25T18:45:23.882+0200: 1336.895: Total time for which application threads were stopped: 0.0002300 seconds, Stopping threads took: 0.0000546 seconds
2019-05-25T18:45:23.882+0200: 1336.895: Total time for which application threads were stopped: 0.0001852 seconds, Stopping threads took: 0.0000235 seconds
2019-05-25T18:45:23.883+0200: 1336.895: Total time for which application threads were stopped: 0.0001609 seconds, Stopping threads took: 0.0000226 seconds
2019-05-25T18:45:23.896+0200: 1336.909: Total time for which application threads were stopped: 0.0001865 seconds, Stopping threads took: 0.0000320 seconds
2019-05-25T18:45:23.896+0200: 1336.909: Total time for which application threads were stopped: 0.0001455 seconds, Stopping threads took: 0.0000269 seconds
2019-05-25T18:45:23.918+0200: 1336.930: Total time for which application threads were stopped: 0.0002679 seconds, Stopping threads took: 0.0000567 seconds
2019-05-25T18:45:23.949+0200: 1336.962: Total time for which application threads were stopped: 0.0001907 seconds, Stopping threads took: 0.0000341 seconds
2019-05-25T18:45:23.949+0200: 1336.962: Total time for which application threads were stopped: 0.0001395 seconds, Stopping threads took: 0.0000175 seconds
2019-05-25T18:45:23.950+0200: 1336.962: Total time for which application threads were stopped: 0.0001327 seconds, Stopping threads took: 0.0000162 seconds
2019-05-25T18:45:23.953+0200: 1336.966: Total time for which application threads were stopped: 0.0001865 seconds, Stopping threads took: 0.0000405 seconds
2019-05-25T18:45:23.953+0200: 1336.966: Total time for which application threads were stopped: 0.0001216 seconds, Stopping threads took: 0.0000166 seconds
2019-05-25T18:45:23.954+0200: 1336.966: Total time for which application threads were stopped: 0.0000981 seconds, Stopping threads took: 0.0000154 seconds
2019-05-25T18:45:23.983+0200: 1336.996: Total time for which application threads were stopped: 0.0002018 seconds, Stopping threads took: 0.0000341 seconds
2019-05-25T18:45:23.984+0200: 1336.996: Total time for which application threads were stopped: 0.0001455 seconds, Stopping threads took: 0.0000188 seconds
2019-05-25T18:45:23.984+0200: 1336.996: Total time for which application threads were stopped: 0.0001109 seconds, Stopping threads took: 0.0000247 seconds
2019-05-25T18:45:23.988+0200: 1337.000: Total time for which application threads were stopped: 0.0001954 seconds, Stopping threads took: 0.0000316 seconds
2019-05-25T18:45:23.988+0200: 1337.001: Total time for which application threads were stopped: 0.0001412 seconds, Stopping threads took: 0.0000192 seconds
2019-05-25T18:45:23.989+0200: 1337.001: Total time for which application threads were stopped: 0.0001557 seconds, Stopping threads took: 0.0000179 seconds
2019-05-25T18:45:23.993+0200: 1337.005: Total time for which application threads were stopped: 0.0002172 seconds, Stopping threads took: 0.0000474 seconds
2019-05-25T18:45:23.993+0200: 1337.005: Total time for which application threads were stopped: 0.0001813 seconds, Stopping threads took: 0.0000337 seconds
2019-05-25T18:45:23.993+0200: 1337.006: Total time for which application threads were stopped: 0.0001553 seconds, Stopping threads took: 0.0000354 seconds
2019-05-25T18:45:24.026+0200: 1337.038: Total time for which application threads were stopped: 0.0001988 seconds, Stopping threads took: 0.0000329 seconds
2019-05-25T18:45:24.026+0200: 1337.039: Total time for which application threads were stopped: 0.0001826 seconds, Stopping threads took: 0.0000380 seconds
2019-05-25T18:45:24.027+0200: 1337.039: Total time for which application threads were stopped: 0.0001143 seconds, Stopping threads took: 0.0000183 seconds
2019-05-25T18:45:24.045+0200: 1337.057: Total time for which application threads were stopped: 0.0001963 seconds, Stopping threads took: 0.0000303 seconds
2019-05-25T18:45:24.045+0200: 1337.057: Total time for which application threads were stopped: 0.0001566 seconds, Stopping threads took: 0.0000201 seconds
2019-05-25T18:45:24.046+0200: 1337.058: Total time for which application threads were stopped: 0.0001284 seconds, Stopping threads took: 0.0000205 seconds
2019-05-25T18:45:24.047+0200: 1337.059: Total time for which application threads were stopped: 0.0001835 seconds, Stopping threads took: 0.0000474 seconds
2019-05-25T18:45:24.047+0200: 1337.060: Total time for which application threads were stopped: 0.0001382 seconds, Stopping threads took: 0.0000175 seconds
2019-05-25T18:45:24.048+0200: 1337.060: Total time for which application threads were stopped: 0.0001660 seconds, Stopping threads took: 0.0000222 seconds
2019-05-25T18:45:24.058+0200: 1337.071: Total time for which application threads were stopped: 0.0002091 seconds, Stopping threads took: 0.0000333 seconds
2019-05-25T18:45:24.058+0200: 1337.071: Total time for which application threads were stopped: 0.0001314 seconds, Stopping threads took: 0.0000188 seconds
2019-05-25T18:45:24.059+0200: 1337.071: Total time for which application threads were stopped: 0.0001075 seconds, Stopping threads took: 0.0000171 seconds
2019-05-25T18:45:24.066+0200: 1337.078: Total time for which application threads were stopped: 0.0005261 seconds, Stopping threads took: 0.0000529 seconds
2019-05-25T18:45:24.067+0200: 1337.079: Total time for which application threads were stopped: 0.0004365 seconds, Stopping threads took: 0.0000350 seconds
2019-05-25T18:45:24.067+0200: 1337.079: Total time for which application threads were stopped: 0.0001250 seconds, Stopping threads took: 0.0000192 seconds
2019-05-25T18:45:24.080+0200: 1337.093: Total time for which application threads were stopped: 0.0005073 seconds, Stopping threads took: 0.0000371 seconds
{Heap before GC invocations=71 (full 3):
 par new generation   total 109248K, used 109248K [0x00000000e0000000, 0x00000000e8000000, 0x00000000e8000000)
  eden space 87424K, 100% used [0x00000000e0000000, 0x00000000e5560000, 0x00000000e5560000)
  from space 21824K, 100% used [0x00000000e6ab0000, 0x00000000e8000000, 0x00000000e8000000)
  to   space 21824K,   0% used [0x00000000e5560000, 0x00000000e5560000, 0x00000000e6ab0000)
 concurrent mark-sweep generation total 393216K, used 131038K [0x00000000e8000000, 0x0000000100000000, 0x0000000100000000)
 Metaspace       used 93974K, capacity 96343K, committed 96756K, reserved 1134592K
  class space    used 10975K, capacity 11449K, committed 11460K, reserved 1048576K
2019-05-25T18:45:24.545+0200: 1337.557: [GC (Allocation Failure) 2019-05-25T18:45:24.545+0200: 1337.557: [ParNew
Desired survivor size 20112992 bytes, new threshold 4 (max 8)
- age   1:    8592088 bytes,    8592088 total
- age   2:    9668880 bytes,   18260968 total
- age   3:      89696 bytes,   18350664 total
- age   4:    2186744 bytes,   20537408 total
: 109248K->21824K(109248K), 0.0283755 secs] 240286K->162754K(502464K), 0.0284745 secs] [Times: user=0.13 sys=0.00, real=0.03 secs] 
Heap after GC invocations=72 (full 3):
 par new generation   total 109248K, used 21824K [0x00000000e0000000, 0x00000000e8000000, 0x00000000e8000000)
  eden space 87424K,   0% used [0x00000000e0000000, 0x00000000e0000000, 0x00000000e5560000)
  from space 21824K, 100% used [0x00000000e5560000, 0x00000000e6ab0000, 0x00000000e6ab0000)
  to   space 21824K,   0% used [0x00000000e6ab0000, 0x00000000e6ab0000, 0x00000000e8000000)
 concurrent mark-sweep generation total 393216K, used 140930K [0x00000000e8000000, 0x0000000100000000, 0x0000000100000000)
 Metaspace       used 93974K, capacity 96343K, committed 96756K, reserved 1134592K
  class space    used 10975K, capacity 11449K, committed 11460K, reserved 1048576K
}
2019-05-25T18:45:24.573+0200: 1337.586: Total time for which application threads were stopped: 0.0289950 seconds, Stopping threads took: 0.0000640 seconds
2019-05-25T18:45:24.574+0200: 1337.586: Total time for which application threads were stopped: 0.0003507 seconds, Stopping threads took: 0.0000371 seconds
2019-05-25T18:45:25.575+0200: 1338.587: Total time for which application threads were stopped: 0.0002615 seconds, Stopping threads took: 0.0000439 seconds
2019-05-25T18:45:32.730+0200: 1345.742: Total time for which application threads were stopped: 0.0002658 seconds, Stopping threads took: 0.0000461 seconds
2019-05-25T18:45:33.730+0200: 1346.743: Total time for which application threads were stopped: 0.0002155 seconds, Stopping threads took: 0.0000529 seconds
2019-05-25T18:46:15.746+0200: 1388.758: Total time for which application threads were stopped: 0.0004740 seconds, Stopping threads took: 0.0000930 seconds
2019-05-25T18:46:26.751+0200: 1399.763: Total time for which application threads were stopped: 0.0005150 seconds, Stopping threads took: 0.0000981 seconds
2019-05-25T18:46:33.754+0200: 1406.766: Total time for which application threads were stopped: 0.0005606 seconds, Stopping threads took: 0.0001041 seconds
2019-05-25T18:47:33.775+0200: 1466.787: Total time for which application threads were stopped: 0.0005043 seconds, Stopping threads took: 0.0001071 seconds
2019-05-25T18:48:21.018+0200: 1514.031: Total time for which application threads were stopped: 0.0004514 seconds, Stopping threads took: 0.0000329 seconds
{Heap before GC invocations=72 (full 3):
 par new generation   total 109248K, used 109231K [0x00000000e0000000, 0x00000000e8000000, 0x00000000e8000000)
  eden space 87424K,  99% used [0x00000000e0000000, 0x00000000e555bfc0, 0x00000000e5560000)
  from space 21824K, 100% used [0x00000000e5560000, 0x00000000e6ab0000, 0x00000000e6ab0000)
  to   space 21824K,   0% used [0x00000000e6ab0000, 0x00000000e6ab0000, 0x00000000e8000000)
 concurrent mark-sweep generation total 393216K, used 140930K [0x00000000e8000000, 0x0000000100000000, 0x0000000100000000)
 Metaspace       used 94924K, capacity 97401K, committed 97908K, reserved 1136640K
  class space    used 11074K, capacity 11546K, committed 11588K, reserved 1048576K
2019-05-25T18:48:21.023+0200: 1514.036: [GC (Allocation Failure) 2019-05-25T18:48:21.023+0200: 1514.036: [ParNew
Desired survivor size 20112992 bytes, new threshold 8 (max 8)
- age   1:    5802472 bytes,    5802472 total
- age   2:    4452560 bytes,   10255032 total
- age   3:    9613256 bytes,   19868288 total
- age   4:      89696 bytes,   19957984 total
: 109231K->21824K(109248K), 0.0242501 secs] 250161K->165569K(502464K), 0.0243554 secs] [Times: user=0.05 sys=0.00, real=0.03 secs] 
Heap after GC invocations=73 (full 3):
 par new generation   total 109248K, used 21824K [0x00000000e0000000, 0x00000000e8000000, 0x00000000e8000000)
  eden space 87424K,   0% used [0x00000000e0000000, 0x00000000e0000000, 0x00000000e5560000)
  from space 21824K, 100% used [0x00000000e6ab0000, 0x00000000e8000000, 0x00000000e8000000)
  to   space 21824K,   0% used [0x00000000e5560000, 0x00000000e5560000, 0x00000000e6ab0000)
 concurrent mark-sweep generation total 393216K, used 143745K [0x00000000e8000000, 0x0000000100000000, 0x0000000100000000)
 Metaspace       used 94924K, capacity 97401K, committed 97908K, reserved 1136640K
  class space    used 11074K, capacity 11546K, committed 11588K, reserved 1048576K
}
2019-05-25T18:48:21.048+0200: 1514.060: Total time for which application threads were stopped: 0.0246729 seconds, Stopping threads took: 0.0000414 seconds
2019-05-25T18:48:21.052+0200: 1514.064: Total time for which application threads were stopped: 0.0002718 seconds, Stopping threads took: 0.0001020 seconds
2019-05-25T18:48:21.052+0200: 1514.064: Total time for which application threads were stopped: 0.0002138 seconds, Stopping threads took: 0.0000555 seconds
{Heap before GC invocations=73 (full 3):
 par new generation   total 109248K, used 109248K [0x00000000e0000000, 0x00000000e8000000, 0x00000000e8000000)
  eden space 87424K, 100% used [0x00000000e0000000, 0x00000000e5560000, 0x00000000e5560000)
  from space 21824K, 100% used [0x00000000e6ab0000, 0x00000000e8000000, 0x00000000e8000000)
  to   space 21824K,   0% used [0x00000000e5560000, 0x00000000e5560000, 0x00000000e6ab0000)
 concurrent mark-sweep generation total 393216K, used 143745K [0x00000000e8000000, 0x0000000100000000, 0x0000000100000000)
 Metaspace       used 94924K, capacity 97401K, committed 97908K, reserved 1136640K
  class space    used 11074K, capacity 11546K, committed 11588K, reserved 1048576K
2019-05-25T18:48:21.086+0200: 1514.098: [GC (Allocation Failure) 2019-05-25T18:48:21.086+0200: 1514.099: [ParNew
Desired survivor size 20112992 bytes, new threshold 8 (max 8)
- age   1:     252000 bytes,     252000 total
- age   2:    4424552 bytes,    4676552 total
- age   3:    3457992 bytes,    8134544 total
- age   4:    9613256 bytes,   17747800 total
- age   5:      89696 bytes,   17837496 total
: 109248K->19484K(109248K), 0.0193199 secs] 252993K->163230K(502464K), 0.0194338 secs] [Times: user=0.06 sys=0.00, real=0.02 secs] 
Heap after GC invocations=74 (full 3):
 par new generation   total 109248K, used 19484K [0x00000000e0000000, 0x00000000e8000000, 0x00000000e8000000)
  eden space 87424K,   0% used [0x00000000e0000000, 0x00000000e0000000, 0x00000000e5560000)
  from space 21824K,  89% used [0x00000000e5560000, 0x00000000e6867260, 0x00000000e6ab0000)
  to   space 21824K,   0% used [0x00000000e6ab0000, 0x00000000e6ab0000, 0x00000000e8000000)
 concurrent mark-sweep generation total 393216K, used 143745K [0x00000000e8000000, 0x0000000100000000, 0x0000000100000000)
 Metaspace       used 94924K, capacity 97401K, committed 97908K, reserved 1136640K
  class space    used 11074K, capacity 11546K, committed 11588K, reserved 1048576K
}
2019-05-25T18:48:21.105+0200: 1514.118: Total time for which application threads were stopped: 0.0197641 seconds, Stopping threads took: 0.0000414 seconds
2019-05-25T18:48:21.106+0200: 1514.118: Total time for which application threads were stopped: 0.0002633 seconds, Stopping threads took: 0.0000670 seconds
2019-05-25T18:48:21.161+0200: 1514.174: Total time for which application threads were stopped: 0.0002270 seconds, Stopping threads took: 0.0000465 seconds
{Heap before GC invocations=74 (full 3):
 par new generation   total 109248K, used 106901K [0x00000000e0000000, 0x00000000e8000000, 0x00000000e8000000)
  eden space 87424K,  99% used [0x00000000e0000000, 0x00000000e555e208, 0x00000000e5560000)
  from space 21824K,  89% used [0x00000000e5560000, 0x00000000e6867260, 0x00000000e6ab0000)
  to   space 21824K,   0% used [0x00000000e6ab0000, 0x00000000e6ab0000, 0x00000000e8000000)
 concurrent mark-sweep generation total 393216K, used 143745K [0x00000000e8000000, 0x0000000100000000, 0x0000000100000000)
 Metaspace       used 94930K, capacity 97433K, committed 97908K, reserved 1136640K
  class space    used 11075K, capacity 11578K, committed 11588K, reserved 1048576K
2019-05-25T18:48:21.233+0200: 1514.246: [GC (Allocation Failure) 2019-05-25T18:48:21.233+0200: 1514.246: [ParNew
Desired survivor size 20112992 bytes, new threshold 8 (max 8)
- age   1:    4254016 bytes,    4254016 total
- age   2:      88016 bytes,    4342032 total
- age   3:    3752296 bytes,    8094328 total
- age   4:    3457872 bytes,   11552200 total
- age   5:    8236016 bytes,   19788216 total
- age   6:      89696 bytes,   19877912 total
: 106901K->21824K(109248K), 0.0209016 secs] 250646K->167225K(502464K), 0.0210070 secs] [Times: user=0.08 sys=0.00, real=0.02 secs] 
Heap after GC invocations=75 (full 3):
 par new generation   total 109248K, used 21824K [0x00000000e0000000, 0x00000000e8000000, 0x00000000e8000000)
  eden space 87424K,   0% used [0x00000000e0000000, 0x00000000e0000000, 0x00000000e5560000)
  from space 21824K, 100% used [0x00000000e6ab0000, 0x00000000e8000000, 0x00000000e8000000)
  to   space 21824K,   0% used [0x00000000e5560000, 0x00000000e5560000, 0x00000000e6ab0000)
 concurrent mark-sweep generation total 393216K, used 145401K [0x00000000e8000000, 0x0000000100000000, 0x0000000100000000)
 Metaspace       used 94930K, capacity 97433K, committed 97908K, reserved 1136640K
  class space    used 11075K, capacity 11578K, committed 11588K, reserved 1048576K
}
2019-05-25T18:48:21.254+0200: 1514.267: Total time for which application threads were stopped: 0.0216773 seconds, Stopping threads took: 0.0003234 seconds
{Heap before GC invocations=75 (full 3):
 par new generation   total 109248K, used 109248K [0x00000000e0000000, 0x00000000e8000000, 0x00000000e8000000)
  eden space 87424K, 100% used [0x00000000e0000000, 0x00000000e5560000, 0x00000000e5560000)
  from space 21824K, 100% used [0x00000000e6ab0000, 0x00000000e8000000, 0x00000000e8000000)
  to   space 21824K,   0% used [0x00000000e5560000, 0x00000000e5560000, 0x00000000e6ab0000)
 concurrent mark-sweep generation total 393216K, used 145401K [0x00000000e8000000, 0x0000000100000000, 0x0000000100000000)
 Metaspace       used 94931K, capacity 97433K, committed 97908K, reserved 1136640K
  class space    used 11075K, capacity 11578K, committed 11588K, reserved 1048576K
2019-05-25T18:48:21.265+0200: 1514.278: [GC (Allocation Failure) 2019-05-25T18:48:21.265+0200: 1514.278: [ParNew
Desired survivor size 20112992 bytes, new threshold 8 (max 8)
- age   1:     148760 bytes,     148760 total
- age   2:    4107896 bytes,    4256656 total
- age   3:      88016 bytes,    4344672 total
- age   4:    3752296 bytes,    8096968 total
- age   5:    3457872 bytes,   11554840 total
- age   6:    7972736 bytes,   19527576 total
- age   7:      89696 bytes,   19617272 total
: 109248K->21824K(109248K), 0.0180804 secs] 254649K->167502K(502464K), 0.0182102 secs] [Times: user=0.06 sys=0.00, real=0.02 secs] 
Heap after GC invocations=76 (full 3):
 par new generation   total 109248K, used 21824K [0x00000000e0000000, 0x00000000e8000000, 0x00000000e8000000)
  eden space 87424K,   0% used [0x00000000e0000000, 0x00000000e0000000, 0x00000000e5560000)
  from space 21824K, 100% used [0x00000000e5560000, 0x00000000e6ab0000, 0x00000000e6ab0000)
  to   space 21824K,   0% used [0x00000000e6ab0000, 0x00000000e6ab0000, 0x00000000e8000000)
 concurrent mark-sweep generation total 393216K, used 145678K [0x00000000e8000000, 0x0000000100000000, 0x0000000100000000)
 Metaspace       used 94931K, capacity 97433K, committed 97908K, reserved 1136640K
  class space    used 11075K, capacity 11578K, committed 11588K, reserved 1048576K
}
2019-05-25T18:48:21.283+0200: 1514.296: Total time for which application threads were stopped: 0.0186321 seconds, Stopping threads took: 0.0001118 seconds
{Heap before GC invocations=76 (full 3):
 par new generation   total 109248K, used 109218K [0x00000000e0000000, 0x00000000e8000000, 0x00000000e8000000)
  eden space 87424K,  99% used [0x00000000e0000000, 0x00000000e5558b00, 0x00000000e5560000)
  from space 21824K, 100% used [0x00000000e5560000, 0x00000000e6ab0000, 0x00000000e6ab0000)
  to   space 21824K,   0% used [0x00000000e6ab0000, 0x00000000e6ab0000, 0x00000000e8000000)
 concurrent mark-sweep generation total 393216K, used 145678K [0x00000000e8000000, 0x0000000100000000, 0x0000000100000000)
 Metaspace       used 94932K, capacity 97433K, committed 97908K, reserved 1136640K
  class space    used 11075K, capacity 11578K, committed 11588K, reserved 1048576K
2019-05-25T18:48:21.293+0200: 1514.306: [GC (Allocation Failure) 2019-05-25T18:48:21.293+0200: 1514.306: [ParNew
Desired survivor size 20112992 bytes, new threshold 8 (max 8)
- age   1:     638928 bytes,     638928 total
- age   2:      60864 bytes,     699792 total
- age   3:    3815736 bytes,    4515528 total
- age   4:      88016 bytes,    4603544 total
- age   5:    3752296 bytes,    8355840 total
- age   6:    3457808 bytes,   11813648 total
- age   7:    7773424 bytes,   19587072 total
- age   8:      89696 bytes,   19676768 total
: 109218K->21824K(109248K), 0.0181188 secs] 254896K->168149K(502464K), 0.0182255 secs] [Times: user=0.06 sys=0.00, real=0.02 secs] 
Heap after GC invocations=77 (full 3):
 par new generation   total 109248K, used 21824K [0x00000000e0000000, 0x00000000e8000000, 0x00000000e8000000)
  eden space 87424K,   0% used [0x00000000e0000000, 0x00000000e0000000, 0x00000000e5560000)
  from space 21824K, 100% used [0x00000000e6ab0000, 0x00000000e8000000, 0x00000000e8000000)
  to   space 21824K,   0% used [0x00000000e5560000, 0x00000000e5560000, 0x00000000e6ab0000)
 concurrent mark-sweep generation total 393216K, used 146325K [0x00000000e8000000, 0x0000000100000000, 0x0000000100000000)
 Metaspace       used 94932K, capacity 97433K, committed 97908K, reserved 1136640K
  class space    used 11075K, capacity 11578K, committed 11588K, reserved 1048576K
}
2019-05-25T18:48:21.311+0200: 1514.324: Total time for which application threads were stopped: 0.0186590 seconds, Stopping threads took: 0.0000700 seconds
{Heap before GC invocations=77 (full 3):
 par new generation   total 109248K, used 109234K [0x00000000e0000000, 0x00000000e8000000, 0x00000000e8000000)
  eden space 87424K,  99% used [0x00000000e0000000, 0x00000000e555cae8, 0x00000000e5560000)
  from space 21824K, 100% used [0x00000000e6ab0000, 0x00000000e8000000, 0x00000000e8000000)
  to   space 21824K,   0% used [0x00000000e5560000, 0x00000000e5560000, 0x00000000e6ab0000)
 concurrent mark-sweep generation total 393216K, used 146325K [0x00000000e8000000, 0x0000000100000000, 0x0000000100000000)
 Metaspace       used 94934K, capacity 97433K, committed 97908K, reserved 1136640K
  class space    used 11075K, capacity 11578K, committed 11588K, reserved 1048576K
2019-05-25T18:48:21.324+0200: 1514.336: [GC (Allocation Failure) 2019-05-25T18:48:21.324+0200: 1514.336: [ParNew
Desired survivor size 20112992 bytes, new threshold 8 (max 8)
- age   1:    1080984 bytes,    1080984 total
- age   2:     493768 bytes,    1574752 total
- age   3:      50696 bytes,    1625448 total
- age   4:    3780104 bytes,    5405552 total
- age   5:      88016 bytes,    5493568 total
- age   6:    3752296 bytes,    9245864 total
- age   7:    3457808 bytes,   12703672 total
- age   8:    7630176 bytes,   20333848 total
: 109234K->21824K(109248K), 0.0179938 secs] 255560K->168466K(502464K), 0.0181090 secs] [Times: user=0.06 sys=0.00, real=0.02 secs] 
Heap after GC invocations=78 (full 3):
 par new generation   total 109248K, used 21824K [0x00000000e0000000, 0x00000000e8000000, 0x00000000e8000000)
  eden space 87424K,   0% used [0x00000000e0000000, 0x00000000e0000000, 0x00000000e5560000)
  from space 21824K, 100% used [0x00000000e5560000, 0x00000000e6ab0000, 0x00000000e6ab0000)
  to   space 21824K,   0% used [0x00000000e6ab0000, 0x00000000e6ab0000, 0x00000000e8000000)
 concurrent mark-sweep generation total 393216K, used 146642K [0x00000000e8000000, 0x0000000100000000, 0x0000000100000000)
 Metaspace       used 94934K, capacity 97433K, committed 97908K, reserved 1136640K
  class space    used 11075K, capacity 11578K, committed 11588K, reserved 1048576K
}
2019-05-25T18:48:21.342+0200: 1514.355: Total time for which application threads were stopped: 0.0191079 seconds, Stopping threads took: 0.0006677 seconds
2019-05-25T18:48:21.357+0200: 1514.370: Total time for which application threads were stopped: 0.0014110 seconds, Stopping threads took: 0.0011443 seconds
{Heap before GC invocations=78 (full 3):
 par new generation   total 109248K, used 109248K [0x00000000e0000000, 0x00000000e8000000, 0x00000000e8000000)
  eden space 87424K, 100% used [0x00000000e0000000, 0x00000000e5560000, 0x00000000e5560000)
  from space 21824K, 100% used [0x00000000e5560000, 0x00000000e6ab0000, 0x00000000e6ab0000)
  to   space 21824K,   0% used [0x00000000e6ab0000, 0x00000000e6ab0000, 0x00000000e8000000)
 concurrent mark-sweep generation total 393216K, used 146642K [0x00000000e8000000, 0x0000000100000000, 0x0000000100000000)
 Metaspace       used 94934K, capacity 97433K, committed 97908K, reserved 1136640K
  class space    used 11075K, capacity 11578K, committed 11588K, reserved 1048576K
2019-05-25T18:48:21.365+0200: 1514.377: [GC (Allocation Failure) 2019-05-25T18:48:21.365+0200: 1514.377: [ParNew
Desired survivor size 20112992 bytes, new threshold 8 (max 8)
- age   1:    1037928 bytes,    1037928 total
- age   2:     273208 bytes,    1311136 total
- age   3:     467968 bytes,    1779104 total
- age   4:      50592 bytes,    1829696 total
- age   5:    3778784 bytes,    5608480 total
- age   6:      88016 bytes,    5696496 total
- age   7:    3751720 bytes,    9448216 total
- age   8:    3457808 bytes,   12906024 total
: 109248K->19691K(109248K), 0.0245910 secs] 255890K->174105K(502464K), 0.0247130 secs] [Times: user=0.06 sys=0.00, real=0.03 secs] 
Heap after GC invocations=79 (full 3):
 par new generation   total 109248K, used 19691K [0x00000000e0000000, 0x00000000e8000000, 0x00000000e8000000)
  eden space 87424K,   0% used [0x00000000e0000000, 0x00000000e0000000, 0x00000000e5560000)
  from space 21824K,  90% used [0x00000000e6ab0000, 0x00000000e7deadc0, 0x00000000e8000000)
  to   space 21824K,   0% used [0x00000000e5560000, 0x00000000e5560000, 0x00000000e6ab0000)
 concurrent mark-sweep generation total 393216K, used 154414K [0x00000000e8000000, 0x0000000100000000, 0x0000000100000000)
 Metaspace       used 94934K, capacity 97433K, committed 97908K, reserved 1136640K
  class space    used 11075K, capacity 11578K, committed 11588K, reserved 1048576K
}
2019-05-25T18:48:21.390+0200: 1514.402: Total time for which application threads were stopped: 0.0251473 seconds, Stopping threads took: 0.0000768 seconds
{Heap before GC invocations=79 (full 3):
 par new generation   total 109248K, used 107115K [0x00000000e0000000, 0x00000000e8000000, 0x00000000e8000000)
  eden space 87424K, 100% used [0x00000000e0000000, 0x00000000e5560000, 0x00000000e5560000)
  from space 21824K,  90% used [0x00000000e6ab0000, 0x00000000e7deadc0, 0x00000000e8000000)
  to   space 21824K,   0% used [0x00000000e5560000, 0x00000000e5560000, 0x00000000e6ab0000)
 concurrent mark-sweep generation total 393216K, used 154414K [0x00000000e8000000, 0x0000000100000000, 0x0000000100000000)
 Metaspace       used 94934K, capacity 97433K, committed 97908K, reserved 1136640K
  class space    used 11075K, capacity 11578K, committed 11588K, reserved 1048576K
2019-05-25T18:48:21.413+0200: 1514.425: [GC (Allocation Failure) 2019-05-25T18:48:21.413+0200: 1514.425: [ParNew
Desired survivor size 20112992 bytes, new threshold 8 (max 8)
- age   1:     488288 bytes,     488288 total
- age   2:     617104 bytes,    1105392 total
- age   3:     272232 bytes,    1377624 total
- age   4:     467696 bytes,    1845320 total
- age   5:      50592 bytes,    1895912 total
- age   6:    3778784 bytes,    5674696 total
- age   7:      88016 bytes,    5762712 total
- age   8:    3751720 bytes,    9514432 total
: 107115K->12110K(109248K), 0.0144990 secs] 261529K->169974K(502464K), 0.0146338 secs] [Times: user=0.00 sys=0.02, real=0.01 secs] 
Heap after GC invocations=80 (full 3):
 par new generation   total 109248K, used 12110K [0x00000000e0000000, 0x00000000e8000000, 0x00000000e8000000)
  eden space 87424K,   0% used [0x00000000e0000000, 0x00000000e0000000, 0x00000000e5560000)
  from space 21824K,  55% used [0x00000000e5560000, 0x00000000e6133a80, 0x00000000e6ab0000)
  to   space 21824K,   0% used [0x00000000e6ab0000, 0x00000000e6ab0000, 0x00000000e8000000)
 concurrent mark-sweep generation total 393216K, used 157863K [0x00000000e8000000, 0x0000000100000000, 0x0000000100000000)
 Metaspace       used 94934K, capacity 97433K, committed 97908K, reserved 1136640K
  class space    used 11075K, capacity 11578K, committed 11588K, reserved 1048576K
}
2019-05-25T18:48:21.428+0200: 1514.440: Total time for which application threads were stopped: 0.0151049 seconds, Stopping threads took: 0.0000759 seconds
{Heap before GC invocations=80 (full 3):
 par new generation   total 109248K, used 99525K [0x00000000e0000000, 0x00000000e8000000, 0x00000000e8000000)
  eden space 87424K,  99% used [0x00000000e0000000, 0x00000000e555dc10, 0x00000000e5560000)
  from space 21824K,  55% used [0x00000000e5560000, 0x00000000e6133a80, 0x00000000e6ab0000)
  to   space 21824K,   0% used [0x00000000e6ab0000, 0x00000000e6ab0000, 0x00000000e8000000)
 concurrent mark-sweep generation total 393216K, used 157863K [0x00000000e8000000, 0x0000000100000000, 0x0000000100000000)
 Metaspace       used 94934K, capacity 97433K, committed 97908K, reserved 1136640K
  class space    used 11075K, capacity 11578K, committed 11588K, reserved 1048576K
2019-05-25T18:48:21.465+0200: 1514.478: [GC (Allocation Failure) 2019-05-25T18:48:21.465+0200: 1514.478: [ParNew
Desired survivor size 20112992 bytes, new threshold 8 (max 8)
- age   1:     857280 bytes,     857280 total
- age   2:      94088 bytes,     951368 total
- age   3:     143888 bytes,    1095256 total
- age   4:     271760 bytes,    1367016 total
- age   5:     467152 bytes,    1834168 total
- age   6:      50592 bytes,    1884760 total
- age   7:    3778784 bytes,    5663544 total
- age   8:      88016 bytes,    5751560 total
: 99525K->9629K(109248K), 0.0125867 secs] 257389K->171235K(502464K), 0.0127006 secs] [Times: user=0.06 sys=0.00, real=0.01 secs] 
Heap after GC invocations=81 (full 3):
 par new generation   total 109248K, used 9629K [0x00000000e0000000, 0x00000000e8000000, 0x00000000e8000000)
  eden space 87424K,   0% used [0x00000000e0000000, 0x00000000e0000000, 0x00000000e5560000)
  from space 21824K,  44% used [0x00000000e6ab0000, 0x00000000e7417740, 0x00000000e8000000)
  to   space 21824K,   0% used [0x00000000e5560000, 0x00000000e5560000, 0x00000000e6ab0000)
 concurrent mark-sweep generation total 393216K, used 161606K [0x00000000e8000000, 0x0000000100000000, 0x0000000100000000)
 Metaspace       used 94934K, capacity 97433K, committed 97908K, reserved 1136640K
  class space    used 11075K, capacity 11578K, committed 11588K, reserved 1048576K
}
2019-05-25T18:48:21.478+0200: 1514.490: Total time for which application threads were stopped: 0.0134234 seconds, Stopping threads took: 0.0003785 seconds
2019-05-25T18:48:21.519+0200: 1514.532: Total time for which application threads were stopped: 0.0011012 seconds, Stopping threads took: 0.0008239 seconds
{Heap before GC invocations=81 (full 3):
 par new generation   total 109248K, used 97053K [0x00000000e0000000, 0x00000000e8000000, 0x00000000e8000000)
  eden space 87424K, 100% used [0x00000000e0000000, 0x00000000e5560000, 0x00000000e5560000)
  from space 21824K,  44% used [0x00000000e6ab0000, 0x00000000e7417740, 0x00000000e8000000)
  to   space 21824K,   0% used [0x00000000e5560000, 0x00000000e5560000, 0x00000000e6ab0000)
 concurrent mark-sweep generation total 393216K, used 161606K [0x00000000e8000000, 0x0000000100000000, 0x0000000100000000)
 Metaspace       used 94937K, capacity 97433K, committed 97908K, reserved 1136640K
  class space    used 11075K, capacity 11578K, committed 11588K, reserved 1048576K
2019-05-25T18:48:21.526+0200: 1514.539: [GC (Allocation Failure) 2019-05-25T18:48:21.526+0200: 1514.539: [ParNew
Desired survivor size 20112992 bytes, new threshold 8 (max 8)
- age   1:    2928032 bytes,    2928032 total
- age   2:      91344 bytes,    3019376 total
- age   3:      92936 bytes,    3112312 total
- age   4:     141904 bytes,    3254216 total
- age   5:     271184 bytes,    3525400 total
- age   6:     466552 bytes,    3991952 total
- age   7:      49048 bytes,    4041000 total
- age   8:    3778064 bytes,    7819064 total
: 97053K->9233K(109248K), 0.0082330 secs] 258659K->170927K(502464K), 0.0083422 secs] [Times: user=0.00 sys=0.00, real=0.01 secs] 
Heap after GC invocations=82 (full 3):
 par new generation   total 109248K, used 9233K [0x00000000e0000000, 0x00000000e8000000, 0x00000000e8000000)
  eden space 87424K,   0% used [0x00000000e0000000, 0x00000000e0000000, 0x00000000e5560000)
  from space 21824K,  42% used [0x00000000e5560000, 0x00000000e5e645a0, 0x00000000e6ab0000)
  to   space 21824K,   0% used [0x00000000e6ab0000, 0x00000000e6ab0000, 0x00000000e8000000)
 concurrent mark-sweep generation total 393216K, used 161694K [0x00000000e8000000, 0x0000000100000000, 0x0000000100000000)
 Metaspace       used 94937K, capacity 97433K, committed 97908K, reserved 1136640K
  class space    used 11075K, capacity 11578K, committed 11588K, reserved 1048576K
}
2019-05-25T18:48:21.534+0200: 1514.547: Total time for which application threads were stopped: 0.0088039 seconds, Stopping threads took: 0.0000836 seconds
2019-05-25T18:48:21.537+0200: 1514.550: Total time for which application threads were stopped: 0.0003537 seconds, Stopping threads took: 0.0000845 seconds
2019-05-25T18:48:21.565+0200: 1514.578: Total time for which application threads were stopped: 0.0009259 seconds, Stopping threads took: 0.0007014 seconds
2019-05-25T18:48:21.578+0200: 1514.591: Total time for which application threads were stopped: 0.0003870 seconds, Stopping threads took: 0.0001097 seconds
2019-05-25T18:48:21.611+0200: 1514.624: Total time for which application threads were stopped: 0.0017195 seconds, Stopping threads took: 0.0014780 seconds
{Heap before GC invocations=82 (full 3):
 par new generation   total 109248K, used 96657K [0x00000000e0000000, 0x00000000e8000000, 0x00000000e8000000)
  eden space 87424K, 100% used [0x00000000e0000000, 0x00000000e5560000, 0x00000000e5560000)
  from space 21824K,  42% used [0x00000000e5560000, 0x00000000e5e645a0, 0x00000000e6ab0000)
  to   space 21824K,   0% used [0x00000000e6ab0000, 0x00000000e6ab0000, 0x00000000e8000000)
 concurrent mark-sweep generation total 393216K, used 161694K [0x00000000e8000000, 0x0000000100000000, 0x0000000100000000)
 Metaspace       used 94938K, capacity 97433K, committed 97908K, reserved 1136640K
  class space    used 11075K, capacity 11578K, committed 11588K, reserved 1048576K
2019-05-25T18:48:21.624+0200: 1514.637: [GC (Allocation Failure) 2019-05-25T18:48:21.624+0200: 1514.637: [ParNew
Desired survivor size 20112992 bytes, new threshold 8 (max 8)
- age   1:    1688048 bytes,    1688048 total
- age   2:    1202592 bytes,    2890640 total
- age   3:      90648 bytes,    2981288 total
- age   4:      92312 bytes,    3073600 total
- age   5:     141368 bytes,    3214968 total
- age   6:     270704 bytes,    3485672 total
- age   7:     465824 bytes,    3951496 total
- age   8:      49048 bytes,    4000544 total
: 96657K->6272K(109248K), 0.0112457 secs] 258351K->171665K(502464K), 0.0113698 secs] [Times: user=0.06 sys=0.00, real=0.01 secs] 
Heap after GC invocations=83 (full 3):
 par new generation   total 109248K, used 6272K [0x00000000e0000000, 0x00000000e8000000, 0x00000000e8000000)
  eden space 87424K,   0% used [0x00000000e0000000, 0x00000000e0000000, 0x00000000e5560000)
  from space 21824K,  28% used [0x00000000e6ab0000, 0x00000000e70d02c0, 0x00000000e8000000)
  to   space 21824K,   0% used [0x00000000e5560000, 0x00000000e5560000, 0x00000000e6ab0000)
 concurrent mark-sweep generation total 393216K, used 165392K [0x00000000e8000000, 0x0000000100000000, 0x0000000100000000)
 Metaspace       used 94938K, capacity 97433K, committed 97908K, reserved 1136640K
  class space    used 11075K, capacity 11578K, committed 11588K, reserved 1048576K
}
2019-05-25T18:48:21.636+0200: 1514.648: Total time for which application threads were stopped: 0.0143062 seconds, Stopping threads took: 0.0026069 seconds
2019-05-25T18:48:21.637+0200: 1514.649: Total time for which application threads were stopped: 0.0008102 seconds, Stopping threads took: 0.0000691 seconds
2019-05-25T18:48:21.637+0200: 1514.649: Total time for which application threads were stopped: 0.0002513 seconds, Stopping threads took: 0.0000521 seconds
{Heap before GC invocations=83 (full 3):
 par new generation   total 109248K, used 93696K [0x00000000e0000000, 0x00000000e8000000, 0x00000000e8000000)
  eden space 87424K, 100% used [0x00000000e0000000, 0x00000000e5560000, 0x00000000e5560000)
  from space 21824K,  28% used [0x00000000e6ab0000, 0x00000000e70d02c0, 0x00000000e8000000)
  to   space 21824K,   0% used [0x00000000e5560000, 0x00000000e5560000, 0x00000000e6ab0000)
 concurrent mark-sweep generation total 393216K, used 165392K [0x00000000e8000000, 0x0000000100000000, 0x0000000100000000)
 Metaspace       used 94940K, capacity 97433K, committed 97908K, reserved 1136640K
  class space    used 11075K, capacity 11578K, committed 11588K, reserved 1048576K
2019-05-25T18:48:21.671+0200: 1514.684: [GC (Allocation Failure) 2019-05-25T18:48:21.671+0200: 1514.684: [ParNew
Desired survivor size 20112992 bytes, new threshold 8 (max 8)
- age   1:    1932736 bytes,    1932736 total
- age   2:    1038416 bytes,    2971152 total
- age   3:    1202416 bytes,    4173568 total
- age   4:      90648 bytes,    4264216 total
- age   5:      92312 bytes,    4356528 total
- age   6:     141368 bytes,    4497896 total
- age   7:     270704 bytes,    4768600 total
- age   8:     465824 bytes,    5234424 total
: 93696K->6362K(109248K), 0.0069649 secs] 259089K->171805K(502464K), 0.0070886 secs] [Times: user=0.06 sys=0.00, real=0.01 secs] 
Heap after GC invocations=84 (full 3):
 par new generation   total 109248K, used 6362K [0x00000000e0000000, 0x00000000e8000000, 0x00000000e8000000)
  eden space 87424K,   0% used [0x00000000e0000000, 0x00000000e0000000, 0x00000000e5560000)
  from space 21824K,  29% used [0x00000000e5560000, 0x00000000e5b968c0, 0x00000000e6ab0000)
  to   space 21824K,   0% used [0x00000000e6ab0000, 0x00000000e6ab0000, 0x00000000e8000000)
 concurrent mark-sweep generation total 393216K, used 165443K [0x00000000e8000000, 0x0000000100000000, 0x0000000100000000)
 Metaspace       used 94940K, capacity 97433K, committed 97908K, reserved 1136640K
  class space    used 11075K, capacity 11578K, committed 11588K, reserved 1048576K
}
2019-05-25T18:48:21.678+0200: 1514.691: Total time for which application threads were stopped: 0.0078797 seconds, Stopping threads took: 0.0004075 seconds
{Heap before GC invocations=84 (full 3):
 par new generation   total 109248K, used 93786K [0x00000000e0000000, 0x00000000e8000000, 0x00000000e8000000)
  eden space 87424K, 100% used [0x00000000e0000000, 0x00000000e5560000, 0x00000000e5560000)
  from space 21824K,  29% used [0x00000000e5560000, 0x00000000e5b968c0, 0x00000000e6ab0000)
  to   space 21824K,   0% used [0x00000000e6ab0000, 0x00000000e6ab0000, 0x00000000e8000000)
 concurrent mark-sweep generation total 393216K, used 165443K [0x00000000e8000000, 0x0000000100000000, 0x0000000100000000)
 Metaspace       used 94940K, capacity 97433K, committed 97908K, reserved 1136640K
  class space    used 11075K, capacity 11578K, committed 11588K, reserved 1048576K
2019-05-25T18:48:21.738+0200: 1514.750: [GC (Allocation Failure) 2019-05-25T18:48:21.738+0200: 1514.750: [ParNew
Desired survivor size 20112992 bytes, new threshold 8 (max 8)
- age   1:    1442984 bytes,    1442984 total
- age   2:    1612088 bytes,    3055072 total
- age   3:    1019232 bytes,    4074304 total
- age   4:    1202416 bytes,    5276720 total
- age   5:      90648 bytes,    5367368 total
- age   6:      92312 bytes,    5459680 total
- age   7:     141368 bytes,    5601048 total
- age   8:     270704 bytes,    5871752 total
: 93786K->8939K(109248K), 0.0080248 secs] 259229K->174839K(502464K), 0.0081677 secs] [Times: user=0.06 sys=0.00, real=0.01 secs] 
Heap after GC invocations=85 (full 3):
 par new generation   total 109248K, used 8939K [0x00000000e0000000, 0x00000000e8000000, 0x00000000e8000000)
  eden space 87424K,   0% used [0x00000000e0000000, 0x00000000e0000000, 0x00000000e5560000)
  from space 21824K,  40% used [0x00000000e6ab0000, 0x00000000e736af80, 0x00000000e8000000)
  to   space 21824K,   0% used [0x00000000e5560000, 0x00000000e5560000, 0x00000000e6ab0000)
 concurrent mark-sweep generation total 393216K, used 165900K [0x00000000e8000000, 0x0000000100000000, 0x0000000100000000)
 Metaspace       used 94940K, capacity 97433K, committed 97908K, reserved 1136640K
  class space    used 11075K, capacity 11578K, committed 11588K, reserved 1048576K
}
2019-05-25T18:48:21.746+0200: 1514.759: Total time for which application threads were stopped: 0.0088312 seconds, Stopping threads took: 0.0002099 seconds
2019-05-25T18:48:21.803+0200: 1514.816: Total time for which application threads were stopped: 0.0003964 seconds, Stopping threads took: 0.0000977 seconds
{Heap before GC invocations=85 (full 3):
 par new generation   total 109248K, used 96363K [0x00000000e0000000, 0x00000000e8000000, 0x00000000e8000000)
  eden space 87424K, 100% used [0x00000000e0000000, 0x00000000e5560000, 0x00000000e5560000)
  from space 21824K,  40% used [0x00000000e6ab0000, 0x00000000e736af80, 0x00000000e8000000)
  to   space 21824K,   0% used [0x00000000e5560000, 0x00000000e5560000, 0x00000000e6ab0000)
 concurrent mark-sweep generation total 393216K, used 165900K [0x00000000e8000000, 0x0000000100000000, 0x0000000100000000)
 Metaspace       used 94940K, capacity 97433K, committed 97908K, reserved 1136640K
  class space    used 11075K, capacity 11578K, committed 11588K, reserved 1048576K
2019-05-25T18:48:21.804+0200: 1514.817: [GC (Allocation Failure) 2019-05-25T18:48:21.805+0200: 1514.817: [ParNew
Desired survivor size 20112992 bytes, new threshold 8 (max 8)
- age   1:    1066216 bytes,    1066216 total
- age   2:    1027344 bytes,    2093560 total
- age   3:    1611632 bytes,    3705192 total
- age   4:    1019232 bytes,    4724424 total
- age   5:    1202184 bytes,    5926608 total
- age   6:      90648 bytes,    6017256 total
- age   7:      92312 bytes,    6109568 total
- age   8:     141368 bytes,    6250936 total
: 96363K->7652K(109248K), 0.0077662 secs] 262263K->173819K(502464K), 0.0079258 secs] [Times: user=0.00 sys=0.00, real=0.01 secs] 
Heap after GC invocations=86 (full 3):
 par new generation   total 109248K, used 7652K [0x00000000e0000000, 0x00000000e8000000, 0x00000000e8000000)
  eden space 87424K,   0% used [0x00000000e0000000, 0x00000000e0000000, 0x00000000e5560000)
  from space 21824K,  35% used [0x00000000e5560000, 0x00000000e5cd9340, 0x00000000e6ab0000)
  to   space 21824K,   0% used [0x00000000e6ab0000, 0x00000000e6ab0000, 0x00000000e8000000)
 concurrent mark-sweep generation total 393216K, used 166166K [0x00000000e8000000, 0x0000000100000000, 0x0000000100000000)
 Metaspace       used 94940K, capacity 97433K, committed 97908K, reserved 1136640K
  class space    used 11075K, capacity 11578K, committed 11588K, reserved 1048576K
}
2019-05-25T18:48:21.813+0200: 1514.825: Total time for which application threads were stopped: 0.0084237 seconds, Stopping threads took: 0.0000802 seconds
2019-05-25T18:48:21.878+0200: 1514.890: Total time for which application threads were stopped: 0.0003038 seconds, Stopping threads took: 0.0000700 seconds
2019-05-25T18:48:21.918+0200: 1514.930: Total time for which application threads were stopped: 0.0003499 seconds, Stopping threads took: 0.0001408 seconds
2019-05-25T18:48:21.918+0200: 1514.931: Total time for which application threads were stopped: 0.0002099 seconds, Stopping threads took: 0.0000546 seconds
2019-05-25T18:48:21.921+0200: 1514.934: Total time for which application threads were stopped: 0.0005239 seconds, Stopping threads took: 0.0000708 seconds
{Heap before GC invocations=86 (full 3):
 par new generation   total 109248K, used 95076K [0x00000000e0000000, 0x00000000e8000000, 0x00000000e8000000)
  eden space 87424K, 100% used [0x00000000e0000000, 0x00000000e5560000, 0x00000000e5560000)
  from space 21824K,  35% used [0x00000000e5560000, 0x00000000e5cd9340, 0x00000000e6ab0000)
  to   space 21824K,   0% used [0x00000000e6ab0000, 0x00000000e6ab0000, 0x00000000e8000000)
 concurrent mark-sweep generation total 393216K, used 166166K [0x00000000e8000000, 0x0000000100000000, 0x0000000100000000)
 Metaspace       used 94941K, capacity 97433K, committed 97908K, reserved 1136640K
  class space    used 11075K, capacity 11578K, committed 11588K, reserved 1048576K
2019-05-25T18:48:21.954+0200: 1514.966: [GC (Allocation Failure) 2019-05-25T18:48:21.954+0200: 1514.966: [ParNew
Desired survivor size 20112992 bytes, new threshold 8 (max 8)
- age   1:    1918152 bytes,    1918152 total
- age   2:     708672 bytes,    2626824 total
- age   3:    1026136 bytes,    3652960 total
- age   4:     295344 bytes,    3948304 total
- age   5:    1015848 bytes,    4964152 total
- age   6:    1201240 bytes,    6165392 total
- age   7:      90648 bytes,    6256040 total
- age   8:      92312 bytes,    6348352 total
: 95076K->9127K(109248K), 0.0084531 secs] 261243K->175434K(502464K), 0.0085892 secs] [Times: user=0.06 sys=0.00, real=0.01 secs] 
Heap after GC invocations=87 (full 3):
 par new generation   total 109248K, used 9127K [0x00000000e0000000, 0x00000000e8000000, 0x00000000e8000000)
  eden space 87424K,   0% used [0x00000000e0000000, 0x00000000e0000000, 0x00000000e5560000)
  from space 21824K,  41% used [0x00000000e6ab0000, 0x00000000e7399fc8, 0x00000000e8000000)
  to   space 21824K,   0% used [0x00000000e5560000, 0x00000000e5560000, 0x00000000e6ab0000)
 concurrent mark-sweep generation total 393216K, used 166306K [0x00000000e8000000, 0x0000000100000000, 0x0000000100000000)
 Metaspace       used 94941K, capacity 97433K, committed 97908K, reserved 1136640K
  class space    used 11075K, capacity 11578K, committed 11588K, reserved 1048576K
}
2019-05-25T18:48:21.962+0200: 1514.975: Total time for which application threads were stopped: 0.0090223 seconds, Stopping threads took: 0.0000627 seconds
2019-05-25T18:48:21.963+0200: 1514.976: Total time for which application threads were stopped: 0.0005466 seconds, Stopping threads took: 0.0000687 seconds
2019-05-25T18:48:21.993+0200: 1515.006: Total time for which application threads were stopped: 0.0037572 seconds, Stopping threads took: 0.0035341 seconds
2019-05-25T18:48:22.994+0200: 1516.007: Total time for which application threads were stopped: 0.0005815 seconds, Stopping threads took: 0.0000922 seconds
2019-05-25T18:48:26.517+0200: 1519.529: Total time for which application threads were stopped: 0.0007996 seconds, Stopping threads took: 0.0001178 seconds
2019-05-25T18:48:26.520+0200: 1519.533: Total time for which application threads were stopped: 0.0006259 seconds, Stopping threads took: 0.0001097 seconds
2019-05-25T18:48:26.521+0200: 1519.533: Total time for which application threads were stopped: 0.0004527 seconds, Stopping threads took: 0.0000828 seconds
2019-05-25T18:48:26.521+0200: 1519.534: Total time for which application threads were stopped: 0.0005257 seconds, Stopping threads took: 0.0001766 seconds
2019-05-25T18:48:26.522+0200: 1519.535: Total time for which application threads were stopped: 0.0005146 seconds, Stopping threads took: 0.0001975 seconds
2019-05-25T18:48:26.523+0200: 1519.535: Total time for which application threads were stopped: 0.0005495 seconds, Stopping threads took: 0.0002449 seconds
2019-05-25T18:48:26.543+0200: 1519.555: Total time for which application threads were stopped: 0.0006020 seconds, Stopping threads took: 0.0001088 seconds
2019-05-25T18:48:26.550+0200: 1519.562: Total time for which application threads were stopped: 0.0007962 seconds, Stopping threads took: 0.0005423 seconds
2019-05-25T18:48:26.550+0200: 1519.563: Total time for which application threads were stopped: 0.0003166 seconds, Stopping threads took: 0.0001071 seconds
2019-05-25T18:48:26.551+0200: 1519.563: Total time for which application threads were stopped: 0.0003319 seconds, Stopping threads took: 0.0000563 seconds
2019-05-25T18:48:26.557+0200: 1519.569: Total time for which application threads were stopped: 0.0003392 seconds, Stopping threads took: 0.0000627 seconds
2019-05-25T18:48:26.559+0200: 1519.571: Total time for which application threads were stopped: 0.0004442 seconds, Stopping threads took: 0.0002180 seconds
2019-05-25T18:48:26.560+0200: 1519.572: Total time for which application threads were stopped: 0.0004937 seconds, Stopping threads took: 0.0002871 seconds
2019-05-25T18:48:26.573+0200: 1519.586: Total time for which application threads were stopped: 0.0003277 seconds, Stopping threads took: 0.0000934 seconds
2019-05-25T18:48:26.590+0200: 1519.603: Total time for which application threads were stopped: 0.0014874 seconds, Stopping threads took: 0.0000717 seconds
{Heap before GC invocations=87 (full 3):
 par new generation   total 109248K, used 96524K [0x00000000e0000000, 0x00000000e8000000, 0x00000000e8000000)
  eden space 87424K,  99% used [0x00000000e0000000, 0x00000000e55593f8, 0x00000000e5560000)
  from space 21824K,  41% used [0x00000000e6ab0000, 0x00000000e7399fc8, 0x00000000e8000000)
  to   space 21824K,   0% used [0x00000000e5560000, 0x00000000e5560000, 0x00000000e6ab0000)
 concurrent mark-sweep generation total 393216K, used 166306K [0x00000000e8000000, 0x0000000100000000, 0x0000000100000000)
 Metaspace       used 94988K, capacity 97439K, committed 97908K, reserved 1136640K
  class space    used 11082K, capacity 11579K, committed 11588K, reserved 1048576K
2019-05-25T18:48:26.601+0200: 1519.613: [GC (Allocation Failure) 2019-05-25T18:48:26.601+0200: 1519.613: [ParNew
Desired survivor size 20112992 bytes, new threshold 8 (max 8)
- age   1:    2408168 bytes,    2408168 total
- age   2:    1676400 bytes,    4084568 total
- age   3:     708672 bytes,    4793240 total
- age   4:    1026136 bytes,    5819376 total
- age   5:     257968 bytes,    6077344 total
- age   6:    1013592 bytes,    7090936 total
- age   7:    1201200 bytes,    8292136 total
- age   8:      90072 bytes,    8382208 total
: 96524K->9979K(109248K), 0.0095484 secs] 262831K->176378K(502464K), 0.0096555 secs] [Times: user=0.00 sys=0.00, real=0.01 secs] 
Heap after GC invocations=88 (full 3):
 par new generation   total 109248K, used 9979K [0x00000000e0000000, 0x00000000e8000000, 0x00000000e8000000)
  eden space 87424K,   0% used [0x00000000e0000000, 0x00000000e0000000, 0x00000000e5560000)
  from space 21824K,  45% used [0x00000000e5560000, 0x00000000e5f1ecf0, 0x00000000e6ab0000)
  to   space 21824K,   0% used [0x00000000e6ab0000, 0x00000000e6ab0000, 0x00000000e8000000)
 concurrent mark-sweep generation total 393216K, used 166399K [0x00000000e8000000, 0x0000000100000000, 0x0000000100000000)
 Metaspace       used 94988K, capacity 97439K, committed 97908K, reserved 1136640K
  class space    used 11082K, capacity 11579K, committed 11588K, reserved 1048576K
}
2019-05-25T18:48:26.611+0200: 1519.623: Total time for which application threads were stopped: 0.0101666 seconds, Stopping threads took: 0.0000713 seconds
2019-05-25T18:48:26.618+0200: 1519.631: Total time for which application threads were stopped: 0.0003132 seconds, Stopping threads took: 0.0001020 seconds
2019-05-25T18:48:26.620+0200: 1519.632: Total time for which application threads were stopped: 0.0002842 seconds, Stopping threads took: 0.0000747 seconds
2019-05-25T18:48:26.622+0200: 1519.634: Total time for which application threads were stopped: 0.0003644 seconds, Stopping threads took: 0.0001395 seconds
2019-05-25T18:48:26.674+0200: 1519.687: Total time for which application threads were stopped: 0.0003994 seconds, Stopping threads took: 0.0001455 seconds
2019-05-25T18:48:26.686+0200: 1519.699: Total time for which application threads were stopped: 0.0002598 seconds, Stopping threads took: 0.0000649 seconds
2019-05-25T18:48:26.689+0200: 1519.701: Total time for which application threads were stopped: 0.0002675 seconds, Stopping threads took: 0.0000623 seconds
2019-05-25T18:48:26.689+0200: 1519.701: Total time for which application threads were stopped: 0.0002202 seconds, Stopping threads took: 0.0000478 seconds
2019-05-25T18:48:26.689+0200: 1519.702: Total time for which application threads were stopped: 0.0002185 seconds, Stopping threads took: 0.0000452 seconds
2019-05-25T18:48:26.689+0200: 1519.702: Total time for which application threads were stopped: 0.0002078 seconds, Stopping threads took: 0.0000439 seconds
{Heap before GC invocations=88 (full 3):
 par new generation   total 109248K, used 97403K [0x00000000e0000000, 0x00000000e8000000, 0x00000000e8000000)
  eden space 87424K, 100% used [0x00000000e0000000, 0x00000000e5560000, 0x00000000e5560000)
  from space 21824K,  45% used [0x00000000e5560000, 0x00000000e5f1ecf0, 0x00000000e6ab0000)
  to   space 21824K,   0% used [0x00000000e6ab0000, 0x00000000e6ab0000, 0x00000000e8000000)
 concurrent mark-sweep generation total 393216K, used 166399K [0x00000000e8000000, 0x0000000100000000, 0x0000000100000000)
 Metaspace       used 95020K, capacity 97533K, committed 98164K, reserved 1136640K
  class space    used 11087K, capacity 11584K, committed 11588K, reserved 1048576K
2019-05-25T18:48:26.742+0200: 1519.754: [GC (Allocation Failure) 2019-05-25T18:48:26.742+0200: 1519.754: [ParNew
Desired survivor size 20112992 bytes, new threshold 8 (max 8)
- age   1:     808176 bytes,     808176 total
- age   2:    1558536 bytes,    2366712 total
- age   3:    1667664 bytes,    4034376 total
- age   4:     708672 bytes,    4743048 total
- age   5:    1026136 bytes,    5769184 total
- age   6:     257968 bytes,    6027152 total
- age   7:    1013592 bytes,    7040744 total
- age   8:    1201168 bytes,    8241912 total
: 97403K->10569K(109248K), 0.0090483 secs] 263802K->177058K(502464K), 0.0092164 secs] [Times: user=0.00 sys=0.00, real=0.01 secs] 
Heap after GC invocations=89 (full 3):
 par new generation   total 109248K, used 10569K [0x00000000e0000000, 0x00000000e8000000, 0x00000000e8000000)
  eden space 87424K,   0% used [0x00000000e0000000, 0x00000000e0000000, 0x00000000e5560000)
  from space 21824K,  48% used [0x00000000e6ab0000, 0x00000000e7502670, 0x00000000e8000000)
  to   space 21824K,   0% used [0x00000000e5560000, 0x00000000e5560000, 0x00000000e6ab0000)
 concurrent mark-sweep generation total 393216K, used 166489K [0x00000000e8000000, 0x0000000100000000, 0x0000000100000000)
 Metaspace       used 95020K, capacity 97533K, committed 98164K, reserved 1136640K
  class space    used 11087K, capacity 11584K, committed 11588K, reserved 1048576K
}
2019-05-25T18:48:26.751+0200: 1519.763: Total time for which application threads were stopped: 0.0095979 seconds, Stopping threads took: 0.0000414 seconds
2019-05-25T18:48:33.753+0200: 1526.766: Total time for which application threads were stopped: 0.0005060 seconds, Stopping threads took: 0.0000964 seconds
2019-05-25T18:48:47.859+0200: 1540.871: Total time for which application threads were stopped: 0.0001929 seconds, Stopping threads took: 0.0000350 seconds
2019-05-25T18:48:47.864+0200: 1540.876: Total time for which application threads were stopped: 0.0002278 seconds, Stopping threads took: 0.0000704 seconds
{Heap before GC invocations=89 (full 3):
 par new generation   total 109248K, used 97971K [0x00000000e0000000, 0x00000000e8000000, 0x00000000e8000000)
  eden space 87424K,  99% used [0x00000000e0000000, 0x00000000e555a630, 0x00000000e5560000)
  from space 21824K,  48% used [0x00000000e6ab0000, 0x00000000e7502670, 0x00000000e8000000)
  to   space 21824K,   0% used [0x00000000e5560000, 0x00000000e5560000, 0x00000000e6ab0000)
 concurrent mark-sweep generation total 393216K, used 166489K [0x00000000e8000000, 0x0000000100000000, 0x0000000100000000)
 Metaspace       used 95044K, capacity 97533K, committed 98164K, reserved 1136640K
  class space    used 11087K, capacity 11584K, committed 11588K, reserved 1048576K
2019-05-25T18:48:47.888+0200: 1540.901: [GC (Allocation Failure) 2019-05-25T18:48:47.888+0200: 1540.901: [ParNew
Desired survivor size 20112992 bytes, new threshold 8 (max 8)
- age   1:    1065096 bytes,    1065096 total
- age   2:     801272 bytes,    1866368 total
- age   3:     897664 bytes,    2764032 total
- age   4:    1667664 bytes,    4431696 total
- age   5:     708672 bytes,    5140368 total
- age   6:    1026136 bytes,    6166504 total
- age   7:     257968 bytes,    6424472 total
- age   8:    1013592 bytes,    7438064 total
: 97971K->10754K(109248K), 0.0125628 secs] 264460K->178420K(502464K), 0.0126724 secs] [Times: user=0.06 sys=0.00, real=0.01 secs] 
Heap after GC invocations=90 (full 3):
 par new generation   total 109248K, used 10754K [0x00000000e0000000, 0x00000000e8000000, 0x00000000e8000000)
  eden space 87424K,   0% used [0x00000000e0000000, 0x00000000e0000000, 0x00000000e5560000)
  from space 21824K,  49% used [0x00000000e5560000, 0x00000000e5fe0978, 0x00000000e6ab0000)
  to   space 21824K,   0% used [0x00000000e6ab0000, 0x00000000e6ab0000, 0x00000000e8000000)
 concurrent mark-sweep generation total 393216K, used 167666K [0x00000000e8000000, 0x0000000100000000, 0x0000000100000000)
 Metaspace       used 95044K, capacity 97533K, committed 98164K, reserved 1136640K
  class space    used 11087K, capacity 11584K, committed 11588K, reserved 1048576K
}
2019-05-25T18:48:47.901+0200: 1540.914: Total time for which application threads were stopped: 0.0130027 seconds, Stopping threads took: 0.0000371 seconds
2019-05-25T18:48:47.965+0200: 1540.977: Total time for which application threads were stopped: 0.0002061 seconds, Stopping threads took: 0.0000491 seconds
2019-05-25T18:48:48.019+0200: 1541.031: Total time for which application threads were stopped: 0.0003392 seconds, Stopping threads took: 0.0000725 seconds
{Heap before GC invocations=90 (full 3):
 par new generation   total 109248K, used 98170K [0x00000000e0000000, 0x00000000e8000000, 0x00000000e8000000)
  eden space 87424K,  99% used [0x00000000e0000000, 0x00000000e555dfb8, 0x00000000e5560000)
  from space 21824K,  49% used [0x00000000e5560000, 0x00000000e5fe0978, 0x00000000e6ab0000)
  to   space 21824K,   0% used [0x00000000e6ab0000, 0x00000000e6ab0000, 0x00000000e8000000)
 concurrent mark-sweep generation total 393216K, used 167666K [0x00000000e8000000, 0x0000000100000000, 0x0000000100000000)
 Metaspace       used 95050K, capacity 97533K, committed 98164K, reserved 1136640K
  class space    used 11087K, capacity 11584K, committed 11588K, reserved 1048576K
2019-05-25T18:48:48.022+0200: 1541.035: [GC (Allocation Failure) 2019-05-25T18:48:48.022+0200: 1541.035: [ParNew
Desired survivor size 20112992 bytes, new threshold 8 (max 8)
- age   1:    3355104 bytes,    3355104 total
- age   2:     234152 bytes,    3589256 total
- age   3:     801272 bytes,    4390528 total
- age   4:     897664 bytes,    5288192 total
- age   5:    1665864 bytes,    6954056 total
- age   6:     708640 bytes,    7662696 total
- age   7:    1026136 bytes,    8688832 total
- age   8:     257968 bytes,    8946800 total
: 98170K->10776K(109248K), 0.0109333 secs] 265836K->179439K(502464K), 0.0110848 secs] [Times: user=0.00 sys=0.00, real=0.01 secs] 
Heap after GC invocations=91 (full 3):
 par new generation   total 109248K, used 10776K [0x00000000e0000000, 0x00000000e8000000, 0x00000000e8000000)
  eden space 87424K,   0% used [0x00000000e0000000, 0x00000000e0000000, 0x00000000e5560000)
  from space 21824K,  49% used [0x00000000e6ab0000, 0x00000000e75362f0, 0x00000000e8000000)
  to   space 21824K,   0% used [0x00000000e5560000, 0x00000000e5560000, 0x00000000e6ab0000)
 concurrent mark-sweep generation total 393216K, used 168662K [0x00000000e8000000, 0x0000000100000000, 0x0000000100000000)
 Metaspace       used 95050K, capacity 97533K, committed 98164K, reserved 1136640K
  class space    used 11087K, capacity 11584K, committed 11588K, reserved 1048576K
}
2019-05-25T18:48:48.033+0200: 1541.046: Total time for which application threads were stopped: 0.0115823 seconds, Stopping threads took: 0.0000934 seconds
2019-05-25T18:48:48.043+0200: 1541.056: Total time for which application threads were stopped: 0.0003140 seconds, Stopping threads took: 0.0000845 seconds
{Heap before GC invocations=91 (full 3):
 par new generation   total 109248K, used 98192K [0x00000000e0000000, 0x00000000e8000000, 0x00000000e8000000)
  eden space 87424K,  99% used [0x00000000e0000000, 0x00000000e555e0f8, 0x00000000e5560000)
  from space 21824K,  49% used [0x00000000e6ab0000, 0x00000000e75362f0, 0x00000000e8000000)
  to   space 21824K,   0% used [0x00000000e5560000, 0x00000000e5560000, 0x00000000e6ab0000)
 concurrent mark-sweep generation total 393216K, used 168662K [0x00000000e8000000, 0x0000000100000000, 0x0000000100000000)
 Metaspace       used 95054K, capacity 97533K, committed 98164K, reserved 1136640K
  class space    used 11087K, capacity 11584K, committed 11588K, reserved 1048576K
2019-05-25T18:48:48.054+0200: 1541.067: [GC (Allocation Failure) 2019-05-25T18:48:48.054+0200: 1541.067: [ParNew
Desired survivor size 20112992 bytes, new threshold 8 (max 8)
- age   1:    1880416 bytes,    1880416 total
- age   2:    3132368 bytes,    5012784 total
- age   3:     234152 bytes,    5246936 total
- age   4:     801272 bytes,    6048208 total
- age   5:     897664 bytes,    6945872 total
- age   6:    1665864 bytes,    8611736 total
- age   7:     708640 bytes,    9320376 total
- age   8:    1026136 bytes,   10346512 total
: 98192K->13181K(109248K), 0.0116250 secs] 266855K->182099K(502464K), 0.0117641 secs] [Times: user=0.00 sys=0.00, real=0.01 secs] 
Heap after GC invocations=92 (full 3):
 par new generation   total 109248K, used 13181K [0x00000000e0000000, 0x00000000e8000000, 0x00000000e8000000)
  eden space 87424K,   0% used [0x00000000e0000000, 0x00000000e0000000, 0x00000000e5560000)
  from space 21824K,  60% used [0x00000000e5560000, 0x00000000e623f7f0, 0x00000000e6ab0000)
  to   space 21824K,   0% used [0x00000000e6ab0000, 0x00000000e6ab0000, 0x00000000e8000000)
 concurrent mark-sweep generation total 393216K, used 168917K [0x00000000e8000000, 0x0000000100000000, 0x0000000100000000)
 Metaspace       used 95054K, capacity 97533K, committed 98164K, reserved 1136640K
  class space    used 11087K, capacity 11584K, committed 11588K, reserved 1048576K
}
2019-05-25T18:48:48.066+0200: 1541.079: Total time for which application threads were stopped: 0.0135928 seconds, Stopping threads took: 0.0013995 seconds
{Heap before GC invocations=92 (full 3):
 par new generation   total 109248K, used 100597K [0x00000000e0000000, 0x00000000e8000000, 0x00000000e8000000)
  eden space 87424K,  99% used [0x00000000e0000000, 0x00000000e555df18, 0x00000000e5560000)
  from space 21824K,  60% used [0x00000000e5560000, 0x00000000e623f7f0, 0x00000000e6ab0000)
  to   space 21824K,   0% used [0x00000000e6ab0000, 0x00000000e6ab0000, 0x00000000e8000000)
 concurrent mark-sweep generation total 393216K, used 168917K [0x00000000e8000000, 0x0000000100000000, 0x0000000100000000)
 Metaspace       used 95057K, capacity 97533K, committed 98164K, reserved 1136640K
  class space    used 11087K, capacity 11584K, committed 11588K, reserved 1048576K
2019-05-25T18:48:48.077+0200: 1541.090: [GC (Allocation Failure) 2019-05-25T18:48:48.077+0200: 1541.090: [ParNew
Desired survivor size 20112992 bytes, new threshold 8 (max 8)
- age   1:     803832 bytes,     803832 total
- age   2:    1666616 bytes,    2470448 total
- age   3:    2990520 bytes,    5460968 total
- age   4:     234152 bytes,    5695120 total
- age   5:     801272 bytes,    6496392 total
- age   6:     897664 bytes,    7394056 total
- age   7:    1665864 bytes,    9059920 total
- age   8:     708640 bytes,    9768560 total
: 100597K->12762K(109248K), 0.0109261 secs] 269515K->182684K(502464K), 0.0110562 secs] [Times: user=0.06 sys=0.00, real=0.01 secs] 
Heap after GC invocations=93 (full 3):
 par new generation   total 109248K, used 12762K [0x00000000e0000000, 0x00000000e8000000, 0x00000000e8000000)
  eden space 87424K,   0% used [0x00000000e0000000, 0x00000000e0000000, 0x00000000e5560000)
  from space 21824K,  58% used [0x00000000e6ab0000, 0x00000000e7726968, 0x00000000e8000000)
  to   space 21824K,   0% used [0x00000000e5560000, 0x00000000e5560000, 0x00000000e6ab0000)
 concurrent mark-sweep generation total 393216K, used 169922K [0x00000000e8000000, 0x0000000100000000, 0x0000000100000000)
 Metaspace       used 95057K, capacity 97533K, committed 98164K, reserved 1136640K
  class space    used 11087K, capacity 11584K, committed 11588K, reserved 1048576K
}
2019-05-25T18:48:48.088+0200: 1541.101: Total time for which application threads were stopped: 0.0115183 seconds, Stopping threads took: 0.0001003 seconds
{Heap before GC invocations=93 (full 3):
 par new generation   total 109248K, used 100186K [0x00000000e0000000, 0x00000000e8000000, 0x00000000e8000000)
  eden space 87424K, 100% used [0x00000000e0000000, 0x00000000e5560000, 0x00000000e5560000)
  from space 21824K,  58% used [0x00000000e6ab0000, 0x00000000e7726968, 0x00000000e8000000)
  to   space 21824K,   0% used [0x00000000e5560000, 0x00000000e5560000, 0x00000000e6ab0000)
 concurrent mark-sweep generation total 393216K, used 169922K [0x00000000e8000000, 0x0000000100000000, 0x0000000100000000)
 Metaspace       used 95058K, capacity 97533K, committed 98164K, reserved 1136640K
  class space    used 11087K, capacity 11584K, committed 11588K, reserved 1048576K
2019-05-25T18:48:48.102+0200: 1541.115: [GC (Allocation Failure) 2019-05-25T18:48:48.102+0200: 1541.115: [ParNew
Desired survivor size 20112992 bytes, new threshold 8 (max 8)
- age   1:     690224 bytes,     690224 total
- age   2:     279160 bytes,     969384 total
- age   3:    1459312 bytes,    2428696 total
- age   4:    2990216 bytes,    5418912 total
- age   5:     234152 bytes,    5653064 total
- age   6:     801272 bytes,    6454336 total
- age   7:     897664 bytes,    7352000 total
- age   8:    1665864 bytes,    9017864 total
: 100186K->12488K(109248K), 0.0104986 secs] 270108K->183105K(502464K), 0.0106146 secs] [Times: user=0.00 sys=0.00, real=0.01 secs] 
Heap after GC invocations=94 (full 3):
 par new generation   total 109248K, used 12488K [0x00000000e0000000, 0x00000000e8000000, 0x00000000e8000000)
  eden space 87424K,   0% used [0x00000000e0000000, 0x00000000e0000000, 0x00000000e5560000)
  from space 21824K,  57% used [0x00000000e5560000, 0x00000000e6192120, 0x00000000e6ab0000)
  to   space 21824K,   0% used [0x00000000e6ab0000, 0x00000000e6ab0000, 0x00000000e8000000)
 concurrent mark-sweep generation total 393216K, used 170617K [0x00000000e8000000, 0x0000000100000000, 0x0000000100000000)
 Metaspace       used 95058K, capacity 97533K, committed 98164K, reserved 1136640K
  class space    used 11087K, capacity 11584K, committed 11588K, reserved 1048576K
}
2019-05-25T18:48:48.113+0200: 1541.126: Total time for which application threads were stopped: 0.0114125 seconds, Stopping threads took: 0.0003942 seconds
{Heap before GC invocations=94 (full 3):
 par new generation   total 109248K, used 99912K [0x00000000e0000000, 0x00000000e8000000, 0x00000000e8000000)
  eden space 87424K, 100% used [0x00000000e0000000, 0x00000000e5560000, 0x00000000e5560000)
  from space 21824K,  57% used [0x00000000e5560000, 0x00000000e6192120, 0x00000000e6ab0000)
  to   space 21824K,   0% used [0x00000000e6ab0000, 0x00000000e6ab0000, 0x00000000e8000000)
 concurrent mark-sweep generation total 393216K, used 170617K [0x00000000e8000000, 0x0000000100000000, 0x0000000100000000)
 Metaspace       used 95058K, capacity 97533K, committed 98164K, reserved 1136640K
  class space    used 11087K, capacity 11584K, committed 11588K, reserved 1048576K
2019-05-25T18:48:48.140+0200: 1541.152: [GC (Allocation Failure) 2019-05-25T18:48:48.140+0200: 1541.152: [ParNew
Desired survivor size 20112992 bytes, new threshold 8 (max 8)
- age   1:     454472 bytes,     454472 total
- age   2:     127352 bytes,     581824 total
- age   3:     278552 bytes,     860376 total
- age   4:    1459040 bytes,    2319416 total
- age   5:    2990216 bytes,    5309632 total
- age   6:     233864 bytes,    5543496 total
- age   7:     801272 bytes,    6344768 total
- age   8:     897664 bytes,    7242432 total
: 99912K->10240K(109248K), 0.0108629 secs] 270529K->182490K(502464K), 0.0110076 secs] [Times: user=0.06 sys=0.00, real=0.01 secs] 
Heap after GC invocations=95 (full 3):
 par new generation   total 109248K, used 10240K [0x00000000e0000000, 0x00000000e8000000, 0x00000000e8000000)
  eden space 87424K,   0% used [0x00000000e0000000, 0x00000000e0000000, 0x00000000e5560000)
  from space 21824K,  46% used [0x00000000e6ab0000, 0x00000000e74b0188, 0x00000000e8000000)
  to   space 21824K,   0% used [0x00000000e5560000, 0x00000000e5560000, 0x00000000e6ab0000)
 concurrent mark-sweep generation total 393216K, used 172250K [0x00000000e8000000, 0x0000000100000000, 0x0000000100000000)
 Metaspace       used 95058K, capacity 97533K, committed 98164K, reserved 1136640K
  class space    used 11087K, capacity 11584K, committed 11588K, reserved 1048576K
}
2019-05-25T18:48:48.151+0200: 1541.163: Total time for which application threads were stopped: 0.0122236 seconds, Stopping threads took: 0.0008282 seconds
{Heap before GC invocations=95 (full 3):
 par new generation   total 109248K, used 97664K [0x00000000e0000000, 0x00000000e8000000, 0x00000000e8000000)
  eden space 87424K, 100% used [0x00000000e0000000, 0x00000000e5560000, 0x00000000e5560000)
  from space 21824K,  46% used [0x00000000e6ab0000, 0x00000000e74b0188, 0x00000000e8000000)
  to   space 21824K,   0% used [0x00000000e5560000, 0x00000000e5560000, 0x00000000e6ab0000)
 concurrent mark-sweep generation total 393216K, used 172250K [0x00000000e8000000, 0x0000000100000000, 0x0000000100000000)
 Metaspace       used 95058K, capacity 97533K, committed 98164K, reserved 1136640K
  class space    used 11087K, capacity 11584K, committed 11588K, reserved 1048576K
2019-05-25T18:48:48.173+0200: 1541.185: [GC (Allocation Failure) 2019-05-25T18:48:48.173+0200: 1541.186: [ParNew
Desired survivor size 20112992 bytes, new threshold 8 (max 8)
- age   1:     498176 bytes,     498176 total
- age   2:     250232 bytes,     748408 total
- age   3:     101880 bytes,     850288 total
- age   4:     278552 bytes,    1128840 total
- age   5:    1458984 bytes,    2587824 total
- age   6:    2990216 bytes,    5578040 total
- age   7:     233864 bytes,    5811904 total
- age   8:     801272 bytes,    6613176 total
: 97664K->8527K(109248K), 0.0095923 secs] 269914K->181661K(502464K), 0.0097195 secs] [Times: user=0.06 sys=0.00, real=0.01 secs] 
Heap after GC invocations=96 (full 3):
 par new generation   total 109248K, used 8527K [0x00000000e0000000, 0x00000000e8000000, 0x00000000e8000000)
  eden space 87424K,   0% used [0x00000000e0000000, 0x00000000e0000000, 0x00000000e5560000)
  from space 21824K,  39% used [0x00000000e5560000, 0x00000000e5db3ed8, 0x00000000e6ab0000)
  to   space 21824K,   0% used [0x00000000e6ab0000, 0x00000000e6ab0000, 0x00000000e8000000)
 concurrent mark-sweep generation total 393216K, used 173134K [0x00000000e8000000, 0x0000000100000000, 0x0000000100000000)
 Metaspace       used 95058K, capacity 97533K, committed 98164K, reserved 1136640K
  class space    used 11087K, capacity 11584K, committed 11588K, reserved 1048576K
}
2019-05-25T18:48:48.183+0200: 1541.195: Total time for which application threads were stopped: 0.0104862 seconds, Stopping threads took: 0.0004279 seconds
{Heap before GC invocations=96 (full 3):
 par new generation   total 109248K, used 95951K [0x00000000e0000000, 0x00000000e8000000, 0x00000000e8000000)
  eden space 87424K, 100% used [0x00000000e0000000, 0x00000000e5560000, 0x00000000e5560000)
  from space 21824K,  39% used [0x00000000e5560000, 0x00000000e5db3ed8, 0x00000000e6ab0000)
  to   space 21824K,   0% used [0x00000000e6ab0000, 0x00000000e6ab0000, 0x00000000e8000000)
 concurrent mark-sweep generation total 393216K, used 173134K [0x00000000e8000000, 0x0000000100000000, 0x0000000100000000)
 Metaspace       used 95060K, capacity 97533K, committed 98164K, reserved 1136640K
  class space    used 11087K, capacity 11584K, committed 11588K, reserved 1048576K
2019-05-25T18:48:48.223+0200: 1541.236: [GC (Allocation Failure) 2019-05-25T18:48:48.224+0200: 1541.236: [ParNew
Desired survivor size 20112992 bytes, new threshold 8 (max 8)
- age   1:     830720 bytes,     830720 total
- age   2:     104112 bytes,     934832 total
- age   3:     106352 bytes,    1041184 total
- age   4:     100664 bytes,    1141848 total
- age   5:     278280 bytes,    1420128 total
- age   6:    1459672 bytes,    2879800 total
- age   7:    2990216 bytes,    5870016 total
- age   8:     233864 bytes,    6103880 total
: 95951K->8551K(109248K), 0.0083008 secs] 269085K->182473K(502464K), 0.0084356 secs] [Times: user=0.00 sys=0.00, real=0.01 secs] 
Heap after GC invocations=97 (full 3):
 par new generation   total 109248K, used 8551K [0x00000000e0000000, 0x00000000e8000000, 0x00000000e8000000)
  eden space 87424K,   0% used [0x00000000e0000000, 0x00000000e0000000, 0x00000000e5560000)
  from space 21824K,  39% used [0x00000000e6ab0000, 0x00000000e7309d50, 0x00000000e8000000)
  to   space 21824K,   0% used [0x00000000e5560000, 0x00000000e5560000, 0x00000000e6ab0000)
 concurrent mark-sweep generation total 393216K, used 173921K [0x00000000e8000000, 0x0000000100000000, 0x0000000100000000)
 Metaspace       used 95060K, capacity 97533K, committed 98164K, reserved 1136640K
  class space    used 11087K, capacity 11584K, committed 11588K, reserved 1048576K
}
2019-05-25T18:48:48.232+0200: 1541.245: Total time for which application threads were stopped: 0.0092920 seconds, Stopping threads took: 0.0004868 seconds
{Heap before GC invocations=97 (full 3):
 par new generation   total 109248K, used 95975K [0x00000000e0000000, 0x00000000e8000000, 0x00000000e8000000)
  eden space 87424K, 100% used [0x00000000e0000000, 0x00000000e5560000, 0x00000000e5560000)
  from space 21824K,  39% used [0x00000000e6ab0000, 0x00000000e7309d50, 0x00000000e8000000)
  to   space 21824K,   0% used [0x00000000e5560000, 0x00000000e5560000, 0x00000000e6ab0000)
 concurrent mark-sweep generation total 393216K, used 173921K [0x00000000e8000000, 0x0000000100000000, 0x0000000100000000)
 Metaspace       used 95060K, capacity 97533K, committed 98164K, reserved 1136640K
  class space    used 11087K, capacity 11584K, committed 11588K, reserved 1048576K
2019-05-25T18:48:48.269+0200: 1541.281: [GC (Allocation Failure) 2019-05-25T18:48:48.269+0200: 1541.281: [ParNew
Desired survivor size 20112992 bytes, new threshold 8 (max 8)
- age   1:     916816 bytes,     916816 total
- age   2:      88480 bytes,    1005296 total
- age   3:     103752 bytes,    1109048 total
- age   4:     105008 bytes,    1214056 total
- age   5:     100232 bytes,    1314288 total
- age   6:     278136 bytes,    1592424 total
- age   7:    1457800 bytes,    3050224 total
- age   8:    2989824 bytes,    6040048 total
: 95975K->6815K(109248K), 0.0075733 secs] 269897K->180968K(502464K), 0.0077090 secs] [Times: user=0.06 sys=0.00, real=0.01 secs] 
Heap after GC invocations=98 (full 3):
 par new generation   total 109248K, used 6815K [0x00000000e0000000, 0x00000000e8000000, 0x00000000e8000000)
  eden space 87424K,   0% used [0x00000000e0000000, 0x00000000e0000000, 0x00000000e5560000)
  from space 21824K,  31% used [0x00000000e5560000, 0x00000000e5c07f40, 0x00000000e6ab0000)
  to   space 21824K,   0% used [0x00000000e6ab0000, 0x00000000e6ab0000, 0x00000000e8000000)
 concurrent mark-sweep generation total 393216K, used 174153K [0x00000000e8000000, 0x0000000100000000, 0x0000000100000000)
 Metaspace       used 95060K, capacity 97533K, committed 98164K, reserved 1136640K
  class space    used 11087K, capacity 11584K, committed 11588K, reserved 1048576K
}
2019-05-25T18:48:48.277+0200: 1541.289: Total time for which application threads were stopped: 0.0083183 seconds, Stopping threads took: 0.0001655 seconds
2019-05-25T18:48:48.375+0200: 1541.387: Total time for which application threads were stopped: 0.0003989 seconds, Stopping threads took: 0.0000849 seconds
{Heap before GC invocations=98 (full 3):
 par new generation   total 109248K, used 94239K [0x00000000e0000000, 0x00000000e8000000, 0x00000000e8000000)
  eden space 87424K, 100% used [0x00000000e0000000, 0x00000000e5560000, 0x00000000e5560000)
  from space 21824K,  31% used [0x00000000e5560000, 0x00000000e5c07f40, 0x00000000e6ab0000)
  to   space 21824K,   0% used [0x00000000e6ab0000, 0x00000000e6ab0000, 0x00000000e8000000)
 concurrent mark-sweep generation total 393216K, used 174153K [0x00000000e8000000, 0x0000000100000000, 0x0000000100000000)
 Metaspace       used 95068K, capacity 97533K, committed 98164K, reserved 1136640K
  class space    used 11087K, capacity 11584K, committed 11588K, reserved 1048576K
2019-05-25T18:48:48.383+0200: 1541.395: [GC (Allocation Failure) 2019-05-25T18:48:48.383+0200: 1541.395: [ParNew
Desired survivor size 20112992 bytes, new threshold 8 (max 8)
- age   1:    3464416 bytes,    3464416 total
- age   2:     180304 bytes,    3644720 total
- age   3:      87088 bytes,    3731808 total
- age   4:     103240 bytes,    3835048 total
- age   5:     104424 bytes,    3939472 total
- age   6:      97496 bytes,    4036968 total
- age   7:     276720 bytes,    4313688 total
- age   8:    1456680 bytes,    5770368 total
: 94239K->7771K(109248K), 0.0113694 secs] 268392K->184853K(502464K), 0.0114850 secs] [Times: user=0.00 sys=0.00, real=0.01 secs] 
Heap after GC invocations=99 (full 3):
 par new generation   total 109248K, used 7771K [0x00000000e0000000, 0x00000000e8000000, 0x00000000e8000000)
  eden space 87424K,   0% used [0x00000000e0000000, 0x00000000e0000000, 0x00000000e5560000)
  from space 21824K,  35% used [0x00000000e6ab0000, 0x00000000e7246f20, 0x00000000e8000000)
  to   space 21824K,   0% used [0x00000000e5560000, 0x00000000e5560000, 0x00000000e6ab0000)
 concurrent mark-sweep generation total 393216K, used 177081K [0x00000000e8000000, 0x0000000100000000, 0x0000000100000000)
 Metaspace       used 95068K, capacity 97533K, committed 98164K, reserved 1136640K
  class space    used 11087K, capacity 11584K, committed 11588K, reserved 1048576K
}
2019-05-25T18:48:48.394+0200: 1541.407: Total time for which application threads were stopped: 0.0119881 seconds, Stopping threads took: 0.0000759 seconds
2019-05-25T18:48:48.395+0200: 1541.407: Total time for which application threads were stopped: 0.0002991 seconds, Stopping threads took: 0.0000606 seconds
2019-05-25T18:48:48.395+0200: 1541.408: Total time for which application threads were stopped: 0.0003780 seconds, Stopping threads took: 0.0000802 seconds
{Heap before GC invocations=99 (full 3):
 par new generation   total 109248K, used 95195K [0x00000000e0000000, 0x00000000e8000000, 0x00000000e8000000)
  eden space 87424K, 100% used [0x00000000e0000000, 0x00000000e5560000, 0x00000000e5560000)
  from space 21824K,  35% used [0x00000000e6ab0000, 0x00000000e7246f20, 0x00000000e8000000)
  to   space 21824K,   0% used [0x00000000e5560000, 0x00000000e5560000, 0x00000000e6ab0000)
 concurrent mark-sweep generation total 393216K, used 177081K [0x00000000e8000000, 0x0000000100000000, 0x0000000100000000)
 Metaspace       used 95069K, capacity 97533K, committed 98164K, reserved 1136640K
  class space    used 11087K, capacity 11584K, committed 11588K, reserved 1048576K
2019-05-25T18:48:48.459+0200: 1541.471: [GC (Allocation Failure) 2019-05-25T18:48:48.459+0200: 1541.471: [ParNew
Desired survivor size 20112992 bytes, new threshold 8 (max 8)
- age   1:    1372008 bytes,    1372008 total
- age   2:    2658376 bytes,    4030384 total
- age   3:     180304 bytes,    4210688 total
- age   4:      87088 bytes,    4297776 total
- age   5:     103240 bytes,    4401016 total
- age   6:     104424 bytes,    4505440 total
- age   7:      97496 bytes,    4602936 total
- age   8:     276720 bytes,    4879656 total
: 95195K->5964K(109248K), 0.0089703 secs] 272277K->184471K(502464K), 0.0091217 secs] [Times: user=0.00 sys=0.00, real=0.01 secs] 
Heap after GC invocations=100 (full 3):
 par new generation   total 109248K, used 5964K [0x00000000e0000000, 0x00000000e8000000, 0x00000000e8000000)
  eden space 87424K,   0% used [0x00000000e0000000, 0x00000000e0000000, 0x00000000e5560000)
  from space 21824K,  27% used [0x00000000e5560000, 0x00000000e5b33348, 0x00000000e6ab0000)
  to   space 21824K,   0% used [0x00000000e6ab0000, 0x00000000e6ab0000, 0x00000000e8000000)
 concurrent mark-sweep generation total 393216K, used 178506K [0x00000000e8000000, 0x0000000100000000, 0x0000000100000000)
 Metaspace       used 95069K, capacity 97533K, committed 98164K, reserved 1136640K
  class space    used 11087K, capacity 11584K, committed 11588K, reserved 1048576K
}
2019-05-25T18:48:48.468+0200: 1541.481: Total time for which application threads were stopped: 0.0096619 seconds, Stopping threads took: 0.0000755 seconds
{Heap before GC invocations=100 (full 3):
 par new generation   total 109248K, used 93388K [0x00000000e0000000, 0x00000000e8000000, 0x00000000e8000000)
  eden space 87424K, 100% used [0x00000000e0000000, 0x00000000e5560000, 0x00000000e5560000)
  from space 21824K,  27% used [0x00000000e5560000, 0x00000000e5b33348, 0x00000000e6ab0000)
  to   space 21824K,   0% used [0x00000000e6ab0000, 0x00000000e6ab0000, 0x00000000e8000000)
 concurrent mark-sweep generation total 393216K, used 178506K [0x00000000e8000000, 0x0000000100000000, 0x0000000100000000)
 Metaspace       used 95069K, capacity 97533K, committed 98164K, reserved 1136640K
  class space    used 11087K, capacity 11584K, committed 11588K, reserved 1048576K
2019-05-25T18:48:48.496+0200: 1541.508: [GC (Allocation Failure) 2019-05-25T18:48:48.496+0200: 1541.508: [ParNew
Desired survivor size 20112992 bytes, new threshold 8 (max 8)
- age   1:    1505792 bytes,    1505792 total
- age   2:    1248456 bytes,    2754248 total
- age   3:    2648784 bytes,    5403032 total
- age   4:     180304 bytes,    5583336 total
- age   5:      87088 bytes,    5670424 total
- age   6:     103240 bytes,    5773664 total
- age   7:     104424 bytes,    5878088 total
- age   8:      97496 bytes,    5975584 total
: 93388K->7745K(109248K), 0.0083964 secs] 271895K->186525K(502464K), 0.0085491 secs] [Times: user=0.03 sys=0.00, real=0.01 secs] 
Heap after GC invocations=101 (full 3):
 par new generation   total 109248K, used 7745K [0x00000000e0000000, 0x00000000e8000000, 0x00000000e8000000)
  eden space 87424K,   0% used [0x00000000e0000000, 0x00000000e0000000, 0x00000000e5560000)
  from space 21824K,  35% used [0x00000000e6ab0000, 0x00000000e72406e0, 0x00000000e8000000)
  to   space 21824K,   0% used [0x00000000e5560000, 0x00000000e5560000, 0x00000000e6ab0000)
 concurrent mark-sweep generation total 393216K, used 178779K [0x00000000e8000000, 0x0000000100000000, 0x0000000100000000)
 Metaspace       used 95069K, capacity 97533K, committed 98164K, reserved 1136640K
  class space    used 11087K, capacity 11584K, committed 11588K, reserved 1048576K
}
2019-05-25T18:48:48.504+0200: 1541.517: Total time for which application threads were stopped: 0.0093116 seconds, Stopping threads took: 0.0003268 seconds
2019-05-25T18:48:48.555+0200: 1541.568: Total time for which application threads were stopped: 0.0003644 seconds, Stopping threads took: 0.0000747 seconds
{Heap before GC invocations=101 (full 3):
 par new generation   total 109248K, used 95169K [0x00000000e0000000, 0x00000000e8000000, 0x00000000e8000000)
  eden space 87424K, 100% used [0x00000000e0000000, 0x00000000e5560000, 0x00000000e5560000)
  from space 21824K,  35% used [0x00000000e6ab0000, 0x00000000e72406e0, 0x00000000e8000000)
  to   space 21824K,   0% used [0x00000000e5560000, 0x00000000e5560000, 0x00000000e6ab0000)
 concurrent mark-sweep generation total 393216K, used 178779K [0x00000000e8000000, 0x0000000100000000, 0x0000000100000000)
 Metaspace       used 95070K, capacity 97533K, committed 98164K, reserved 1136640K
  class space    used 11087K, capacity 11584K, committed 11588K, reserved 1048576K
2019-05-25T18:48:48.579+0200: 1541.591: [GC (Allocation Failure) 2019-05-25T18:48:48.579+0200: 1541.591: [ParNew
Desired survivor size 20112992 bytes, new threshold 8 (max 8)
- age   1:    1348744 bytes,    1348744 total
- age   2:     883448 bytes,    2232192 total
- age   3:    1248256 bytes,    3480448 total
- age   4:    2647728 bytes,    6128176 total
- age   5:     179600 bytes,    6307776 total
- age   6:      87088 bytes,    6394864 total
- age   7:     103240 bytes,    6498104 total
- age   8:     104424 bytes,    6602528 total
: 95169K->8237K(109248K), 0.0079484 secs] 273949K->187114K(502464K), 0.0080888 secs] [Times: user=0.06 sys=0.00, real=0.01 secs] 
Heap after GC invocations=102 (full 3):
 par new generation   total 109248K, used 8237K [0x00000000e0000000, 0x00000000e8000000, 0x00000000e8000000)
  eden space 87424K,   0% used [0x00000000e0000000, 0x00000000e0000000, 0x00000000e5560000)
  from space 21824K,  37% used [0x00000000e5560000, 0x00000000e5d6b470, 0x00000000e6ab0000)
  to   space 21824K,   0% used [0x00000000e6ab0000, 0x00000000e6ab0000, 0x00000000e8000000)
 concurrent mark-sweep generation total 393216K, used 178877K [0x00000000e8000000, 0x0000000100000000, 0x0000000100000000)
 Metaspace       used 95070K, capacity 97533K, committed 98164K, reserved 1136640K
  class space    used 11087K, capacity 11584K, committed 11588K, reserved 1048576K
}
2019-05-25T18:48:48.587+0200: 1541.600: Total time for which application threads were stopped: 0.0085845 seconds, Stopping threads took: 0.0000700 seconds
2019-05-25T18:48:48.652+0200: 1541.665: Total time for which application threads were stopped: 0.0002274 seconds, Stopping threads took: 0.0000474 seconds
{Heap before GC invocations=102 (full 3):
 par new generation   total 109248K, used 95661K [0x00000000e0000000, 0x00000000e8000000, 0x00000000e8000000)
  eden space 87424K, 100% used [0x00000000e0000000, 0x00000000e5560000, 0x00000000e5560000)
  from space 21824K,  37% used [0x00000000e5560000, 0x00000000e5d6b470, 0x00000000e6ab0000)
  to   space 21824K,   0% used [0x00000000e6ab0000, 0x00000000e6ab0000, 0x00000000e8000000)
 concurrent mark-sweep generation total 393216K, used 178877K [0x00000000e8000000, 0x0000000100000000, 0x0000000100000000)
 Metaspace       used 95086K, capacity 97533K, committed 98164K, reserved 1136640K
  class space    used 11087K, capacity 11584K, committed 11588K, reserved 1048576K
2019-05-25T18:48:48.684+0200: 1541.697: [GC (Allocation Failure) 2019-05-25T18:48:48.684+0200: 1541.697: [ParNew
Desired survivor size 20112992 bytes, new threshold 8 (max 8)
- age   1:    1132024 bytes,    1132024 total
- age   2:     834024 bytes,    1966048 total
- age   3:     881624 bytes,    2847672 total
- age   4:     607136 bytes,    3454808 total
- age   5:    2647728 bytes,    6102536 total
- age   6:     179600 bytes,    6282136 total
- age   7:      87088 bytes,    6369224 total
- age   8:     103240 bytes,    6472464 total
: 95661K->9904K(109248K), 0.0076962 secs] 274538K->188885K(502464K), 0.0078042 secs] [Times: user=0.02 sys=0.00, real=0.01 secs] 
Heap after GC invocations=103 (full 3):
 par new generation   total 109248K, used 9904K [0x00000000e0000000, 0x00000000e8000000, 0x00000000e8000000)
  eden space 87424K,   0% used [0x00000000e0000000, 0x00000000e0000000, 0x00000000e5560000)
  from space 21824K,  45% used [0x00000000e6ab0000, 0x00000000e745c080, 0x00000000e8000000)
  to   space 21824K,   0% used [0x00000000e5560000, 0x00000000e5560000, 0x00000000e6ab0000)
 concurrent mark-sweep generation total 393216K, used 178981K [0x00000000e8000000, 0x0000000100000000, 0x0000000100000000)
 Metaspace       used 95086K, capacity 97533K, committed 98164K, reserved 1136640K
  class space    used 11087K, capacity 11584K, committed 11588K, reserved 1048576K
}
2019-05-25T18:48:48.692+0200: 1541.705: Total time for which application threads were stopped: 0.0081903 seconds, Stopping threads took: 0.0000764 seconds
2019-05-25T18:48:48.696+0200: 1541.708: Total time for which application threads were stopped: 0.0002517 seconds, Stopping threads took: 0.0000759 seconds
2019-05-25T18:48:48.696+0200: 1541.709: Total time for which application threads were stopped: 0.0001724 seconds, Stopping threads took: 0.0000307 seconds
2019-05-25T18:48:48.699+0200: 1541.711: Total time for which application threads were stopped: 0.0002884 seconds, Stopping threads took: 0.0000922 seconds
2019-05-25T18:48:48.721+0200: 1541.734: Total time for which application threads were stopped: 0.0002880 seconds, Stopping threads took: 0.0000555 seconds
2019-05-25T18:48:48.749+0200: 1541.761: Total time for which application threads were stopped: 0.0003217 seconds, Stopping threads took: 0.0001131 seconds
2019-05-25T18:48:49.749+0200: 1542.762: Total time for which application threads were stopped: 0.0005389 seconds, Stopping threads took: 0.0000905 seconds
2019-05-25T18:48:53.270+0200: 1546.283: Total time for which application threads were stopped: 0.0003396 seconds, Stopping threads took: 0.0000683 seconds
2019-05-25T18:48:53.272+0200: 1546.285: Total time for which application threads were stopped: 0.0002321 seconds, Stopping threads took: 0.0000401 seconds
2019-05-25T18:48:53.273+0200: 1546.285: Total time for which application threads were stopped: 0.0001890 seconds, Stopping threads took: 0.0000286 seconds
2019-05-25T18:48:53.273+0200: 1546.285: Total time for which application threads were stopped: 0.0001805 seconds, Stopping threads took: 0.0000269 seconds
2019-05-25T18:48:53.273+0200: 1546.286: Total time for which application threads were stopped: 0.0001715 seconds, Stopping threads took: 0.0000226 seconds
2019-05-25T18:48:53.273+0200: 1546.286: Total time for which application threads were stopped: 0.0001502 seconds, Stopping threads took: 0.0000230 seconds
2019-05-25T18:48:53.274+0200: 1546.286: Total time for which application threads were stopped: 0.0001617 seconds, Stopping threads took: 0.0000213 seconds
2019-05-25T18:48:53.274+0200: 1546.286: Total time for which application threads were stopped: 0.0001451 seconds, Stopping threads took: 0.0000188 seconds
2019-05-25T18:48:53.283+0200: 1546.295: Total time for which application threads were stopped: 0.0002726 seconds, Stopping threads took: 0.0000896 seconds
2019-05-25T18:48:53.283+0200: 1546.295: Total time for which application threads were stopped: 0.0001856 seconds, Stopping threads took: 0.0000457 seconds
2019-05-25T18:48:53.299+0200: 1546.312: Total time for which application threads were stopped: 0.0003494 seconds, Stopping threads took: 0.0000858 seconds
2019-05-25T18:48:53.301+0200: 1546.313: Total time for which application threads were stopped: 0.0003580 seconds, Stopping threads took: 0.0000960 seconds
2019-05-25T18:48:53.301+0200: 1546.314: Total time for which application threads were stopped: 0.0002867 seconds, Stopping threads took: 0.0000469 seconds
2019-05-25T18:48:53.301+0200: 1546.314: Total time for which application threads were stopped: 0.0002249 seconds, Stopping threads took: 0.0000610 seconds
2019-05-25T18:48:53.302+0200: 1546.314: Total time for which application threads were stopped: 0.0002061 seconds, Stopping threads took: 0.0000397 seconds
2019-05-25T18:48:53.302+0200: 1546.315: Total time for which application threads were stopped: 0.0001758 seconds, Stopping threads took: 0.0000375 seconds
{Heap before GC invocations=103 (full 3):
 par new generation   total 109248K, used 97328K [0x00000000e0000000, 0x00000000e8000000, 0x00000000e8000000)
  eden space 87424K, 100% used [0x00000000e0000000, 0x00000000e5560000, 0x00000000e5560000)
  from space 21824K,  45% used [0x00000000e6ab0000, 0x00000000e745c080, 0x00000000e8000000)
  to   space 21824K,   0% used [0x00000000e5560000, 0x00000000e5560000, 0x00000000e6ab0000)
 concurrent mark-sweep generation total 393216K, used 178981K [0x00000000e8000000, 0x0000000100000000, 0x0000000100000000)
 Metaspace       used 95094K, capacity 97533K, committed 98164K, reserved 1136640K
  class space    used 11087K, capacity 11584K, committed 11588K, reserved 1048576K
2019-05-25T18:48:53.311+0200: 1546.324: [GC (Allocation Failure) 2019-05-25T18:48:53.311+0200: 1546.324: [ParNew
Desired survivor size 20112992 bytes, new threshold 8 (max 8)
- age   1:    2975544 bytes,    2975544 total
- age   2:     633056 bytes,    3608600 total
- age   3:     834024 bytes,    4442624 total
- age   4:     204696 bytes,    4647320 total
- age   5:     567792 bytes,    5215112 total
- age   6:    2644472 bytes,    7859584 total
- age   7:     179600 bytes,    8039184 total
- age   8:      87088 bytes,    8126272 total
: 97328K->8985K(109248K), 0.0098773 secs] 276309K->188069K(502464K), 0.0100190 secs] [Times: user=0.06 sys=0.00, real=0.01 secs] 
Heap after GC invocations=104 (full 3):
 par new generation   total 109248K, used 8985K [0x00000000e0000000, 0x00000000e8000000, 0x00000000e8000000)
  eden space 87424K,   0% used [0x00000000e0000000, 0x00000000e0000000, 0x00000000e5560000)
  from space 21824K,  41% used [0x00000000e5560000, 0x00000000e5e26460, 0x00000000e6ab0000)
  to   space 21824K,   0% used [0x00000000e6ab0000, 0x00000000e6ab0000, 0x00000000e8000000)
 concurrent mark-sweep generation total 393216K, used 179084K [0x00000000e8000000, 0x0000000100000000, 0x0000000100000000)
 Metaspace       used 95094K, capacity 97533K, committed 98164K, reserved 1136640K
  class space    used 11087K, capacity 11584K, committed 11588K, reserved 1048576K
}
2019-05-25T18:48:53.321+0200: 1546.334: Total time for which application threads were stopped: 0.0105728 seconds, Stopping threads took: 0.0000896 seconds
2019-05-25T18:48:53.327+0200: 1546.339: Total time for which application threads were stopped: 0.0006447 seconds, Stopping threads took: 0.0001822 seconds
2019-05-25T18:48:53.327+0200: 1546.340: Total time for which application threads were stopped: 0.0003093 seconds, Stopping threads took: 0.0000815 seconds
2019-05-25T18:48:53.328+0200: 1546.340: Total time for which application threads were stopped: 0.0003017 seconds, Stopping threads took: 0.0000589 seconds
2019-05-25T18:48:53.328+0200: 1546.341: Total time for which application threads were stopped: 0.0002859 seconds, Stopping threads took: 0.0000678 seconds
2019-05-25T18:48:53.329+0200: 1546.342: Total time for which application threads were stopped: 0.0002726 seconds, Stopping threads took: 0.0000469 seconds
2019-05-25T18:48:53.333+0200: 1546.345: Total time for which application threads were stopped: 0.0002889 seconds, Stopping threads took: 0.0000623 seconds
2019-05-25T18:48:53.334+0200: 1546.346: Total time for which application threads were stopped: 0.0006400 seconds, Stopping threads took: 0.0000486 seconds
2019-05-25T18:48:53.336+0200: 1546.349: Total time for which application threads were stopped: 0.0002893 seconds, Stopping threads took: 0.0000845 seconds
2019-05-25T18:48:53.337+0200: 1546.349: Total time for which application threads were stopped: 0.0002462 seconds, Stopping threads took: 0.0000465 seconds
{Heap before GC invocations=104 (full 3):
 par new generation   total 109248K, used 96409K [0x00000000e0000000, 0x00000000e8000000, 0x00000000e8000000)
  eden space 87424K, 100% used [0x00000000e0000000, 0x00000000e5560000, 0x00000000e5560000)
  from space 21824K,  41% used [0x00000000e5560000, 0x00000000e5e26460, 0x00000000e6ab0000)
  to   space 21824K,   0% used [0x00000000e6ab0000, 0x00000000e6ab0000, 0x00000000e8000000)
 concurrent mark-sweep generation total 393216K, used 179084K [0x00000000e8000000, 0x0000000100000000, 0x0000000100000000)
 Metaspace       used 95095K, capacity 97533K, committed 98164K, reserved 1136640K
  class space    used 11087K, capacity 11584K, committed 11588K, reserved 1048576K
2019-05-25T18:48:53.394+0200: 1546.407: [GC (Allocation Failure) 2019-05-25T18:48:53.395+0200: 1546.407: [ParNew
Desired survivor size 20112992 bytes, new threshold 8 (max 8)
- age   1:     158136 bytes,     158136 total
- age   2:    2336896 bytes,    2495032 total
- age   3:     633056 bytes,    3128088 total
- age   4:     834024 bytes,    3962112 total
- age   5:     204696 bytes,    4166808 total
- age   6:     567792 bytes,    4734600 total
- age   7:    2644440 bytes,    7379040 total
- age   8:     179600 bytes,    7558640 total
: 96409K->11726K(109248K), 0.0090761 secs] 275493K->190897K(502464K), 0.0092365 secs] [Times: user=0.02 sys=0.00, real=0.01 secs] 
Heap after GC invocations=105 (full 3):
 par new generation   total 109248K, used 11726K [0x00000000e0000000, 0x00000000e8000000, 0x00000000e8000000)
  eden space 87424K,   0% used [0x00000000e0000000, 0x00000000e0000000, 0x00000000e5560000)
  from space 21824K,  53% used [0x00000000e6ab0000, 0x00000000e7623898, 0x00000000e8000000)
  to   space 21824K,   0% used [0x00000000e5560000, 0x00000000e5560000, 0x00000000e6ab0000)
 concurrent mark-sweep generation total 393216K, used 179171K [0x00000000e8000000, 0x0000000100000000, 0x0000000100000000)
 Metaspace       used 95095K, capacity 97533K, committed 98164K, reserved 1136640K
  class space    used 11087K, capacity 11584K, committed 11588K, reserved 1048576K
}
2019-05-25T18:48:53.404+0200: 1546.416: Total time for which application threads were stopped: 0.0096789 seconds, Stopping threads took: 0.0000388 seconds
2019-05-25T18:49:27.690+0200: 1580.703: Total time for which application threads were stopped: 0.0002048 seconds, Stopping threads took: 0.0000363 seconds
2019-05-25T18:49:27.696+0200: 1580.708: Total time for which application threads were stopped: 0.0002176 seconds, Stopping threads took: 0.0000499 seconds
{Heap before GC invocations=105 (full 3):
 par new generation   total 109248K, used 99150K [0x00000000e0000000, 0x00000000e8000000, 0x00000000e8000000)
  eden space 87424K, 100% used [0x00000000e0000000, 0x00000000e5560000, 0x00000000e5560000)
  from space 21824K,  53% used [0x00000000e6ab0000, 0x00000000e7623898, 0x00000000e8000000)
  to   space 21824K,   0% used [0x00000000e5560000, 0x00000000e5560000, 0x00000000e6ab0000)
 concurrent mark-sweep generation total 393216K, used 179171K [0x00000000e8000000, 0x0000000100000000, 0x0000000100000000)
 Metaspace       used 95095K, capacity 97533K, committed 98164K, reserved 1136640K
  class space    used 11087K, capacity 11584K, committed 11588K, reserved 1048576K
2019-05-25T18:49:27.723+0200: 1580.735: [GC (Allocation Failure) 2019-05-25T18:49:27.723+0200: 1580.735: [ParNew
Desired survivor size 20112992 bytes, new threshold 8 (max 8)
- age   1:    1507360 bytes,    1507360 total
- age   2:     147624 bytes,    1654984 total
- age   3:    1674792 bytes,    3329776 total
- age   4:     633056 bytes,    3962832 total
- age   5:     834024 bytes,    4796856 total
- age   6:     204696 bytes,    5001552 total
- age   7:     567792 bytes,    5569344 total
- age   8:    2644440 bytes,    8213784 total
: 99150K->9681K(109248K), 0.0090940 secs] 278321K->189031K(502464K), 0.0092361 secs] [Times: user=0.06 sys=0.00, real=0.01 secs] 
Heap after GC invocations=106 (full 3):
 par new generation   total 109248K, used 9681K [0x00000000e0000000, 0x00000000e8000000, 0x00000000e8000000)
  eden space 87424K,   0% used [0x00000000e0000000, 0x00000000e0000000, 0x00000000e5560000)
  from space 21824K,  44% used [0x00000000e5560000, 0x00000000e5ed45d8, 0x00000000e6ab0000)
  to   space 21824K,   0% used [0x00000000e6ab0000, 0x00000000e6ab0000, 0x00000000e8000000)
 concurrent mark-sweep generation total 393216K, used 179350K [0x00000000e8000000, 0x0000000100000000, 0x0000000100000000)
 Metaspace       used 95095K, capacity 97533K, committed 98164K, reserved 1136640K
  class space    used 11087K, capacity 11584K, committed 11588K, reserved 1048576K
}
2019-05-25T18:49:27.731+0200: 1580.744: Total time for which application threads were stopped: 0.0096367 seconds, Stopping threads took: 0.0000559 seconds
2019-05-25T18:49:27.816+0200: 1580.829: Total time for which application threads were stopped: 0.0002466 seconds, Stopping threads took: 0.0000572 seconds
{Heap before GC invocations=106 (full 3):
 par new generation   total 109248K, used 97105K [0x00000000e0000000, 0x00000000e8000000, 0x00000000e8000000)
  eden space 87424K, 100% used [0x00000000e0000000, 0x00000000e5560000, 0x00000000e5560000)
  from space 21824K,  44% used [0x00000000e5560000, 0x00000000e5ed45d8, 0x00000000e6ab0000)
  to   space 21824K,   0% used [0x00000000e6ab0000, 0x00000000e6ab0000, 0x00000000e8000000)
 concurrent mark-sweep generation total 393216K, used 179350K [0x00000000e8000000, 0x0000000100000000, 0x0000000100000000)
 Metaspace       used 95096K, capacity 97533K, committed 98164K, reserved 1136640K
  class space    used 11087K, capacity 11584K, committed 11588K, reserved 1048576K
2019-05-25T18:49:27.871+0200: 1580.883: [GC (Allocation Failure) 2019-05-25T18:49:27.871+0200: 1580.883: [ParNew
Desired survivor size 20112992 bytes, new threshold 8 (max 8)
- age   1:    3752512 bytes,    3752512 total
- age   2:     691680 bytes,    4444192 total
- age   3:     147624 bytes,    4591816 total
- age   4:    1673120 bytes,    6264936 total
- age   5:     633056 bytes,    6897992 total
- age   6:     833864 bytes,    7731856 total
- age   7:     204696 bytes,    7936552 total
- age   8:     567792 bytes,    8504344 total
: 97105K->10344K(109248K), 0.0139759 secs] 276455K->192283K(502464K), 0.0140851 secs] [Times: user=0.06 sys=0.00, real=0.01 secs] 
Heap after GC invocations=107 (full 3):
 par new generation   total 109248K, used 10344K [0x00000000e0000000, 0x00000000e8000000, 0x00000000e8000000)
  eden space 87424K,   0% used [0x00000000e0000000, 0x00000000e0000000, 0x00000000e5560000)
  from space 21824K,  47% used [0x00000000e6ab0000, 0x00000000e74ca090, 0x00000000e8000000)
  to   space 21824K,   0% used [0x00000000e5560000, 0x00000000e5560000, 0x00000000e6ab0000)
 concurrent mark-sweep generation total 393216K, used 181939K [0x00000000e8000000, 0x0000000100000000, 0x0000000100000000)
 Metaspace       used 95096K, capacity 97533K, committed 98164K, reserved 1136640K
  class space    used 11087K, capacity 11584K, committed 11588K, reserved 1048576K
}
2019-05-25T18:49:27.885+0200: 1580.897: Total time for which application threads were stopped: 0.0148813 seconds, Stopping threads took: 0.0004467 seconds
2019-05-25T18:49:27.888+0200: 1580.900: Total time for which application threads were stopped: 0.0003025 seconds, Stopping threads took: 0.0000764 seconds
{Heap before GC invocations=107 (full 3):
 par new generation   total 109248K, used 97768K [0x00000000e0000000, 0x00000000e8000000, 0x00000000e8000000)
  eden space 87424K, 100% used [0x00000000e0000000, 0x00000000e5560000, 0x00000000e5560000)
  from space 21824K,  47% used [0x00000000e6ab0000, 0x00000000e74ca090, 0x00000000e8000000)
  to   space 21824K,   0% used [0x00000000e5560000, 0x00000000e5560000, 0x00000000e6ab0000)
 concurrent mark-sweep generation total 393216K, used 181939K [0x00000000e8000000, 0x0000000100000000, 0x0000000100000000)
 Metaspace       used 95096K, capacity 97533K, committed 98164K, reserved 1136640K
  class space    used 11087K, capacity 11584K, committed 11588K, reserved 1048576K
2019-05-25T18:49:27.900+0200: 1580.912: [GC (Allocation Failure) 2019-05-25T18:49:27.900+0200: 1580.912: [ParNew
Desired survivor size 20112992 bytes, new threshold 8 (max 8)
- age   1:    1675824 bytes,    1675824 total
- age   2:    3322952 bytes,    4998776 total
- age   3:     691680 bytes,    5690456 total
- age   4:     147624 bytes,    5838080 total
- age   5:    1673120 bytes,    7511200 total
- age   6:     633056 bytes,    8144256 total
- age   7:     833864 bytes,    8978120 total
- age   8:     204696 bytes,    9182816 total
: 97768K->13917K(109248K), 0.0103992 secs] 279707K->196415K(502464K), 0.0105515 secs] [Times: user=0.00 sys=0.00, real=0.01 secs] 
Heap after GC invocations=108 (full 3):
 par new generation   total 109248K, used 13917K [0x00000000e0000000, 0x00000000e8000000, 0x00000000e8000000)
  eden space 87424K,   0% used [0x00000000e0000000, 0x00000000e0000000, 0x00000000e5560000)
  from space 21824K,  63% used [0x00000000e5560000, 0x00000000e62f75b0, 0x00000000e6ab0000)
  to   space 21824K,   0% used [0x00000000e6ab0000, 0x00000000e6ab0000, 0x00000000e8000000)
 concurrent mark-sweep generation total 393216K, used 182497K [0x00000000e8000000, 0x0000000100000000, 0x0000000100000000)
 Metaspace       used 95096K, capacity 97533K, committed 98164K, reserved 1136640K
  class space    used 11087K, capacity 11584K, committed 11588K, reserved 1048576K
}
2019-05-25T18:49:27.911+0200: 1580.923: Total time for which application threads were stopped: 0.0110771 seconds, Stopping threads took: 0.0000969 seconds
{Heap before GC invocations=108 (full 3):
 par new generation   total 109248K, used 101341K [0x00000000e0000000, 0x00000000e8000000, 0x00000000e8000000)
  eden space 87424K, 100% used [0x00000000e0000000, 0x00000000e5560000, 0x00000000e5560000)
  from space 21824K,  63% used [0x00000000e5560000, 0x00000000e62f75b0, 0x00000000e6ab0000)
  to   space 21824K,   0% used [0x00000000e6ab0000, 0x00000000e6ab0000, 0x00000000e8000000)
 concurrent mark-sweep generation total 393216K, used 182497K [0x00000000e8000000, 0x0000000100000000, 0x0000000100000000)
 Metaspace       used 95096K, capacity 97533K, committed 98164K, reserved 1136640K
  class space    used 11087K, capacity 11584K, committed 11588K, reserved 1048576K
2019-05-25T18:49:27.921+0200: 1580.934: [GC (Allocation Failure) 2019-05-25T18:49:27.921+0200: 1580.934: [ParNew
Desired survivor size 20112992 bytes, new threshold 8 (max 8)
- age   1:     522104 bytes,     522104 total
- age   2:    1355360 bytes,    1877464 total
- age   3:    3322952 bytes,    5200416 total
- age   4:     691680 bytes,    5892096 total
- age   5:     147624 bytes,    6039720 total
- age   6:    1673120 bytes,    7712840 total
- age   7:     633056 bytes,    8345896 total
- age   8:     833864 bytes,    9179760 total
: 101341K->11632K(109248K), 0.0099482 secs] 283839K->194332K(502464K), 0.0100898 secs] [Times: user=0.06 sys=0.00, real=0.01 secs] 
Heap after GC invocations=109 (full 3):
 par new generation   total 109248K, used 11632K [0x00000000e0000000, 0x00000000e8000000, 0x00000000e8000000)
  eden space 87424K,   0% used [0x00000000e0000000, 0x00000000e0000000, 0x00000000e5560000)
  from space 21824K,  53% used [0x00000000e6ab0000, 0x00000000e760c308, 0x00000000e8000000)
  to   space 21824K,   0% used [0x00000000e5560000, 0x00000000e5560000, 0x00000000e6ab0000)
 concurrent mark-sweep generation total 393216K, used 182700K [0x00000000e8000000, 0x0000000100000000, 0x0000000100000000)
 Metaspace       used 95096K, capacity 97533K, committed 98164K, reserved 1136640K
  class space    used 11087K, capacity 11584K, committed 11588K, reserved 1048576K
}
2019-05-25T18:49:27.931+0200: 1580.944: Total time for which application threads were stopped: 0.0105809 seconds, Stopping threads took: 0.0000964 seconds
{Heap before GC invocations=109 (full 3):
 par new generation   total 109248K, used 99031K [0x00000000e0000000, 0x00000000e8000000, 0x00000000e8000000)
  eden space 87424K,  99% used [0x00000000e0000000, 0x00000000e55599a8, 0x00000000e5560000)
  from space 21824K,  53% used [0x00000000e6ab0000, 0x00000000e760c308, 0x00000000e8000000)
  to   space 21824K,   0% used [0x00000000e5560000, 0x00000000e5560000, 0x00000000e6ab0000)
 concurrent mark-sweep generation total 393216K, used 182700K [0x00000000e8000000, 0x0000000100000000, 0x0000000100000000)
 Metaspace       used 95097K, capacity 97533K, committed 98164K, reserved 1136640K
  class space    used 11087K, capacity 11584K, committed 11588K, reserved 1048576K
2019-05-25T18:49:27.944+0200: 1580.956: [GC (Allocation Failure) 2019-05-25T18:49:27.944+0200: 1580.956: [ParNew
Desired survivor size 20112992 bytes, new threshold 8 (max 8)
- age   1:     701280 bytes,     701280 total
- age   2:      84080 bytes,     785360 total
- age   3:    1303856 bytes,    2089216 total
- age   4:    3323008 bytes,    5412224 total
- age   5:     691680 bytes,    6103904 total
- age   6:     147624 bytes,    6251528 total
- age   7:    1673120 bytes,    7924648 total
- age   8:     633056 bytes,    8557704 total
: 99031K->11048K(109248K), 0.0106628 secs] 281731K->194565K(502464K), 0.0108002 secs] [Times: user=0.00 sys=0.00, real=0.01 secs] 
Heap after GC invocations=110 (full 3):
 par new generation   total 109248K, used 11048K [0x00000000e0000000, 0x00000000e8000000, 0x00000000e8000000)
  eden space 87424K,   0% used [0x00000000e0000000, 0x00000000e0000000, 0x00000000e5560000)
  from space 21824K,  50% used [0x00000000e5560000, 0x00000000e602a080, 0x00000000e6ab0000)
  to   space 21824K,   0% used [0x00000000e6ab0000, 0x00000000e6ab0000, 0x00000000e8000000)
 concurrent mark-sweep generation total 393216K, used 183517K [0x00000000e8000000, 0x0000000100000000, 0x0000000100000000)
 Metaspace       used 95097K, capacity 97533K, committed 98164K, reserved 1136640K
  class space    used 11087K, capacity 11584K, committed 11588K, reserved 1048576K
}
2019-05-25T18:49:27.955+0200: 1580.967: Total time for which application threads were stopped: 0.0113361 seconds, Stopping threads took: 0.0001681 seconds
{Heap before GC invocations=110 (full 3):
 par new generation   total 109248K, used 98472K [0x00000000e0000000, 0x00000000e8000000, 0x00000000e8000000)
  eden space 87424K, 100% used [0x00000000e0000000, 0x00000000e5560000, 0x00000000e5560000)
  from space 21824K,  50% used [0x00000000e5560000, 0x00000000e602a080, 0x00000000e6ab0000)
  to   space 21824K,   0% used [0x00000000e6ab0000, 0x00000000e6ab0000, 0x00000000e8000000)
 concurrent mark-sweep generation total 393216K, used 183517K [0x00000000e8000000, 0x0000000100000000, 0x0000000100000000)
 Metaspace       used 95097K, capacity 97533K, committed 98164K, reserved 1136640K
  class space    used 11087K, capacity 11584K, committed 11588K, reserved 1048576K
2019-05-25T18:49:27.969+0200: 1580.981: [GC (Allocation Failure) 2019-05-25T18:49:27.969+0200: 1580.981: [ParNew
Desired survivor size 20112992 bytes, new threshold 8 (max 8)
- age   1:    1085528 bytes,    1085528 total
- age   2:      86744 bytes,    1172272 total
- age   3:      84080 bytes,    1256352 total
- age   4:    1294632 bytes,    2550984 total
- age   5:    3322504 bytes,    5873488 total
- age   6:     691680 bytes,    6565168 total
- age   7:     147624 bytes,    6712792 total
- age   8:    1673120 bytes,    8385912 total
: 98472K->10596K(109248K), 0.0095253 secs] 281989K->194735K(502464K), 0.0096448 secs] [Times: user=0.06 sys=0.00, real=0.01 secs] 
Heap after GC invocations=111 (full 3):
 par new generation   total 109248K, used 10596K [0x00000000e0000000, 0x00000000e8000000, 0x00000000e8000000)
  eden space 87424K,   0% used [0x00000000e0000000, 0x00000000e0000000, 0x00000000e5560000)
  from space 21824K,  48% used [0x00000000e6ab0000, 0x00000000e7509330, 0x00000000e8000000)
  to   space 21824K,   0% used [0x00000000e5560000, 0x00000000e5560000, 0x00000000e6ab0000)
 concurrent mark-sweep generation total 393216K, used 184139K [0x00000000e8000000, 0x0000000100000000, 0x0000000100000000)
 Metaspace       used 95097K, capacity 97533K, committed 98164K, reserved 1136640K
  class space    used 11087K, capacity 11584K, committed 11588K, reserved 1048576K
}
2019-05-25T18:49:27.978+0200: 1580.991: Total time for which application threads were stopped: 0.0102865 seconds, Stopping threads took: 0.0002334 seconds
{Heap before GC invocations=111 (full 3):
 par new generation   total 109248K, used 98020K [0x00000000e0000000, 0x00000000e8000000, 0x00000000e8000000)
  eden space 87424K, 100% used [0x00000000e0000000, 0x00000000e5560000, 0x00000000e5560000)
  from space 21824K,  48% used [0x00000000e6ab0000, 0x00000000e7509330, 0x00000000e8000000)
  to   space 21824K,   0% used [0x00000000e5560000, 0x00000000e5560000, 0x00000000e6ab0000)
 concurrent mark-sweep generation total 393216K, used 184139K [0x00000000e8000000, 0x0000000100000000, 0x0000000100000000)
 Metaspace       used 95097K, capacity 97533K, committed 98164K, reserved 1136640K
  class space    used 11087K, capacity 11584K, committed 11588K, reserved 1048576K
2019-05-25T18:49:27.998+0200: 1581.011: [GC (Allocation Failure) 2019-05-25T18:49:27.998+0200: 1581.011: [ParNew
Desired survivor size 20112992 bytes, new threshold 8 (max 8)
- age   1:    1561248 bytes,    1561248 total
- age   2:     113400 bytes,    1674648 total
- age   3:      86744 bytes,    1761392 total
- age   4:      83592 bytes,    1844984 total
- age   5:    1293808 bytes,    3138792 total
- age   6:    3322296 bytes,    6461088 total
- age   7:     691648 bytes,    7152736 total
- age   8:     147624 bytes,    7300360 total
: 98020K->9293K(109248K), 0.0110464 secs] 282159K->195074K(502464K), 0.0111697 secs] [Times: user=0.06 sys=0.00, real=0.01 secs] 
Heap after GC invocations=112 (full 3):
 par new generation   total 109248K, used 9293K [0x00000000e0000000, 0x00000000e8000000, 0x00000000e8000000)
  eden space 87424K,   0% used [0x00000000e0000000, 0x00000000e0000000, 0x00000000e5560000)
  from space 21824K,  42% used [0x00000000e5560000, 0x00000000e5e737e8, 0x00000000e6ab0000)
  to   space 21824K,   0% used [0x00000000e6ab0000, 0x00000000e6ab0000, 0x00000000e8000000)
 concurrent mark-sweep generation total 393216K, used 185780K [0x00000000e8000000, 0x0000000100000000, 0x0000000100000000)
 Metaspace       used 95097K, capacity 97533K, committed 98164K, reserved 1136640K
  class space    used 11087K, capacity 11584K, committed 11588K, reserved 1048576K
}
2019-05-25T18:49:28.009+0200: 1581.022: Total time for which application threads were stopped: 0.0116766 seconds, Stopping threads took: 0.0001131 seconds
{Heap before GC invocations=112 (full 3):
 par new generation   total 109248K, used 96717K [0x00000000e0000000, 0x00000000e8000000, 0x00000000e8000000)
  eden space 87424K, 100% used [0x00000000e0000000, 0x00000000e5560000, 0x00000000e5560000)
  from space 21824K,  42% used [0x00000000e5560000, 0x00000000e5e737e8, 0x00000000e6ab0000)
  to   space 21824K,   0% used [0x00000000e6ab0000, 0x00000000e6ab0000, 0x00000000e8000000)
 concurrent mark-sweep generation total 393216K, used 185780K [0x00000000e8000000, 0x0000000100000000, 0x0000000100000000)
 Metaspace       used 95121K, capacity 97569K, committed 98292K, reserved 1136640K
  class space    used 11090K, capacity 11590K, committed 11716K, reserved 1048576K
2019-05-25T18:49:28.035+0200: 1581.048: [GC (Allocation Failure) 2019-05-25T18:49:28.035+0200: 1581.048: [ParNew
Desired survivor size 20112992 bytes, new threshold 8 (max 8)
- age   1:    1609576 bytes,    1609576 total
- age   2:     512904 bytes,    2122480 total
- age   3:     113184 bytes,    2235664 total
- age   4:      85768 bytes,    2321432 total
- age   5:      83320 bytes,    2404752 total
- age   6:    1293808 bytes,    3698560 total
- age   7:    3320840 bytes,    7019400 total
- age   8:     691648 bytes,    7711048 total
: 96717K->9265K(109248K), 0.0082509 secs] 282498K->195193K(502464K), 0.0083627 secs] [Times: user=0.06 sys=0.00, real=0.01 secs] 
Heap after GC invocations=113 (full 3):
 par new generation   total 109248K, used 9265K [0x00000000e0000000, 0x00000000e8000000, 0x00000000e8000000)
  eden space 87424K,   0% used [0x00000000e0000000, 0x00000000e0000000, 0x00000000e5560000)
  from space 21824K,  42% used [0x00000000e6ab0000, 0x00000000e73bc540, 0x00000000e8000000)
  to   space 21824K,   0% used [0x00000000e5560000, 0x00000000e5560000, 0x00000000e6ab0000)
 concurrent mark-sweep generation total 393216K, used 185928K [0x00000000e8000000, 0x0000000100000000, 0x0000000100000000)
 Metaspace       used 95121K, capacity 97569K, committed 98292K, reserved 1136640K
  class space    used 11090K, capacity 11590K, committed 11716K, reserved 1048576K
}
2019-05-25T18:49:28.043+0200: 1581.056: Total time for which application threads were stopped: 0.0089831 seconds, Stopping threads took: 0.0002611 seconds
{Heap before GC invocations=113 (full 3):
 par new generation   total 109248K, used 96689K [0x00000000e0000000, 0x00000000e8000000, 0x00000000e8000000)
  eden space 87424K, 100% used [0x00000000e0000000, 0x00000000e5560000, 0x00000000e5560000)
  from space 21824K,  42% used [0x00000000e6ab0000, 0x00000000e73bc540, 0x00000000e8000000)
  to   space 21824K,   0% used [0x00000000e5560000, 0x00000000e5560000, 0x00000000e6ab0000)
 concurrent mark-sweep generation total 393216K, used 185928K [0x00000000e8000000, 0x0000000100000000, 0x0000000100000000)
 Metaspace       used 95133K, capacity 97587K, committed 98292K, reserved 1136640K
  class space    used 11092K, capacity 11593K, committed 11716K, reserved 1048576K
2019-05-25T18:49:28.078+0200: 1581.090: [GC (Allocation Failure) 2019-05-25T18:49:28.078+0200: 1581.090: [ParNew
Desired survivor size 20112992 bytes, new threshold 8 (max 8)
- age   1:    1203984 bytes,    1203984 total
- age   2:     514840 bytes,    1718824 total
- age   3:     512376 bytes,    2231200 total
- age   4:     112528 bytes,    2343728 total
- age   5:      85696 bytes,    2429424 total
- age   6:      83056 bytes,    2512480 total
- age   7:    1293232 bytes,    3805712 total
- age   8:    3320880 bytes,    7126592 total
: 96689K->11504K(109248K), 0.0088188 secs] 282617K->198112K(502464K), 0.0090786 secs] [Times: user=0.06 sys=0.00, real=0.01 secs] 
Heap after GC invocations=114 (full 3):
 par new generation   total 109248K, used 11504K [0x00000000e0000000, 0x00000000e8000000, 0x00000000e8000000)
  eden space 87424K,   0% used [0x00000000e0000000, 0x00000000e0000000, 0x00000000e5560000)
  from space 21824K,  52% used [0x00000000e5560000, 0x00000000e609c3c0, 0x00000000e6ab0000)
  to   space 21824K,   0% used [0x00000000e6ab0000, 0x00000000e6ab0000, 0x00000000e8000000)
 concurrent mark-sweep generation total 393216K, used 186607K [0x00000000e8000000, 0x0000000100000000, 0x0000000100000000)
 Metaspace       used 95133K, capacity 97587K, committed 98292K, reserved 1136640K
  class space    used 11092K, capacity 11593K, committed 11716K, reserved 1048576K
}
2019-05-25T18:49:28.087+0200: 1581.099: Total time for which application threads were stopped: 0.0099640 seconds, Stopping threads took: 0.0004489 seconds
{Heap before GC invocations=114 (full 3):
 par new generation   total 109248K, used 98928K [0x00000000e0000000, 0x00000000e8000000, 0x00000000e8000000)
  eden space 87424K, 100% used [0x00000000e0000000, 0x00000000e5560000, 0x00000000e5560000)
  from space 21824K,  52% used [0x00000000e5560000, 0x00000000e609c3c0, 0x00000000e6ab0000)
  to   space 21824K,   0% used [0x00000000e6ab0000, 0x00000000e6ab0000, 0x00000000e8000000)
 concurrent mark-sweep generation total 393216K, used 186607K [0x00000000e8000000, 0x0000000100000000, 0x0000000100000000)
 Metaspace       used 95165K, capacity 97635K, committed 98292K, reserved 1136640K
  class space    used 11096K, capacity 11601K, committed 11716K, reserved 1048576K
2019-05-25T18:49:28.175+0200: 1581.187: [GC (Allocation Failure) 2019-05-25T18:49:28.175+0200: 1581.187: [ParNew
Desired survivor size 20112992 bytes, new threshold 8 (max 8)
- age   1:    1827200 bytes,    1827200 total
- age   2:     441176 bytes,    2268376 total
- age   3:     315976 bytes,    2584352 total
- age   4:     511920 bytes,    3096272 total
- age   5:     112120 bytes,    3208392 total
- age   6:      84592 bytes,    3292984 total
- age   7:      82000 bytes,    3374984 total
- age   8:    1292264 bytes,    4667248 total
: 98928K->5920K(109248K), 0.0126298 secs] 285536K->195780K(502464K), 0.0127561 secs] [Times: user=0.06 sys=0.00, real=0.01 secs] 
Heap after GC invocations=115 (full 3):
 par new generation   total 109248K, used 5920K [0x00000000e0000000, 0x00000000e8000000, 0x00000000e8000000)
  eden space 87424K,   0% used [0x00000000e0000000, 0x00000000e0000000, 0x00000000e5560000)
  from space 21824K,  27% used [0x00000000e6ab0000, 0x00000000e70783d8, 0x00000000e8000000)
  to   space 21824K,   0% used [0x00000000e5560000, 0x00000000e5560000, 0x00000000e6ab0000)
 concurrent mark-sweep generation total 393216K, used 189859K [0x00000000e8000000, 0x0000000100000000, 0x0000000100000000)
 Metaspace       used 95165K, capacity 97635K, committed 98292K, reserved 1136640K
  class space    used 11096K, capacity 11601K, committed 11716K, reserved 1048576K
}
2019-05-25T18:49:28.188+0200: 1581.200: Total time for which application threads were stopped: 0.0152563 seconds, Stopping threads took: 0.0020518 seconds
2019-05-25T18:49:28.188+0200: 1581.201: Total time for which application threads were stopped: 0.0003610 seconds, Stopping threads took: 0.0000815 seconds
2019-05-25T18:49:28.189+0200: 1581.202: Total time for which application threads were stopped: 0.0003264 seconds, Stopping threads took: 0.0000781 seconds
{Heap before GC invocations=115 (full 3):
 par new generation   total 109248K, used 93344K [0x00000000e0000000, 0x00000000e8000000, 0x00000000e8000000)
  eden space 87424K, 100% used [0x00000000e0000000, 0x00000000e5560000, 0x00000000e5560000)
  from space 21824K,  27% used [0x00000000e6ab0000, 0x00000000e70783d8, 0x00000000e8000000)
  to   space 21824K,   0% used [0x00000000e5560000, 0x00000000e5560000, 0x00000000e6ab0000)
 concurrent mark-sweep generation total 393216K, used 189859K [0x00000000e8000000, 0x0000000100000000, 0x0000000100000000)
 Metaspace       used 95165K, capacity 97635K, committed 98292K, reserved 1136640K
  class space    used 11096K, capacity 11601K, committed 11716K, reserved 1048576K
2019-05-25T18:49:28.264+0200: 1581.276: [GC (Allocation Failure) 2019-05-25T18:49:28.264+0200: 1581.277: [ParNew
Desired survivor size 20112992 bytes, new threshold 8 (max 8)
- age   1:    2130144 bytes,    2130144 total
- age   2:    1119672 bytes,    3249816 total
- age   3:     440616 bytes,    3690432 total
- age   4:     315704 bytes,    4006136 total
- age   5:     511752 bytes,    4517888 total
- age   6:     111760 bytes,    4629648 total
- age   7:      84592 bytes,    4714240 total
- age   8:      82000 bytes,    4796240 total
: 93344K->5748K(109248K), 0.0084762 secs] 283204K->196871K(502464K), 0.0087143 secs] [Times: user=0.03 sys=0.02, real=0.01 secs] 
Heap after GC invocations=116 (full 3):
 par new generation   total 109248K, used 5748K [0x00000000e0000000, 0x00000000e8000000, 0x00000000e8000000)
  eden space 87424K,   0% used [0x00000000e0000000, 0x00000000e0000000, 0x00000000e5560000)
  from space 21824K,  26% used [0x00000000e5560000, 0x00000000e5afd348, 0x00000000e6ab0000)
  to   space 21824K,   0% used [0x00000000e6ab0000, 0x00000000e6ab0000, 0x00000000e8000000)
 concurrent mark-sweep generation total 393216K, used 191123K [0x00000000e8000000, 0x0000000100000000, 0x0000000100000000)
 Metaspace       used 95165K, capacity 97635K, committed 98292K, reserved 1136640K
  class space    used 11096K, capacity 11601K, committed 11716K, reserved 1048576K
}
2019-05-25T18:49:28.273+0200: 1581.285: Total time for which application threads were stopped: 0.0102439 seconds, Stopping threads took: 0.0010752 seconds
{Heap before GC invocations=116 (full 3):
 par new generation   total 109248K, used 93172K [0x00000000e0000000, 0x00000000e8000000, 0x00000000e8000000)
  eden space 87424K, 100% used [0x00000000e0000000, 0x00000000e5560000, 0x00000000e5560000)
  from space 21824K,  26% used [0x00000000e5560000, 0x00000000e5afd348, 0x00000000e6ab0000)
  to   space 21824K,   0% used [0x00000000e6ab0000, 0x00000000e6ab0000, 0x00000000e8000000)
 concurrent mark-sweep generation total 393216K, used 191123K [0x00000000e8000000, 0x0000000100000000, 0x0000000100000000)
 Metaspace       used 95173K, capacity 97647K, committed 98292K, reserved 1136640K
  class space    used 11097K, capacity 11603K, committed 11716K, reserved 1048576K
2019-05-25T18:49:28.301+0200: 1581.313: [GC (Allocation Failure) 2019-05-25T18:49:28.301+0200: 1581.313: [ParNew
Desired survivor size 20112992 bytes, new threshold 8 (max 8)
- age   1:    1741496 bytes,    1741496 total
- age   2:    1908208 bytes,    3649704 total
- age   3:    1100488 bytes,    4750192 total
- age   4:     440552 bytes,    5190744 total
- age   5:     315704 bytes,    5506448 total
- age   6:     511752 bytes,    6018200 total
- age   7:     111760 bytes,    6129960 total
- age   8:      84592 bytes,    6214552 total
: 93172K->8303K(109248K), 0.0076723 secs] 284295K->199508K(502464K), 0.0078221 secs] [Times: user=0.06 sys=0.00, real=0.01 secs] 
Heap after GC invocations=117 (full 3):
 par new generation   total 109248K, used 8303K [0x00000000e0000000, 0x00000000e8000000, 0x00000000e8000000)
  eden space 87424K,   0% used [0x00000000e0000000, 0x00000000e0000000, 0x00000000e5560000)
  from space 21824K,  38% used [0x00000000e6ab0000, 0x00000000e72cbcc0, 0x00000000e8000000)
  to   space 21824K,   0% used [0x00000000e5560000, 0x00000000e5560000, 0x00000000e6ab0000)
 concurrent mark-sweep generation total 393216K, used 191205K [0x00000000e8000000, 0x0000000100000000, 0x0000000100000000)
 Metaspace       used 95173K, capacity 97647K, committed 98292K, reserved 1136640K
  class space    used 11097K, capacity 11603K, committed 11716K, reserved 1048576K
}
2019-05-25T18:49:28.309+0200: 1581.321: Total time for which application threads were stopped: 0.0083576 seconds, Stopping threads took: 0.0000708 seconds
2019-05-25T18:49:28.358+0200: 1581.370: Total time for which application threads were stopped: 0.0005675 seconds, Stopping threads took: 0.0002752 seconds
{Heap before GC invocations=117 (full 3):
 par new generation   total 109248K, used 95727K [0x00000000e0000000, 0x00000000e8000000, 0x00000000e8000000)
  eden space 87424K, 100% used [0x00000000e0000000, 0x00000000e5560000, 0x00000000e5560000)
  from space 21824K,  38% used [0x00000000e6ab0000, 0x00000000e72cbcc0, 0x00000000e8000000)
  to   space 21824K,   0% used [0x00000000e5560000, 0x00000000e5560000, 0x00000000e6ab0000)
 concurrent mark-sweep generation total 393216K, used 191205K [0x00000000e8000000, 0x0000000100000000, 0x0000000100000000)
 Metaspace       used 95184K, capacity 97647K, committed 98292K, reserved 1136640K
  class space    used 11097K, capacity 11603K, committed 11716K, reserved 1048576K
2019-05-25T18:49:28.369+0200: 1581.382: [GC (Allocation Failure) 2019-05-25T18:49:28.370+0200: 1581.382: [ParNew
Desired survivor size 20112992 bytes, new threshold 8 (max 8)
- age   1:    1005024 bytes,    1005024 total
- age   2:     886696 bytes,    1891720 total
- age   3:    1907888 bytes,    3799608 total
- age   4:    1099400 bytes,    4899008 total
- age   5:     440360 bytes,    5339368 total
- age   6:     315704 bytes,    5655072 total
- age   7:     511752 bytes,    6166824 total
- age   8:     111760 bytes,    6278584 total
: 95727K->8284K(109248K), 0.0075307 secs] 286932K->199574K(502464K), 0.0078345 secs] [Times: user=0.00 sys=0.00, real=0.01 secs] 
Heap after GC invocations=118 (full 3):
 par new generation   total 109248K, used 8284K [0x00000000e0000000, 0x00000000e8000000, 0x00000000e8000000)
  eden space 87424K,   0% used [0x00000000e0000000, 0x00000000e0000000, 0x00000000e5560000)
  from space 21824K,  37% used [0x00000000e5560000, 0x00000000e5d770e0, 0x00000000e6ab0000)
  to   space 21824K,   0% used [0x00000000e6ab0000, 0x00000000e6ab0000, 0x00000000e8000000)
 concurrent mark-sweep generation total 393216K, used 191290K [0x00000000e8000000, 0x0000000100000000, 0x0000000100000000)
 Metaspace       used 95184K, capacity 97647K, committed 98292K, reserved 1136640K
  class space    used 11097K, capacity 11603K, committed 11716K, reserved 1048576K
}
2019-05-25T18:49:28.377+0200: 1581.390: Total time for which application threads were stopped: 0.0082688 seconds, Stopping threads took: 0.0000717 seconds
{Heap before GC invocations=118 (full 3):
 par new generation   total 109248K, used 95708K [0x00000000e0000000, 0x00000000e8000000, 0x00000000e8000000)
  eden space 87424K, 100% used [0x00000000e0000000, 0x00000000e5560000, 0x00000000e5560000)
  from space 21824K,  37% used [0x00000000e5560000, 0x00000000e5d770e0, 0x00000000e6ab0000)
  to   space 21824K,   0% used [0x00000000e6ab0000, 0x00000000e6ab0000, 0x00000000e8000000)
 concurrent mark-sweep generation total 393216K, used 191290K [0x00000000e8000000, 0x0000000100000000, 0x0000000100000000)
 Metaspace       used 95184K, capacity 97647K, committed 98292K, reserved 1136640K
  class space    used 11097K, capacity 11603K, committed 11716K, reserved 1048576K
2019-05-25T18:49:28.440+0200: 1581.453: [GC (Allocation Failure) 2019-05-25T18:49:28.440+0200: 1581.453: [ParNew
Desired survivor size 20112992 bytes, new threshold 8 (max 8)
- age   1:     613016 bytes,     613016 total
- age   2:     837824 bytes,    1450840 total
- age   3:     885696 bytes,    2336536 total
- age   4:    1267960 bytes,    3604496 total
- age   5:    1099400 bytes,    4703896 total
- age   6:     440360 bytes,    5144256 total
- age   7:     315704 bytes,    5459960 total
- age   8:     511752 bytes,    5971712 total
: 95708K->7819K(109248K), 0.0076322 secs] 286998K->199221K(502464K), 0.0077619 secs] [Times: user=0.06 sys=0.00, real=0.01 secs] 
Heap after GC invocations=119 (full 3):
 par new generation   total 109248K, used 7819K [0x00000000e0000000, 0x00000000e8000000, 0x00000000e8000000)
  eden space 87424K,   0% used [0x00000000e0000000, 0x00000000e0000000, 0x00000000e5560000)
  from space 21824K,  35% used [0x00000000e6ab0000, 0x00000000e7252c90, 0x00000000e8000000)
  to   space 21824K,   0% used [0x00000000e5560000, 0x00000000e5560000, 0x00000000e6ab0000)
 concurrent mark-sweep generation total 393216K, used 191401K [0x00000000e8000000, 0x0000000100000000, 0x0000000100000000)
 Metaspace       used 95184K, capacity 97647K, committed 98292K, reserved 1136640K
  class space    used 11097K, capacity 11603K, committed 11716K, reserved 1048576K
}
2019-05-25T18:49:28.448+0200: 1581.461: Total time for which application threads were stopped: 0.0081890 seconds, Stopping threads took: 0.0000478 seconds
2019-05-25T18:49:28.457+0200: 1581.469: Total time for which application threads were stopped: 0.0002756 seconds, Stopping threads took: 0.0000623 seconds
2019-05-25T18:49:28.466+0200: 1581.479: Total time for which application threads were stopped: 0.0002496 seconds, Stopping threads took: 0.0000538 seconds
2019-05-25T18:49:28.467+0200: 1581.479: Total time for which application threads were stopped: 0.0002522 seconds, Stopping threads took: 0.0000768 seconds
2019-05-25T18:49:28.469+0200: 1581.481: Total time for which application threads were stopped: 0.0002231 seconds, Stopping threads took: 0.0000469 seconds
2019-05-25T18:49:28.484+0200: 1581.497: Total time for which application threads were stopped: 0.0003597 seconds, Stopping threads took: 0.0000683 seconds
2019-05-25T18:49:28.529+0200: 1581.541: Total time for which application threads were stopped: 0.0003516 seconds, Stopping threads took: 0.0000546 seconds
2019-05-25T18:49:28.529+0200: 1581.542: Total time for which application threads were stopped: 0.0002790 seconds, Stopping threads took: 0.0000474 seconds
2019-05-25T18:49:28.532+0200: 1581.544: Total time for which application threads were stopped: 0.0002867 seconds, Stopping threads took: 0.0000538 seconds
2019-05-25T18:49:28.542+0200: 1581.554: Total time for which application threads were stopped: 0.0003051 seconds, Stopping threads took: 0.0000640 seconds
2019-05-25T18:49:29.543+0200: 1582.555: Total time for which application threads were stopped: 0.0003759 seconds, Stopping threads took: 0.0000768 seconds
2019-05-25T18:49:33.048+0200: 1586.060: Total time for which application threads were stopped: 0.0009212 seconds, Stopping threads took: 0.0003511 seconds
2019-05-25T18:49:33.051+0200: 1586.063: Total time for which application threads were stopped: 0.0007684 seconds, Stopping threads took: 0.0003089 seconds
2019-05-25T18:49:33.052+0200: 1586.064: Total time for which application threads were stopped: 0.0007970 seconds, Stopping threads took: 0.0002236 seconds
2019-05-25T18:49:33.052+0200: 1586.065: Total time for which application threads were stopped: 0.0005414 seconds, Stopping threads took: 0.0001527 seconds
2019-05-25T18:49:33.053+0200: 1586.066: Total time for which application threads were stopped: 0.0006187 seconds, Stopping threads took: 0.0002475 seconds
2019-05-25T18:49:33.054+0200: 1586.066: Total time for which application threads were stopped: 0.0004873 seconds, Stopping threads took: 0.0001600 seconds
2019-05-25T18:49:33.055+0200: 1586.067: Total time for which application threads were stopped: 0.0006340 seconds, Stopping threads took: 0.0002876 seconds
2019-05-25T18:49:33.055+0200: 1586.068: Total time for which application threads were stopped: 0.0004489 seconds, Stopping threads took: 0.0001122 seconds
2019-05-25T18:49:33.080+0200: 1586.093: Total time for which application threads were stopped: 0.0005943 seconds, Stopping threads took: 0.0001156 seconds
2019-05-25T18:49:33.080+0200: 1586.093: Total time for which application threads were stopped: 0.0003136 seconds, Stopping threads took: 0.0000503 seconds
2019-05-25T18:49:33.117+0200: 1586.129: Total time for which application threads were stopped: 0.0002748 seconds, Stopping threads took: 0.0000883 seconds
2019-05-25T18:49:33.117+0200: 1586.129: Total time for which application threads were stopped: 0.0002415 seconds, Stopping threads took: 0.0000521 seconds
2019-05-25T18:49:33.117+0200: 1586.129: Total time for which application threads were stopped: 0.0001741 seconds, Stopping threads took: 0.0000499 seconds
2019-05-25T18:49:33.117+0200: 1586.130: Total time for which application threads were stopped: 0.0001698 seconds, Stopping threads took: 0.0000465 seconds
2019-05-25T18:49:33.117+0200: 1586.130: Total time for which application threads were stopped: 0.0002082 seconds, Stopping threads took: 0.0001233 seconds
2019-05-25T18:49:33.117+0200: 1586.130: Total time for which application threads were stopped: 0.0001382 seconds, Stopping threads took: 0.0000546 seconds
2019-05-25T18:49:33.118+0200: 1586.130: Total time for which application threads were stopped: 0.0001749 seconds, Stopping threads took: 0.0000538 seconds
2019-05-25T18:49:33.118+0200: 1586.131: Total time for which application threads were stopped: 0.0001173 seconds, Stopping threads took: 0.0000444 seconds
{Heap before GC invocations=119 (full 3):
 par new generation   total 109248K, used 95241K [0x00000000e0000000, 0x00000000e8000000, 0x00000000e8000000)
  eden space 87424K,  99% used [0x00000000e0000000, 0x00000000e555fac0, 0x00000000e5560000)
  from space 21824K,  35% used [0x00000000e6ab0000, 0x00000000e7252c90, 0x00000000e8000000)
  to   space 21824K,   0% used [0x00000000e5560000, 0x00000000e5560000, 0x00000000e6ab0000)
 concurrent mark-sweep generation total 393216K, used 191401K [0x00000000e8000000, 0x0000000100000000, 0x0000000100000000)
 Metaspace       used 95386K, capacity 97941K, committed 98292K, reserved 1136640K
  class space    used 11125K, capacity 11652K, committed 11716K, reserved 1048576K
2019-05-25T18:49:33.123+0200: 1586.136: [GC (Allocation Failure) 2019-05-25T18:49:33.123+0200: 1586.136: [ParNew
Desired survivor size 20112992 bytes, new threshold 8 (max 8)
- age   1:    3105320 bytes,    3105320 total
- age   2:     484728 bytes,    3590048 total
- age   3:     837272 bytes,    4427320 total
- age   4:     209248 bytes,    4636568 total
- age   5:    1228432 bytes,    5865000 total
- age   6:    1096400 bytes,    6961400 total
- age   7:     440328 bytes,    7401728 total
- age   8:     315480 bytes,    7717208 total
: 95241K->9648K(109248K), 0.0132369 secs] 286643K->201552K(502464K), 0.0133521 secs] [Times: user=0.05 sys=0.00, real=0.01 secs] 
Heap after GC invocations=120 (full 3):
 par new generation   total 109248K, used 9648K [0x00000000e0000000, 0x00000000e8000000, 0x00000000e8000000)
  eden space 87424K,   0% used [0x00000000e0000000, 0x00000000e0000000, 0x00000000e5560000)
  from space 21824K,  44% used [0x00000000e5560000, 0x00000000e5ecc2f8, 0x00000000e6ab0000)
  to   space 21824K,   0% used [0x00000000e6ab0000, 0x00000000e6ab0000, 0x00000000e8000000)
 concurrent mark-sweep generation total 393216K, used 191903K [0x00000000e8000000, 0x0000000100000000, 0x0000000100000000)
 Metaspace       used 95386K, capacity 97941K, committed 98292K, reserved 1136640K
  class space    used 11125K, capacity 11652K, committed 11716K, reserved 1048576K
}
2019-05-25T18:49:33.137+0200: 1586.150: Total time for which application threads were stopped: 0.0138014 seconds, Stopping threads took: 0.0000631 seconds
2019-05-25T18:49:33.147+0200: 1586.160: Total time for which application threads were stopped: 0.0003541 seconds, Stopping threads took: 0.0000811 seconds
2019-05-25T18:49:33.148+0200: 1586.160: Total time for which application threads were stopped: 0.0001954 seconds, Stopping threads took: 0.0000427 seconds
{Heap before GC invocations=120 (full 3):
 par new generation   total 109248K, used 97072K [0x00000000e0000000, 0x00000000e8000000, 0x00000000e8000000)
  eden space 87424K, 100% used [0x00000000e0000000, 0x00000000e5560000, 0x00000000e5560000)
  from space 21824K,  44% used [0x00000000e5560000, 0x00000000e5ecc2f8, 0x00000000e6ab0000)
  to   space 21824K,   0% used [0x00000000e6ab0000, 0x00000000e6ab0000, 0x00000000e8000000)
 concurrent mark-sweep generation total 393216K, used 191903K [0x00000000e8000000, 0x0000000100000000, 0x0000000100000000)
 Metaspace       used 95420K, capacity 97995K, committed 98292K, reserved 1136640K
  class space    used 11130K, capacity 11661K, committed 11716K, reserved 1048576K
2019-05-25T18:49:33.216+0200: 1586.228: [GC (Allocation Failure) 2019-05-25T18:49:33.216+0200: 1586.228: [ParNew
Desired survivor size 20112992 bytes, new threshold 8 (max 8)
- age   1:     183880 bytes,     183880 total
- age   2:    2556896 bytes,    2740776 total
- age   3:     484728 bytes,    3225504 total
- age   4:     837272 bytes,    4062776 total
- age   5:     209248 bytes,    4272024 total
- age   6:    1228432 bytes,    5500456 total
- age   7:    1096400 bytes,    6596856 total
- age   8:     440328 bytes,    7037184 total
: 97072K->11190K(109248K), 0.0090244 secs] 288976K->203404K(502464K), 0.0091635 secs] [Times: user=0.05 sys=0.00, real=0.01 secs] 
Heap after GC invocations=121 (full 3):
 par new generation   total 109248K, used 11190K [0x00000000e0000000, 0x00000000e8000000, 0x00000000e8000000)
  eden space 87424K,   0% used [0x00000000e0000000, 0x00000000e0000000, 0x00000000e5560000)
  from space 21824K,  51% used [0x00000000e6ab0000, 0x00000000e759d948, 0x00000000e8000000)
  to   space 21824K,   0% used [0x00000000e5560000, 0x00000000e5560000, 0x00000000e6ab0000)
 concurrent mark-sweep generation total 393216K, used 192214K [0x00000000e8000000, 0x0000000100000000, 0x0000000100000000)
 Metaspace       used 95420K, capacity 97995K, committed 98292K, reserved 1136640K
  class space    used 11130K, capacity 11661K, committed 11716K, reserved 1048576K
}
2019-05-25T18:49:33.225+0200: 1586.237: Total time for which application threads were stopped: 0.0096231 seconds, Stopping threads took: 0.0000649 seconds
2019-05-25T18:49:34.226+0200: 1587.238: Total time for which application threads were stopped: 0.0005030 seconds, Stopping threads took: 0.0000892 seconds
2019-05-25T18:49:38.228+0200: 1591.240: Total time for which application threads were stopped: 0.0002726 seconds, Stopping threads took: 0.0000457 seconds
2019-05-25T18:49:38.420+0200: 1591.432: Total time for which application threads were stopped: 0.0002756 seconds, Stopping threads took: 0.0000593 seconds
2019-05-25T18:49:38.420+0200: 1591.433: Total time for which application threads were stopped: 0.0002820 seconds, Stopping threads took: 0.0000751 seconds
2019-05-25T18:49:38.421+0200: 1591.433: Total time for which application threads were stopped: 0.0002846 seconds, Stopping threads took: 0.0001207 seconds
2019-05-25T18:49:38.421+0200: 1591.434: Total time for which application threads were stopped: 0.0002842 seconds, Stopping threads took: 0.0000695 seconds
2019-05-25T18:49:38.422+0200: 1591.434: Total time for which application threads were stopped: 0.0003004 seconds, Stopping threads took: 0.0000777 seconds
2019-05-25T18:49:38.423+0200: 1591.435: Total time for which application threads were stopped: 0.0002974 seconds, Stopping threads took: 0.0000610 seconds
2019-05-25T18:49:38.423+0200: 1591.436: Total time for which application threads were stopped: 0.0006170 seconds, Stopping threads took: 0.0000512 seconds
2019-05-25T18:49:39.424+0200: 1592.436: Total time for which application threads were stopped: 0.0005175 seconds, Stopping threads took: 0.0001058 seconds
2019-05-25T18:49:42.924+0200: 1595.937: Total time for which application threads were stopped: 0.0002603 seconds, Stopping threads took: 0.0000512 seconds
2019-05-25T18:49:42.925+0200: 1595.938: Total time for which application threads were stopped: 0.0003870 seconds, Stopping threads took: 0.0000529 seconds
2019-05-25T18:49:42.925+0200: 1595.938: Total time for which application threads were stopped: 0.0001988 seconds, Stopping threads took: 0.0000550 seconds
2019-05-25T18:49:42.925+0200: 1595.938: Total time for which application threads were stopped: 0.0002270 seconds, Stopping threads took: 0.0000469 seconds
2019-05-25T18:49:42.926+0200: 1595.938: Total time for which application threads were stopped: 0.0002159 seconds, Stopping threads took: 0.0000482 seconds
2019-05-25T18:49:42.926+0200: 1595.939: Total time for which application threads were stopped: 0.0001805 seconds, Stopping threads took: 0.0000516 seconds
2019-05-25T18:49:42.926+0200: 1595.939: Total time for which application threads were stopped: 0.0002432 seconds, Stopping threads took: 0.0000444 seconds
2019-05-25T18:49:42.956+0200: 1595.969: Total time for which application threads were stopped: 0.0003217 seconds, Stopping threads took: 0.0000482 seconds
2019-05-25T18:49:42.956+0200: 1595.969: Total time for which application threads were stopped: 0.0001933 seconds, Stopping threads took: 0.0000431 seconds
2019-05-25T18:49:42.959+0200: 1595.971: Total time for which application threads were stopped: 0.0003341 seconds, Stopping threads took: 0.0000644 seconds
2019-05-25T18:49:42.960+0200: 1595.972: Total time for which application threads were stopped: 0.0004053 seconds, Stopping threads took: 0.0000678 seconds
2019-05-25T18:49:42.960+0200: 1595.972: Total time for which application threads were stopped: 0.0003558 seconds, Stopping threads took: 0.0000448 seconds
2019-05-25T18:49:42.966+0200: 1595.978: Total time for which application threads were stopped: 0.0007863 seconds, Stopping threads took: 0.0004996 seconds
2019-05-25T18:49:42.966+0200: 1595.978: Total time for which application threads were stopped: 0.0002931 seconds, Stopping threads took: 0.0000393 seconds
2019-05-25T18:49:42.969+0200: 1595.981: Total time for which application threads were stopped: 0.0003699 seconds, Stopping threads took: 0.0000947 seconds
2019-05-25T18:49:43.008+0200: 1596.021: Total time for which application threads were stopped: 0.0003392 seconds, Stopping threads took: 0.0000713 seconds
2019-05-25T18:49:43.021+0200: 1596.033: Total time for which application threads were stopped: 0.0002295 seconds, Stopping threads took: 0.0000452 seconds
2019-05-25T18:49:45.034+0200: 1598.046: Total time for which application threads were stopped: 0.0003319 seconds, Stopping threads took: 0.0000503 seconds
2019-05-25T18:49:45.040+0200: 1598.052: Total time for which application threads were stopped: 0.0003447 seconds, Stopping threads took: 0.0000593 seconds
2019-05-25T18:49:46.040+0200: 1599.053: Total time for which application threads were stopped: 0.0004676 seconds, Stopping threads took: 0.0000926 seconds
2019-05-25T18:51:03.071+0200: 1676.084: Total time for which application threads were stopped: 0.0004787 seconds, Stopping threads took: 0.0000998 seconds
2019-05-25T18:51:09.074+0200: 1682.086: Total time for which application threads were stopped: 0.0005850 seconds, Stopping threads took: 0.0001545 seconds
2019-05-25T18:51:19.729+0200: 1692.741: Total time for which application threads were stopped: 0.0002633 seconds, Stopping threads took: 0.0000414 seconds
2019-05-25T18:51:19.737+0200: 1692.750: Total time for which application threads were stopped: 0.0002611 seconds, Stopping threads took: 0.0000567 seconds
2019-05-25T18:51:19.740+0200: 1692.753: Total time for which application threads were stopped: 0.0001937 seconds, Stopping threads took: 0.0000388 seconds
2019-05-25T18:51:19.741+0200: 1692.754: Total time for which application threads were stopped: 0.0004548 seconds, Stopping threads took: 0.0000247 seconds
2019-05-25T18:51:19.744+0200: 1692.756: Total time for which application threads were stopped: 0.0002321 seconds, Stopping threads took: 0.0000367 seconds
2019-05-25T18:51:19.746+0200: 1692.759: Total time for which application threads were stopped: 0.0002108 seconds, Stopping threads took: 0.0000397 seconds
2019-05-25T18:51:19.846+0200: 1692.858: Total time for which application threads were stopped: 0.0002581 seconds, Stopping threads took: 0.0000393 seconds
2019-05-25T18:51:19.970+0200: 1692.983: Total time for which application threads were stopped: 0.0002069 seconds, Stopping threads took: 0.0000350 seconds
2019-05-25T18:51:19.976+0200: 1692.988: Total time for which application threads were stopped: 0.0001988 seconds, Stopping threads took: 0.0000341 seconds
2019-05-25T18:51:20.069+0200: 1693.082: Total time for which application threads were stopped: 0.0014080 seconds, Stopping threads took: 0.0000836 seconds
2019-05-25T18:51:20.071+0200: 1693.083: Total time for which application threads were stopped: 0.0004919 seconds, Stopping threads took: 0.0001190 seconds
2019-05-25T18:51:20.076+0200: 1693.089: Total time for which application threads were stopped: 0.0007774 seconds, Stopping threads took: 0.0003059 seconds
2019-05-25T18:51:20.092+0200: 1693.104: Total time for which application threads were stopped: 0.0009361 seconds, Stopping threads took: 0.0001741 seconds
2019-05-25T18:51:20.211+0200: 1693.223: Total time for which application threads were stopped: 0.0005500 seconds, Stopping threads took: 0.0001015 seconds
{Heap before GC invocations=121 (full 3):
 par new generation   total 109248K, used 98614K [0x00000000e0000000, 0x00000000e8000000, 0x00000000e8000000)
  eden space 87424K, 100% used [0x00000000e0000000, 0x00000000e5560000, 0x00000000e5560000)
  from space 21824K,  51% used [0x00000000e6ab0000, 0x00000000e759d948, 0x00000000e8000000)
  to   space 21824K,   0% used [0x00000000e5560000, 0x00000000e5560000, 0x00000000e6ab0000)
 concurrent mark-sweep generation total 393216K, used 192214K [0x00000000e8000000, 0x0000000100000000, 0x0000000100000000)
 Metaspace       used 95530K, capacity 98203K, committed 98292K, reserved 1136640K
  class space    used 11144K, capacity 11677K, committed 11716K, reserved 1048576K
2019-05-25T18:51:21.202+0200: 1694.214: [GC (Allocation Failure) 2019-05-25T18:51:21.202+0200: 1694.214: [ParNew
Desired survivor size 20112992 bytes, new threshold 8 (max 8)
- age   1:    2411448 bytes,    2411448 total
- age   2:     163080 bytes,    2574528 total
- age   3:    1890504 bytes,    4465032 total
- age   4:     484728 bytes,    4949760 total
- age   5:     837112 bytes,    5786872 total
- age   6:     209248 bytes,    5996120 total
- age   7:    1221248 bytes,    7217368 total
- age   8:    1093560 bytes,    8310928 total
: 98614K->9949K(109248K), 0.0106057 secs] 290828K->202596K(502464K), 0.0107264 secs] [Times: user=0.06 sys=0.00, real=0.01 secs] 
Heap after GC invocations=122 (full 3):
 par new generation   total 109248K, used 9949K [0x00000000e0000000, 0x00000000e8000000, 0x00000000e8000000)
  eden space 87424K,   0% used [0x00000000e0000000, 0x00000000e0000000, 0x00000000e5560000)
  from space 21824K,  45% used [0x00000000e5560000, 0x00000000e5f177e0, 0x00000000e6ab0000)
  to   space 21824K,   0% used [0x00000000e6ab0000, 0x00000000e6ab0000, 0x00000000e8000000)
 concurrent mark-sweep generation total 393216K, used 192646K [0x00000000e8000000, 0x0000000100000000, 0x0000000100000000)
 Metaspace       used 95530K, capacity 98203K, committed 98292K, reserved 1136640K
  class space    used 11144K, capacity 11677K, committed 11716K, reserved 1048576K
}
2019-05-25T18:51:21.213+0200: 1694.225: Total time for which application threads were stopped: 0.0111352 seconds, Stopping threads took: 0.0000512 seconds
2019-05-25T18:51:21.213+0200: 1694.226: Total time for which application threads were stopped: 0.0002543 seconds, Stopping threads took: 0.0000358 seconds
{Heap before GC invocations=122 (full 3):
 par new generation   total 109248K, used 97373K [0x00000000e0000000, 0x00000000e8000000, 0x00000000e8000000)
  eden space 87424K, 100% used [0x00000000e0000000, 0x00000000e5560000, 0x00000000e5560000)
  from space 21824K,  45% used [0x00000000e5560000, 0x00000000e5f177e0, 0x00000000e6ab0000)
  to   space 21824K,   0% used [0x00000000e6ab0000, 0x00000000e6ab0000, 0x00000000e8000000)
 concurrent mark-sweep generation total 393216K, used 192646K [0x00000000e8000000, 0x0000000100000000, 0x0000000100000000)
 Metaspace       used 95530K, capacity 98203K, committed 98292K, reserved 1136640K
  class space    used 11144K, capacity 11677K, committed 11716K, reserved 1048576K
2019-05-25T18:51:21.242+0200: 1694.255: [GC (Allocation Failure) 2019-05-25T18:51:21.242+0200: 1694.255: [ParNew
Desired survivor size 20112992 bytes, new threshold 8 (max 8)
- age   1:     138384 bytes,     138384 total
- age   2:    2152312 bytes,    2290696 total
- age   3:     163080 bytes,    2453776 total
- age   4:    1890576 bytes,    4344352 total
- age   5:     484728 bytes,    4829080 total
- age   6:     837112 bytes,    5666192 total
- age   7:     209248 bytes,    5875440 total
- age   8:    1221248 bytes,    7096688 total
: 97373K->10374K(109248K), 0.0106155 secs] 290020K->204095K(502464K), 0.0107520 secs] [Times: user=0.00 sys=0.00, real=0.01 secs] 
Heap after GC invocations=123 (full 3):
 par new generation   total 109248K, used 10374K [0x00000000e0000000, 0x00000000e8000000, 0x00000000e8000000)
  eden space 87424K,   0% used [0x00000000e0000000, 0x00000000e0000000, 0x00000000e5560000)
  from space 21824K,  47% used [0x00000000e6ab0000, 0x00000000e74d1950, 0x00000000e8000000)
  to   space 21824K,   0% used [0x00000000e5560000, 0x00000000e5560000, 0x00000000e6ab0000)
 concurrent mark-sweep generation total 393216K, used 193721K [0x00000000e8000000, 0x0000000100000000, 0x0000000100000000)
 Metaspace       used 95530K, capacity 98203K, committed 98292K, reserved 1136640K
  class space    used 11144K, capacity 11677K, committed 11716K, reserved 1048576K
}
2019-05-25T18:51:21.253+0200: 1694.265: Total time for which application threads were stopped: 0.0111876 seconds, Stopping threads took: 0.0000444 seconds
2019-05-25T18:51:21.331+0200: 1694.343: Total time for which application threads were stopped: 0.0005158 seconds, Stopping threads took: 0.0000350 seconds
2019-05-25T18:51:21.359+0200: 1694.372: Total time for which application threads were stopped: 0.0005406 seconds, Stopping threads took: 0.0000346 seconds
2019-05-25T18:51:21.361+0200: 1694.373: Total time for which application threads were stopped: 0.0002487 seconds, Stopping threads took: 0.0000491 seconds
2019-05-25T18:51:22.362+0200: 1695.374: Total time for which application threads were stopped: 0.0005542 seconds, Stopping threads took: 0.0000900 seconds
2019-05-25T18:51:25.920+0200: 1698.933: Total time for which application threads were stopped: 0.0007889 seconds, Stopping threads took: 0.0001015 seconds
2019-05-25T18:51:25.953+0200: 1698.965: Total time for which application threads were stopped: 0.0006135 seconds, Stopping threads took: 0.0001993 seconds
2019-05-25T18:51:25.975+0200: 1698.988: Total time for which application threads were stopped: 0.0003618 seconds, Stopping threads took: 0.0000559 seconds
2019-05-25T18:51:25.978+0200: 1698.991: Total time for which application threads were stopped: 0.0003255 seconds, Stopping threads took: 0.0000508 seconds
2019-05-25T18:51:25.995+0200: 1699.007: Total time for which application threads were stopped: 0.0004553 seconds, Stopping threads took: 0.0000623 seconds
2019-05-25T18:51:26.003+0200: 1699.015: Total time for which application threads were stopped: 0.0003631 seconds, Stopping threads took: 0.0000585 seconds
2019-05-25T18:51:26.006+0200: 1699.019: Total time for which application threads were stopped: 0.0003537 seconds, Stopping threads took: 0.0000567 seconds
2019-05-25T18:51:26.011+0200: 1699.023: Total time for which application threads were stopped: 0.0003516 seconds, Stopping threads took: 0.0000567 seconds
2019-05-25T18:51:26.026+0200: 1699.039: Total time for which application threads were stopped: 0.0003635 seconds, Stopping threads took: 0.0000576 seconds
2019-05-25T18:51:26.039+0200: 1699.051: Total time for which application threads were stopped: 0.0004723 seconds, Stopping threads took: 0.0001745 seconds
2019-05-25T18:51:26.044+0200: 1699.057: Total time for which application threads were stopped: 0.0006421 seconds, Stopping threads took: 0.0002918 seconds
2019-05-25T18:51:26.045+0200: 1699.057: Total time for which application threads were stopped: 0.0004450 seconds, Stopping threads took: 0.0001805 seconds
2019-05-25T18:51:26.052+0200: 1699.064: Total time for which application threads were stopped: 0.0004484 seconds, Stopping threads took: 0.0001182 seconds
2019-05-25T18:51:26.059+0200: 1699.071: Total time for which application threads were stopped: 0.0004484 seconds, Stopping threads took: 0.0001318 seconds
2019-05-25T18:51:26.071+0200: 1699.084: Total time for which application threads were stopped: 0.0002688 seconds, Stopping threads took: 0.0000435 seconds
2019-05-25T18:51:26.163+0200: 1699.175: Total time for which application threads were stopped: 0.0007663 seconds, Stopping threads took: 0.0002116 seconds
2019-05-25T18:51:26.171+0200: 1699.183: Total time for which application threads were stopped: 0.0007633 seconds, Stopping threads took: 0.0001664 seconds
2019-05-25T18:51:26.178+0200: 1699.191: Total time for which application threads were stopped: 0.0006985 seconds, Stopping threads took: 0.0001668 seconds
2019-05-25T18:51:26.226+0200: 1699.239: Total time for which application threads were stopped: 0.0003580 seconds, Stopping threads took: 0.0001847 seconds
2019-05-25T18:51:26.227+0200: 1699.239: Total time for which application threads were stopped: 0.0002287 seconds, Stopping threads took: 0.0000307 seconds
2019-05-25T18:51:26.227+0200: 1699.240: Total time for which application threads were stopped: 0.0001540 seconds, Stopping threads took: 0.0000243 seconds
2019-05-25T18:51:26.227+0200: 1699.240: Total time for which application threads were stopped: 0.0001408 seconds, Stopping threads took: 0.0000205 seconds
2019-05-25T18:51:26.228+0200: 1699.240: Total time for which application threads were stopped: 0.0002287 seconds, Stopping threads took: 0.0001101 seconds
2019-05-25T18:51:26.228+0200: 1699.241: Total time for which application threads were stopped: 0.0002842 seconds, Stopping threads took: 0.0001557 seconds
2019-05-25T18:51:26.228+0200: 1699.241: Total time for which application threads were stopped: 0.0002377 seconds, Stopping threads took: 0.0001156 seconds
2019-05-25T18:51:26.239+0200: 1699.251: Total time for which application threads were stopped: 0.0002317 seconds, Stopping threads took: 0.0000491 seconds
2019-05-25T18:51:26.239+0200: 1699.251: Total time for which application threads were stopped: 0.0001698 seconds, Stopping threads took: 0.0000218 seconds
2019-05-25T18:51:26.241+0200: 1699.253: Total time for which application threads were stopped: 0.0001954 seconds, Stopping threads took: 0.0000337 seconds
2019-05-25T18:51:26.241+0200: 1699.253: Total time for which application threads were stopped: 0.0002594 seconds, Stopping threads took: 0.0000247 seconds
2019-05-25T18:51:26.242+0200: 1699.254: Total time for which application threads were stopped: 0.0002031 seconds, Stopping threads took: 0.0000290 seconds
2019-05-25T18:51:26.244+0200: 1699.256: Total time for which application threads were stopped: 0.0002406 seconds, Stopping threads took: 0.0000474 seconds
2019-05-25T18:51:26.244+0200: 1699.256: Total time for which application threads were stopped: 0.0002167 seconds, Stopping threads took: 0.0000333 seconds
2019-05-25T18:51:26.245+0200: 1699.257: Total time for which application threads were stopped: 0.0002086 seconds, Stopping threads took: 0.0000286 seconds
2019-05-25T18:51:26.263+0200: 1699.276: Total time for which application threads were stopped: 0.0002022 seconds, Stopping threads took: 0.0000333 seconds
2019-05-25T18:51:26.264+0200: 1699.276: Total time for which application threads were stopped: 0.0001468 seconds, Stopping threads took: 0.0000337 seconds
2019-05-25T18:51:26.264+0200: 1699.277: Total time for which application threads were stopped: 0.0001212 seconds, Stopping threads took: 0.0000162 seconds
{Heap before GC invocations=123 (full 3):
 par new generation   total 109248K, used 97798K [0x00000000e0000000, 0x00000000e8000000, 0x00000000e8000000)
  eden space 87424K, 100% used [0x00000000e0000000, 0x00000000e5560000, 0x00000000e5560000)
  from space 21824K,  47% used [0x00000000e6ab0000, 0x00000000e74d1950, 0x00000000e8000000)
  to   space 21824K,   0% used [0x00000000e5560000, 0x00000000e5560000, 0x00000000e6ab0000)
 concurrent mark-sweep generation total 393216K, used 193721K [0x00000000e8000000, 0x0000000100000000, 0x0000000100000000)
 Metaspace       used 95702K, capacity 98391K, committed 98676K, reserved 1136640K
  class space    used 11167K, capacity 11719K, committed 11844K, reserved 1048576K
2019-05-25T18:51:26.285+0200: 1699.297: [GC (Allocation Failure) 2019-05-25T18:51:26.285+0200: 1699.297: [ParNew
Desired survivor size 20112992 bytes, new threshold 8 (max 8)
- age   1:    9289320 bytes,    9289320 total
- age   2:      85632 bytes,    9374952 total
- age   3:    1425776 bytes,   10800728 total
- age   4:     162992 bytes,   10963720 total
- age   5:    1889288 bytes,   12853008 total
- age   6:     484728 bytes,   13337736 total
- age   7:     837112 bytes,   14174848 total
- age   8:     209248 bytes,   14384096 total
: 97798K->16229K(109248K), 0.0166929 secs] 291519K->211147K(502464K), 0.0168107 secs] [Times: user=0.06 sys=0.02, real=0.02 secs] 
Heap after GC invocations=124 (full 3):
 par new generation   total 109248K, used 16229K [0x00000000e0000000, 0x00000000e8000000, 0x00000000e8000000)
  eden space 87424K,   0% used [0x00000000e0000000, 0x00000000e0000000, 0x00000000e5560000)
  from space 21824K,  74% used [0x00000000e5560000, 0x00000000e6539620, 0x00000000e6ab0000)
  to   space 21824K,   0% used [0x00000000e6ab0000, 0x00000000e6ab0000, 0x00000000e8000000)
 concurrent mark-sweep generation total 393216K, used 194918K [0x00000000e8000000, 0x0000000100000000, 0x0000000100000000)
 Metaspace       used 95702K, capacity 98391K, committed 98676K, reserved 1136640K
  class space    used 11167K, capacity 11719K, committed 11844K, reserved 1048576K
}
2019-05-25T18:51:26.302+0200: 1699.314: Total time for which application threads were stopped: 0.0171332 seconds, Stopping threads took: 0.0000503 seconds
2019-05-25T18:51:26.357+0200: 1699.369: Total time for which application threads were stopped: 0.0002577 seconds, Stopping threads took: 0.0000439 seconds
2019-05-25T18:51:26.357+0200: 1699.369: Total time for which application threads were stopped: 0.0001822 seconds, Stopping threads took: 0.0000457 seconds
2019-05-25T18:51:26.358+0200: 1699.371: Total time for which application threads were stopped: 0.0002594 seconds, Stopping threads took: 0.0000550 seconds
2019-05-25T18:51:26.360+0200: 1699.372: Total time for which application threads were stopped: 0.0002513 seconds, Stopping threads took: 0.0000546 seconds
2019-05-25T18:51:26.360+0200: 1699.372: Total time for which application threads were stopped: 0.0001907 seconds, Stopping threads took: 0.0000286 seconds
2019-05-25T18:51:26.361+0200: 1699.373: Total time for which application threads were stopped: 0.0002078 seconds, Stopping threads took: 0.0000346 seconds
2019-05-25T18:51:26.368+0200: 1699.380: Total time for which application threads were stopped: 0.0002573 seconds, Stopping threads took: 0.0000448 seconds
2019-05-25T18:51:26.368+0200: 1699.380: Total time for which application threads were stopped: 0.0002099 seconds, Stopping threads took: 0.0000311 seconds
2019-05-25T18:51:26.369+0200: 1699.381: Total time for which application threads were stopped: 0.0002103 seconds, Stopping threads took: 0.0000303 seconds
2019-05-25T18:51:26.371+0200: 1699.384: Total time for which application threads were stopped: 0.0007138 seconds, Stopping threads took: 0.0000525 seconds
2019-05-25T18:51:26.371+0200: 1699.384: Total time for which application threads were stopped: 0.0002210 seconds, Stopping threads took: 0.0000346 seconds
2019-05-25T18:51:26.372+0200: 1699.384: Total time for which application threads were stopped: 0.0001869 seconds, Stopping threads took: 0.0000307 seconds
2019-05-25T18:51:26.374+0200: 1699.387: Total time for which application threads were stopped: 0.0002142 seconds, Stopping threads took: 0.0000499 seconds
2019-05-25T18:51:26.375+0200: 1699.387: Total time for which application threads were stopped: 0.0002052 seconds, Stopping threads took: 0.0000260 seconds
2019-05-25T18:51:26.390+0200: 1699.402: Total time for which application threads were stopped: 0.0001975 seconds, Stopping threads took: 0.0000503 seconds
2019-05-25T18:51:26.408+0200: 1699.420: Total time for which application threads were stopped: 0.0002057 seconds, Stopping threads took: 0.0000508 seconds
2019-05-25T18:51:26.433+0200: 1699.445: Total time for which application threads were stopped: 0.0002129 seconds, Stopping threads took: 0.0000644 seconds
2019-05-25T18:51:26.433+0200: 1699.446: Total time for which application threads were stopped: 0.0001527 seconds, Stopping threads took: 0.0000222 seconds
2019-05-25T18:51:26.437+0200: 1699.450: Total time for which application threads were stopped: 0.0005158 seconds, Stopping threads took: 0.0000397 seconds
2019-05-25T18:51:26.438+0200: 1699.450: Total time for which application threads were stopped: 0.0001421 seconds, Stopping threads took: 0.0000209 seconds
2019-05-25T18:51:26.468+0200: 1699.481: Total time for which application threads were stopped: 0.0002142 seconds, Stopping threads took: 0.0000576 seconds
2019-05-25T18:51:26.473+0200: 1699.485: Total time for which application threads were stopped: 0.0001980 seconds, Stopping threads took: 0.0000350 seconds
2019-05-25T18:51:26.477+0200: 1699.489: Total time for which application threads were stopped: 0.0002313 seconds, Stopping threads took: 0.0000486 seconds
2019-05-25T18:51:26.509+0200: 1699.522: Total time for which application threads were stopped: 0.0002027 seconds, Stopping threads took: 0.0000350 seconds
2019-05-25T18:51:26.526+0200: 1699.539: Total time for which application threads were stopped: 0.0002125 seconds, Stopping threads took: 0.0000346 seconds
2019-05-25T18:51:26.528+0200: 1699.540: Total time for which application threads were stopped: 0.0001941 seconds, Stopping threads took: 0.0000290 seconds
2019-05-25T18:51:26.538+0200: 1699.550: Total time for which application threads were stopped: 0.0002091 seconds, Stopping threads took: 0.0000401 seconds
2019-05-25T18:51:26.545+0200: 1699.558: Total time for which application threads were stopped: 0.0001993 seconds, Stopping threads took: 0.0000329 seconds
2019-05-25T18:51:26.558+0200: 1699.570: Total time for which application threads were stopped: 0.0005146 seconds, Stopping threads took: 0.0000333 seconds
{Heap before GC invocations=124 (full 3):
 par new generation   total 109248K, used 103653K [0x00000000e0000000, 0x00000000e8000000, 0x00000000e8000000)
  eden space 87424K, 100% used [0x00000000e0000000, 0x00000000e5560000, 0x00000000e5560000)
  from space 21824K,  74% used [0x00000000e5560000, 0x00000000e6539620, 0x00000000e6ab0000)
  to   space 21824K,   0% used [0x00000000e6ab0000, 0x00000000e6ab0000, 0x00000000e8000000)
 concurrent mark-sweep generation total 393216K, used 194918K [0x00000000e8000000, 0x0000000100000000, 0x0000000100000000)
 Metaspace       used 99272K, capacity 101983K, committed 102388K, reserved 1140736K
  class space    used 11543K, capacity 12105K, committed 12228K, reserved 1048576K
2019-05-25T18:51:26.909+0200: 1699.921: [GC (Allocation Failure) 2019-05-25T18:51:26.909+0200: 1699.921: [ParNew
Desired survivor size 20112992 bytes, new threshold 6 (max 8)
- age   1:    9064248 bytes,    9064248 total
- age   2:    8374640 bytes,   17438888 total
- age   3:      85536 bytes,   17524424 total
- age   4:    1422032 bytes,   18946456 total
- age   5:     162992 bytes,   19109448 total
- age   6:    1889288 bytes,   20998736 total
- age   7:     484728 bytes,   21483464 total
- age   8:     837112 bytes,   22320576 total
: 103653K->21824K(109248K), 0.0223283 secs] 298571K->218163K(502464K), 0.0224559 secs] [Times: user=0.13 sys=0.00, real=0.02 secs] 
Heap after GC invocations=125 (full 3):
 par new generation   total 109248K, used 21824K [0x00000000e0000000, 0x00000000e8000000, 0x00000000e8000000)
  eden space 87424K,   0% used [0x00000000e0000000, 0x00000000e0000000, 0x00000000e5560000)
  from space 21824K, 100% used [0x00000000e6ab0000, 0x00000000e8000000, 0x00000000e8000000)
  to   space 21824K,   0% used [0x00000000e5560000, 0x00000000e5560000, 0x00000000e6ab0000)
 concurrent mark-sweep generation total 393216K, used 196339K [0x00000000e8000000, 0x0000000100000000, 0x0000000100000000)
 Metaspace       used 99272K, capacity 101983K, committed 102388K, reserved 1140736K
  class space    used 11543K, capacity 12105K, committed 12228K, reserved 1048576K
}
2019-05-25T18:51:26.931+0200: 1699.944: Total time for which application threads were stopped: 0.0228527 seconds, Stopping threads took: 0.0000427 seconds
2019-05-25T18:51:26.932+0200: 1699.945: Total time for which application threads were stopped: 0.0003354 seconds, Stopping threads took: 0.0000597 seconds
2019-05-25T18:51:27.933+0200: 1700.945: Total time for which application threads were stopped: 0.0003533 seconds, Stopping threads took: 0.0000555 seconds
2019-05-25T18:51:31.135+0200: 1704.147: Total time for which application threads were stopped: 0.0003533 seconds, Stopping threads took: 0.0000751 seconds
2019-05-25T18:51:32.135+0200: 1705.148: Total time for which application threads were stopped: 0.0002223 seconds, Stopping threads took: 0.0000503 seconds
2019-05-25T18:51:34.136+0200: 1707.148: Total time for which application threads were stopped: 0.0004416 seconds, Stopping threads took: 0.0000905 seconds
2019-05-25T18:51:35.137+0200: 1708.150: Total time for which application threads were stopped: 0.0006012 seconds, Stopping threads took: 0.0000990 seconds
2019-05-25T18:51:36.065+0200: 1709.078: Total time for which application threads were stopped: 0.0002752 seconds, Stopping threads took: 0.0000640 seconds
2019-05-25T18:51:36.066+0200: 1709.078: Total time for which application threads were stopped: 0.0002180 seconds, Stopping threads took: 0.0000235 seconds
2019-05-25T18:51:36.066+0200: 1709.079: Total time for which application threads were stopped: 0.0002274 seconds, Stopping threads took: 0.0000333 seconds
2019-05-25T18:51:36.066+0200: 1709.079: Total time for which application threads were stopped: 0.0001719 seconds, Stopping threads took: 0.0000209 seconds
2019-05-25T18:51:36.067+0200: 1709.079: Total time for which application threads were stopped: 0.0001655 seconds, Stopping threads took: 0.0000196 seconds
2019-05-25T18:51:36.068+0200: 1709.080: Total time for which application threads were stopped: 0.0002803 seconds, Stopping threads took: 0.0000350 seconds
2019-05-25T18:51:36.068+0200: 1709.080: Total time for which application threads were stopped: 0.0002057 seconds, Stopping threads took: 0.0000226 seconds
2019-05-25T18:51:36.068+0200: 1709.081: Total time for which application threads were stopped: 0.0001771 seconds, Stopping threads took: 0.0000273 seconds
2019-05-25T18:51:36.069+0200: 1709.081: Total time for which application threads were stopped: 0.0001707 seconds, Stopping threads took: 0.0000192 seconds
2019-05-25T18:51:36.069+0200: 1709.081: Total time for which application threads were stopped: 0.0001715 seconds, Stopping threads took: 0.0000324 seconds
2019-05-25T18:51:36.069+0200: 1709.082: Total time for which application threads were stopped: 0.0002142 seconds, Stopping threads took: 0.0000371 seconds
2019-05-25T18:51:36.069+0200: 1709.082: Total time for which application threads were stopped: 0.0001719 seconds, Stopping threads took: 0.0000205 seconds
2019-05-25T18:51:36.070+0200: 1709.082: Total time for which application threads were stopped: 0.0001702 seconds, Stopping threads took: 0.0000188 seconds
2019-05-25T18:51:37.294+0200: 1710.306: Total time for which application threads were stopped: 0.0004561 seconds, Stopping threads took: 0.0002790 seconds
2019-05-25T18:51:38.294+0200: 1711.307: Total time for which application threads were stopped: 0.0005380 seconds, Stopping threads took: 0.0000930 seconds
2019-05-25T18:51:39.295+0200: 1712.308: Total time for which application threads were stopped: 0.0003055 seconds, Stopping threads took: 0.0000695 seconds
{Heap before GC invocations=125 (full 3):
 par new generation   total 109248K, used 109248K [0x00000000e0000000, 0x00000000e8000000, 0x00000000e8000000)
  eden space 87424K, 100% used [0x00000000e0000000, 0x00000000e5560000, 0x00000000e5560000)
  from space 21824K, 100% used [0x00000000e6ab0000, 0x00000000e8000000, 0x00000000e8000000)
  to   space 21824K,   0% used [0x00000000e5560000, 0x00000000e5560000, 0x00000000e6ab0000)
 concurrent mark-sweep generation total 393216K, used 196339K [0x00000000e8000000, 0x0000000100000000, 0x0000000100000000)
 Metaspace       used 100656K, capacity 103449K, committed 103796K, reserved 1140736K
  class space    used 11695K, capacity 12240K, committed 12356K, reserved 1048576K
2019-05-25T18:51:51.600+0200: 1724.613: [GC (Allocation Failure) 2019-05-25T18:51:51.600+0200: 1724.613: [ParNew
Desired survivor size 20112992 bytes, new threshold 5 (max 8)
- age   1:    5184400 bytes,    5184400 total
- age   2:    5946760 bytes,   11131160 total
- age   3:    7748376 bytes,   18879536 total
- age   4:      85536 bytes,   18965072 total
- age   5:    1377544 bytes,   20342616 total
- age   6:     162992 bytes,   20505608 total
: 109248K->21824K(109248K), 0.0284950 secs] 305587K->223017K(502464K), 0.0286550 secs] [Times: user=0.06 sys=0.00, real=0.03 secs] 
Heap after GC invocations=126 (full 3):
 par new generation   total 109248K, used 21824K [0x00000000e0000000, 0x00000000e8000000, 0x00000000e8000000)
  eden space 87424K,   0% used [0x00000000e0000000, 0x00000000e0000000, 0x00000000e5560000)
  from space 21824K, 100% used [0x00000000e5560000, 0x00000000e6ab0000, 0x00000000e6ab0000)
  to   space 21824K,   0% used [0x00000000e6ab0000, 0x00000000e6ab0000, 0x00000000e8000000)
 concurrent mark-sweep generation total 393216K, used 201193K [0x00000000e8000000, 0x0000000100000000, 0x0000000100000000)
 Metaspace       used 100656K, capacity 103449K, committed 103796K, reserved 1140736K
  class space    used 11695K, capacity 12240K, committed 12356K, reserved 1048576K
}
2019-05-25T18:51:51.629+0200: 1724.642: Total time for which application threads were stopped: 0.0291648 seconds, Stopping threads took: 0.0000542 seconds
2019-05-25T18:51:51.633+0200: 1724.646: [GC (CMS Initial Mark) [1 CMS-initial-mark: 201193K(393216K)] 223776K(502464K), 0.0065677 secs] [Times: user=0.00 sys=0.00, real=0.01 secs] 
2019-05-25T18:51:51.640+0200: 1724.652: Total time for which application threads were stopped: 0.0106965 seconds, Stopping threads took: 0.0037402 seconds
2019-05-25T18:51:51.640+0200: 1724.652: [CMS-concurrent-mark-start]
2019-05-25T18:51:51.672+0200: 1724.685: Total time for which application threads were stopped: 0.0005116 seconds, Stopping threads took: 0.0002257 seconds
2019-05-25T18:51:51.673+0200: 1724.685: Total time for which application threads were stopped: 0.0003435 seconds, Stopping threads took: 0.0000401 seconds
2019-05-25T18:51:51.726+0200: 1724.739: [CMS-concurrent-mark: 0.084/0.086 secs] [Times: user=0.38 sys=0.00, real=0.09 secs] 
2019-05-25T18:51:51.726+0200: 1724.739: [CMS-concurrent-preclean-start]
2019-05-25T18:51:51.729+0200: 1724.741: [CMS-concurrent-preclean: 0.002/0.002 secs] [Times: user=0.00 sys=0.00, real=0.00 secs] 
2019-05-25T18:51:51.729+0200: 1724.741: [CMS-concurrent-abortable-preclean-start]
2019-05-25T18:51:56.273+0200: 1729.286: Total time for which application threads were stopped: 0.0002752 seconds, Stopping threads took: 0.0000717 seconds
2019-05-25T18:51:56.282+0200: 1729.294: Total time for which application threads were stopped: 0.0002927 seconds, Stopping threads took: 0.0000550 seconds
2019-05-25T18:51:56.282+0200: 1729.295: Total time for which application threads were stopped: 0.0002859 seconds, Stopping threads took: 0.0000350 seconds
2019-05-25T18:51:56.284+0200: 1729.296: Total time for which application threads were stopped: 0.0002564 seconds, Stopping threads took: 0.0000427 seconds
2019-05-25T18:51:56.284+0200: 1729.296: Total time for which application threads were stopped: 0.0002052 seconds, Stopping threads took: 0.0000213 seconds
2019-05-25T18:51:56.284+0200: 1729.297: Total time for which application threads were stopped: 0.0001929 seconds, Stopping threads took: 0.0000329 seconds
2019-05-25T18:51:56.285+0200: 1729.298: Total time for which application threads were stopped: 0.0003264 seconds, Stopping threads took: 0.0000708 seconds
2019-05-25T18:51:56.292+0200: 1729.304: Total time for which application threads were stopped: 0.0002731 seconds, Stopping threads took: 0.0000354 seconds
2019-05-25T18:51:56.292+0200: 1729.305: Total time for which application threads were stopped: 0.0001971 seconds, Stopping threads took: 0.0000256 seconds
2019-05-25T18:51:56.292+0200: 1729.305: Total time for which application threads were stopped: 0.0001301 seconds, Stopping threads took: 0.0000192 seconds
2019-05-25T18:51:56.292+0200: 1729.305: Total time for which application threads were stopped: 0.0001101 seconds, Stopping threads took: 0.0000218 seconds
2019-05-25T18:51:56.293+0200: 1729.305: Total time for which application threads were stopped: 0.0001105 seconds, Stopping threads took: 0.0000171 seconds
2019-05-25T18:51:56.295+0200: 1729.307: Total time for which application threads were stopped: 0.0002778 seconds, Stopping threads took: 0.0000414 seconds
2019-05-25T18:51:56.334+0200: 1729.347: Total time for which application threads were stopped: 0.0002133 seconds, Stopping threads took: 0.0000333 seconds
2019-05-25T18:51:56.337+0200: 1729.349: Total time for which application threads were stopped: 0.0002074 seconds, Stopping threads took: 0.0000333 seconds
2019-05-25T18:51:56.344+0200: 1729.357: Total time for which application threads were stopped: 0.0003563 seconds, Stopping threads took: 0.0000452 seconds
2019-05-25T18:51:56.350+0200: 1729.362: Total time for which application threads were stopped: 0.0002364 seconds, Stopping threads took: 0.0000499 seconds
2019-05-25T18:51:56.454+0200: 1729.467: Total time for which application threads were stopped: 0.0003597 seconds, Stopping threads took: 0.0001741 seconds
2019-05-25T18:51:56.488+0200: 1729.501: Total time for which application threads were stopped: 0.0003550 seconds, Stopping threads took: 0.0001570 seconds
2019-05-25T18:51:56.491+0200: 1729.503: Total time for which application threads were stopped: 0.0002359 seconds, Stopping threads took: 0.0000388 seconds
2019-05-25T18:51:56.588+0200: 1729.601: Total time for which application threads were stopped: 0.0003217 seconds, Stopping threads took: 0.0000870 seconds
2019-05-25T18:51:56.590+0200: 1729.602: Total time for which application threads were stopped: 0.0008256 seconds, Stopping threads took: 0.0005641 seconds
2019-05-25T18:51:56.590+0200: 1729.602: Total time for which application threads were stopped: 0.0002628 seconds, Stopping threads took: 0.0000508 seconds
2019-05-25T18:51:56.590+0200: 1729.603: Total time for which application threads were stopped: 0.0003494 seconds, Stopping threads took: 0.0000870 seconds
2019-05-25T18:51:56.591+0200: 1729.603: Total time for which application threads were stopped: 0.0002304 seconds, Stopping threads took: 0.0000606 seconds
2019-05-25T18:51:56.593+0200: 1729.605: Total time for which application threads were stopped: 0.0003635 seconds, Stopping threads took: 0.0000836 seconds
2019-05-25T18:51:56.594+0200: 1729.606: Total time for which application threads were stopped: 0.0008183 seconds, Stopping threads took: 0.0000546 seconds
2019-05-25T18:51:57.481+0200: 1730.493: Total time for which application threads were stopped: 0.0002803 seconds, Stopping threads took: 0.0000478 seconds
2019-05-25T18:51:57.481+0200: 1730.493: Total time for which application threads were stopped: 0.0002650 seconds, Stopping threads took: 0.0000546 seconds
2019-05-25T18:51:57.481+0200: 1730.494: Total time for which application threads were stopped: 0.0003213 seconds, Stopping threads took: 0.0001216 seconds
2019-05-25T18:51:57.482+0200: 1730.494: Total time for which application threads were stopped: 0.0002419 seconds, Stopping threads took: 0.0000320 seconds
2019-05-25T18:51:57.482+0200: 1730.495: Total time for which application threads were stopped: 0.0003797 seconds, Stopping threads took: 0.0001335 seconds
2019-05-25T18:51:57.483+0200: 1730.495: Total time for which application threads were stopped: 0.0003823 seconds, Stopping threads took: 0.0001749 seconds
2019-05-25T18:51:57.483+0200: 1730.495: Total time for which application threads were stopped: 0.0002351 seconds, Stopping threads took: 0.0000495 seconds
 CMS: abort preclean due to time 2019-05-25T18:51:57.837+0200: 1730.850: [CMS-concurrent-abortable-preclean: 3.990/6.108 secs] [Times: user=4.50 sys=0.27, real=6.11 secs] 
2019-05-25T18:51:57.838+0200: 1730.850: [GC (CMS Final Remark) [YG occupancy: 42019 K (109248 K)]{Heap before GC invocations=126 (full 4):
 par new generation   total 109248K, used 42019K [0x00000000e0000000, 0x00000000e8000000, 0x00000000e8000000)
  eden space 87424K,  23% used [0x00000000e0000000, 0x00000000e13b8ec8, 0x00000000e5560000)
  from space 21824K, 100% used [0x00000000e5560000, 0x00000000e6ab0000, 0x00000000e6ab0000)
  to   space 21824K,   0% used [0x00000000e6ab0000, 0x00000000e6ab0000, 0x00000000e8000000)
 concurrent mark-sweep generation total 393216K, used 201193K [0x00000000e8000000, 0x0000000100000000, 0x0000000100000000)
 Metaspace       used 100758K, capacity 103631K, committed 103796K, reserved 1140736K
  class space    used 11709K, capacity 12277K, committed 12356K, reserved 1048576K
2019-05-25T18:51:57.838+0200: 1730.850: [GC (CMS Final Remark) 2019-05-25T18:51:57.838+0200: 1730.850: [ParNew
Desired survivor size 20112992 bytes, new threshold 8 (max 8)
- age   1:     193624 bytes,     193624 total
- age   2:    4475224 bytes,    4668848 total
- age   3:    5896016 bytes,   10564864 total
- age   4:    7638560 bytes,   18203424 total
- age   5:      85536 bytes,   18288960 total
: 42019K->21824K(109248K), 0.0212130 secs] 243212K->224640K(502464K), 0.0213154 secs] [Times: user=0.06 sys=0.00, real=0.02 secs] 
Heap after GC invocations=127 (full 4):
 par new generation   total 109248K, used 21824K [0x00000000e0000000, 0x00000000e8000000, 0x00000000e8000000)
  eden space 87424K,   0% used [0x00000000e0000000, 0x00000000e0000000, 0x00000000e5560000)
  from space 21824K, 100% used [0x00000000e6ab0000, 0x00000000e8000000, 0x00000000e8000000)
  to   space 21824K,   0% used [0x00000000e5560000, 0x00000000e5560000, 0x00000000e6ab0000)
 concurrent mark-sweep generation total 393216K, used 202816K [0x00000000e8000000, 0x0000000100000000, 0x0000000100000000)
 Metaspace       used 100758K, capacity 103631K, committed 103796K, reserved 1140736K
  class space    used 11709K, capacity 12277K, committed 12356K, reserved 1048576K
}
2019-05-25T18:51:57.859+0200: 1730.872: [Rescan (parallel) , 0.0081805 secs]2019-05-25T18:51:57.868+0200: 1730.880: [weak refs processing, 0.0091738 secs]2019-05-25T18:51:57.876+0200: 1730.889: [class unloading, 0.0263680 secs]2019-05-25T18:51:57.903+0200: 1730.916: [scrub symbol table, 0.0175774 secs]2019-05-25T18:51:57.921+0200: 1730.933: [scrub string table, 0.0011652 secs][1 CMS-remark: 202816K(393216K)] 224640K(502464K), 0.0863314 secs] [Times: user=0.16 sys=0.00, real=0.09 secs] 
2019-05-25T18:51:57.924+0200: 1730.937: Total time for which application threads were stopped: 0.0866105 seconds, Stopping threads took: 0.0000375 seconds
2019-05-25T18:51:57.924+0200: 1730.937: [CMS-concurrent-sweep-start]
2019-05-25T18:51:58.011+0200: 1731.023: [CMS-concurrent-sweep: 0.087/0.087 secs] [Times: user=0.11 sys=0.01, real=0.09 secs] 
2019-05-25T18:51:58.011+0200: 1731.023: [CMS-concurrent-reset-start]
2019-05-25T18:51:58.011+0200: 1731.024: [CMS-concurrent-reset: 0.001/0.001 secs] [Times: user=0.00 sys=0.00, real=0.00 secs] 
2019-05-25T18:51:58.924+0200: 1731.937: Total time for which application threads were stopped: 0.0002957 seconds, Stopping threads took: 0.0000516 seconds
2019-05-25T18:52:02.341+0200: 1735.354: Total time for which application threads were stopped: 0.0002492 seconds, Stopping threads took: 0.0000401 seconds
2019-05-25T18:52:02.349+0200: 1735.362: Total time for which application threads were stopped: 0.0002313 seconds, Stopping threads took: 0.0000465 seconds
2019-05-25T18:52:02.350+0200: 1735.362: Total time for which application threads were stopped: 0.0003733 seconds, Stopping threads took: 0.0001399 seconds
2019-05-25T18:52:02.350+0200: 1735.362: Total time for which application threads were stopped: 0.0002176 seconds, Stopping threads took: 0.0000491 seconds
2019-05-25T18:52:02.350+0200: 1735.363: Total time for which application threads were stopped: 0.0002368 seconds, Stopping threads took: 0.0000405 seconds
2019-05-25T18:52:02.351+0200: 1735.363: Total time for which application threads were stopped: 0.0001775 seconds, Stopping threads took: 0.0000256 seconds
2019-05-25T18:52:02.351+0200: 1735.363: Total time for which application threads were stopped: 0.0003273 seconds, Stopping threads took: 0.0001903 seconds
2019-05-25T18:52:02.351+0200: 1735.364: Total time for which application threads were stopped: 0.0002607 seconds, Stopping threads took: 0.0001476 seconds
2019-05-25T18:52:02.353+0200: 1735.366: Total time for which application threads were stopped: 0.0003866 seconds, Stopping threads took: 0.0000892 seconds
2019-05-25T18:52:02.354+0200: 1735.366: Total time for which application threads were stopped: 0.0002381 seconds, Stopping threads took: 0.0000653 seconds
2019-05-25T18:52:02.357+0200: 1735.369: Total time for which application threads were stopped: 0.0003913 seconds, Stopping threads took: 0.0000670 seconds
2019-05-25T18:52:02.365+0200: 1735.377: Total time for which application threads were stopped: 0.0002825 seconds, Stopping threads took: 0.0000602 seconds
2019-05-25T18:52:02.365+0200: 1735.377: Total time for which application threads were stopped: 0.0002432 seconds, Stopping threads took: 0.0000324 seconds
2019-05-25T18:52:02.374+0200: 1735.387: Total time for which application threads were stopped: 0.0002995 seconds, Stopping threads took: 0.0000572 seconds
2019-05-25T18:52:02.390+0200: 1735.403: Total time for which application threads were stopped: 0.0003307 seconds, Stopping threads took: 0.0001425 seconds
2019-05-25T18:52:02.504+0200: 1735.517: Total time for which application threads were stopped: 0.0002654 seconds, Stopping threads took: 0.0000465 seconds
2019-05-25T18:52:02.509+0200: 1735.521: Total time for which application threads were stopped: 0.0006272 seconds, Stopping threads took: 0.0000789 seconds
2019-05-25T18:52:02.510+0200: 1735.522: Total time for which application threads were stopped: 0.0003618 seconds, Stopping threads took: 0.0001489 seconds
2019-05-25T18:52:02.556+0200: 1735.569: Total time for which application threads were stopped: 0.0006174 seconds, Stopping threads took: 0.0002731 seconds
2019-05-25T18:52:02.566+0200: 1735.578: Total time for which application threads were stopped: 0.0003887 seconds, Stopping threads took: 0.0000674 seconds
2019-05-25T18:52:03.568+0200: 1736.580: Total time for which application threads were stopped: 0.0008836 seconds, Stopping threads took: 0.0000922 seconds
2019-05-25T18:52:04.063+0200: 1737.076: Total time for which application threads were stopped: 0.0002846 seconds, Stopping threads took: 0.0000499 seconds
2019-05-25T18:52:04.064+0200: 1737.076: Total time for which application threads were stopped: 0.0002688 seconds, Stopping threads took: 0.0000371 seconds
2019-05-25T18:52:04.064+0200: 1737.076: Total time for which application threads were stopped: 0.0002581 seconds, Stopping threads took: 0.0000482 seconds
2019-05-25T18:52:04.065+0200: 1737.077: Total time for which application threads were stopped: 0.0003076 seconds, Stopping threads took: 0.0000597 seconds
2019-05-25T18:52:04.065+0200: 1737.078: Total time for which application threads were stopped: 0.0005393 seconds, Stopping threads took: 0.0002825 seconds
2019-05-25T18:52:04.067+0200: 1737.079: Total time for which application threads were stopped: 0.0003887 seconds, Stopping threads took: 0.0000550 seconds
2019-05-25T18:52:04.067+0200: 1737.079: Total time for which application threads were stopped: 0.0002803 seconds, Stopping threads took: 0.0000354 seconds
2019-05-25T18:52:04.068+0200: 1737.080: Total time for which application threads were stopped: 0.0005662 seconds, Stopping threads took: 0.0003200 seconds
2019-05-25T18:52:04.068+0200: 1737.081: Total time for which application threads were stopped: 0.0003482 seconds, Stopping threads took: 0.0000828 seconds
2019-05-25T18:52:04.069+0200: 1737.081: Total time for which application threads were stopped: 0.0003059 seconds, Stopping threads took: 0.0000461 seconds
2019-05-25T18:52:04.069+0200: 1737.081: Total time for which application threads were stopped: 0.0002748 seconds, Stopping threads took: 0.0000427 seconds
2019-05-25T18:52:04.069+0200: 1737.082: Total time for which application threads were stopped: 0.0002526 seconds, Stopping threads took: 0.0000337 seconds
2019-05-25T18:52:04.070+0200: 1737.083: Total time for which application threads were stopped: 0.0006327 seconds, Stopping threads took: 0.0001485 seconds
2019-05-25T18:52:05.070+0200: 1738.083: Total time for which application threads were stopped: 0.0002620 seconds, Stopping threads took: 0.0000555 seconds
2019-05-25T18:52:09.072+0200: 1742.084: Total time for which application threads were stopped: 0.0002756 seconds, Stopping threads took: 0.0000418 seconds
2019-05-25T18:52:18.261+0200: 1751.273: Total time for which application threads were stopped: 0.0002057 seconds, Stopping threads took: 0.0000329 seconds
2019-05-25T18:52:18.269+0200: 1751.281: Total time for which application threads were stopped: 0.0002274 seconds, Stopping threads took: 0.0000444 seconds
2019-05-25T18:52:18.269+0200: 1751.282: Total time for which application threads were stopped: 0.0003460 seconds, Stopping threads took: 0.0001378 seconds
2019-05-25T18:52:18.270+0200: 1751.282: Total time for which application threads were stopped: 0.0002880 seconds, Stopping threads took: 0.0001301 seconds
2019-05-25T18:52:18.270+0200: 1751.283: Total time for which application threads were stopped: 0.0003042 seconds, Stopping threads took: 0.0001502 seconds
2019-05-25T18:52:18.271+0200: 1751.283: Total time for which application threads were stopped: 0.0003614 seconds, Stopping threads took: 0.0002364 seconds
2019-05-25T18:52:18.272+0200: 1751.285: Total time for which application threads were stopped: 0.0002999 seconds, Stopping threads took: 0.0000457 seconds
2019-05-25T18:52:18.273+0200: 1751.285: Total time for which application threads were stopped: 0.0002078 seconds, Stopping threads took: 0.0000431 seconds
2019-05-25T18:52:18.286+0200: 1751.299: Total time for which application threads were stopped: 0.0014827 seconds, Stopping threads took: 0.0012715 seconds
2019-05-25T18:52:18.287+0200: 1751.299: Total time for which application threads were stopped: 0.0003132 seconds, Stopping threads took: 0.0000619 seconds
2019-05-25T18:52:18.287+0200: 1751.300: Total time for which application threads were stopped: 0.0002645 seconds, Stopping threads took: 0.0000435 seconds
2019-05-25T18:52:18.294+0200: 1751.306: Total time for which application threads were stopped: 0.0002202 seconds, Stopping threads took: 0.0000393 seconds
2019-05-25T18:52:18.297+0200: 1751.309: Total time for which application threads were stopped: 0.0002125 seconds, Stopping threads took: 0.0000393 seconds
2019-05-25T18:52:18.307+0200: 1751.320: Total time for which application threads were stopped: 0.0003789 seconds, Stopping threads took: 0.0001459 seconds
2019-05-25T18:52:18.420+0200: 1751.433: Total time for which application threads were stopped: 0.0005764 seconds, Stopping threads took: 0.0001246 seconds
2019-05-25T18:52:18.430+0200: 1751.442: Total time for which application threads were stopped: 0.0005470 seconds, Stopping threads took: 0.0001075 seconds
2019-05-25T18:52:18.477+0200: 1751.490: Total time for which application threads were stopped: 0.0006899 seconds, Stopping threads took: 0.0002419 seconds
2019-05-25T18:52:18.482+0200: 1751.494: Total time for which application threads were stopped: 0.0006336 seconds, Stopping threads took: 0.0001873 seconds
2019-05-25T18:52:19.483+0200: 1752.495: Total time for which application threads were stopped: 0.0005845 seconds, Stopping threads took: 0.0001020 seconds
2019-05-25T18:52:23.379+0200: 1756.391: Total time for which application threads were stopped: 0.0003593 seconds, Stopping threads took: 0.0000695 seconds
2019-05-25T18:52:23.382+0200: 1756.394: Total time for which application threads were stopped: 0.0003029 seconds, Stopping threads took: 0.0000516 seconds
2019-05-25T18:52:23.384+0200: 1756.396: Total time for which application threads were stopped: 0.0002923 seconds, Stopping threads took: 0.0000516 seconds
2019-05-25T18:52:23.384+0200: 1756.396: Total time for which application threads were stopped: 0.0002398 seconds, Stopping threads took: 0.0000542 seconds
2019-05-25T18:52:23.385+0200: 1756.398: Total time for which application threads were stopped: 0.0002756 seconds, Stopping threads took: 0.0000610 seconds
2019-05-25T18:52:23.389+0200: 1756.401: Total time for which application threads were stopped: 0.0002906 seconds, Stopping threads took: 0.0000538 seconds
2019-05-25T18:52:23.389+0200: 1756.401: Total time for which application threads were stopped: 0.0002330 seconds, Stopping threads took: 0.0000333 seconds
2019-05-25T18:52:23.389+0200: 1756.402: Total time for which application threads were stopped: 0.0002116 seconds, Stopping threads took: 0.0000299 seconds
2019-05-25T18:52:23.389+0200: 1756.402: Total time for which application threads were stopped: 0.0001621 seconds, Stopping threads took: 0.0000226 seconds
2019-05-25T18:52:23.389+0200: 1756.402: Total time for which application threads were stopped: 0.0001911 seconds, Stopping threads took: 0.0000247 seconds
2019-05-25T18:52:23.389+0200: 1756.402: Total time for which application threads were stopped: 0.0001498 seconds, Stopping threads took: 0.0000222 seconds
2019-05-25T18:52:23.391+0200: 1756.404: Total time for which application threads were stopped: 0.0002927 seconds, Stopping threads took: 0.0000452 seconds
2019-05-25T18:52:23.392+0200: 1756.404: Total time for which application threads were stopped: 0.0002931 seconds, Stopping threads took: 0.0000333 seconds
2019-05-25T18:52:23.402+0200: 1756.415: Total time for which application threads were stopped: 0.0004151 seconds, Stopping threads took: 0.0001058 seconds
2019-05-25T18:52:23.405+0200: 1756.417: Total time for which application threads were stopped: 0.0002594 seconds, Stopping threads took: 0.0000380 seconds
2019-05-25T18:52:23.405+0200: 1756.418: Total time for which application threads were stopped: 0.0002594 seconds, Stopping threads took: 0.0000277 seconds
2019-05-25T18:52:23.413+0200: 1756.426: Total time for which application threads were stopped: 0.0002807 seconds, Stopping threads took: 0.0000388 seconds
2019-05-25T18:52:23.420+0200: 1756.433: Total time for which application threads were stopped: 0.0003209 seconds, Stopping threads took: 0.0000538 seconds
2019-05-25T18:52:23.530+0200: 1756.543: Total time for which application threads were stopped: 0.0005427 seconds, Stopping threads took: 0.0000452 seconds
2019-05-25T18:52:23.533+0200: 1756.546: Total time for which application threads were stopped: 0.0002901 seconds, Stopping threads took: 0.0000525 seconds
2019-05-25T18:52:23.537+0200: 1756.549: Total time for which application threads were stopped: 0.0003226 seconds, Stopping threads took: 0.0000751 seconds
2019-05-25T18:52:23.574+0200: 1756.586: Total time for which application threads were stopped: 0.0002944 seconds, Stopping threads took: 0.0000849 seconds
2019-05-25T18:52:23.579+0200: 1756.591: Total time for which application threads were stopped: 0.0002159 seconds, Stopping threads took: 0.0000576 seconds
2019-05-25T18:52:24.579+0200: 1757.592: Total time for which application threads were stopped: 0.0005837 seconds, Stopping threads took: 0.0001088 seconds
2019-05-25T18:52:25.580+0200: 1758.592: Total time for which application threads were stopped: 0.0002193 seconds, Stopping threads took: 0.0000593 seconds
2019-05-25T18:52:27.951+0200: 1760.963: Total time for which application threads were stopped: 0.0002722 seconds, Stopping threads took: 0.0000384 seconds
2019-05-25T18:52:27.952+0200: 1760.965: Total time for which application threads were stopped: 0.0002295 seconds, Stopping threads took: 0.0000371 seconds
2019-05-25T18:52:27.953+0200: 1760.965: Total time for which application threads were stopped: 0.0001771 seconds, Stopping threads took: 0.0000213 seconds
2019-05-25T18:52:27.954+0200: 1760.967: Total time for which application threads were stopped: 0.0002381 seconds, Stopping threads took: 0.0000341 seconds
2019-05-25T18:52:27.956+0200: 1760.969: Total time for which application threads were stopped: 0.0002206 seconds, Stopping threads took: 0.0000503 seconds
2019-05-25T18:52:27.956+0200: 1760.969: Total time for which application threads were stopped: 0.0001916 seconds, Stopping threads took: 0.0000277 seconds
2019-05-25T18:52:27.956+0200: 1760.969: Total time for which application threads were stopped: 0.0001404 seconds, Stopping threads took: 0.0000188 seconds
2019-05-25T18:52:27.957+0200: 1760.969: Total time for which application threads were stopped: 0.0001143 seconds, Stopping threads took: 0.0000196 seconds
2019-05-25T18:52:27.957+0200: 1760.970: Total time for which application threads were stopped: 0.0001139 seconds, Stopping threads took: 0.0000183 seconds
2019-05-25T18:52:27.957+0200: 1760.970: Total time for which application threads were stopped: 0.0001182 seconds, Stopping threads took: 0.0000183 seconds
2019-05-25T18:52:27.959+0200: 1760.971: Total time for which application threads were stopped: 0.0002044 seconds, Stopping threads took: 0.0000303 seconds
2019-05-25T18:52:27.959+0200: 1760.972: Total time for which application threads were stopped: 0.0001498 seconds, Stopping threads took: 0.0000196 seconds
2019-05-25T18:52:27.962+0200: 1760.975: Total time for which application threads were stopped: 0.0002953 seconds, Stopping threads took: 0.0000555 seconds
2019-05-25T18:52:27.978+0200: 1760.990: Total time for which application threads were stopped: 0.0002099 seconds, Stopping threads took: 0.0000329 seconds
2019-05-25T18:52:27.981+0200: 1760.994: Total time for which application threads were stopped: 0.0002095 seconds, Stopping threads took: 0.0000337 seconds
2019-05-25T18:52:27.989+0200: 1761.002: Total time for which application threads were stopped: 0.0002633 seconds, Stopping threads took: 0.0000516 seconds
2019-05-25T18:52:28.099+0200: 1761.112: Total time for which application threads were stopped: 0.0002180 seconds, Stopping threads took: 0.0000410 seconds
2019-05-25T18:52:28.135+0200: 1761.147: Total time for which application threads were stopped: 0.0002509 seconds, Stopping threads took: 0.0000644 seconds
2019-05-25T18:52:28.138+0200: 1761.150: Total time for which application threads were stopped: 0.0002159 seconds, Stopping threads took: 0.0000478 seconds
2019-05-25T18:52:30.139+0200: 1763.151: Total time for which application threads were stopped: 0.0005342 seconds, Stopping threads took: 0.0000887 seconds
2019-05-25T18:52:32.667+0200: 1765.679: Total time for which application threads were stopped: 0.0002675 seconds, Stopping threads took: 0.0000495 seconds
2019-05-25T18:52:32.670+0200: 1765.682: Total time for which application threads were stopped: 0.0007966 seconds, Stopping threads took: 0.0000704 seconds
2019-05-25T18:52:32.672+0200: 1765.684: Total time for which application threads were stopped: 0.0002611 seconds, Stopping threads took: 0.0000486 seconds
2019-05-25T18:52:32.673+0200: 1765.685: Total time for which application threads were stopped: 0.0002923 seconds, Stopping threads took: 0.0000371 seconds
2019-05-25T18:52:32.673+0200: 1765.685: Total time for which application threads were stopped: 0.0002197 seconds, Stopping threads took: 0.0000286 seconds
2019-05-25T18:52:32.673+0200: 1765.685: Total time for which application threads were stopped: 0.0001677 seconds, Stopping threads took: 0.0000196 seconds
2019-05-25T18:52:32.673+0200: 1765.686: Total time for which application threads were stopped: 0.0002325 seconds, Stopping threads took: 0.0000247 seconds
2019-05-25T18:52:32.674+0200: 1765.686: Total time for which application threads were stopped: 0.0001877 seconds, Stopping threads took: 0.0000222 seconds
2019-05-25T18:52:32.674+0200: 1765.686: Total time for which application threads were stopped: 0.0001655 seconds, Stopping threads took: 0.0000188 seconds
2019-05-25T18:52:32.674+0200: 1765.686: Total time for which application threads were stopped: 0.0001852 seconds, Stopping threads took: 0.0000226 seconds
2019-05-25T18:52:32.676+0200: 1765.688: Total time for which application threads were stopped: 0.0002675 seconds, Stopping threads took: 0.0000457 seconds
2019-05-25T18:52:32.676+0200: 1765.689: Total time for which application threads were stopped: 0.0002270 seconds, Stopping threads took: 0.0000350 seconds
2019-05-25T18:52:32.679+0200: 1765.692: Total time for which application threads were stopped: 0.0003153 seconds, Stopping threads took: 0.0000657 seconds
2019-05-25T18:52:32.681+0200: 1765.693: Total time for which application threads were stopped: 0.0002735 seconds, Stopping threads took: 0.0000367 seconds
2019-05-25T18:52:32.681+0200: 1765.694: Total time for which application threads were stopped: 0.0001826 seconds, Stopping threads took: 0.0000277 seconds
2019-05-25T18:52:32.681+0200: 1765.694: Total time for which application threads were stopped: 0.0001566 seconds, Stopping threads took: 0.0000213 seconds
2019-05-25T18:52:32.681+0200: 1765.694: Total time for which application threads were stopped: 0.0001587 seconds, Stopping threads took: 0.0000457 seconds
2019-05-25T18:52:32.683+0200: 1765.696: Total time for which application threads were stopped: 0.0002534 seconds, Stopping threads took: 0.0000388 seconds
2019-05-25T18:52:32.725+0200: 1765.738: Total time for which application threads were stopped: 0.0003076 seconds, Stopping threads took: 0.0000418 seconds
2019-05-25T18:52:32.733+0200: 1765.745: Total time for which application threads were stopped: 0.0002782 seconds, Stopping threads took: 0.0000623 seconds
2019-05-25T18:52:32.847+0200: 1765.860: Total time for which application threads were stopped: 0.0002995 seconds, Stopping threads took: 0.0000589 seconds
2019-05-25T18:52:32.885+0200: 1765.898: Total time for which application threads were stopped: 0.0002278 seconds, Stopping threads took: 0.0000550 seconds
2019-05-25T18:52:32.888+0200: 1765.900: Total time for which application threads were stopped: 0.0002095 seconds, Stopping threads took: 0.0000452 seconds
2019-05-25T18:52:33.888+0200: 1766.900: Total time for which application threads were stopped: 0.0004326 seconds, Stopping threads took: 0.0000819 seconds
2019-05-25T18:52:35.888+0200: 1768.901: Total time for which application threads were stopped: 0.0004685 seconds, Stopping threads took: 0.0000887 seconds
2019-05-25T18:52:38.890+0200: 1771.902: Total time for which application threads were stopped: 0.0003315 seconds, Stopping threads took: 0.0000538 seconds
2019-05-25T18:52:39.890+0200: 1772.903: Total time for which application threads were stopped: 0.0001903 seconds, Stopping threads took: 0.0000393 seconds
2019-05-25T18:52:41.891+0200: 1774.903: Total time for which application threads were stopped: 0.0003657 seconds, Stopping threads took: 0.0000794 seconds
2019-05-25T18:52:44.893+0200: 1777.905: Total time for which application threads were stopped: 0.0004203 seconds, Stopping threads took: 0.0000905 seconds
2019-05-25T18:52:48.895+0200: 1781.907: Total time for which application threads were stopped: 0.0005594 seconds, Stopping threads took: 0.0001011 seconds
2019-05-25T18:53:30.908+0200: 1823.921: Total time for which application threads were stopped: 0.0002961 seconds, Stopping threads took: 0.0000559 seconds
2019-05-25T18:53:33.910+0200: 1826.923: Total time for which application threads were stopped: 0.0008567 seconds, Stopping threads took: 0.0001195 seconds
2019-05-25T18:53:40.913+0200: 1833.925: Total time for which application threads were stopped: 0.0002167 seconds, Stopping threads took: 0.0000512 seconds
2019-05-25T18:54:12.556+0200: 1865.568: Total time for which application threads were stopped: 0.0002048 seconds, Stopping threads took: 0.0000427 seconds
{Heap before GC invocations=127 (full 4):
 par new generation   total 109248K, used 109237K [0x00000000e0000000, 0x00000000e8000000, 0x00000000e8000000)
  eden space 87424K,  99% used [0x00000000e0000000, 0x00000000e555d578, 0x00000000e5560000)
  from space 21824K, 100% used [0x00000000e6ab0000, 0x00000000e8000000, 0x00000000e8000000)
  to   space 21824K,   0% used [0x00000000e5560000, 0x00000000e5560000, 0x00000000e6ab0000)
 concurrent mark-sweep generation total 393216K, used 144231K [0x00000000e8000000, 0x0000000100000000, 0x0000000100000000)
 Metaspace       used 101008K, capacity 103817K, committed 104052K, reserved 1140736K
  class space    used 11709K, capacity 12276K, committed 12356K, reserved 1048576K
2019-05-25T18:54:12.560+0200: 1865.572: [GC (Allocation Failure) 2019-05-25T18:54:12.560+0200: 1865.572: [ParNew
Desired survivor size 20112992 bytes, new threshold 8 (max 8)
- age   1:    1111216 bytes,    1111216 total
- age   2:      92608 bytes,    1203824 total
- age   3:    4472704 bytes,    5676528 total
- age   4:    5350464 bytes,   11026992 total
- age   5:    7435224 bytes,   18462216 total
- age   6:      85536 bytes,   18547752 total
: 109237K->21824K(109248K), 0.0172911 secs] 253468K->166251K(502464K), 0.0174409 secs] [Times: user=0.06 sys=0.00, real=0.02 secs] 
Heap after GC invocations=128 (full 4):
 par new generation   total 109248K, used 21824K [0x00000000e0000000, 0x00000000e8000000, 0x00000000e8000000)
  eden space 87424K,   0% used [0x00000000e0000000, 0x00000000e0000000, 0x00000000e5560000)
  from space 21824K, 100% used [0x00000000e5560000, 0x00000000e6ab0000, 0x00000000e6ab0000)
  to   space 21824K,   0% used [0x00000000e6ab0000, 0x00000000e6ab0000, 0x00000000e8000000)
 concurrent mark-sweep generation total 393216K, used 144427K [0x00000000e8000000, 0x0000000100000000, 0x0000000100000000)
 Metaspace       used 101008K, capacity 103817K, committed 104052K, reserved 1140736K
  class space    used 11709K, capacity 12276K, committed 12356K, reserved 1048576K
}
2019-05-25T18:54:12.577+0200: 1865.590: Total time for which application threads were stopped: 0.0178995 seconds, Stopping threads took: 0.0000427 seconds
{Heap before GC invocations=128 (full 4):
 par new generation   total 109248K, used 109248K [0x00000000e0000000, 0x00000000e8000000, 0x00000000e8000000)
  eden space 87424K, 100% used [0x00000000e0000000, 0x00000000e5560000, 0x00000000e5560000)
  from space 21824K, 100% used [0x00000000e5560000, 0x00000000e6ab0000, 0x00000000e6ab0000)
  to   space 21824K,   0% used [0x00000000e6ab0000, 0x00000000e6ab0000, 0x00000000e8000000)
 concurrent mark-sweep generation total 393216K, used 144427K [0x00000000e8000000, 0x0000000100000000, 0x0000000100000000)
 Metaspace       used 101008K, capacity 103817K, committed 104052K, reserved 1140736K
  class space    used 11709K, capacity 12276K, committed 12356K, reserved 1048576K
2019-05-25T18:54:12.614+0200: 1865.627: [GC (Allocation Failure) 2019-05-25T18:54:12.614+0200: 1865.627: [ParNew
Desired survivor size 20112992 bytes, new threshold 8 (max 8)
- age   1:     190872 bytes,     190872 total
- age   2:    1042520 bytes,    1233392 total
- age   3:      92608 bytes,    1326000 total
- age   4:    4472704 bytes,    5798704 total
- age   5:    5350464 bytes,   11149168 total
- age   6:    7309384 bytes,   18458552 total
- age   7:      85536 bytes,   18544088 total
: 109248K->21824K(109248K), 0.0158511 secs] 253675K->166383K(502464K), 0.0159719 secs] [Times: user=0.02 sys=0.00, real=0.02 secs] 
Heap after GC invocations=129 (full 4):
 par new generation   total 109248K, used 21824K [0x00000000e0000000, 0x00000000e8000000, 0x00000000e8000000)
  eden space 87424K,   0% used [0x00000000e0000000, 0x00000000e0000000, 0x00000000e5560000)
  from space 21824K, 100% used [0x00000000e6ab0000, 0x00000000e8000000, 0x00000000e8000000)
  to   space 21824K,   0% used [0x00000000e5560000, 0x00000000e5560000, 0x00000000e6ab0000)
 concurrent mark-sweep generation total 393216K, used 144559K [0x00000000e8000000, 0x0000000100000000, 0x0000000100000000)
 Metaspace       used 101008K, capacity 103817K, committed 104052K, reserved 1140736K
  class space    used 11709K, capacity 12276K, committed 12356K, reserved 1048576K
}
2019-05-25T18:54:12.630+0200: 1865.643: Total time for which application threads were stopped: 0.0163303 seconds, Stopping threads took: 0.0000358 seconds
2019-05-25T18:54:12.716+0200: 1865.728: Total time for which application threads were stopped: 0.0002726 seconds, Stopping threads took: 0.0000367 seconds
2019-05-25T18:54:12.764+0200: 1865.777: Total time for which application threads were stopped: 0.0004655 seconds, Stopping threads took: 0.0001481 seconds
2019-05-25T18:54:12.764+0200: 1865.777: Total time for which application threads were stopped: 0.0002091 seconds, Stopping threads took: 0.0000619 seconds
2019-05-25T18:54:12.765+0200: 1865.778: Total time for which application threads were stopped: 0.0003934 seconds, Stopping threads took: 0.0001574 seconds
2019-05-25T18:54:12.765+0200: 1865.778: Total time for which application threads were stopped: 0.0002082 seconds, Stopping threads took: 0.0000542 seconds
{Heap before GC invocations=129 (full 4):
 par new generation   total 109248K, used 109248K [0x00000000e0000000, 0x00000000e8000000, 0x00000000e8000000)
  eden space 87424K, 100% used [0x00000000e0000000, 0x00000000e5560000, 0x00000000e5560000)
  from space 21824K, 100% used [0x00000000e6ab0000, 0x00000000e8000000, 0x00000000e8000000)
  to   space 21824K,   0% used [0x00000000e5560000, 0x00000000e5560000, 0x00000000e6ab0000)
 concurrent mark-sweep generation total 393216K, used 144559K [0x00000000e8000000, 0x0000000100000000, 0x0000000100000000)
 Metaspace       used 101009K, capacity 103817K, committed 104052K, reserved 1140736K
  class space    used 11709K, capacity 12276K, committed 12356K, reserved 1048576K
2019-05-25T18:54:12.835+0200: 1865.848: [GC (Allocation Failure) 2019-05-25T18:54:12.835+0200: 1865.848: [ParNew
Desired survivor size 20112992 bytes, new threshold 8 (max 8)
- age   1:    2438376 bytes,    2438376 total
- age   2:      88944 bytes,    2527320 total
- age   3:     382032 bytes,    2909352 total
- age   4:      92608 bytes,    3001960 total
- age   5:    4472624 bytes,    7474584 total
- age   6:    5350464 bytes,   12825048 total
- age   7:    6693568 bytes,   19518616 total
- age   8:      85536 bytes,   19604152 total
: 109248K->21824K(109248K), 0.0177046 secs] 253807K->167214K(502464K), 0.0178129 secs] [Times: user=0.06 sys=0.00, real=0.02 secs] 
Heap after GC invocations=130 (full 4):
 par new generation   total 109248K, used 21824K [0x00000000e0000000, 0x00000000e8000000, 0x00000000e8000000)
  eden space 87424K,   0% used [0x00000000e0000000, 0x00000000e0000000, 0x00000000e5560000)
  from space 21824K, 100% used [0x00000000e5560000, 0x00000000e6ab0000, 0x00000000e6ab0000)
  to   space 21824K,   0% used [0x00000000e6ab0000, 0x00000000e6ab0000, 0x00000000e8000000)
 concurrent mark-sweep generation total 393216K, used 145390K [0x00000000e8000000, 0x0000000100000000, 0x0000000100000000)
 Metaspace       used 101009K, capacity 103817K, committed 104052K, reserved 1140736K
  class space    used 11709K, capacity 12276K, committed 12356K, reserved 1048576K
}
2019-05-25T18:54:12.853+0200: 1865.866: Total time for which application threads were stopped: 0.0181995 seconds, Stopping threads took: 0.0000606 seconds
2019-05-25T18:54:12.854+0200: 1865.866: Total time for which application threads were stopped: 0.0002428 seconds, Stopping threads took: 0.0000397 seconds
{Heap before GC invocations=130 (full 4):
 par new generation   total 109248K, used 109248K [0x00000000e0000000, 0x00000000e8000000, 0x00000000e8000000)
  eden space 87424K, 100% used [0x00000000e0000000, 0x00000000e5560000, 0x00000000e5560000)
  from space 21824K, 100% used [0x00000000e5560000, 0x00000000e6ab0000, 0x00000000e6ab0000)
  to   space 21824K,   0% used [0x00000000e6ab0000, 0x00000000e6ab0000, 0x00000000e8000000)
 concurrent mark-sweep generation total 393216K, used 145390K [0x00000000e8000000, 0x0000000100000000, 0x0000000100000000)
 Metaspace       used 101009K, capacity 103817K, committed 104052K, reserved 1140736K
  class space    used 11709K, capacity 12276K, committed 12356K, reserved 1048576K
2019-05-25T18:54:12.886+0200: 1865.898: [GC (Allocation Failure) 2019-05-25T18:54:12.886+0200: 1865.898: [ParNew
Desired survivor size 20112992 bytes, new threshold 8 (max 8)
- age   1:     525152 bytes,     525152 total
- age   2:    2283672 bytes,    2808824 total
- age   3:      88944 bytes,    2897768 total
- age   4:     380800 bytes,    3278568 total
- age   5:      92528 bytes,    3371096 total
- age   6:    4472448 bytes,    7843544 total
- age   7:    5350464 bytes,   13194008 total
- age   8:    6229552 bytes,   19423560 total
: 109248K->21824K(109248K), 0.0173086 secs] 254638K->167798K(502464K), 0.0174123 secs] [Times: user=0.06 sys=0.00, real=0.02 secs] 
Heap after GC invocations=131 (full 4):
 par new generation   total 109248K, used 21824K [0x00000000e0000000, 0x00000000e8000000, 0x00000000e8000000)
  eden space 87424K,   0% used [0x00000000e0000000, 0x00000000e0000000, 0x00000000e5560000)
  from space 21824K, 100% used [0x00000000e6ab0000, 0x00000000e8000000, 0x00000000e8000000)
  to   space 21824K,   0% used [0x00000000e5560000, 0x00000000e5560000, 0x00000000e6ab0000)
 concurrent mark-sweep generation total 393216K, used 145974K [0x00000000e8000000, 0x0000000100000000, 0x0000000100000000)
 Metaspace       used 101009K, capacity 103817K, committed 104052K, reserved 1140736K
  class space    used 11709K, capacity 12276K, committed 12356K, reserved 1048576K
}
2019-05-25T18:54:12.903+0200: 1865.916: Total time for which application threads were stopped: 0.0177348 seconds, Stopping threads took: 0.0000354 seconds
2019-05-25T18:54:13.013+0200: 1866.026: Total time for which application threads were stopped: 0.0003226 seconds, Stopping threads took: 0.0000772 seconds
2019-05-25T18:54:14.014+0200: 1867.027: Total time for which application threads were stopped: 0.0005568 seconds, Stopping threads took: 0.0000887 seconds
2019-05-25T18:54:17.560+0200: 1870.573: Total time for which application threads were stopped: 0.0004873 seconds, Stopping threads took: 0.0000738 seconds
2019-05-25T18:54:17.562+0200: 1870.575: Total time for which application threads were stopped: 0.0003678 seconds, Stopping threads took: 0.0000533 seconds
2019-05-25T18:54:17.563+0200: 1870.575: Total time for which application threads were stopped: 0.0002586 seconds, Stopping threads took: 0.0000422 seconds
2019-05-25T18:54:17.563+0200: 1870.575: Total time for which application threads were stopped: 0.0002449 seconds, Stopping threads took: 0.0000457 seconds
2019-05-25T18:54:17.563+0200: 1870.576: Total time for which application threads were stopped: 0.0003981 seconds, Stopping threads took: 0.0002133 seconds
2019-05-25T18:54:17.564+0200: 1870.576: Total time for which application threads were stopped: 0.0002338 seconds, Stopping threads took: 0.0000431 seconds
2019-05-25T18:54:17.577+0200: 1870.590: Total time for which application threads were stopped: 0.0005858 seconds, Stopping threads took: 0.0000819 seconds
2019-05-25T18:54:17.578+0200: 1870.591: Total time for which application threads were stopped: 0.0005598 seconds, Stopping threads took: 0.0000951 seconds
2019-05-25T18:54:17.581+0200: 1870.593: Total time for which application threads were stopped: 0.0004429 seconds, Stopping threads took: 0.0001438 seconds
2019-05-25T18:54:17.582+0200: 1870.594: Total time for which application threads were stopped: 0.0003925 seconds, Stopping threads took: 0.0001246 seconds
2019-05-25T18:54:17.590+0200: 1870.602: Total time for which application threads were stopped: 0.0003477 seconds, Stopping threads took: 0.0000602 seconds
2019-05-25T18:54:17.602+0200: 1870.615: Total time for which application threads were stopped: 0.0003127 seconds, Stopping threads took: 0.0000789 seconds
2019-05-25T18:54:17.603+0200: 1870.615: Total time for which application threads were stopped: 0.0002419 seconds, Stopping threads took: 0.0000973 seconds
{Heap before GC invocations=131 (full 4):
 par new generation   total 109248K, used 109248K [0x00000000e0000000, 0x00000000e8000000, 0x00000000e8000000)
  eden space 87424K, 100% used [0x00000000e0000000, 0x00000000e5560000, 0x00000000e5560000)
  from space 21824K, 100% used [0x00000000e6ab0000, 0x00000000e8000000, 0x00000000e8000000)
  to   space 21824K,   0% used [0x00000000e5560000, 0x00000000e5560000, 0x00000000e6ab0000)
 concurrent mark-sweep generation total 393216K, used 145974K [0x00000000e8000000, 0x0000000100000000, 0x0000000100000000)
 Metaspace       used 101017K, capacity 103817K, committed 104052K, reserved 1140736K
  class space    used 11709K, capacity 12276K, committed 12356K, reserved 1048576K
2019-05-25T18:54:17.607+0200: 1870.619: [GC (Allocation Failure) 2019-05-25T18:54:17.607+0200: 1870.619: [ParNew
Desired survivor size 20112992 bytes, new threshold 8 (max 8)
- age   1:    2782008 bytes,    2782008 total
- age   2:      85928 bytes,    2867936 total
- age   3:    1302272 bytes,    4170208 total
- age   5:     298144 bytes,    4468352 total
- age   6:      92528 bytes,    4560880 total
- age   7:    4472152 bytes,    9033032 total
- age   8:    5345776 bytes,   14378808 total
: 109248K->21824K(109248K), 0.0241844 secs] 255222K->174053K(502464K), 0.0243047 secs] [Times: user=0.08 sys=0.00, real=0.02 secs] 
Heap after GC invocations=132 (full 4):
 par new generation   total 109248K, used 21824K [0x00000000e0000000, 0x00000000e8000000, 0x00000000e8000000)
  eden space 87424K,   0% used [0x00000000e0000000, 0x00000000e0000000, 0x00000000e5560000)
  from space 21824K, 100% used [0x00000000e5560000, 0x00000000e6ab0000, 0x00000000e6ab0000)
  to   space 21824K,   0% used [0x00000000e6ab0000, 0x00000000e6ab0000, 0x00000000e8000000)
 concurrent mark-sweep generation total 393216K, used 152229K [0x00000000e8000000, 0x0000000100000000, 0x0000000100000000)
 Metaspace       used 101017K, capacity 103817K, committed 104052K, reserved 1140736K
  class space    used 11709K, capacity 12276K, committed 12356K, reserved 1048576K
}
2019-05-25T18:54:17.631+0200: 1870.644: Total time for which application threads were stopped: 0.0246942 seconds, Stopping threads took: 0.0000499 seconds
{Heap before GC invocations=132 (full 4):
 par new generation   total 109248K, used 109238K [0x00000000e0000000, 0x00000000e8000000, 0x00000000e8000000)
  eden space 87424K,  99% used [0x00000000e0000000, 0x00000000e555daa0, 0x00000000e5560000)
  from space 21824K, 100% used [0x00000000e5560000, 0x00000000e6ab0000, 0x00000000e6ab0000)
  to   space 21824K,   0% used [0x00000000e6ab0000, 0x00000000e6ab0000, 0x00000000e8000000)
 concurrent mark-sweep generation total 393216K, used 152229K [0x00000000e8000000, 0x0000000100000000, 0x0000000100000000)
 Metaspace       used 101017K, capacity 103817K, committed 104052K, reserved 1140736K
  class space    used 11709K, capacity 12276K, committed 12356K, reserved 1048576K
2019-05-25T18:54:17.682+0200: 1870.695: [GC (Allocation Failure) 2019-05-25T18:54:17.682+0200: 1870.695: [ParNew
Desired survivor size 20112992 bytes, new threshold 8 (max 8)
- age   1:     779248 bytes,     779248 total
- age   2:    2320544 bytes,    3099792 total
- age   3:      85928 bytes,    3185720 total
- age   4:    1294216 bytes,    4479936 total
- age   6:     298144 bytes,    4778080 total
- age   7:      92528 bytes,    4870608 total
- age   8:    4472152 bytes,    9342760 total
: 109238K->14433K(109248K), 0.0181918 secs] 261468K->171960K(502464K), 0.0183134 secs] [Times: user=0.06 sys=0.00, real=0.02 secs] 
Heap after GC invocations=133 (full 4):
 par new generation   total 109248K, used 14433K [0x00000000e0000000, 0x00000000e8000000, 0x00000000e8000000)
  eden space 87424K,   0% used [0x00000000e0000000, 0x00000000e0000000, 0x00000000e5560000)
  from space 21824K,  66% used [0x00000000e6ab0000, 0x00000000e78c8528, 0x00000000e8000000)
  to   space 21824K,   0% used [0x00000000e5560000, 0x00000000e5560000, 0x00000000e6ab0000)
 concurrent mark-sweep generation total 393216K, used 157527K [0x00000000e8000000, 0x0000000100000000, 0x0000000100000000)
 Metaspace       used 101017K, capacity 103817K, committed 104052K, reserved 1140736K
  class space    used 11709K, capacity 12276K, committed 12356K, reserved 1048576K
}
2019-05-25T18:54:17.701+0200: 1870.713: Total time for which application threads were stopped: 0.0187653 seconds, Stopping threads took: 0.0000516 seconds
2019-05-25T18:54:17.701+0200: 1870.714: Total time for which application threads were stopped: 0.0002513 seconds, Stopping threads took: 0.0000717 seconds
{Heap before GC invocations=133 (full 4):
 par new generation   total 109248K, used 101857K [0x00000000e0000000, 0x00000000e8000000, 0x00000000e8000000)
  eden space 87424K, 100% used [0x00000000e0000000, 0x00000000e5560000, 0x00000000e5560000)
  from space 21824K,  66% used [0x00000000e6ab0000, 0x00000000e78c8528, 0x00000000e8000000)
  to   space 21824K,   0% used [0x00000000e5560000, 0x00000000e5560000, 0x00000000e6ab0000)
 concurrent mark-sweep generation total 393216K, used 157527K [0x00000000e8000000, 0x0000000100000000, 0x0000000100000000)
 Metaspace       used 101018K, capacity 103817K, committed 104052K, reserved 1140736K
  class space    used 11709K, capacity 12276K, committed 12356K, reserved 1048576K
2019-05-25T18:54:17.742+0200: 1870.755: [GC (Allocation Failure) 2019-05-25T18:54:17.742+0200: 1870.755: [ParNew
Desired survivor size 20112992 bytes, new threshold 8 (max 8)
- age   1:    1342552 bytes,    1342552 total
- age   2:     292776 bytes,    1635328 total
- age   3:    2320120 bytes,    3955448 total
- age   4:      85928 bytes,    4041376 total
- age   5:    1294216 bytes,    5335592 total
- age   7:     298144 bytes,    5633736 total
- age   8:      92528 bytes,    5726264 total
: 101857K->7599K(109248K), 0.0127475 secs] 259384K->169575K(502464K), 0.0128495 secs] [Times: user=0.01 sys=0.00, real=0.01 secs] 
Heap after GC invocations=134 (full 4):
 par new generation   total 109248K, used 7599K [0x00000000e0000000, 0x00000000e8000000, 0x00000000e8000000)
  eden space 87424K,   0% used [0x00000000e0000000, 0x00000000e0000000, 0x00000000e5560000)
  from space 21824K,  34% used [0x00000000e5560000, 0x00000000e5ccbfb0, 0x00000000e6ab0000)
  to   space 21824K,   0% used [0x00000000e6ab0000, 0x00000000e6ab0000, 0x00000000e8000000)
 concurrent mark-sweep generation total 393216K, used 161975K [0x00000000e8000000, 0x0000000100000000, 0x0000000100000000)
 Metaspace       used 101018K, capacity 103817K, committed 104052K, reserved 1140736K
  class space    used 11709K, capacity 12276K, committed 12356K, reserved 1048576K
}
2019-05-25T18:54:17.755+0200: 1870.768: Total time for which application threads were stopped: 0.0132122 seconds, Stopping threads took: 0.0000683 seconds
{Heap before GC invocations=134 (full 4):
 par new generation   total 109248K, used 95023K [0x00000000e0000000, 0x00000000e8000000, 0x00000000e8000000)
  eden space 87424K, 100% used [0x00000000e0000000, 0x00000000e5560000, 0x00000000e5560000)
  from space 21824K,  34% used [0x00000000e5560000, 0x00000000e5ccbfb0, 0x00000000e6ab0000)
  to   space 21824K,   0% used [0x00000000e6ab0000, 0x00000000e6ab0000, 0x00000000e8000000)
 concurrent mark-sweep generation total 393216K, used 161975K [0x00000000e8000000, 0x0000000100000000, 0x0000000100000000)
 Metaspace       used 101018K, capacity 103817K, committed 104052K, reserved 1140736K
  class space    used 11709K, capacity 12276K, committed 12356K, reserved 1048576K
2019-05-25T18:54:17.799+0200: 1870.811: [GC (Allocation Failure) 2019-05-25T18:54:17.799+0200: 1870.811: [ParNew
Desired survivor size 20112992 bytes, new threshold 8 (max 8)
- age   1:     772792 bytes,     772792 total
- age   2:     823360 bytes,    1596152 total
- age   3:     282224 bytes,    1878376 total
- age   4:    1662872 bytes,    3541248 total
- age   5:      85928 bytes,    3627176 total
- age   6:    1293016 bytes,    4920192 total
- age   8:     298144 bytes,    5218336 total
: 95023K->7161K(109248K), 0.0073536 secs] 256999K->169228K(502464K), 0.0074825 secs] [Times: user=0.05 sys=0.00, real=0.01 secs] 
Heap after GC invocations=135 (full 4):
 par new generation   total 109248K, used 7161K [0x00000000e0000000, 0x00000000e8000000, 0x00000000e8000000)
  eden space 87424K,   0% used [0x00000000e0000000, 0x00000000e0000000, 0x00000000e5560000)
  from space 21824K,  32% used [0x00000000e6ab0000, 0x00000000e71ae478, 0x00000000e8000000)
  to   space 21824K,   0% used [0x00000000e5560000, 0x00000000e5560000, 0x00000000e6ab0000)
 concurrent mark-sweep generation total 393216K, used 162067K [0x00000000e8000000, 0x0000000100000000, 0x0000000100000000)
 Metaspace       used 101018K, capacity 103817K, committed 104052K, reserved 1140736K
  class space    used 11709K, capacity 12276K, committed 12356K, reserved 1048576K
}
2019-05-25T18:54:17.806+0200: 1870.819: Total time for which application threads were stopped: 0.0078596 seconds, Stopping threads took: 0.0000461 seconds
2019-05-25T18:54:17.832+0200: 1870.845: Total time for which application threads were stopped: 0.0001993 seconds, Stopping threads took: 0.0000491 seconds
2019-05-25T18:54:17.886+0200: 1870.899: Total time for which application threads were stopped: 0.0001971 seconds, Stopping threads took: 0.0000367 seconds
2019-05-25T18:54:17.886+0200: 1870.899: Total time for which application threads were stopped: 0.0001353 seconds, Stopping threads took: 0.0000235 seconds
2019-05-25T18:54:17.888+0200: 1870.900: Total time for which application threads were stopped: 0.0001557 seconds, Stopping threads took: 0.0000196 seconds
2019-05-25T18:54:17.894+0200: 1870.907: Total time for which application threads were stopped: 0.0004305 seconds, Stopping threads took: 0.0000623 seconds
2019-05-25T18:54:17.922+0200: 1870.935: Total time for which application threads were stopped: 0.0003081 seconds, Stopping threads took: 0.0001293 seconds
2019-05-25T18:54:17.922+0200: 1870.935: Total time for which application threads were stopped: 0.0001826 seconds, Stopping threads took: 0.0000401 seconds
2019-05-25T18:54:17.923+0200: 1870.935: Total time for which application threads were stopped: 0.0001579 seconds, Stopping threads took: 0.0000491 seconds
2019-05-25T18:54:17.923+0200: 1870.936: Total time for which application threads were stopped: 0.0001498 seconds, Stopping threads took: 0.0000290 seconds
2019-05-25T18:54:17.923+0200: 1870.936: Total time for which application threads were stopped: 0.0002027 seconds, Stopping threads took: 0.0000375 seconds
2019-05-25T18:54:17.923+0200: 1870.936: Total time for which application threads were stopped: 0.0001408 seconds, Stopping threads took: 0.0000290 seconds
2019-05-25T18:54:17.924+0200: 1870.936: Total time for which application threads were stopped: 0.0001852 seconds, Stopping threads took: 0.0000286 seconds
2019-05-25T18:54:17.924+0200: 1870.936: Total time for which application threads were stopped: 0.0001493 seconds, Stopping threads took: 0.0000235 seconds
2019-05-25T18:54:17.932+0200: 1870.944: Total time for which application threads were stopped: 0.0004540 seconds, Stopping threads took: 0.0000333 seconds
2019-05-25T18:54:17.932+0200: 1870.945: Total time for which application threads were stopped: 0.0001711 seconds, Stopping threads took: 0.0000243 seconds
2019-05-25T18:54:22.362+0200: 1875.374: Total time for which application threads were stopped: 0.0016401 seconds, Stopping threads took: 0.0013521 seconds
2019-05-25T18:54:22.362+0200: 1875.375: Total time for which application threads were stopped: 0.0003029 seconds, Stopping threads took: 0.0000418 seconds
2019-05-25T18:54:22.389+0200: 1875.401: Total time for which application threads were stopped: 0.0004663 seconds, Stopping threads took: 0.0000747 seconds
2019-05-25T18:54:22.390+0200: 1875.403: Total time for which application threads were stopped: 0.0005756 seconds, Stopping threads took: 0.0001404 seconds
2019-05-25T18:54:22.415+0200: 1875.428: Total time for which application threads were stopped: 0.0002739 seconds, Stopping threads took: 0.0000533 seconds
2019-05-25T18:55:07.432+0200: 1920.445: Total time for which application threads were stopped: 0.0002116 seconds, Stopping threads took: 0.0000418 seconds
2019-05-25T18:55:14.631+0200: 1927.644: Total time for which application threads were stopped: 0.0001702 seconds, Stopping threads took: 0.0000307 seconds
2019-05-25T18:55:14.635+0200: 1927.648: Total time for which application threads were stopped: 0.0001907 seconds, Stopping threads took: 0.0000333 seconds
{Heap before GC invocations=135 (full 4):
 par new generation   total 109248K, used 94585K [0x00000000e0000000, 0x00000000e8000000, 0x00000000e8000000)
  eden space 87424K, 100% used [0x00000000e0000000, 0x00000000e5560000, 0x00000000e5560000)
  from space 21824K,  32% used [0x00000000e6ab0000, 0x00000000e71ae478, 0x00000000e8000000)
  to   space 21824K,   0% used [0x00000000e5560000, 0x00000000e5560000, 0x00000000e6ab0000)
 concurrent mark-sweep generation total 393216K, used 162067K [0x00000000e8000000, 0x0000000100000000, 0x0000000100000000)
 Metaspace       used 101034K, capacity 103881K, committed 104052K, reserved 1140736K
  class space    used 11709K, capacity 12276K, committed 12356K, reserved 1048576K
2019-05-25T18:55:14.638+0200: 1927.651: [GC (Allocation Failure) 2019-05-25T18:55:14.639+0200: 1927.651: [ParNew
Desired survivor size 20112992 bytes, new threshold 8 (max 8)
- age   1:    2315856 bytes,    2315856 total
- age   2:     617512 bytes,    2933368 total
- age   3:     147328 bytes,    3080696 total
- age   4:     279656 bytes,    3360352 total
- age   5:    1287472 bytes,    4647824 total
- age   6:      85928 bytes,    4733752 total
- age   7:    1273840 bytes,    6007592 total
: 94585K->7443K(109248K), 0.0083729 secs] 256652K->169778K(502464K), 0.0084851 secs] [Times: user=0.00 sys=0.00, real=0.01 secs] 
Heap after GC invocations=136 (full 4):
 par new generation   total 109248K, used 7443K [0x00000000e0000000, 0x00000000e8000000, 0x00000000e8000000)
  eden space 87424K,   0% used [0x00000000e0000000, 0x00000000e0000000, 0x00000000e5560000)
  from space 21824K,  34% used [0x00000000e5560000, 0x00000000e5ca4d90, 0x00000000e6ab0000)
  to   space 21824K,   0% used [0x00000000e6ab0000, 0x00000000e6ab0000, 0x00000000e8000000)
 concurrent mark-sweep generation total 393216K, used 162335K [0x00000000e8000000, 0x0000000100000000, 0x0000000100000000)
 Metaspace       used 101034K, capacity 103881K, committed 104052K, reserved 1140736K
  class space    used 11709K, capacity 12276K, committed 12356K, reserved 1048576K
}
2019-05-25T18:55:14.647+0200: 1927.660: Total time for which application threads were stopped: 0.0088235 seconds, Stopping threads took: 0.0000431 seconds
{Heap before GC invocations=136 (full 4):
 par new generation   total 109248K, used 94867K [0x00000000e0000000, 0x00000000e8000000, 0x00000000e8000000)
  eden space 87424K, 100% used [0x00000000e0000000, 0x00000000e5560000, 0x00000000e5560000)
  from space 21824K,  34% used [0x00000000e5560000, 0x00000000e5ca4d90, 0x00000000e6ab0000)
  to   space 21824K,   0% used [0x00000000e6ab0000, 0x00000000e6ab0000, 0x00000000e8000000)
 concurrent mark-sweep generation total 393216K, used 162335K [0x00000000e8000000, 0x0000000100000000, 0x0000000100000000)
 Metaspace       used 101034K, capacity 103881K, committed 104052K, reserved 1140736K
  class space    used 11709K, capacity 12276K, committed 12356K, reserved 1048576K
2019-05-25T18:55:14.678+0200: 1927.690: [GC (Allocation Failure) 2019-05-25T18:55:14.678+0200: 1927.690: [ParNew
Desired survivor size 20112992 bytes, new threshold 8 (max 8)
- age   1:     238160 bytes,     238160 total
- age   2:    1914176 bytes,    2152336 total
- age   3:     617512 bytes,    2769848 total
- age   4:     147328 bytes,    2917176 total
- age   5:     279656 bytes,    3196832 total
- age   6:     549640 bytes,    3746472 total
- age   7:       2064 bytes,    3748536 total
- age   8:     822936 bytes,    4571472 total
: 94867K->6345K(109248K), 0.0071531 secs] 257202K->168681K(502464K), 0.0072730 secs] [Times: user=0.00 sys=0.00, real=0.01 secs] 
Heap after GC invocations=137 (full 4):
 par new generation   total 109248K, used 6345K [0x00000000e0000000, 0x00000000e8000000, 0x00000000e8000000)
  eden space 87424K,   0% used [0x00000000e0000000, 0x00000000e0000000, 0x00000000e5560000)
  from space 21824K,  29% used [0x00000000e6ab0000, 0x00000000e70e2798, 0x00000000e8000000)
  to   space 21824K,   0% used [0x00000000e5560000, 0x00000000e5560000, 0x00000000e6ab0000)
 concurrent mark-sweep generation total 393216K, used 162335K [0x00000000e8000000, 0x0000000100000000, 0x0000000100000000)
 Metaspace       used 101034K, capacity 103881K, committed 104052K, reserved 1140736K
  class space    used 11709K, capacity 12276K, committed 12356K, reserved 1048576K
}
2019-05-25T18:55:14.685+0200: 1927.697: Total time for which application threads were stopped: 0.0076002 seconds, Stopping threads took: 0.0000346 seconds
2019-05-25T18:55:14.739+0200: 1927.751: Total time for which application threads were stopped: 0.0002573 seconds, Stopping threads took: 0.0000316 seconds
{Heap before GC invocations=137 (full 4):
 par new generation   total 109248K, used 93769K [0x00000000e0000000, 0x00000000e8000000, 0x00000000e8000000)
  eden space 87424K, 100% used [0x00000000e0000000, 0x00000000e5560000, 0x00000000e5560000)
  from space 21824K,  29% used [0x00000000e6ab0000, 0x00000000e70e2798, 0x00000000e8000000)
  to   space 21824K,   0% used [0x00000000e5560000, 0x00000000e5560000, 0x00000000e6ab0000)
 concurrent mark-sweep generation total 393216K, used 162335K [0x00000000e8000000, 0x0000000100000000, 0x0000000100000000)
 Metaspace       used 101034K, capacity 103881K, committed 104052K, reserved 1140736K
  class space    used 11709K, capacity 12276K, committed 12356K, reserved 1048576K
2019-05-25T18:55:14.835+0200: 1927.848: [GC (Allocation Failure) 2019-05-25T18:55:14.835+0200: 1927.848: [ParNew
Desired survivor size 20112992 bytes, new threshold 8 (max 8)
- age   1:    1902072 bytes,    1902072 total
- age   2:      86648 bytes,    1988720 total
- age   3:    1253248 bytes,    3241968 total
- age   4:     617480 bytes,    3859448 total
- age   5:     147328 bytes,    4006776 total
- age   6:     271680 bytes,    4278456 total
- age   7:     548920 bytes,    4827376 total
- age   8:       2064 bytes,    4829440 total
: 93769K->6622K(109248K), 0.0089348 secs] 256105K->169756K(502464K), 0.0090411 secs] [Times: user=0.00 sys=0.00, real=0.01 secs] 
Heap after GC invocations=138 (full 4):
 par new generation   total 109248K, used 6622K [0x00000000e0000000, 0x00000000e8000000, 0x00000000e8000000)
  eden space 87424K,   0% used [0x00000000e0000000, 0x00000000e0000000, 0x00000000e5560000)
  from space 21824K,  30% used [0x00000000e5560000, 0x00000000e5bd79d0, 0x00000000e6ab0000)
  to   space 21824K,   0% used [0x00000000e6ab0000, 0x00000000e6ab0000, 0x00000000e8000000)
 concurrent mark-sweep generation total 393216K, used 163134K [0x00000000e8000000, 0x0000000100000000, 0x0000000100000000)
 Metaspace       used 101034K, capacity 103881K, committed 104052K, reserved 1140736K
  class space    used 11709K, capacity 12276K, committed 12356K, reserved 1048576K
}
2019-05-25T18:55:14.844+0200: 1927.857: Total time for which application threads were stopped: 0.0094473 seconds, Stopping threads took: 0.0000363 seconds
2019-05-25T18:55:14.845+0200: 1927.857: Total time for which application threads were stopped: 0.0002854 seconds, Stopping threads took: 0.0000593 seconds
{Heap before GC invocations=138 (full 4):
 par new generation   total 109248K, used 94046K [0x00000000e0000000, 0x00000000e8000000, 0x00000000e8000000)
  eden space 87424K, 100% used [0x00000000e0000000, 0x00000000e5560000, 0x00000000e5560000)
  from space 21824K,  30% used [0x00000000e5560000, 0x00000000e5bd79d0, 0x00000000e6ab0000)
  to   space 21824K,   0% used [0x00000000e6ab0000, 0x00000000e6ab0000, 0x00000000e8000000)
 concurrent mark-sweep generation total 393216K, used 163134K [0x00000000e8000000, 0x0000000100000000, 0x0000000100000000)
 Metaspace       used 101034K, capacity 103881K, committed 104052K, reserved 1140736K
  class space    used 11709K, capacity 12276K, committed 12356K, reserved 1048576K
2019-05-25T18:55:14.873+0200: 1927.885: [GC (Allocation Failure) 2019-05-25T18:55:14.873+0200: 1927.885: [ParNew
Desired survivor size 20112992 bytes, new threshold 8 (max 8)
- age   1:    1086240 bytes,    1086240 total
- age   2:    1602416 bytes,    2688656 total
- age   3:      86648 bytes,    2775304 total
- age   4:    1253248 bytes,    4028552 total
- age   5:     617480 bytes,    4646032 total
- age   6:     147328 bytes,    4793360 total
- age   7:     271680 bytes,    5065040 total
- age   8:     548920 bytes,    5613960 total
: 94046K->7583K(109248K), 0.0066556 secs] 257180K->170720K(502464K), 0.0067704 secs] [Times: user=0.00 sys=0.02, real=0.01 secs] 
Heap after GC invocations=139 (full 4):
 par new generation   total 109248K, used 7583K [0x00000000e0000000, 0x00000000e8000000, 0x00000000e8000000)
  eden space 87424K,   0% used [0x00000000e0000000, 0x00000000e0000000, 0x00000000e5560000)
  from space 21824K,  34% used [0x00000000e6ab0000, 0x00000000e7217fa8, 0x00000000e8000000)
  to   space 21824K,   0% used [0x00000000e5560000, 0x00000000e5560000, 0x00000000e6ab0000)
 concurrent mark-sweep generation total 393216K, used 163136K [0x00000000e8000000, 0x0000000100000000, 0x0000000100000000)
 Metaspace       used 101034K, capacity 103881K, committed 104052K, reserved 1140736K
  class space    used 11709K, capacity 12276K, committed 12356K, reserved 1048576K
}
2019-05-25T18:55:14.880+0200: 1927.892: Total time for which application threads were stopped: 0.0071881 seconds, Stopping threads took: 0.0000452 seconds
2019-05-25T18:55:14.979+0200: 1927.991: Total time for which application threads were stopped: 0.0002261 seconds, Stopping threads took: 0.0000422 seconds
2019-05-25T18:55:14.979+0200: 1927.991: Total time for which application threads were stopped: 0.0001655 seconds, Stopping threads took: 0.0000269 seconds
2019-05-25T18:55:14.980+0200: 1927.993: Total time for which application threads were stopped: 0.0001911 seconds, Stopping threads took: 0.0000367 seconds
2019-05-25T18:55:14.988+0200: 1928.001: Total time for which application threads were stopped: 0.0003793 seconds, Stopping threads took: 0.0000674 seconds
2019-05-25T18:55:15.990+0200: 1929.002: Total time for which application threads were stopped: 0.0006626 seconds, Stopping threads took: 0.0001229 seconds
2019-05-25T18:55:19.550+0200: 1932.563: Total time for which application threads were stopped: 0.0007680 seconds, Stopping threads took: 0.0001382 seconds
2019-05-25T18:55:19.554+0200: 1932.566: Total time for which application threads were stopped: 0.0007142 seconds, Stopping threads took: 0.0001058 seconds
2019-05-25T18:55:19.554+0200: 1932.567: Total time for which application threads were stopped: 0.0005730 seconds, Stopping threads took: 0.0000969 seconds
2019-05-25T18:55:19.555+0200: 1932.568: Total time for which application threads were stopped: 0.0005449 seconds, Stopping threads took: 0.0000747 seconds
2019-05-25T18:55:19.556+0200: 1932.569: Total time for which application threads were stopped: 0.0004971 seconds, Stopping threads took: 0.0000772 seconds
2019-05-25T18:55:19.557+0200: 1932.570: Total time for which application threads were stopped: 0.0005717 seconds, Stopping threads took: 0.0000721 seconds
2019-05-25T18:55:19.558+0200: 1932.570: Total time for which application threads were stopped: 0.0005990 seconds, Stopping threads took: 0.0000875 seconds
2019-05-25T18:55:19.558+0200: 1932.571: Total time for which application threads were stopped: 0.0005777 seconds, Stopping threads took: 0.0000866 seconds
2019-05-25T18:55:19.584+0200: 1932.596: Total time for which application threads were stopped: 0.0003328 seconds, Stopping threads took: 0.0000589 seconds
2019-05-25T18:55:19.585+0200: 1932.597: Total time for which application threads were stopped: 0.0009775 seconds, Stopping threads took: 0.0000499 seconds
{Heap before GC invocations=139 (full 4):
 par new generation   total 109248K, used 94978K [0x00000000e0000000, 0x00000000e8000000, 0x00000000e8000000)
  eden space 87424K,  99% used [0x00000000e0000000, 0x00000000e5558b40, 0x00000000e5560000)
  from space 21824K,  34% used [0x00000000e6ab0000, 0x00000000e7217fa8, 0x00000000e8000000)
  to   space 21824K,   0% used [0x00000000e5560000, 0x00000000e5560000, 0x00000000e6ab0000)
 concurrent mark-sweep generation total 393216K, used 163136K [0x00000000e8000000, 0x0000000100000000, 0x0000000100000000)
 Metaspace       used 101038K, capacity 103881K, committed 104052K, reserved 1140736K
  class space    used 11709K, capacity 12276K, committed 12356K, reserved 1048576K
2019-05-25T18:55:19.607+0200: 1932.619: [GC (Allocation Failure) 2019-05-25T18:55:19.607+0200: 1932.620: [ParNew
Desired survivor size 20112992 bytes, new threshold 8 (max 8)
- age   1:    2828544 bytes,    2828544 total
- age   2:     150416 bytes,    2978960 total
- age   3:     807040 bytes,    3786000 total
- age   5:     832024 bytes,    4618024 total
- age   6:     617480 bytes,    5235504 total
- age   7:     147328 bytes,    5382832 total
- age   8:     271680 bytes,    5654512 total
: 94978K->6638K(109248K), 0.0100975 secs] 258114K->170308K(502464K), 0.0102805 secs] [Times: user=0.06 sys=0.00, real=0.01 secs] 
Heap after GC invocations=140 (full 4):
 par new generation   total 109248K, used 6638K [0x00000000e0000000, 0x00000000e8000000, 0x00000000e8000000)
  eden space 87424K,   0% used [0x00000000e0000000, 0x00000000e0000000, 0x00000000e5560000)
  from space 21824K,  30% used [0x00000000e5560000, 0x00000000e5bdbab0, 0x00000000e6ab0000)
  to   space 21824K,   0% used [0x00000000e6ab0000, 0x00000000e6ab0000, 0x00000000e8000000)
 concurrent mark-sweep generation total 393216K, used 163669K [0x00000000e8000000, 0x0000000100000000, 0x0000000100000000)
 Metaspace       used 101038K, capacity 103881K, committed 104052K, reserved 1140736K
  class space    used 11709K, capacity 12276K, committed 12356K, reserved 1048576K
}
2019-05-25T18:55:19.617+0200: 1932.630: Total time for which application threads were stopped: 0.0108954 seconds, Stopping threads took: 0.0001003 seconds
{Heap before GC invocations=140 (full 4):
 par new generation   total 109248K, used 94053K [0x00000000e0000000, 0x00000000e8000000, 0x00000000e8000000)
  eden space 87424K,  99% used [0x00000000e0000000, 0x00000000e555dad0, 0x00000000e5560000)
  from space 21824K,  30% used [0x00000000e5560000, 0x00000000e5bdbab0, 0x00000000e6ab0000)
  to   space 21824K,   0% used [0x00000000e6ab0000, 0x00000000e6ab0000, 0x00000000e8000000)
 concurrent mark-sweep generation total 393216K, used 163669K [0x00000000e8000000, 0x0000000100000000, 0x0000000100000000)
 Metaspace       used 101038K, capacity 103881K, committed 104052K, reserved 1140736K
  class space    used 11709K, capacity 12276K, committed 12356K, reserved 1048576K
2019-05-25T18:55:19.661+0200: 1932.673: [GC (Allocation Failure) 2019-05-25T18:55:19.661+0200: 1932.673: [ParNew
Desired survivor size 20112992 bytes, new threshold 8 (max 8)
- age   1:    1216864 bytes,    1216864 total
- age   2:    2311984 bytes,    3528848 total
- age   3:     150416 bytes,    3679264 total
- age   4:     799896 bytes,    4479160 total
- age   6:     825616 bytes,    5304776 total
- age   7:     617480 bytes,    5922256 total
- age   8:     147328 bytes,    6069584 total
: 94053K->8409K(109248K), 0.0065464 secs] 257722K->172347K(502464K), 0.0066500 secs] [Times: user=0.00 sys=0.00, real=0.01 secs] 
Heap after GC invocations=141 (full 4):
 par new generation   total 109248K, used 8409K [0x00000000e0000000, 0x00000000e8000000, 0x00000000e8000000)
  eden space 87424K,   0% used [0x00000000e0000000, 0x00000000e0000000, 0x00000000e5560000)
  from space 21824K,  38% used [0x00000000e6ab0000, 0x00000000e72e6568, 0x00000000e8000000)
  to   space 21824K,   0% used [0x00000000e5560000, 0x00000000e5560000, 0x00000000e6ab0000)
 concurrent mark-sweep generation total 393216K, used 163938K [0x00000000e8000000, 0x0000000100000000, 0x0000000100000000)
 Metaspace       used 101038K, capacity 103881K, committed 104052K, reserved 1140736K
  class space    used 11709K, capacity 12276K, committed 12356K, reserved 1048576K
}
2019-05-25T18:55:19.667+0200: 1932.680: Total time for which application threads were stopped: 0.0070383 seconds, Stopping threads took: 0.0000644 seconds
2019-05-25T18:55:19.668+0200: 1932.680: Total time for which application threads were stopped: 0.0003119 seconds, Stopping threads took: 0.0000841 seconds
{Heap before GC invocations=141 (full 4):
 par new generation   total 109248K, used 95812K [0x00000000e0000000, 0x00000000e8000000, 0x00000000e8000000)
  eden space 87424K,  99% used [0x00000000e0000000, 0x00000000e555ae88, 0x00000000e5560000)
  from space 21824K,  38% used [0x00000000e6ab0000, 0x00000000e72e6568, 0x00000000e8000000)
  to   space 21824K,   0% used [0x00000000e5560000, 0x00000000e5560000, 0x00000000e6ab0000)
 concurrent mark-sweep generation total 393216K, used 163938K [0x00000000e8000000, 0x0000000100000000, 0x0000000100000000)
 Metaspace       used 101038K, capacity 103881K, committed 104052K, reserved 1140736K
  class space    used 11709K, capacity 12276K, committed 12356K, reserved 1048576K
2019-05-25T18:55:19.712+0200: 1932.724: [GC (Allocation Failure) 2019-05-25T18:55:19.712+0200: 1932.724: [ParNew
Desired survivor size 20112992 bytes, new threshold 8 (max 8)
- age   1:    1091600 bytes,    1091600 total
- age   2:     304104 bytes,    1395704 total
- age   3:    2311784 bytes,    3707488 total
- age   4:     150416 bytes,    3857904 total
- age   5:     798984 bytes,    4656888 total
- age   7:     825616 bytes,    5482504 total
- age   8:     617480 bytes,    6099984 total
: 95812K->7704K(109248K), 0.0084920 secs] 259751K->171788K(502464K), 0.0086183 secs] [Times: user=0.00 sys=0.00, real=0.01 secs] 
Heap after GC invocations=142 (full 4):
 par new generation   total 109248K, used 7704K [0x00000000e0000000, 0x00000000e8000000, 0x00000000e8000000)
  eden space 87424K,   0% used [0x00000000e0000000, 0x00000000e0000000, 0x00000000e5560000)
  from space 21824K,  35% used [0x00000000e5560000, 0x00000000e5ce6090, 0x00000000e6ab0000)
  to   space 21824K,   0% used [0x00000000e6ab0000, 0x00000000e6ab0000, 0x00000000e8000000)
 concurrent mark-sweep generation total 393216K, used 164084K [0x00000000e8000000, 0x0000000100000000, 0x0000000100000000)
 Metaspace       used 101038K, capacity 103881K, committed 104052K, reserved 1140736K
  class space    used 11709K, capacity 12276K, committed 12356K, reserved 1048576K
}
2019-05-25T18:55:19.721+0200: 1932.733: Total time for which application threads were stopped: 0.0091034 seconds, Stopping threads took: 0.0000811 seconds
2019-05-25T18:55:19.742+0200: 1932.755: Total time for which application threads were stopped: 0.0002863 seconds, Stopping threads took: 0.0000623 seconds
{Heap before GC invocations=142 (full 4):
 par new generation   total 109248K, used 95128K [0x00000000e0000000, 0x00000000e8000000, 0x00000000e8000000)
  eden space 87424K, 100% used [0x00000000e0000000, 0x00000000e5560000, 0x00000000e5560000)
  from space 21824K,  35% used [0x00000000e5560000, 0x00000000e5ce6090, 0x00000000e6ab0000)
  to   space 21824K,   0% used [0x00000000e6ab0000, 0x00000000e6ab0000, 0x00000000e8000000)
 concurrent mark-sweep generation total 393216K, used 164084K [0x00000000e8000000, 0x0000000100000000, 0x0000000100000000)
 Metaspace       used 101038K, capacity 103881K, committed 104052K, reserved 1140736K
  class space    used 11709K, capacity 12276K, committed 12356K, reserved 1048576K
2019-05-25T18:55:19.767+0200: 1932.779: [GC (Allocation Failure) 2019-05-25T18:55:19.767+0200: 1932.779: [ParNew
Desired survivor size 20112992 bytes, new threshold 8 (max 8)
- age   1:     673672 bytes,     673672 total
- age   2:     823136 bytes,    1496808 total
- age   3:     293432 bytes,    1790240 total
- age   4:    2311560 bytes,    4101800 total
- age   5:     150416 bytes,    4252216 total
- age   6:     798904 bytes,    5051120 total
- age   8:     825616 bytes,    5876736 total
: 95128K->7985K(109248K), 0.0071091 secs] 259212K->172676K(502464K), 0.0072461 secs] [Times: user=0.06 sys=0.00, real=0.01 secs] 
Heap after GC invocations=143 (full 4):
 par new generation   total 109248K, used 7985K [0x00000000e0000000, 0x00000000e8000000, 0x00000000e8000000)
  eden space 87424K,   0% used [0x00000000e0000000, 0x00000000e0000000, 0x00000000e5560000)
  from space 21824K,  36% used [0x00000000e6ab0000, 0x00000000e727c6e0, 0x00000000e8000000)
  to   space 21824K,   0% used [0x00000000e5560000, 0x00000000e5560000, 0x00000000e6ab0000)
 concurrent mark-sweep generation total 393216K, used 164691K [0x00000000e8000000, 0x0000000100000000, 0x0000000100000000)
 Metaspace       used 101038K, capacity 103881K, committed 104052K, reserved 1140736K
  class space    used 11709K, capacity 12276K, committed 12356K, reserved 1048576K
}
2019-05-25T18:55:19.774+0200: 1932.787: Total time for which application threads were stopped: 0.0076284 seconds, Stopping threads took: 0.0000572 seconds
2019-05-25T18:55:19.806+0200: 1932.819: Total time for which application threads were stopped: 0.0002061 seconds, Stopping threads took: 0.0000354 seconds
2019-05-25T18:55:19.861+0200: 1932.873: Total time for which application threads were stopped: 0.0002411 seconds, Stopping threads took: 0.0000354 seconds
2019-05-25T18:55:19.861+0200: 1932.874: Total time for which application threads were stopped: 0.0001280 seconds, Stopping threads took: 0.0000183 seconds
2019-05-25T18:55:19.862+0200: 1932.875: Total time for which application threads were stopped: 0.0001216 seconds, Stopping threads took: 0.0000183 seconds
2019-05-25T18:55:19.868+0200: 1932.881: Total time for which application threads were stopped: 0.0002470 seconds, Stopping threads took: 0.0000653 seconds
2019-05-25T18:55:19.890+0200: 1932.902: Total time for which application threads were stopped: 0.0002091 seconds, Stopping threads took: 0.0000572 seconds
2019-05-25T18:55:19.891+0200: 1932.903: Total time for which application threads were stopped: 0.0003729 seconds, Stopping threads took: 0.0000226 seconds
2019-05-25T18:55:19.891+0200: 1932.903: Total time for which application threads were stopped: 0.0003153 seconds, Stopping threads took: 0.0000282 seconds
2019-05-25T18:55:19.891+0200: 1932.904: Total time for which application threads were stopped: 0.0002692 seconds, Stopping threads took: 0.0000222 seconds
2019-05-25T18:55:19.892+0200: 1932.904: Total time for which application threads were stopped: 0.0002500 seconds, Stopping threads took: 0.0000149 seconds
2019-05-25T18:55:19.892+0200: 1932.904: Total time for which application threads were stopped: 0.0002675 seconds, Stopping threads took: 0.0000422 seconds
2019-05-25T18:55:19.892+0200: 1932.905: Total time for which application threads were stopped: 0.0000973 seconds, Stopping threads took: 0.0000149 seconds
2019-05-25T18:55:19.892+0200: 1932.905: Total time for which application threads were stopped: 0.0002466 seconds, Stopping threads took: 0.0000119 seconds
2019-05-25T18:55:19.899+0200: 1932.911: Total time for which application threads were stopped: 0.0002159 seconds, Stopping threads took: 0.0000401 seconds
2019-05-25T18:55:19.899+0200: 1932.911: Total time for which application threads were stopped: 0.0001289 seconds, Stopping threads took: 0.0000265 seconds
2019-05-25T18:55:23.510+0200: 1936.523: Total time for which application threads were stopped: 0.0006827 seconds, Stopping threads took: 0.0000384 seconds
2019-05-25T18:55:23.516+0200: 1936.528: Total time for which application threads were stopped: 0.0003290 seconds, Stopping threads took: 0.0000418 seconds
2019-05-25T18:55:23.516+0200: 1936.528: Total time for which application threads were stopped: 0.0002479 seconds, Stopping threads took: 0.0000768 seconds
2019-05-25T18:55:23.516+0200: 1936.529: Total time for which application threads were stopped: 0.0002039 seconds, Stopping threads took: 0.0000567 seconds
2019-05-25T18:55:23.517+0200: 1936.529: Total time for which application threads were stopped: 0.0001647 seconds, Stopping threads took: 0.0000461 seconds
2019-05-25T18:55:23.517+0200: 1936.529: Total time for which application threads were stopped: 0.0002231 seconds, Stopping threads took: 0.0000277 seconds
2019-05-25T18:55:23.517+0200: 1936.529: Total time for which application threads were stopped: 0.0001570 seconds, Stopping threads took: 0.0000230 seconds
2019-05-25T18:55:23.517+0200: 1936.530: Total time for which application threads were stopped: 0.0001506 seconds, Stopping threads took: 0.0000192 seconds
2019-05-25T18:55:23.518+0200: 1936.530: Total time for which application threads were stopped: 0.0001301 seconds, Stopping threads took: 0.0000188 seconds
2019-05-25T18:55:23.518+0200: 1936.530: Total time for which application threads were stopped: 0.0001173 seconds, Stopping threads took: 0.0000183 seconds
2019-05-25T18:55:23.518+0200: 1936.530: Total time for which application threads were stopped: 0.0001169 seconds, Stopping threads took: 0.0000192 seconds
2019-05-25T18:55:23.518+0200: 1936.530: Total time for which application threads were stopped: 0.0001041 seconds, Stopping threads took: 0.0000183 seconds
2019-05-25T18:55:23.518+0200: 1936.530: Total time for which application threads were stopped: 0.0001092 seconds, Stopping threads took: 0.0000226 seconds
2019-05-25T18:55:23.518+0200: 1936.531: Total time for which application threads were stopped: 0.0001203 seconds, Stopping threads took: 0.0000183 seconds
2019-05-25T18:55:23.518+0200: 1936.531: Total time for which application threads were stopped: 0.0001161 seconds, Stopping threads took: 0.0000243 seconds
2019-05-25T18:55:23.519+0200: 1936.531: Total time for which application threads were stopped: 0.0001079 seconds, Stopping threads took: 0.0000205 seconds
2019-05-25T18:55:23.519+0200: 1936.531: Total time for which application threads were stopped: 0.0001195 seconds, Stopping threads took: 0.0000243 seconds
2019-05-25T18:55:23.519+0200: 1936.531: Total time for which application threads were stopped: 0.0001015 seconds, Stopping threads took: 0.0000179 seconds
2019-05-25T18:55:23.519+0200: 1936.531: Total time for which application threads were stopped: 0.0001152 seconds, Stopping threads took: 0.0000175 seconds
2019-05-25T18:55:23.519+0200: 1936.532: Total time for which application threads were stopped: 0.0001058 seconds, Stopping threads took: 0.0000179 seconds
2019-05-25T18:55:23.519+0200: 1936.532: Total time for which application threads were stopped: 0.0001037 seconds, Stopping threads took: 0.0000175 seconds
2019-05-25T18:55:23.520+0200: 1936.532: Total time for which application threads were stopped: 0.0004369 seconds, Stopping threads took: 0.0000175 seconds
2019-05-25T18:55:23.522+0200: 1936.535: Total time for which application threads were stopped: 0.0002453 seconds, Stopping threads took: 0.0000666 seconds
2019-05-25T18:55:23.523+0200: 1936.535: Total time for which application threads were stopped: 0.0002197 seconds, Stopping threads took: 0.0000619 seconds
2019-05-25T18:55:23.526+0200: 1936.539: Total time for which application threads were stopped: 0.0003661 seconds, Stopping threads took: 0.0000683 seconds
2019-05-25T18:55:23.529+0200: 1936.542: Total time for which application threads were stopped: 0.0003200 seconds, Stopping threads took: 0.0000593 seconds
2019-05-25T18:55:23.935+0200: 1936.948: Total time for which application threads were stopped: 0.0005214 seconds, Stopping threads took: 0.0000973 seconds
2019-05-25T18:55:24.350+0200: 1937.362: Total time for which application threads were stopped: 0.0002577 seconds, Stopping threads took: 0.0000704 seconds
2019-05-25T18:55:24.352+0200: 1937.365: Total time for which application threads were stopped: 0.0002569 seconds, Stopping threads took: 0.0000841 seconds
2019-05-25T18:55:24.353+0200: 1937.366: Total time for which application threads were stopped: 0.0003383 seconds, Stopping threads took: 0.0000657 seconds
2019-05-25T18:55:24.354+0200: 1937.366: Total time for which application threads were stopped: 0.0002556 seconds, Stopping threads took: 0.0000644 seconds
2019-05-25T18:55:24.356+0200: 1937.369: Total time for which application threads were stopped: 0.0002590 seconds, Stopping threads took: 0.0000670 seconds
2019-05-25T18:55:24.358+0200: 1937.371: Total time for which application threads were stopped: 0.0004237 seconds, Stopping threads took: 0.0000542 seconds
2019-05-25T18:55:24.362+0200: 1937.375: Total time for which application threads were stopped: 0.0003238 seconds, Stopping threads took: 0.0001438 seconds
2019-05-25T18:55:24.365+0200: 1937.377: Total time for which application threads were stopped: 0.0003119 seconds, Stopping threads took: 0.0000747 seconds
2019-05-25T18:55:24.368+0200: 1937.380: Total time for which application threads were stopped: 0.0002240 seconds, Stopping threads took: 0.0000486 seconds
2019-05-25T18:55:24.368+0200: 1937.381: Total time for which application threads were stopped: 0.0001958 seconds, Stopping threads took: 0.0000363 seconds
2019-05-25T18:55:24.369+0200: 1937.381: Total time for which application threads were stopped: 0.0002867 seconds, Stopping threads took: 0.0000371 seconds
2019-05-25T18:55:24.369+0200: 1937.382: Total time for which application threads were stopped: 0.0002624 seconds, Stopping threads took: 0.0000559 seconds
2019-05-25T18:55:24.370+0200: 1937.383: Total time for which application threads were stopped: 0.0001920 seconds, Stopping threads took: 0.0000363 seconds
2019-05-25T18:55:24.370+0200: 1937.383: Total time for which application threads were stopped: 0.0002603 seconds, Stopping threads took: 0.0000393 seconds
2019-05-25T18:55:24.371+0200: 1937.384: Total time for which application threads were stopped: 0.0002799 seconds, Stopping threads took: 0.0000371 seconds
2019-05-25T18:55:24.372+0200: 1937.385: Total time for which application threads were stopped: 0.0002394 seconds, Stopping threads took: 0.0000380 seconds
2019-05-25T18:55:24.373+0200: 1937.385: Total time for which application threads were stopped: 0.0002517 seconds, Stopping threads took: 0.0000371 seconds
2019-05-25T18:55:24.373+0200: 1937.386: Total time for which application threads were stopped: 0.0002684 seconds, Stopping threads took: 0.0000435 seconds
2019-05-25T18:55:24.375+0200: 1937.387: Total time for which application threads were stopped: 0.0008132 seconds, Stopping threads took: 0.0000367 seconds
2019-05-25T18:55:25.375+0200: 1938.388: Total time for which application threads were stopped: 0.0004634 seconds, Stopping threads took: 0.0000879 seconds
2019-05-25T18:55:34.378+0200: 1947.390: Total time for which application threads were stopped: 0.0005197 seconds, Stopping threads took: 0.0001024 seconds
2019-05-25T18:56:09.392+0200: 1982.405: Total time for which application threads were stopped: 0.0004160 seconds, Stopping threads took: 0.0000785 seconds
2019-05-25T18:56:20.769+0200: 1993.781: Total time for which application threads were stopped: 0.0002846 seconds, Stopping threads took: 0.0000388 seconds
{Heap before GC invocations=143 (full 4):
 par new generation   total 109248K, used 95409K [0x00000000e0000000, 0x00000000e8000000, 0x00000000e8000000)
  eden space 87424K, 100% used [0x00000000e0000000, 0x00000000e5560000, 0x00000000e5560000)
  from space 21824K,  36% used [0x00000000e6ab0000, 0x00000000e727c6e0, 0x00000000e8000000)
  to   space 21824K,   0% used [0x00000000e5560000, 0x00000000e5560000, 0x00000000e6ab0000)
 concurrent mark-sweep generation total 393216K, used 164691K [0x00000000e8000000, 0x0000000100000000, 0x0000000100000000)
 Metaspace       used 101082K, capacity 103881K, committed 104052K, reserved 1140736K
  class space    used 11713K, capacity 12276K, committed 12356K, reserved 1048576K
2019-05-25T18:56:20.769+0200: 1993.782: [GC (Allocation Failure) 2019-05-25T18:56:20.769+0200: 1993.782: [ParNew
Desired survivor size 20112992 bytes, new threshold 8 (max 8)
- age   1:    1508504 bytes,    1508504 total
- age   2:     544488 bytes,    2052992 total
- age   3:     146920 bytes,    2199912 total
- age   4:     290512 bytes,    2490424 total
- age   5:    1255520 bytes,    3745944 total
- age   6:     150416 bytes,    3896360 total
- age   7:     766224 bytes,    4662584 total
: 95409K->6095K(109248K), 0.0076049 secs] 260100K->171565K(502464K), 0.0078421 secs] [Times: user=0.06 sys=0.00, real=0.01 secs] 
Heap after GC invocations=144 (full 4):
 par new generation   total 109248K, used 6095K [0x00000000e0000000, 0x00000000e8000000, 0x00000000e8000000)
  eden space 87424K,   0% used [0x00000000e0000000, 0x00000000e0000000, 0x00000000e5560000)
  from space 21824K,  27% used [0x00000000e5560000, 0x00000000e5b53da8, 0x00000000e6ab0000)
  to   space 21824K,   0% used [0x00000000e6ab0000, 0x00000000e6ab0000, 0x00000000e8000000)
 concurrent mark-sweep generation total 393216K, used 165469K [0x00000000e8000000, 0x0000000100000000, 0x0000000100000000)
 Metaspace       used 101082K, capacity 103881K, committed 104052K, reserved 1140736K
  class space    used 11713K, capacity 12276K, committed 12356K, reserved 1048576K
}
2019-05-25T18:56:20.777+0200: 1993.790: Total time for which application threads were stopped: 0.0081912 seconds, Stopping threads took: 0.0000367 seconds
2019-05-25T18:56:20.790+0200: 1993.803: Total time for which application threads were stopped: 0.0002816 seconds, Stopping threads took: 0.0000448 seconds
2019-05-25T18:56:21.115+0200: 1994.128: Total time for which application threads were stopped: 0.0003891 seconds, Stopping threads took: 0.0000521 seconds
2019-05-25T18:56:21.120+0200: 1994.132: Total time for which application threads were stopped: 0.0003994 seconds, Stopping threads took: 0.0000644 seconds
2019-05-25T18:56:21.128+0200: 1994.141: Total time for which application threads were stopped: 0.0006182 seconds, Stopping threads took: 0.0000892 seconds
{Heap before GC invocations=144 (full 4):
 par new generation   total 109248K, used 93519K [0x00000000e0000000, 0x00000000e8000000, 0x00000000e8000000)
  eden space 87424K, 100% used [0x00000000e0000000, 0x00000000e5560000, 0x00000000e5560000)
  from space 21824K,  27% used [0x00000000e5560000, 0x00000000e5b53da8, 0x00000000e6ab0000)
  to   space 21824K,   0% used [0x00000000e6ab0000, 0x00000000e6ab0000, 0x00000000e8000000)
 concurrent mark-sweep generation total 393216K, used 165469K [0x00000000e8000000, 0x0000000100000000, 0x0000000100000000)
 Metaspace       used 101084K, capacity 103881K, committed 104052K, reserved 1140736K
  class space    used 11713K, capacity 12276K, committed 12356K, reserved 1048576K
2019-05-25T18:56:22.222+0200: 1995.234: [GC (Allocation Failure) 2019-05-25T18:56:22.222+0200: 1995.234: [ParNew
Desired survivor size 20112992 bytes, new threshold 8 (max 8)
- age   1:    2033464 bytes,    2033464 total
- age   2:    1237104 bytes,    3270568 total
- age   3:     544488 bytes,    3815056 total
- age   4:     146712 bytes,    3961768 total
- age   5:     282504 bytes,    4244272 total
- age   6:     509152 bytes,    4753424 total
- age   7:       2480 bytes,    4755904 total
- age   8:     313856 bytes,    5069760 total
: 93519K->5801K(109248K), 0.0069982 secs] 258989K->171270K(502464K), 0.0070980 secs] [Times: user=0.06 sys=0.00, real=0.01 secs] 
Heap after GC invocations=145 (full 4):
 par new generation   total 109248K, used 5801K [0x00000000e0000000, 0x00000000e8000000, 0x00000000e8000000)
  eden space 87424K,   0% used [0x00000000e0000000, 0x00000000e0000000, 0x00000000e5560000)
  from space 21824K,  26% used [0x00000000e6ab0000, 0x00000000e705a440, 0x00000000e8000000)
  to   space 21824K,   0% used [0x00000000e5560000, 0x00000000e5560000, 0x00000000e6ab0000)
 concurrent mark-sweep generation total 393216K, used 165469K [0x00000000e8000000, 0x0000000100000000, 0x0000000100000000)
 Metaspace       used 101084K, capacity 103881K, committed 104052K, reserved 1140736K
  class space    used 11713K, capacity 12276K, committed 12356K, reserved 1048576K
}
2019-05-25T18:56:22.229+0200: 1995.242: Total time for which application threads were stopped: 0.0074453 seconds, Stopping threads took: 0.0000354 seconds
2019-05-25T18:56:22.230+0200: 1995.242: Total time for which application threads were stopped: 0.0002901 seconds, Stopping threads took: 0.0000627 seconds
{Heap before GC invocations=145 (full 4):
 par new generation   total 109248K, used 93225K [0x00000000e0000000, 0x00000000e8000000, 0x00000000e8000000)
  eden space 87424K, 100% used [0x00000000e0000000, 0x00000000e5560000, 0x00000000e5560000)
  from space 21824K,  26% used [0x00000000e6ab0000, 0x00000000e705a440, 0x00000000e8000000)
  to   space 21824K,   0% used [0x00000000e5560000, 0x00000000e5560000, 0x00000000e6ab0000)
 concurrent mark-sweep generation total 393216K, used 165469K [0x00000000e8000000, 0x0000000100000000, 0x0000000100000000)
 Metaspace       used 101084K, capacity 103881K, committed 104052K, reserved 1140736K
  class space    used 11713K, capacity 12276K, committed 12356K, reserved 1048576K
2019-05-25T18:56:22.298+0200: 1995.311: [GC (Allocation Failure) 2019-05-25T18:56:22.298+0200: 1995.311: [ParNew
Desired survivor size 20112992 bytes, new threshold 8 (max 8)
- age   1:     460600 bytes,     460600 total
- age   2:    1511560 bytes,    1972160 total
- age   3:    1237104 bytes,    3209264 total
- age   4:     544488 bytes,    3753752 total
- age   5:     146712 bytes,    3900464 total
- age   6:     282440 bytes,    4182904 total
- age   7:     509152 bytes,    4692056 total
- age   8:       2480 bytes,    4694536 total
: 93225K->6536K(109248K), 0.0092429 secs] 258694K->172314K(502464K), 0.0094712 secs] [Times: user=0.05 sys=0.00, real=0.01 secs] 
Heap after GC invocations=146 (full 4):
 par new generation   total 109248K, used 6536K [0x00000000e0000000, 0x00000000e8000000, 0x00000000e8000000)
  eden space 87424K,   0% used [0x00000000e0000000, 0x00000000e0000000, 0x00000000e5560000)
  from space 21824K,  29% used [0x00000000e5560000, 0x00000000e5bc2280, 0x00000000e6ab0000)
  to   space 21824K,   0% used [0x00000000e6ab0000, 0x00000000e6ab0000, 0x00000000e8000000)
 concurrent mark-sweep generation total 393216K, used 165778K [0x00000000e8000000, 0x0000000100000000, 0x0000000100000000)
 Metaspace       used 101084K, capacity 103881K, committed 104052K, reserved 1140736K
  class space    used 11713K, capacity 12276K, committed 12356K, reserved 1048576K
}
2019-05-25T18:56:22.308+0200: 1995.320: Total time for which application threads were stopped: 0.0098368 seconds, Stopping threads took: 0.0000482 seconds
2019-05-25T18:56:22.390+0200: 1995.402: Total time for which application threads were stopped: 0.0003046 seconds, Stopping threads took: 0.0000585 seconds
2019-05-25T18:56:23.391+0200: 1996.404: Total time for which application threads were stopped: 0.0006455 seconds, Stopping threads took: 0.0001020 seconds
2019-05-25T18:56:26.930+0200: 1999.943: Total time for which application threads were stopped: 0.0004399 seconds, Stopping threads took: 0.0000606 seconds
2019-05-25T18:56:26.954+0200: 1999.966: Total time for which application threads were stopped: 0.0005316 seconds, Stopping threads took: 0.0001617 seconds
2019-05-25T18:56:27.024+0200: 2000.036: Total time for which application threads were stopped: 0.0003921 seconds, Stopping threads took: 0.0001071 seconds
2019-05-25T18:56:27.024+0200: 2000.036: Total time for which application threads were stopped: 0.0002103 seconds, Stopping threads took: 0.0000503 seconds
2019-05-25T18:56:27.027+0200: 2000.040: Total time for which application threads were stopped: 0.0003021 seconds, Stopping threads took: 0.0000439 seconds
2019-05-25T18:56:27.138+0200: 2000.150: Total time for which application threads were stopped: 0.0002714 seconds, Stopping threads took: 0.0000401 seconds
2019-05-25T18:56:27.173+0200: 2000.185: Total time for which application threads were stopped: 0.0002116 seconds, Stopping threads took: 0.0000457 seconds
2019-05-25T18:56:27.174+0200: 2000.186: Total time for which application threads were stopped: 0.0002603 seconds, Stopping threads took: 0.0001024 seconds
2019-05-25T18:56:27.174+0200: 2000.187: Total time for which application threads were stopped: 0.0001732 seconds, Stopping threads took: 0.0000346 seconds
2019-05-25T18:56:27.174+0200: 2000.187: Total time for which application threads were stopped: 0.0002372 seconds, Stopping threads took: 0.0000977 seconds
2019-05-25T18:56:27.175+0200: 2000.187: Total time for which application threads were stopped: 0.0001562 seconds, Stopping threads took: 0.0000367 seconds
2019-05-25T18:56:27.175+0200: 2000.188: Total time for which application threads were stopped: 0.0002377 seconds, Stopping threads took: 0.0000896 seconds
2019-05-25T18:56:27.175+0200: 2000.188: Total time for which application threads were stopped: 0.0002283 seconds, Stopping threads took: 0.0000410 seconds
2019-05-25T18:56:27.187+0200: 2000.200: Total time for which application threads were stopped: 0.0002624 seconds, Stopping threads took: 0.0000346 seconds
2019-05-25T18:56:27.188+0200: 2000.200: Total time for which application threads were stopped: 0.0002342 seconds, Stopping threads took: 0.0000260 seconds
2019-05-25T18:56:27.190+0200: 2000.202: Total time for which application threads were stopped: 0.0002611 seconds, Stopping threads took: 0.0000469 seconds
2019-05-25T18:56:27.190+0200: 2000.203: Total time for which application threads were stopped: 0.0002082 seconds, Stopping threads took: 0.0000247 seconds
2019-05-25T18:56:27.191+0200: 2000.203: Total time for which application threads were stopped: 0.0002086 seconds, Stopping threads took: 0.0000341 seconds
2019-05-25T18:56:27.194+0200: 2000.206: Total time for which application threads were stopped: 0.0002628 seconds, Stopping threads took: 0.0000422 seconds
2019-05-25T18:56:27.194+0200: 2000.207: Total time for which application threads were stopped: 0.0001719 seconds, Stopping threads took: 0.0000256 seconds
2019-05-25T18:56:27.195+0200: 2000.207: Total time for which application threads were stopped: 0.0001702 seconds, Stopping threads took: 0.0000205 seconds
2019-05-25T18:56:27.220+0200: 2000.233: Total time for which application threads were stopped: 0.0003004 seconds, Stopping threads took: 0.0000525 seconds
2019-05-25T18:56:27.220+0200: 2000.233: Total time for which application threads were stopped: 0.0001852 seconds, Stopping threads took: 0.0000265 seconds
2019-05-25T18:56:27.221+0200: 2000.233: Total time for which application threads were stopped: 0.0001562 seconds, Stopping threads took: 0.0000256 seconds
2019-05-25T18:56:27.309+0200: 2000.322: Total time for which application threads were stopped: 0.0003132 seconds, Stopping threads took: 0.0000478 seconds
2019-05-25T18:56:27.309+0200: 2000.322: Total time for which application threads were stopped: 0.0002295 seconds, Stopping threads took: 0.0000294 seconds
2019-05-25T18:56:27.311+0200: 2000.324: Total time for which application threads were stopped: 0.0002577 seconds, Stopping threads took: 0.0000533 seconds
2019-05-25T18:56:27.313+0200: 2000.325: Total time for which application threads were stopped: 0.0002799 seconds, Stopping threads took: 0.0000452 seconds
2019-05-25T18:56:27.313+0200: 2000.326: Total time for which application threads were stopped: 0.0002236 seconds, Stopping threads took: 0.0000282 seconds
2019-05-25T18:56:27.314+0200: 2000.326: Total time for which application threads were stopped: 0.0002223 seconds, Stopping threads took: 0.0000294 seconds
2019-05-25T18:56:27.322+0200: 2000.334: Total time for which application threads were stopped: 0.0002940 seconds, Stopping threads took: 0.0000580 seconds
2019-05-25T18:56:27.322+0200: 2000.335: Total time for which application threads were stopped: 0.0002287 seconds, Stopping threads took: 0.0000333 seconds
2019-05-25T18:56:27.323+0200: 2000.335: Total time for which application threads were stopped: 0.0002155 seconds, Stopping threads took: 0.0000371 seconds
2019-05-25T18:56:27.329+0200: 2000.341: Total time for which application threads were stopped: 0.0001903 seconds, Stopping threads took: 0.0000371 seconds
2019-05-25T18:56:27.329+0200: 2000.341: Total time for which application threads were stopped: 0.0001344 seconds, Stopping threads took: 0.0000192 seconds
2019-05-25T18:56:27.329+0200: 2000.342: Total time for which application threads were stopped: 0.0001195 seconds, Stopping threads took: 0.0000205 seconds
2019-05-25T18:56:27.332+0200: 2000.344: Total time for which application threads were stopped: 0.0002065 seconds, Stopping threads took: 0.0000316 seconds
2019-05-25T18:56:27.332+0200: 2000.344: Total time for which application threads were stopped: 0.0001519 seconds, Stopping threads took: 0.0000299 seconds
2019-05-25T18:56:27.332+0200: 2000.345: Total time for which application threads were stopped: 0.0001468 seconds, Stopping threads took: 0.0000183 seconds
2019-05-25T18:56:27.349+0200: 2000.361: Total time for which application threads were stopped: 0.0001941 seconds, Stopping threads took: 0.0000337 seconds
2019-05-25T18:56:27.349+0200: 2000.361: Total time for which application threads were stopped: 0.0001604 seconds, Stopping threads took: 0.0000209 seconds
2019-05-25T18:56:27.372+0200: 2000.385: Total time for which application threads were stopped: 0.0002155 seconds, Stopping threads took: 0.0000341 seconds
2019-05-25T18:56:27.404+0200: 2000.417: Total time for which application threads were stopped: 0.0002880 seconds, Stopping threads took: 0.0000521 seconds
2019-05-25T18:56:27.405+0200: 2000.418: Total time for which application threads were stopped: 0.0002095 seconds, Stopping threads took: 0.0000384 seconds
2019-05-25T18:56:27.405+0200: 2000.418: Total time for which application threads were stopped: 0.0001805 seconds, Stopping threads took: 0.0000196 seconds
2019-05-25T18:56:27.411+0200: 2000.423: Total time for which application threads were stopped: 0.0003290 seconds, Stopping threads took: 0.0000486 seconds
2019-05-25T18:56:27.411+0200: 2000.424: Total time for which application threads were stopped: 0.0001655 seconds, Stopping threads took: 0.0000226 seconds
2019-05-25T18:56:27.411+0200: 2000.424: Total time for which application threads were stopped: 0.0001289 seconds, Stopping threads took: 0.0000179 seconds
2019-05-25T18:56:27.442+0200: 2000.454: Total time for which application threads were stopped: 0.0002667 seconds, Stopping threads took: 0.0000585 seconds
2019-05-25T18:56:27.442+0200: 2000.455: Total time for which application threads were stopped: 0.0002227 seconds, Stopping threads took: 0.0000222 seconds
2019-05-25T18:56:27.443+0200: 2000.455: Total time for which application threads were stopped: 0.0001809 seconds, Stopping threads took: 0.0000196 seconds
2019-05-25T18:56:27.447+0200: 2000.459: Total time for which application threads were stopped: 0.0002607 seconds, Stopping threads took: 0.0000512 seconds
2019-05-25T18:56:27.447+0200: 2000.459: Total time for which application threads were stopped: 0.0001894 seconds, Stopping threads took: 0.0000205 seconds
2019-05-25T18:56:27.447+0200: 2000.460: Total time for which application threads were stopped: 0.0001745 seconds, Stopping threads took: 0.0000201 seconds
2019-05-25T18:56:27.453+0200: 2000.465: Total time for which application threads were stopped: 0.0001873 seconds, Stopping threads took: 0.0000341 seconds
2019-05-25T18:56:27.453+0200: 2000.465: Total time for which application threads were stopped: 0.0001417 seconds, Stopping threads took: 0.0000183 seconds
2019-05-25T18:56:27.453+0200: 2000.466: Total time for which application threads were stopped: 0.0001101 seconds, Stopping threads took: 0.0000162 seconds
2019-05-25T18:56:27.489+0200: 2000.501: Total time for which application threads were stopped: 0.0002146 seconds, Stopping threads took: 0.0000448 seconds
2019-05-25T18:56:27.489+0200: 2000.502: Total time for which application threads were stopped: 0.0004476 seconds, Stopping threads took: 0.0000188 seconds
2019-05-25T18:56:27.490+0200: 2000.502: Total time for which application threads were stopped: 0.0001276 seconds, Stopping threads took: 0.0000175 seconds
2019-05-25T18:56:27.511+0200: 2000.523: Total time for which application threads were stopped: 0.0002445 seconds, Stopping threads took: 0.0000350 seconds
2019-05-25T18:56:27.512+0200: 2000.524: Total time for which application threads were stopped: 0.0002645 seconds, Stopping threads took: 0.0000333 seconds
2019-05-25T18:56:27.513+0200: 2000.525: Total time for which application threads were stopped: 0.0001890 seconds, Stopping threads took: 0.0000333 seconds
2019-05-25T18:56:27.514+0200: 2000.526: Total time for which application threads were stopped: 0.0002650 seconds, Stopping threads took: 0.0000380 seconds
2019-05-25T18:56:27.526+0200: 2000.539: Total time for which application threads were stopped: 0.0002074 seconds, Stopping threads took: 0.0000439 seconds
2019-05-25T18:56:27.527+0200: 2000.539: Total time for which application threads were stopped: 0.0001417 seconds, Stopping threads took: 0.0000188 seconds
2019-05-25T18:56:27.538+0200: 2000.550: Total time for which application threads were stopped: 0.0008205 seconds, Stopping threads took: 0.0000393 seconds
2019-05-25T18:56:27.538+0200: 2000.551: Total time for which application threads were stopped: 0.0002628 seconds, Stopping threads took: 0.0000439 seconds
2019-05-25T18:56:27.552+0200: 2000.564: Total time for which application threads were stopped: 0.0005739 seconds, Stopping threads took: 0.0000427 seconds
{Heap before GC invocations=146 (full 4):
 par new generation   total 109248K, used 93960K [0x00000000e0000000, 0x00000000e8000000, 0x00000000e8000000)
  eden space 87424K, 100% used [0x00000000e0000000, 0x00000000e5560000, 0x00000000e5560000)
  from space 21824K,  29% used [0x00000000e5560000, 0x00000000e5bc2280, 0x00000000e6ab0000)
  to   space 21824K,   0% used [0x00000000e6ab0000, 0x00000000e6ab0000, 0x00000000e8000000)
 concurrent mark-sweep generation total 393216K, used 165778K [0x00000000e8000000, 0x0000000100000000, 0x0000000100000000)
 Metaspace       used 103055K, capacity 105869K, committed 106100K, reserved 1142784K
  class space    used 11930K, capacity 12512K, committed 12612K, reserved 1048576K
2019-05-25T18:56:27.624+0200: 2000.636: [GC (Allocation Failure) 2019-05-25T18:56:27.624+0200: 2000.636: [ParNew
Desired survivor size 20112992 bytes, new threshold 8 (max 8)
- age   1:   13543136 bytes,   13543136 total
- age   2:     147072 bytes,   13690208 total
- age   3:     793488 bytes,   14483696 total
- age   4:    1227696 bytes,   15711392 total
- age   5:     544488 bytes,   16255880 total
- age   6:     146712 bytes,   16402592 total
- age   7:     282440 bytes,   16685032 total
- age   8:     504912 bytes,   17189944 total
: 93960K->18256K(109248K), 0.0163042 secs] 259738K->184036K(502464K), 0.0164241 secs] [Times: user=0.06 sys=0.00, real=0.02 secs] 
Heap after GC invocations=147 (full 4):
 par new generation   total 109248K, used 18256K [0x00000000e0000000, 0x00000000e8000000, 0x00000000e8000000)
  eden space 87424K,   0% used [0x00000000e0000000, 0x00000000e0000000, 0x00000000e5560000)
  from space 21824K,  83% used [0x00000000e6ab0000, 0x00000000e7c84040, 0x00000000e8000000)
  to   space 21824K,   0% used [0x00000000e5560000, 0x00000000e5560000, 0x00000000e6ab0000)
 concurrent mark-sweep generation total 393216K, used 165780K [0x00000000e8000000, 0x0000000100000000, 0x0000000100000000)
 Metaspace       used 103055K, capacity 105869K, committed 106100K, reserved 1142784K
  class space    used 11930K, capacity 12512K, committed 12612K, reserved 1048576K
}
2019-05-25T18:56:27.641+0200: 2000.653: Total time for which application threads were stopped: 0.0169165 seconds, Stopping threads took: 0.0000478 seconds
2019-05-25T18:56:28.641+0200: 2001.654: Total time for which application threads were stopped: 0.0003580 seconds, Stopping threads took: 0.0000486 seconds
{Heap before GC invocations=147 (full 4):
 par new generation   total 109248K, used 105680K [0x00000000e0000000, 0x00000000e8000000, 0x00000000e8000000)
  eden space 87424K, 100% used [0x00000000e0000000, 0x00000000e5560000, 0x00000000e5560000)
  from space 21824K,  83% used [0x00000000e6ab0000, 0x00000000e7c84040, 0x00000000e8000000)
  to   space 21824K,   0% used [0x00000000e5560000, 0x00000000e5560000, 0x00000000e6ab0000)
 concurrent mark-sweep generation total 393216K, used 165780K [0x00000000e8000000, 0x0000000100000000, 0x0000000100000000)
 Metaspace       used 105814K, capacity 108653K, committed 108916K, reserved 1144832K
  class space    used 12208K, capacity 12800K, committed 12868K, reserved 1048576K
2019-05-25T18:56:28.835+0200: 2001.847: [GC (Allocation Failure) 2019-05-25T18:56:28.835+0200: 2001.848: [ParNew
Desired survivor size 20112992 bytes, new threshold 4 (max 8)
- age   1:    9186216 bytes,    9186216 total
- age   2:   10135336 bytes,   19321552 total
- age   3:      69664 bytes,   19391216 total
- age   4:     750240 bytes,   20141456 total
- age   5:    1227696 bytes,   21369152 total
- age   6:     544488 bytes,   21913640 total
- age   7:     146712 bytes,   22060352 total
- age   8:     282440 bytes,   22342792 total
: 105680K->21824K(109248K), 0.0271036 secs] 271460K->193299K(502464K), 0.0273506 secs] [Times: user=0.06 sys=0.00, real=0.03 secs] 
Heap after GC invocations=148 (full 4):
 par new generation   total 109248K, used 21824K [0x00000000e0000000, 0x00000000e8000000, 0x00000000e8000000)
  eden space 87424K,   0% used [0x00000000e0000000, 0x00000000e0000000, 0x00000000e5560000)
  from space 21824K, 100% used [0x00000000e5560000, 0x00000000e6ab0000, 0x00000000e6ab0000)
  to   space 21824K,   0% used [0x00000000e6ab0000, 0x00000000e6ab0000, 0x00000000e8000000)
 concurrent mark-sweep generation total 393216K, used 171475K [0x00000000e8000000, 0x0000000100000000, 0x0000000100000000)
 Metaspace       used 105814K, capacity 108653K, committed 108916K, reserved 1144832K
  class space    used 12208K, capacity 12800K, committed 12868K, reserved 1048576K
}
2019-05-25T18:56:28.862+0200: 2001.875: Total time for which application threads were stopped: 0.0281976 seconds, Stopping threads took: 0.0003725 seconds
2019-05-25T18:56:28.863+0200: 2001.876: Total time for which application threads were stopped: 0.0003925 seconds, Stopping threads took: 0.0000892 seconds
2019-05-25T18:56:28.864+0200: 2001.876: Total time for which application threads were stopped: 0.0003332 seconds, Stopping threads took: 0.0000435 seconds
2019-05-25T18:56:28.864+0200: 2001.877: Total time for which application threads were stopped: 0.0004450 seconds, Stopping threads took: 0.0001916 seconds
2019-05-25T18:56:29.132+0200: 2002.144: Total time for which application threads were stopped: 0.0003503 seconds, Stopping threads took: 0.0000670 seconds
2019-05-25T18:56:29.133+0200: 2002.145: Total time for which application threads were stopped: 0.0002475 seconds, Stopping threads took: 0.0000550 seconds
2019-05-25T18:56:29.159+0200: 2002.171: Total time for which application threads were stopped: 0.0002820 seconds, Stopping threads took: 0.0000452 seconds
2019-05-25T18:56:29.178+0200: 2002.190: Total time for which application threads were stopped: 0.0002803 seconds, Stopping threads took: 0.0000567 seconds
2019-05-25T18:56:29.181+0200: 2002.193: Total time for which application threads were stopped: 0.0018692 seconds, Stopping threads took: 0.0016580 seconds
2019-05-25T18:56:29.211+0200: 2002.223: Total time for which application threads were stopped: 0.0002761 seconds, Stopping threads took: 0.0000627 seconds
2019-05-25T18:56:29.214+0200: 2002.227: Total time for which application threads were stopped: 0.0002547 seconds, Stopping threads took: 0.0000623 seconds
2019-05-25T18:56:29.215+0200: 2002.227: Total time for which application threads were stopped: 0.0002086 seconds, Stopping threads took: 0.0000269 seconds
2019-05-25T18:56:29.217+0200: 2002.229: Total time for which application threads were stopped: 0.0015053 seconds, Stopping threads took: 0.0012378 seconds
2019-05-25T18:56:29.225+0200: 2002.238: Total time for which application threads were stopped: 0.0003917 seconds, Stopping threads took: 0.0001519 seconds
2019-05-25T18:56:29.226+0200: 2002.238: Total time for which application threads were stopped: 0.0002355 seconds, Stopping threads took: 0.0000346 seconds
2019-05-25T18:56:29.232+0200: 2002.244: Total time for which application threads were stopped: 0.0005001 seconds, Stopping threads took: 0.0002705 seconds
2019-05-25T18:56:29.522+0200: 2002.534: Total time for which application threads were stopped: 0.0015100 seconds, Stopping threads took: 0.0012834 seconds
2019-05-25T18:56:29.522+0200: 2002.535: Total time for which application threads were stopped: 0.0002701 seconds, Stopping threads took: 0.0000538 seconds
2019-05-25T18:56:29.549+0200: 2002.562: Total time for which application threads were stopped: 0.0003034 seconds, Stopping threads took: 0.0000802 seconds
2019-05-25T18:56:29.549+0200: 2002.562: Total time for which application threads were stopped: 0.0002377 seconds, Stopping threads took: 0.0000491 seconds
2019-05-25T18:56:29.550+0200: 2002.562: Total time for which application threads were stopped: 0.0002061 seconds, Stopping threads took: 0.0000448 seconds
2019-05-25T18:56:32.249+0200: 2005.262: Total time for which application threads were stopped: 0.0003345 seconds, Stopping threads took: 0.0001028 seconds
2019-05-25T18:56:33.250+0200: 2006.263: Total time for which application threads were stopped: 0.0003443 seconds, Stopping threads took: 0.0001284 seconds
2019-05-25T18:56:34.251+0200: 2007.264: Total time for which application threads were stopped: 0.0003145 seconds, Stopping threads took: 0.0000986 seconds
2019-05-25T18:56:36.574+0200: 2009.586: Total time for which application threads were stopped: 0.0002569 seconds, Stopping threads took: 0.0000721 seconds
2019-05-25T18:56:36.574+0200: 2009.587: Total time for which application threads were stopped: 0.0002611 seconds, Stopping threads took: 0.0000486 seconds
2019-05-25T18:56:37.575+0200: 2010.587: Total time for which application threads were stopped: 0.0002607 seconds, Stopping threads took: 0.0000661 seconds
2019-05-25T18:56:44.179+0200: 2017.191: Total time for which application threads were stopped: 0.0002108 seconds, Stopping threads took: 0.0000516 seconds
2019-05-25T18:56:55.184+0200: 2028.196: Total time for which application threads were stopped: 0.0002146 seconds, Stopping threads took: 0.0000431 seconds
2019-05-25T18:57:25.196+0200: 2058.208: Total time for which application threads were stopped: 0.0002291 seconds, Stopping threads took: 0.0000486 seconds
2019-05-25T18:57:34.199+0200: 2067.212: Total time for which application threads were stopped: 0.0002739 seconds, Stopping threads took: 0.0000491 seconds
2019-05-25T18:58:34.224+0200: 2127.236: Total time for which application threads were stopped: 0.0002714 seconds, Stopping threads took: 0.0000452 seconds
2019-05-25T18:59:13.240+0200: 2166.252: Total time for which application threads were stopped: 0.0017233 seconds, Stopping threads took: 0.0014942 seconds
2019-05-25T18:59:13.240+0200: 2166.253: Total time for which application threads were stopped: 0.0003763 seconds, Stopping threads took: 0.0000499 seconds
2019-05-25T18:59:13.266+0200: 2166.279: Total time for which application threads were stopped: 0.0010445 seconds, Stopping threads took: 0.0001118 seconds
2019-05-25T18:59:13.269+0200: 2166.281: Total time for which application threads were stopped: 0.0008111 seconds, Stopping threads took: 0.0005367 seconds
2019-05-25T18:59:13.286+0200: 2166.299: Total time for which application threads were stopped: 0.0002918 seconds, Stopping threads took: 0.0000661 seconds
2019-05-25T18:59:15.287+0200: 2168.300: Total time for which application threads were stopped: 0.0002308 seconds, Stopping threads took: 0.0000469 seconds
2019-05-25T18:59:20.274+0200: 2173.287: Total time for which application threads were stopped: 0.0003477 seconds, Stopping threads took: 0.0000768 seconds
2019-05-25T18:59:20.280+0200: 2173.292: Total time for which application threads were stopped: 0.0002419 seconds, Stopping threads took: 0.0000316 seconds
2019-05-25T18:59:20.281+0200: 2173.293: Total time for which application threads were stopped: 0.0002027 seconds, Stopping threads took: 0.0000239 seconds
2019-05-25T18:59:20.283+0200: 2173.295: Total time for which application threads were stopped: 0.0002018 seconds, Stopping threads took: 0.0000393 seconds
2019-05-25T18:59:20.284+0200: 2173.297: Total time for which application threads were stopped: 0.0002394 seconds, Stopping threads took: 0.0000452 seconds
2019-05-25T18:59:20.285+0200: 2173.297: Total time for which application threads were stopped: 0.0001822 seconds, Stopping threads took: 0.0000243 seconds
2019-05-25T18:59:20.285+0200: 2173.298: Total time for which application threads were stopped: 0.0001877 seconds, Stopping threads took: 0.0000256 seconds
2019-05-25T18:59:20.288+0200: 2173.300: Total time for which application threads were stopped: 0.0002146 seconds, Stopping threads took: 0.0000516 seconds
2019-05-25T18:59:20.288+0200: 2173.300: Total time for which application threads were stopped: 0.0001681 seconds, Stopping threads took: 0.0000499 seconds
2019-05-25T18:59:20.288+0200: 2173.300: Total time for which application threads were stopped: 0.0001711 seconds, Stopping threads took: 0.0000410 seconds
2019-05-25T18:59:20.288+0200: 2173.301: Total time for which application threads were stopped: 0.0006268 seconds, Stopping threads took: 0.0000644 seconds
2019-05-25T18:59:20.289+0200: 2173.302: Total time for which application threads were stopped: 0.0003170 seconds, Stopping threads took: 0.0001459 seconds
2019-05-25T18:59:20.289+0200: 2173.302: Total time for which application threads were stopped: 0.0001655 seconds, Stopping threads took: 0.0000243 seconds
2019-05-25T18:59:20.290+0200: 2173.302: Total time for which application threads were stopped: 0.0002300 seconds, Stopping threads took: 0.0000981 seconds
2019-05-25T18:59:20.291+0200: 2173.304: Total time for which application threads were stopped: 0.0002765 seconds, Stopping threads took: 0.0000742 seconds
2019-05-25T18:59:20.292+0200: 2173.304: Total time for which application threads were stopped: 0.0002607 seconds, Stopping threads took: 0.0000555 seconds
2019-05-25T18:59:20.299+0200: 2173.312: Total time for which application threads were stopped: 0.0003332 seconds, Stopping threads took: 0.0000678 seconds
2019-05-25T18:59:20.305+0200: 2173.317: Total time for which application threads were stopped: 0.0002573 seconds, Stopping threads took: 0.0000435 seconds
2019-05-25T18:59:20.305+0200: 2173.318: Total time for which application threads were stopped: 0.0001702 seconds, Stopping threads took: 0.0000239 seconds
2019-05-25T18:59:20.333+0200: 2173.346: Total time for which application threads were stopped: 0.0005436 seconds, Stopping threads took: 0.0003584 seconds
2019-05-25T18:59:20.333+0200: 2173.346: Total time for which application threads were stopped: 0.0002091 seconds, Stopping threads took: 0.0000474 seconds
2019-05-25T18:59:20.334+0200: 2173.347: Total time for which application threads were stopped: 0.0001941 seconds, Stopping threads took: 0.0000657 seconds
2019-05-25T18:59:20.446+0200: 2173.459: Total time for which application threads were stopped: 0.0002641 seconds, Stopping threads took: 0.0000516 seconds
2019-05-25T18:59:20.504+0200: 2173.517: Total time for which application threads were stopped: 0.0002697 seconds, Stopping threads took: 0.0000636 seconds
2019-05-25T18:59:25.449+0200: 2178.461: Total time for which application threads were stopped: 0.0003076 seconds, Stopping threads took: 0.0000427 seconds
2019-05-25T18:59:25.459+0200: 2178.471: Total time for which application threads were stopped: 0.0003366 seconds, Stopping threads took: 0.0000491 seconds
2019-05-25T18:59:25.461+0200: 2178.474: Total time for which application threads were stopped: 0.0003234 seconds, Stopping threads took: 0.0000516 seconds
2019-05-25T18:59:25.462+0200: 2178.474: Total time for which application threads were stopped: 0.0003115 seconds, Stopping threads took: 0.0000350 seconds
2019-05-25T18:59:25.463+0200: 2178.475: Total time for which application threads were stopped: 0.0002931 seconds, Stopping threads took: 0.0000521 seconds
2019-05-25T18:59:25.463+0200: 2178.475: Total time for which application threads were stopped: 0.0002470 seconds, Stopping threads took: 0.0000358 seconds
2019-05-25T18:59:25.463+0200: 2178.476: Total time for which application threads were stopped: 0.0002453 seconds, Stopping threads took: 0.0000358 seconds
2019-05-25T18:59:25.464+0200: 2178.477: Total time for which application threads were stopped: 0.0002782 seconds, Stopping threads took: 0.0000452 seconds
2019-05-25T18:59:25.465+0200: 2178.478: Total time for which application threads were stopped: 0.0002803 seconds, Stopping threads took: 0.0000486 seconds
2019-05-25T18:59:25.467+0200: 2178.479: Total time for which application threads were stopped: 0.0007846 seconds, Stopping threads took: 0.0000393 seconds
2019-05-25T18:59:25.473+0200: 2178.485: Total time for which application threads were stopped: 0.0003260 seconds, Stopping threads took: 0.0000572 seconds
2019-05-25T18:59:25.650+0200: 2178.663: Total time for which application threads were stopped: 0.0003422 seconds, Stopping threads took: 0.0001408 seconds
2019-05-25T18:59:26.650+0200: 2179.663: Total time for which application threads were stopped: 0.0002321 seconds, Stopping threads took: 0.0000503 seconds
2019-05-25T18:59:34.654+0200: 2187.667: Total time for which application threads were stopped: 0.0002078 seconds, Stopping threads took: 0.0000414 seconds
2019-05-25T18:59:36.877+0200: 2189.890: Total time for which application threads were stopped: 0.0004151 seconds, Stopping threads took: 0.0000678 seconds
2019-05-25T18:59:36.880+0200: 2189.893: Total time for which application threads were stopped: 0.0005709 seconds, Stopping threads took: 0.0001335 seconds
{Heap before GC invocations=148 (full 4):
 par new generation   total 109248K, used 109074K [0x00000000e0000000, 0x00000000e8000000, 0x00000000e8000000)
  eden space 87424K,  99% used [0x00000000e0000000, 0x00000000e5534ba0, 0x00000000e5560000)
  from space 21824K, 100% used [0x00000000e5560000, 0x00000000e6ab0000, 0x00000000e6ab0000)
  to   space 21824K,   0% used [0x00000000e6ab0000, 0x00000000e6ab0000, 0x00000000e8000000)
 concurrent mark-sweep generation total 393216K, used 171475K [0x00000000e8000000, 0x0000000100000000, 0x0000000100000000)
 Metaspace       used 106160K, capacity 109047K, committed 109172K, reserved 1146880K
  class space    used 12233K, capacity 12801K, committed 12868K, reserved 1048576K
2019-05-25T18:59:37.961+0200: 2190.973: [GC (Allocation Failure) 2019-05-25T18:59:37.961+0200: 2190.974: [ParNew
Desired survivor size 20112992 bytes, new threshold 3 (max 8)
- age   1:    3969192 bytes,    3969192 total
- age   2:    8282312 bytes,   12251504 total
- age   3:    8397472 bytes,   20648976 total
- age   4:      69664 bytes,   20718640 total
: 109074K->21824K(109248K), 0.0300216 secs] 280550K->197452K(502464K), 0.0301944 secs] [Times: user=0.06 sys=0.02, real=0.03 secs] 
Heap after GC invocations=149 (full 4):
 par new generation   total 109248K, used 21824K [0x00000000e0000000, 0x00000000e8000000, 0x00000000e8000000)
  eden space 87424K,   0% used [0x00000000e0000000, 0x00000000e0000000, 0x00000000e5560000)
  from space 21824K, 100% used [0x00000000e6ab0000, 0x00000000e8000000, 0x00000000e8000000)
  to   space 21824K,   0% used [0x00000000e5560000, 0x00000000e5560000, 0x00000000e6ab0000)
 concurrent mark-sweep generation total 393216K, used 175628K [0x00000000e8000000, 0x0000000100000000, 0x0000000100000000)
 Metaspace       used 106160K, capacity 109047K, committed 109172K, reserved 1146880K
  class space    used 12233K, capacity 12801K, committed 12868K, reserved 1048576K
}
2019-05-25T18:59:37.991+0200: 2191.004: Total time for which application threads were stopped: 0.0307802 seconds, Stopping threads took: 0.0000777 seconds
2019-05-25T18:59:37.992+0200: 2191.004: Total time for which application threads were stopped: 0.0002496 seconds, Stopping threads took: 0.0000380 seconds
{Heap before GC invocations=149 (full 4):
 par new generation   total 109248K, used 109248K [0x00000000e0000000, 0x00000000e8000000, 0x00000000e8000000)
  eden space 87424K, 100% used [0x00000000e0000000, 0x00000000e5560000, 0x00000000e5560000)
  from space 21824K, 100% used [0x00000000e6ab0000, 0x00000000e8000000, 0x00000000e8000000)
  to   space 21824K,   0% used [0x00000000e5560000, 0x00000000e5560000, 0x00000000e6ab0000)
 concurrent mark-sweep generation total 393216K, used 175628K [0x00000000e8000000, 0x0000000100000000, 0x0000000100000000)
 Metaspace       used 106160K, capacity 109047K, committed 109172K, reserved 1146880K
  class space    used 12233K, capacity 12801K, committed 12868K, reserved 1048576K
2019-05-25T18:59:38.047+0200: 2191.059: [GC (Allocation Failure) 2019-05-25T18:59:38.047+0200: 2191.059: [ParNew
Desired survivor size 20112992 bytes, new threshold 8 (max 8)
- age   1:    1636152 bytes,    1636152 total
- age   2:    3591560 bytes,    5227712 total
- age   3:    8282272 bytes,   13509984 total
: 109248K->20096K(109248K), 0.0264325 secs] 284876K->204435K(502464K), 0.0265694 secs] [Times: user=0.11 sys=0.00, real=0.03 secs] 
Heap after GC invocations=150 (full 4):
 par new generation   total 109248K, used 20096K [0x00000000e0000000, 0x00000000e8000000, 0x00000000e8000000)
  eden space 87424K,   0% used [0x00000000e0000000, 0x00000000e0000000, 0x00000000e5560000)
  from space 21824K,  92% used [0x00000000e5560000, 0x00000000e6900280, 0x00000000e6ab0000)
  to   space 21824K,   0% used [0x00000000e6ab0000, 0x00000000e6ab0000, 0x00000000e8000000)
 concurrent mark-sweep generation total 393216K, used 184338K [0x00000000e8000000, 0x0000000100000000, 0x0000000100000000)
 Metaspace       used 106160K, capacity 109047K, committed 109172K, reserved 1146880K
  class space    used 12233K, capacity 12801K, committed 12868K, reserved 1048576K
}
2019-05-25T18:59:38.074+0200: 2191.086: Total time for which application threads were stopped: 0.0270430 seconds, Stopping threads took: 0.0000516 seconds
2019-05-25T18:59:38.074+0200: 2191.087: Total time for which application threads were stopped: 0.0004267 seconds, Stopping threads took: 0.0000845 seconds
{Heap before GC invocations=150 (full 4):
 par new generation   total 109248K, used 107520K [0x00000000e0000000, 0x00000000e8000000, 0x00000000e8000000)
  eden space 87424K, 100% used [0x00000000e0000000, 0x00000000e5560000, 0x00000000e5560000)
  from space 21824K,  92% used [0x00000000e5560000, 0x00000000e6900280, 0x00000000e6ab0000)
  to   space 21824K,   0% used [0x00000000e6ab0000, 0x00000000e6ab0000, 0x00000000e8000000)
 concurrent mark-sweep generation total 393216K, used 184338K [0x00000000e8000000, 0x0000000100000000, 0x0000000100000000)
 Metaspace       used 106160K, capacity 109047K, committed 109172K, reserved 1146880K
  class space    used 12233K, capacity 12801K, committed 12868K, reserved 1048576K
2019-05-25T18:59:38.166+0200: 2191.179: [GC (Allocation Failure) 2019-05-25T18:59:38.166+0200: 2191.179: [ParNew
Desired survivor size 20112992 bytes, new threshold 8 (max 8)
- age   1:     628792 bytes,     628792 total
- age   2:     353616 bytes,     982408 total
- age   3:    3582320 bytes,    4564728 total
- age   4:    8282416 bytes,   12847144 total
: 107520K->17545K(109248K), 0.0110972 secs] 291859K->201884K(502464K), 0.0112397 secs] [Times: user=0.02 sys=0.00, real=0.01 secs] 
Heap after GC invocations=151 (full 4):
 par new generation   total 109248K, used 17545K [0x00000000e0000000, 0x00000000e8000000, 0x00000000e8000000)
  eden space 87424K,   0% used [0x00000000e0000000, 0x00000000e0000000, 0x00000000e5560000)
  from space 21824K,  80% used [0x00000000e6ab0000, 0x00000000e7bd2758, 0x00000000e8000000)
  to   space 21824K,   0% used [0x00000000e5560000, 0x00000000e5560000, 0x00000000e6ab0000)
 concurrent mark-sweep generation total 393216K, used 184338K [0x00000000e8000000, 0x0000000100000000, 0x0000000100000000)
 Metaspace       used 106160K, capacity 109047K, committed 109172K, reserved 1146880K
  class space    used 12233K, capacity 12801K, committed 12868K, reserved 1048576K
}
2019-05-25T18:59:38.177+0200: 2191.190: Total time for which application threads were stopped: 0.0117449 seconds, Stopping threads took: 0.0000683 seconds
2019-05-25T18:59:38.230+0200: 2191.243: Total time for which application threads were stopped: 0.0003947 seconds, Stopping threads took: 0.0000734 seconds
2019-05-25T18:59:39.231+0200: 2192.244: Total time for which application threads were stopped: 0.0006950 seconds, Stopping threads took: 0.0001088 seconds
2019-05-25T18:59:42.767+0200: 2195.779: Total time for which application threads were stopped: 0.0003307 seconds, Stopping threads took: 0.0000734 seconds
2019-05-25T18:59:42.781+0200: 2195.794: Total time for which application threads were stopped: 0.0004305 seconds, Stopping threads took: 0.0000619 seconds
2019-05-25T18:59:42.844+0200: 2195.857: Total time for which application threads were stopped: 0.0002321 seconds, Stopping threads took: 0.0000380 seconds
2019-05-25T18:59:42.849+0200: 2195.862: Total time for which application threads were stopped: 0.0003277 seconds, Stopping threads took: 0.0000452 seconds
2019-05-25T18:59:43.000+0200: 2196.012: Total time for which application threads were stopped: 0.0002266 seconds, Stopping threads took: 0.0000350 seconds
2019-05-25T18:59:43.000+0200: 2196.013: Total time for which application threads were stopped: 0.0002167 seconds, Stopping threads took: 0.0000277 seconds
2019-05-25T18:59:43.001+0200: 2196.013: Total time for which application threads were stopped: 0.0001711 seconds, Stopping threads took: 0.0000260 seconds
2019-05-25T18:59:43.001+0200: 2196.013: Total time for which application threads were stopped: 0.0001651 seconds, Stopping threads took: 0.0000269 seconds
2019-05-25T18:59:43.001+0200: 2196.014: Total time for which application threads were stopped: 0.0001651 seconds, Stopping threads took: 0.0000209 seconds
2019-05-25T18:59:43.002+0200: 2196.014: Total time for which application threads were stopped: 0.0001481 seconds, Stopping threads took: 0.0000260 seconds
2019-05-25T18:59:43.002+0200: 2196.014: Total time for which application threads were stopped: 0.0001242 seconds, Stopping threads took: 0.0000171 seconds
2019-05-25T18:59:43.012+0200: 2196.024: Total time for which application threads were stopped: 0.0003046 seconds, Stopping threads took: 0.0000559 seconds
2019-05-25T18:59:43.012+0200: 2196.025: Total time for which application threads were stopped: 0.0002052 seconds, Stopping threads took: 0.0000311 seconds
2019-05-25T18:59:43.014+0200: 2196.027: Total time for which application threads were stopped: 0.0003004 seconds, Stopping threads took: 0.0000393 seconds
2019-05-25T18:59:43.015+0200: 2196.027: Total time for which application threads were stopped: 0.0002342 seconds, Stopping threads took: 0.0000303 seconds
2019-05-25T18:59:43.015+0200: 2196.028: Total time for which application threads were stopped: 0.0002658 seconds, Stopping threads took: 0.0000346 seconds
2019-05-25T18:59:43.018+0200: 2196.031: Total time for which application threads were stopped: 0.0002786 seconds, Stopping threads took: 0.0000418 seconds
2019-05-25T18:59:43.018+0200: 2196.031: Total time for which application threads were stopped: 0.0002355 seconds, Stopping threads took: 0.0000243 seconds
2019-05-25T18:59:43.019+0200: 2196.032: Total time for which application threads were stopped: 0.0001353 seconds, Stopping threads took: 0.0000209 seconds
2019-05-25T18:59:43.043+0200: 2196.056: Total time for which application threads were stopped: 0.0001997 seconds, Stopping threads took: 0.0000350 seconds
2019-05-25T18:59:43.044+0200: 2196.056: Total time for which application threads were stopped: 0.0001498 seconds, Stopping threads took: 0.0000269 seconds
2019-05-25T18:59:43.044+0200: 2196.057: Total time for which application threads were stopped: 0.0001199 seconds, Stopping threads took: 0.0000162 seconds
2019-05-25T18:59:43.142+0200: 2196.155: Total time for which application threads were stopped: 0.0003127 seconds, Stopping threads took: 0.0000465 seconds
2019-05-25T18:59:43.143+0200: 2196.155: Total time for which application threads were stopped: 0.0002240 seconds, Stopping threads took: 0.0000282 seconds
2019-05-25T18:59:43.144+0200: 2196.157: Total time for which application threads were stopped: 0.0002650 seconds, Stopping threads took: 0.0000414 seconds
2019-05-25T18:59:43.146+0200: 2196.159: Total time for which application threads were stopped: 0.0006187 seconds, Stopping threads took: 0.0000486 seconds
2019-05-25T18:59:43.146+0200: 2196.159: Total time for which application threads were stopped: 0.0002022 seconds, Stopping threads took: 0.0000354 seconds
2019-05-25T18:59:43.147+0200: 2196.159: Total time for which application threads were stopped: 0.0001954 seconds, Stopping threads took: 0.0000277 seconds
2019-05-25T18:59:43.154+0200: 2196.167: Total time for which application threads were stopped: 0.0003029 seconds, Stopping threads took: 0.0000585 seconds
2019-05-25T18:59:43.155+0200: 2196.167: Total time for which application threads were stopped: 0.0002257 seconds, Stopping threads took: 0.0000303 seconds
2019-05-25T18:59:43.157+0200: 2196.170: Total time for which application threads were stopped: 0.0002679 seconds, Stopping threads took: 0.0000606 seconds
2019-05-25T18:59:43.158+0200: 2196.170: Total time for which application threads were stopped: 0.0002180 seconds, Stopping threads took: 0.0000286 seconds
2019-05-25T18:59:43.161+0200: 2196.173: Total time for which application threads were stopped: 0.0003089 seconds, Stopping threads took: 0.0000444 seconds
2019-05-25T18:59:43.161+0200: 2196.174: Total time for which application threads were stopped: 0.0002317 seconds, Stopping threads took: 0.0000457 seconds
2019-05-25T18:59:43.183+0200: 2196.196: Total time for which application threads were stopped: 0.0002287 seconds, Stopping threads took: 0.0000358 seconds
2019-05-25T18:59:43.201+0200: 2196.214: Total time for which application threads were stopped: 0.0003085 seconds, Stopping threads took: 0.0000764 seconds
2019-05-25T18:59:43.230+0200: 2196.242: Total time for which application threads were stopped: 0.0002325 seconds, Stopping threads took: 0.0000333 seconds
2019-05-25T18:59:43.230+0200: 2196.242: Total time for which application threads were stopped: 0.0001562 seconds, Stopping threads took: 0.0000192 seconds
2019-05-25T18:59:43.234+0200: 2196.246: Total time for which application threads were stopped: 0.0002231 seconds, Stopping threads took: 0.0000499 seconds
2019-05-25T18:59:43.234+0200: 2196.247: Total time for which application threads were stopped: 0.0002449 seconds, Stopping threads took: 0.0000303 seconds
2019-05-25T18:59:43.268+0200: 2196.280: Total time for which application threads were stopped: 0.0002223 seconds, Stopping threads took: 0.0000491 seconds
2019-05-25T18:59:43.268+0200: 2196.281: Total time for which application threads were stopped: 0.0002197 seconds, Stopping threads took: 0.0000218 seconds
2019-05-25T18:59:43.273+0200: 2196.286: Total time for which application threads were stopped: 0.0002662 seconds, Stopping threads took: 0.0000516 seconds
2019-05-25T18:59:43.273+0200: 2196.286: Total time for which application threads were stopped: 0.0002163 seconds, Stopping threads took: 0.0000533 seconds
2019-05-25T18:59:43.279+0200: 2196.292: Total time for which application threads were stopped: 0.0002202 seconds, Stopping threads took: 0.0000354 seconds
2019-05-25T18:59:43.280+0200: 2196.292: Total time for which application threads were stopped: 0.0002957 seconds, Stopping threads took: 0.0000405 seconds
2019-05-25T18:59:43.315+0200: 2196.328: Total time for which application threads were stopped: 0.0002065 seconds, Stopping threads took: 0.0000482 seconds
2019-05-25T18:59:43.316+0200: 2196.328: Total time for which application threads were stopped: 0.0001459 seconds, Stopping threads took: 0.0000196 seconds
2019-05-25T18:59:43.332+0200: 2196.344: Total time for which application threads were stopped: 0.0001933 seconds, Stopping threads took: 0.0000363 seconds
2019-05-25T18:59:43.333+0200: 2196.345: Total time for which application threads were stopped: 0.0001843 seconds, Stopping threads took: 0.0000213 seconds
2019-05-25T18:59:43.334+0200: 2196.346: Total time for which application threads were stopped: 0.0001835 seconds, Stopping threads took: 0.0000337 seconds
2019-05-25T18:59:43.335+0200: 2196.347: Total time for which application threads were stopped: 0.0001775 seconds, Stopping threads took: 0.0000192 seconds
2019-05-25T18:59:43.346+0200: 2196.359: Total time for which application threads were stopped: 0.0002035 seconds, Stopping threads took: 0.0000324 seconds
2019-05-25T18:59:43.347+0200: 2196.359: Total time for which application threads were stopped: 0.0001591 seconds, Stopping threads took: 0.0000205 seconds
2019-05-25T18:59:43.355+0200: 2196.367: Total time for which application threads were stopped: 0.0005265 seconds, Stopping threads took: 0.0000371 seconds
2019-05-25T18:59:43.355+0200: 2196.367: Total time for which application threads were stopped: 0.0001545 seconds, Stopping threads took: 0.0000222 seconds
2019-05-25T18:59:43.368+0200: 2196.380: Total time for which application threads were stopped: 0.0005154 seconds, Stopping threads took: 0.0000311 seconds
{Heap before GC invocations=151 (full 4):
 par new generation   total 109248K, used 104969K [0x00000000e0000000, 0x00000000e8000000, 0x00000000e8000000)
  eden space 87424K, 100% used [0x00000000e0000000, 0x00000000e5560000, 0x00000000e5560000)
  from space 21824K,  80% used [0x00000000e6ab0000, 0x00000000e7bd2758, 0x00000000e8000000)
  to   space 21824K,   0% used [0x00000000e5560000, 0x00000000e5560000, 0x00000000e6ab0000)
 concurrent mark-sweep generation total 393216K, used 184338K [0x00000000e8000000, 0x0000000100000000, 0x0000000100000000)
 Metaspace       used 108304K, capacity 111195K, committed 111476K, reserved 1148928K
  class space    used 12476K, capacity 13069K, committed 13124K, reserved 1048576K
2019-05-25T18:59:43.487+0200: 2196.500: [GC (Allocation Failure) 2019-05-25T18:59:43.488+0200: 2196.500: [ParNew
Desired survivor size 20112992 bytes, new threshold 5 (max 8)
- age   1:    9988072 bytes,    9988072 total
- age   2:     233752 bytes,   10221824 total
- age   3:     302576 bytes,   10524400 total
- age   4:    3542592 bytes,   14066992 total
- age   5:    8255216 bytes,   22322208 total
: 104969K->21824K(109248K), 0.0231723 secs] 289308K->209762K(502464K), 0.0233139 secs] [Times: user=0.13 sys=0.00, real=0.02 secs] 
Heap after GC invocations=152 (full 4):
 par new generation   total 109248K, used 21824K [0x00000000e0000000, 0x00000000e8000000, 0x00000000e8000000)
  eden space 87424K,   0% used [0x00000000e0000000, 0x00000000e0000000, 0x00000000e5560000)
  from space 21824K, 100% used [0x00000000e5560000, 0x00000000e6ab0000, 0x00000000e6ab0000)
  to   space 21824K,   0% used [0x00000000e6ab0000, 0x00000000e6ab0000, 0x00000000e8000000)
 concurrent mark-sweep generation total 393216K, used 187938K [0x00000000e8000000, 0x0000000100000000, 0x0000000100000000)
 Metaspace       used 108304K, capacity 111195K, committed 111476K, reserved 1148928K
  class space    used 12476K, capacity 13069K, committed 13124K, reserved 1048576K
}
2019-05-25T18:59:43.511+0200: 2196.523: Total time for which application threads were stopped: 0.0237530 seconds, Stopping threads took: 0.0000482 seconds
2019-05-25T18:59:44.512+0200: 2197.525: Total time for which application threads were stopped: 0.0003499 seconds, Stopping threads took: 0.0000439 seconds
{Heap before GC invocations=152 (full 4):
 par new generation   total 109248K, used 108976K [0x00000000e0000000, 0x00000000e8000000, 0x00000000e8000000)
  eden space 87424K,  99% used [0x00000000e0000000, 0x00000000e551c080, 0x00000000e5560000)
  from space 21824K, 100% used [0x00000000e5560000, 0x00000000e6ab0000, 0x00000000e6ab0000)
  to   space 21824K,   0% used [0x00000000e6ab0000, 0x00000000e6ab0000, 0x00000000e8000000)
 concurrent mark-sweep generation total 393216K, used 187938K [0x00000000e8000000, 0x0000000100000000, 0x0000000100000000)
 Metaspace       used 110914K, capacity 113819K, committed 114036K, reserved 1150976K
  class space    used 12729K, capacity 13325K, committed 13380K, reserved 1048576K
2019-05-25T18:59:44.635+0200: 2197.648: [GC (Allocation Failure) 2019-05-25T18:59:44.636+0200: 2197.648: [ParNew
Desired survivor size 20112992 bytes, new threshold 5 (max 8)
- age   1:   12588016 bytes,   12588016 total
- age   2:    6646080 bytes,   19234096 total
- age   3:     231056 bytes,   19465152 total
- age   4:     147992 bytes,   19613144 total
- age   5:    2721304 bytes,   22334448 total
: 108976K->21824K(109248K), 0.0366226 secs] 296914K->223749K(502464K), 0.0367932 secs] [Times: user=0.13 sys=0.00, real=0.04 secs] 
Heap after GC invocations=153 (full 4):
 par new generation   total 109248K, used 21824K [0x00000000e0000000, 0x00000000e8000000, 0x00000000e8000000)
  eden space 87424K,   0% used [0x00000000e0000000, 0x00000000e0000000, 0x00000000e5560000)
  from space 21824K, 100% used [0x00000000e6ab0000, 0x00000000e8000000, 0x00000000e8000000)
  to   space 21824K,   0% used [0x00000000e5560000, 0x00000000e5560000, 0x00000000e6ab0000)
 concurrent mark-sweep generation total 393216K, used 201925K [0x00000000e8000000, 0x0000000100000000, 0x0000000100000000)
 Metaspace       used 110914K, capacity 113819K, committed 114036K, reserved 1150976K
  class space    used 12729K, capacity 13325K, committed 13380K, reserved 1048576K
}
2019-05-25T18:59:44.673+0200: 2197.685: Total time for which application threads were stopped: 0.0372229 seconds, Stopping threads took: 0.0000452 seconds
2019-05-25T18:59:44.673+0200: 2197.685: [GC (CMS Initial Mark) [1 CMS-initial-mark: 201925K(393216K)] 224347K(502464K), 0.0059849 secs] [Times: user=0.06 sys=0.00, real=0.01 secs] 
2019-05-25T18:59:44.679+0200: 2197.691: Total time for which application threads were stopped: 0.0063104 seconds, Stopping threads took: 0.0000538 seconds
2019-05-25T18:59:44.679+0200: 2197.691: [CMS-concurrent-mark-start]
2019-05-25T18:59:44.714+0200: 2197.727: Total time for which application threads were stopped: 0.0006985 seconds, Stopping threads took: 0.0003857 seconds
2019-05-25T18:59:44.715+0200: 2197.727: Total time for which application threads were stopped: 0.0003311 seconds, Stopping threads took: 0.0000367 seconds
2019-05-25T18:59:44.715+0200: 2197.728: Total time for which application threads were stopped: 0.0002999 seconds, Stopping threads took: 0.0000427 seconds
2019-05-25T18:59:44.768+0200: 2197.780: [CMS-concurrent-mark: 0.087/0.089 secs] [Times: user=0.31 sys=0.00, real=0.09 secs] 
2019-05-25T18:59:44.768+0200: 2197.780: [CMS-concurrent-preclean-start]
2019-05-25T18:59:44.770+0200: 2197.783: [CMS-concurrent-preclean: 0.002/0.002 secs] [Times: user=0.05 sys=0.00, real=0.00 secs] 
2019-05-25T18:59:44.772+0200: 2197.784: [GC (CMS Final Remark) [YG occupancy: 23383 K (109248 K)]{Heap before GC invocations=153 (full 5):
 par new generation   total 109248K, used 23383K [0x00000000e0000000, 0x00000000e8000000, 0x00000000e8000000)
  eden space 87424K,   1% used [0x00000000e0000000, 0x00000000e0185df0, 0x00000000e5560000)
  from space 21824K, 100% used [0x00000000e6ab0000, 0x00000000e8000000, 0x00000000e8000000)
  to   space 21824K,   0% used [0x00000000e5560000, 0x00000000e5560000, 0x00000000e6ab0000)
 concurrent mark-sweep generation total 393216K, used 201925K [0x00000000e8000000, 0x0000000100000000, 0x0000000100000000)
 Metaspace       used 110916K, capacity 113819K, committed 114036K, reserved 1150976K
  class space    used 12729K, capacity 13325K, committed 13380K, reserved 1048576K
2019-05-25T18:59:44.772+0200: 2197.784: [GC (CMS Final Remark) 2019-05-25T18:59:44.772+0200: 2197.784: [ParNew
Desired survivor size 20112992 bytes, new threshold 8 (max 8)
- age   1:     957936 bytes,     957936 total
- age   2:   10300424 bytes,   11258360 total
- age   3:    6558096 bytes,   17816456 total
- age   4:     231056 bytes,   18047512 total
- age   5:     147992 bytes,   18195504 total
: 23383K->21824K(109248K), 0.0178569 secs] 225308K->226880K(502464K), 0.0180036 secs] [Times: user=0.06 sys=0.00, real=0.02 secs] 
Heap after GC invocations=154 (full 5):
 par new generation   total 109248K, used 21824K [0x00000000e0000000, 0x00000000e8000000, 0x00000000e8000000)
  eden space 87424K,   0% used [0x00000000e0000000, 0x00000000e0000000, 0x00000000e5560000)
  from space 21824K, 100% used [0x00000000e5560000, 0x00000000e6ab0000, 0x00000000e6ab0000)
  to   space 21824K,   0% used [0x00000000e6ab0000, 0x00000000e6ab0000, 0x00000000e8000000)
 concurrent mark-sweep generation total 393216K, used 205056K [0x00000000e8000000, 0x0000000100000000, 0x0000000100000000)
 Metaspace       used 110916K, capacity 113819K, committed 114036K, reserved 1150976K
  class space    used 12729K, capacity 13325K, committed 13380K, reserved 1048576K
}
2019-05-25T18:59:44.790+0200: 2197.803: [Rescan (parallel) , 0.0072068 secs]2019-05-25T18:59:44.797+0200: 2197.810: [weak refs processing, 0.0594548 secs]2019-05-25T18:59:44.857+0200: 2197.869: [class unloading, 0.0423962 secs]2019-05-25T18:59:44.899+0200: 2197.912: [scrub symbol table, 0.0228800 secs]2019-05-25T18:59:44.922+0200: 2197.935: [scrub string table, 0.0023650 secs][1 CMS-remark: 205056K(393216K)] 226880K(502464K), 0.1540542 secs] [Times: user=0.36 sys=0.01, real=0.15 secs] 
2019-05-25T18:59:44.926+0200: 2197.938: Total time for which application threads were stopped: 0.1545175 seconds, Stopping threads took: 0.0001417 seconds
2019-05-25T18:59:44.927+0200: 2197.939: Total time for which application threads were stopped: 0.0002961 seconds, Stopping threads took: 0.0000678 seconds
2019-05-25T18:59:44.929+0200: 2197.942: [CMS-concurrent-sweep-start]
2019-05-25T18:59:44.930+0200: 2197.943: Total time for which application threads were stopped: 0.0007735 seconds, Stopping threads took: 0.0005466 seconds
2019-05-25T18:59:44.931+0200: 2197.943: Total time for which application threads were stopped: 0.0002423 seconds, Stopping threads took: 0.0000316 seconds
2019-05-25T18:59:44.931+0200: 2197.943: Total time for which application threads were stopped: 0.0002249 seconds, Stopping threads took: 0.0000337 seconds
2019-05-25T18:59:44.932+0200: 2197.944: Total time for which application threads were stopped: 0.0002458 seconds, Stopping threads took: 0.0000226 seconds
2019-05-25T18:59:44.932+0200: 2197.944: Total time for which application threads were stopped: 0.0002569 seconds, Stopping threads took: 0.0000405 seconds
2019-05-25T18:59:44.932+0200: 2197.945: Total time for which application threads were stopped: 0.0002462 seconds, Stopping threads took: 0.0000316 seconds
2019-05-25T18:59:44.933+0200: 2197.945: Total time for which application threads were stopped: 0.0002163 seconds, Stopping threads took: 0.0000243 seconds
2019-05-25T18:59:44.933+0200: 2197.945: Total time for which application threads were stopped: 0.0002581 seconds, Stopping threads took: 0.0000265 seconds
2019-05-25T18:59:44.933+0200: 2197.946: Total time for which application threads were stopped: 0.0002577 seconds, Stopping threads took: 0.0000290 seconds
2019-05-25T18:59:44.934+0200: 2197.946: Total time for which application threads were stopped: 0.0002278 seconds, Stopping threads took: 0.0000435 seconds
2019-05-25T18:59:44.934+0200: 2197.946: Total time for which application threads were stopped: 0.0002035 seconds, Stopping threads took: 0.0000350 seconds
2019-05-25T18:59:44.934+0200: 2197.946: Total time for which application threads were stopped: 0.0001613 seconds, Stopping threads took: 0.0000218 seconds
2019-05-25T18:59:44.934+0200: 2197.947: Total time for which application threads were stopped: 0.0001387 seconds, Stopping threads took: 0.0000201 seconds
2019-05-25T18:59:44.935+0200: 2197.947: Total time for which application threads were stopped: 0.0001442 seconds, Stopping threads took: 0.0000192 seconds
2019-05-25T18:59:44.935+0200: 2197.947: Total time for which application threads were stopped: 0.0002010 seconds, Stopping threads took: 0.0000371 seconds
2019-05-25T18:59:44.935+0200: 2197.947: Total time for which application threads were stopped: 0.0001954 seconds, Stopping threads took: 0.0000247 seconds
2019-05-25T18:59:44.935+0200: 2197.948: Total time for which application threads were stopped: 0.0002057 seconds, Stopping threads took: 0.0000388 seconds
2019-05-25T18:59:44.936+0200: 2197.948: Total time for which application threads were stopped: 0.0002406 seconds, Stopping threads took: 0.0000239 seconds
2019-05-25T18:59:44.936+0200: 2197.949: Total time for which application threads were stopped: 0.0006793 seconds, Stopping threads took: 0.0000247 seconds
2019-05-25T18:59:44.938+0200: 2197.950: Total time for which application threads were stopped: 0.0002876 seconds, Stopping threads took: 0.0000892 seconds
2019-05-25T18:59:44.938+0200: 2197.951: Total time for which application threads were stopped: 0.0002146 seconds, Stopping threads took: 0.0000277 seconds
2019-05-25T18:59:44.939+0200: 2197.952: Total time for which application threads were stopped: 0.0002027 seconds, Stopping threads took: 0.0000282 seconds
2019-05-25T18:59:44.944+0200: 2197.957: Total time for which application threads were stopped: 0.0003443 seconds, Stopping threads took: 0.0001088 seconds
2019-05-25T18:59:44.945+0200: 2197.957: Total time for which application threads were stopped: 0.0002692 seconds, Stopping threads took: 0.0000371 seconds
2019-05-25T18:59:44.945+0200: 2197.958: Total time for which application threads were stopped: 0.0002748 seconds, Stopping threads took: 0.0000401 seconds
2019-05-25T18:59:44.946+0200: 2197.958: Total time for which application threads were stopped: 0.0002338 seconds, Stopping threads took: 0.0000282 seconds
2019-05-25T18:59:44.946+0200: 2197.959: Total time for which application threads were stopped: 0.0002560 seconds, Stopping threads took: 0.0000597 seconds
2019-05-25T18:59:44.946+0200: 2197.959: Total time for which application threads were stopped: 0.0002756 seconds, Stopping threads took: 0.0000631 seconds
2019-05-25T18:59:44.947+0200: 2197.959: Total time for which application threads were stopped: 0.0002829 seconds, Stopping threads took: 0.0000495 seconds
2019-05-25T18:59:44.947+0200: 2197.960: Total time for which application threads were stopped: 0.0002658 seconds, Stopping threads took: 0.0000550 seconds
2019-05-25T18:59:44.947+0200: 2197.960: Total time for which application threads were stopped: 0.0002509 seconds, Stopping threads took: 0.0000491 seconds
2019-05-25T18:59:44.948+0200: 2197.960: Total time for which application threads were stopped: 0.0002743 seconds, Stopping threads took: 0.0000499 seconds
2019-05-25T18:59:44.948+0200: 2197.961: Total time for which application threads were stopped: 0.0002419 seconds, Stopping threads took: 0.0000448 seconds
2019-05-25T18:59:44.948+0200: 2197.961: Total time for which application threads were stopped: 0.0002155 seconds, Stopping threads took: 0.0000397 seconds
2019-05-25T18:59:44.949+0200: 2197.962: Total time for which application threads were stopped: 0.0010513 seconds, Stopping threads took: 0.0008115 seconds
2019-05-25T18:59:44.950+0200: 2197.962: Total time for which application threads were stopped: 0.0002999 seconds, Stopping threads took: 0.0000397 seconds
2019-05-25T18:59:44.950+0200: 2197.963: Total time for which application threads were stopped: 0.0002406 seconds, Stopping threads took: 0.0000482 seconds
2019-05-25T18:59:44.951+0200: 2197.963: Total time for which application threads were stopped: 0.0002628 seconds, Stopping threads took: 0.0000478 seconds
2019-05-25T18:59:44.951+0200: 2197.963: Total time for which application threads were stopped: 0.0002321 seconds, Stopping threads took: 0.0000324 seconds
2019-05-25T18:59:44.951+0200: 2197.964: Total time for which application threads were stopped: 0.0002321 seconds, Stopping threads took: 0.0000503 seconds
2019-05-25T18:59:44.952+0200: 2197.964: Total time for which application threads were stopped: 0.0002743 seconds, Stopping threads took: 0.0000452 seconds
2019-05-25T18:59:44.952+0200: 2197.965: Total time for which application threads were stopped: 0.0002505 seconds, Stopping threads took: 0.0000474 seconds
2019-05-25T18:59:44.953+0200: 2197.965: Total time for which application threads were stopped: 0.0006101 seconds, Stopping threads took: 0.0000256 seconds
2019-05-25T18:59:44.953+0200: 2197.966: Total time for which application threads were stopped: 0.0002782 seconds, Stopping threads took: 0.0000542 seconds
2019-05-25T18:59:44.954+0200: 2197.967: Total time for which application threads were stopped: 0.0002910 seconds, Stopping threads took: 0.0000457 seconds
2019-05-25T18:59:44.956+0200: 2197.968: Total time for which application threads were stopped: 0.0002735 seconds, Stopping threads took: 0.0000422 seconds
2019-05-25T18:59:45.073+0200: 2198.086: [CMS-concurrent-sweep: 0.130/0.144 secs] [Times: user=0.39 sys=0.00, real=0.14 secs] 
2019-05-25T18:59:45.073+0200: 2198.086: [CMS-concurrent-reset-start]
2019-05-25T18:59:45.074+0200: 2198.087: [CMS-concurrent-reset: 0.001/0.001 secs] [Times: user=0.00 sys=0.00, real=0.00 secs] 
2019-05-25T18:59:45.324+0200: 2198.337: Total time for which application threads were stopped: 0.0003819 seconds, Stopping threads took: 0.0000465 seconds
2019-05-25T18:59:45.325+0200: 2198.337: Total time for which application threads were stopped: 0.0002684 seconds, Stopping threads took: 0.0000465 seconds
2019-05-25T18:59:45.337+0200: 2198.349: Total time for which application threads were stopped: 0.0003332 seconds, Stopping threads took: 0.0000623 seconds
2019-05-25T18:59:45.345+0200: 2198.357: Total time for which application threads were stopped: 0.0003341 seconds, Stopping threads took: 0.0000687 seconds
2019-05-25T18:59:45.360+0200: 2198.372: Total time for which application threads were stopped: 0.0144819 seconds, Stopping threads took: 0.0142255 seconds
2019-05-25T18:59:45.549+0200: 2198.561: Total time for which application threads were stopped: 0.0003264 seconds, Stopping threads took: 0.0000713 seconds
2019-05-25T18:59:45.552+0200: 2198.565: Total time for which application threads were stopped: 0.0003106 seconds, Stopping threads took: 0.0000674 seconds
2019-05-25T18:59:45.553+0200: 2198.565: Total time for which application threads were stopped: 0.0002628 seconds, Stopping threads took: 0.0000627 seconds
2019-05-25T18:59:45.553+0200: 2198.566: Total time for which application threads were stopped: 0.0002889 seconds, Stopping threads took: 0.0000555 seconds
2019-05-25T18:59:45.559+0200: 2198.571: Total time for which application threads were stopped: 0.0003230 seconds, Stopping threads took: 0.0000661 seconds
2019-05-25T18:59:45.559+0200: 2198.572: Total time for which application threads were stopped: 0.0002470 seconds, Stopping threads took: 0.0000478 seconds
2019-05-25T18:59:45.569+0200: 2198.582: Total time for which application threads were stopped: 0.0028860 seconds, Stopping threads took: 0.0025890 seconds
2019-05-25T18:59:45.643+0200: 2198.655: Total time for which application threads were stopped: 0.0010304 seconds, Stopping threads took: 0.0007309 seconds
2019-05-25T18:59:45.651+0200: 2198.663: Total time for which application threads were stopped: 0.0004851 seconds, Stopping threads took: 0.0001156 seconds
2019-05-25T18:59:45.651+0200: 2198.664: Total time for which application threads were stopped: 0.0003490 seconds, Stopping threads took: 0.0000546 seconds
2019-05-25T18:59:45.652+0200: 2198.664: Total time for which application threads were stopped: 0.0004570 seconds, Stopping threads took: 0.0000623 seconds
2019-05-25T18:59:45.652+0200: 2198.665: Total time for which application threads were stopped: 0.0004262 seconds, Stopping threads took: 0.0000815 seconds
2019-05-25T18:59:45.653+0200: 2198.665: Total time for which application threads were stopped: 0.0004092 seconds, Stopping threads took: 0.0001015 seconds
2019-05-25T18:59:45.654+0200: 2198.666: Total time for which application threads were stopped: 0.0005316 seconds, Stopping threads took: 0.0000755 seconds
2019-05-25T18:59:45.654+0200: 2198.667: Total time for which application threads were stopped: 0.0004873 seconds, Stopping threads took: 0.0000683 seconds
2019-05-25T18:59:45.655+0200: 2198.667: Total time for which application threads were stopped: 0.0003546 seconds, Stopping threads took: 0.0000512 seconds
2019-05-25T18:59:45.655+0200: 2198.668: Total time for which application threads were stopped: 0.0003068 seconds, Stopping threads took: 0.0000388 seconds
2019-05-25T18:59:45.951+0200: 2198.964: Total time for which application threads were stopped: 0.0003243 seconds, Stopping threads took: 0.0000695 seconds
2019-05-25T18:59:45.952+0200: 2198.964: Total time for which application threads were stopped: 0.0002769 seconds, Stopping threads took: 0.0000589 seconds
2019-05-25T18:59:45.966+0200: 2198.978: Total time for which application threads were stopped: 0.0002530 seconds, Stopping threads took: 0.0000678 seconds
2019-05-25T18:59:45.966+0200: 2198.979: Total time for which application threads were stopped: 0.0002923 seconds, Stopping threads took: 0.0000550 seconds
2019-05-25T18:59:45.967+0200: 2198.979: Total time for which appli